#
# There is insufficient memory for the Java Runtime Environment to continue.
# Native memory allocation (mmap) failed to map 67108864 bytes. Error detail: G1 virtual space
# Possible reasons:
#   The system is out of physical RAM or swap space
#   This process is running with CompressedOops enabled, and the Java Heap may be blocking the growth of the native heap
# Possible solutions:
#   Reduce memory load on the system
#   Increase physical memory or swap space
#   Check if swap backing store is full
#   Decrease Java heap size (-Xmx/-Xms)
#   Decrease number of Java threads
#   Decrease Java thread stack sizes (-Xss)
#   Set larger code cache with -XX:ReservedCodeCacheSize=
#   JVM is running with Zero Based Compressed Oops mode in which the Java heap is
#     placed in the first 32GB address space. The Java Heap base address is the
#     maximum limit for the native heap growth. Please use -XX:HeapBaseMinAddress
#     to set the Java Heap base and to place the Java Heap above 32GB virtual address.
# This output file may be truncated or incomplete.
#
#  Out of Memory Error (os_windows.cpp:3618), pid=2864, tid=11852
#
# JRE version: OpenJDK Runtime Environment Temurin-17.0.18+8 (17.0.18+8) (build 17.0.18+8)
# Java VM: OpenJDK 64-Bit Server VM Temurin-17.0.18+8 (17.0.18+8, mixed mode, sharing, tiered, compressed oops, compressed class ptrs, g1 gc, windows-amd64)
# No core dump will be written. Minidumps are not enabled by default on client versions of Windows
#

---------------  S U M M A R Y ------------

Command Line: org.jetbrains.kotlin.cli.jvm.K2JVMCompiler @C:\Users\spere\android-game-perf-tool-desktop\build\20260415_2570169712911971710.compiler.options

Host: Intel(R) Core(TM) i5-7600K CPU @ 3.80GHz, 4 cores, 15G,  Windows 11 , 64 bit Build 26100 (10.0.26100.7920)
Time: Wed Apr 15 15:23:37 2026 Hora de verano romance elapsed time: 48.770790 seconds (0d 0h 0m 48s)

---------------  T H R E A D  ---------------

Current thread (0x000001ecd8797b80):  VMThread "VM Thread" [stack: 0x000000cf77e00000,0x000000cf77f00000] [id=11852]

Stack: [0x000000cf77e00000,0x000000cf77f00000]
Native frames: (J=compiled Java code, j=interpreted, Vv=VM code, C=native code)
V  [jvm.dll+0x6846f9]
V  [jvm.dll+0x839ea5]
V  [jvm.dll+0x83b91e]
V  [jvm.dll+0x83bfa3]
V  [jvm.dll+0x248eff]
V  [jvm.dll+0x6814b9]
V  [jvm.dll+0x6762ba]
V  [jvm.dll+0x309257]
V  [jvm.dll+0x310826]
V  [jvm.dll+0x360d9e]
V  [jvm.dll+0x360fdd]
V  [jvm.dll+0x2e02dc]
V  [jvm.dll+0x2de6b2]
V  [jvm.dll+0x2dde4c]
V  [jvm.dll+0x320aeb]
V  [jvm.dll+0x8407bd]
V  [jvm.dll+0x8414f3]
V  [jvm.dll+0x841a1f]
V  [jvm.dll+0x841e05]
V  [jvm.dll+0x841ece]
V  [jvm.dll+0x7eaaec]
V  [jvm.dll+0x6835c7]
C  [ucrtbase.dll+0x37b0]
C  [KERNEL32.DLL+0x2e8d7]
C  [ntdll.dll+0x8c48c]

VM_Operation (0x000000cf778f9ed0): G1CollectForAllocation, mode: safepoint, requested by thread 0x000001ecb606bac0


---------------  P R O C E S S  ---------------

Threads class SMR info:
_java_thread_list=0x000001ed2a8e3fb0, length=13, elements={
0x000001ecb606bac0, 0x000001ecd879b4e0, 0x000001ecd879c0a0, 0x000001ecd88ec050,
0x000001ecd88ec920, 0x000001ecd88ed2e0, 0x000001ecd88edca0, 0x000001ecd88ef9a0,
0x000001ecd8902470, 0x000001ecd8902e70, 0x000001ecd8a39f50, 0x000001ecd8a3e6f0,
0x000001ed284fb5c0
}

Java Threads: ( => current thread )
  0x000001ecb606bac0 JavaThread "main" [_thread_blocked, id=11552, stack(0x000000cf77800000,0x000000cf77900000)]
  0x000001ecd879b4e0 JavaThread "Reference Handler" daemon [_thread_blocked, id=5768, stack(0x000000cf77f00000,0x000000cf78000000)]
  0x000001ecd879c0a0 JavaThread "Finalizer" daemon [_thread_blocked, id=7788, stack(0x000000cf78000000,0x000000cf78100000)]
  0x000001ecd88ec050 JavaThread "Signal Dispatcher" daemon [_thread_blocked, id=12172, stack(0x000000cf78100000,0x000000cf78200000)]
  0x000001ecd88ec920 JavaThread "Attach Listener" daemon [_thread_blocked, id=15596, stack(0x000000cf78200000,0x000000cf78300000)]
  0x000001ecd88ed2e0 JavaThread "Service Thread" daemon [_thread_blocked, id=19092, stack(0x000000cf78300000,0x000000cf78400000)]
  0x000001ecd88edca0 JavaThread "Monitor Deflation Thread" daemon [_thread_blocked, id=8108, stack(0x000000cf78400000,0x000000cf78500000)]
  0x000001ecd88ef9a0 JavaThread "C2 CompilerThread0" daemon [_thread_blocked, id=7984, stack(0x000000cf78500000,0x000000cf78600000)]
  0x000001ecd8902470 JavaThread "C1 CompilerThread0" daemon [_thread_blocked, id=15628, stack(0x000000cf78600000,0x000000cf78700000)]
  0x000001ecd8902e70 JavaThread "Sweeper thread" daemon [_thread_blocked, id=1356, stack(0x000000cf78700000,0x000000cf78800000)]
  0x000001ecd8a39f50 JavaThread "Notification Thread" daemon [_thread_blocked, id=7716, stack(0x000000cf78800000,0x000000cf78900000)]
  0x000001ecd8a3e6f0 JavaThread "Common-Cleaner" daemon [_thread_blocked, id=17312, stack(0x000000cf78a00000,0x000000cf78b00000)]
  0x000001ed284fb5c0 JavaThread "C2 CompilerThread1" daemon [_thread_in_native, id=15276, stack(0x000000cf77600000,0x000000cf77700000)]

Other Threads:
=>0x000001ecd8797b80 VMThread "VM Thread" [stack: 0x000000cf77e00000,0x000000cf77f00000] [id=11852]
  0x000001ecd8a3a430 WatcherThread [stack: 0x000000cf78900000,0x000000cf78a00000] [id=6196]
  0x000001ecb60db1e0 GCTaskThread "GC Thread#0" [stack: 0x000000cf77900000,0x000000cf77a00000] [id=17264]
  0x000001ed1e0d23e0 GCTaskThread "GC Thread#1" [stack: 0x000000cf78c00000,0x000000cf78d00000] [id=16792]
  0x000001ed1e0d26a0 GCTaskThread "GC Thread#2" [stack: 0x000000cf78d00000,0x000000cf78e00000] [id=19340]
  0x000001ed1e0d2960 GCTaskThread "GC Thread#3" [stack: 0x000000cf78e00000,0x000000cf78f00000] [id=7944]
  0x000001ecb60ecd80 ConcurrentGCThread "G1 Main Marker" [stack: 0x000000cf77a00000,0x000000cf77b00000] [id=12040]
  0x000001ecb60edf40 ConcurrentGCThread "G1 Conc#0" [stack: 0x000000cf77b00000,0x000000cf77c00000] [id=16100]
  0x000001ecb611e5b0 ConcurrentGCThread "G1 Refine#0" [stack: 0x000000cf77c00000,0x000000cf77d00000] [id=6896]
  0x000001ed282dfdc0 ConcurrentGCThread "G1 Refine#1" [stack: 0x000000cf78f00000,0x000000cf79000000] [id=2856]
  0x000001ecd864d140 ConcurrentGCThread "G1 Service" [stack: 0x000000cf77d00000,0x000000cf77e00000] [id=16212]

Threads with active compile tasks:
C2 CompilerThread0  48793 22264       4       org.jetbrains.kotlin.load.kotlin.DescriptorBasedTypeSignatureMappingKt::mapType (895 bytes)
C2 CompilerThread1  48793 22115       4       androidx.compose.compiler.plugins.kotlin.lower.ComposerTypeRemapper::remapType (740 bytes)

VM state: at safepoint (normal execution)

VM Mutex/Monitor currently owned by a thread:  ([mutex/lock_event])
[0x000001ecb6066990] Threads_lock - owner thread: 0x000001ecd8797b80
[0x000001ecb60674d0] Heap_lock - owner thread: 0x000001ecb606bac0

Heap address: 0x0000000700800000, size: 4088 MB, Compressed Oops mode: Zero based, Oop shift amount: 3

CDS archive(s) mapped at: [0x000001ecd9000000-0x000001ecd9bb0000-0x000001ecd9bb0000), size 12255232, SharedBaseAddress: 0x000001ecd9000000, ArchiveRelocationMode: 1.
Compressed class space mapped at: 0x000001ecda000000-0x000001ed1a000000, reserved size: 1073741824
Narrow klass base: 0x000001ecd9000000, Narrow klass shift: 0, Narrow klass range: 0x100000000

GC Precious Log:
 CPUs: 4 total, 4 available
 Memory: 16348M
 Large Page Support: Disabled
 NUMA Support: Disabled
 Compressed Oops: Enabled (Zero based)
 Heap Region Size: 2M
 Heap Min Capacity: 8M
 Heap Initial Capacity: 256M
 Heap Max Capacity: 4088M
 Pre-touch: Disabled
 Parallel Workers: 4
 Concurrent Workers: 1
 Concurrent Refinement Workers: 4
 Periodic GC: Disabled

Heap:
 garbage-first heap   total 327680K, used 199323K [0x0000000700800000, 0x0000000800000000)
  region size 2048K, 1 young (2048K), 1 survivors (2048K)
 Metaspace       used 68314K, committed 68672K, reserved 1114112K
  class space    used 7093K, committed 7296K, reserved 1048576K

Heap Regions: E=young(eden), S=young(survivor), O=old, HS=humongous(starts), HC=humongous(continues), CS=collection set, F=free, OA=open archive, CA=closed archive, TAMS=top-at-mark-start (previous, next)
|   0|0x0000000700800000, 0x0000000700a00000, 0x0000000700a00000|100%|HS|  |TAMS 0x0000000700a00000, 0x0000000700800000| Complete 
|   1|0x0000000700a00000, 0x0000000700c00000, 0x0000000700c00000|100%|HC|  |TAMS 0x0000000700c00000, 0x0000000700a00000| Complete 
|   2|0x0000000700c00000, 0x0000000700e00000, 0x0000000700e00000|100%| O|  |TAMS 0x0000000700e00000, 0x0000000700c00000| Untracked 
|   3|0x0000000700e00000, 0x0000000701000000, 0x0000000701000000|100%| O|  |TAMS 0x0000000701000000, 0x0000000700e00000| Untracked 
|   4|0x0000000701000000, 0x0000000701200000, 0x0000000701200000|100%| O|  |TAMS 0x0000000701200000, 0x0000000701000000| Untracked 
|   5|0x0000000701200000, 0x0000000701400000, 0x0000000701400000|100%| O|  |TAMS 0x0000000701400000, 0x0000000701200000| Untracked 
|   6|0x0000000701400000, 0x0000000701600000, 0x0000000701600000|100%| O|  |TAMS 0x0000000701600000, 0x0000000701400000| Untracked 
|   7|0x0000000701600000, 0x0000000701800000, 0x0000000701800000|100%| O|  |TAMS 0x0000000701800000, 0x0000000701600000| Untracked 
|   8|0x0000000701800000, 0x0000000701a00000, 0x0000000701a00000|100%| O|  |TAMS 0x0000000701a00000, 0x0000000701800000| Untracked 
|   9|0x0000000701a00000, 0x0000000701c00000, 0x0000000701c00000|100%| O|  |TAMS 0x0000000701c00000, 0x0000000701a00000| Untracked 
|  10|0x0000000701c00000, 0x0000000701e00000, 0x0000000701e00000|100%|HS|  |TAMS 0x0000000701e00000, 0x0000000701c00000| Complete 
|  11|0x0000000701e00000, 0x0000000702000000, 0x0000000702000000|100%| O|  |TAMS 0x0000000702000000, 0x0000000701e00000| Untracked 
|  12|0x0000000702000000, 0x0000000702200000, 0x0000000702200000|100%| O|  |TAMS 0x0000000702200000, 0x0000000702000000| Untracked 
|  13|0x0000000702200000, 0x0000000702400000, 0x0000000702400000|100%| O|  |TAMS 0x0000000702400000, 0x0000000702200000| Untracked 
|  14|0x0000000702400000, 0x0000000702600000, 0x0000000702600000|100%| O|  |TAMS 0x0000000702600000, 0x0000000702400000| Untracked 
|  15|0x0000000702600000, 0x0000000702800000, 0x0000000702800000|100%| O|  |TAMS 0x0000000702800000, 0x0000000702600000| Untracked 
|  16|0x0000000702800000, 0x0000000702a00000, 0x0000000702a00000|100%| O|  |TAMS 0x0000000702a00000, 0x0000000702800000| Untracked 
|  17|0x0000000702a00000, 0x0000000702c00000, 0x0000000702c00000|100%| O|  |TAMS 0x0000000702c00000, 0x0000000702a00000| Untracked 
|  18|0x0000000702c00000, 0x0000000702e00000, 0x0000000702e00000|100%| O|  |TAMS 0x0000000702e00000, 0x0000000702c00000| Untracked 
|  19|0x0000000702e00000, 0x0000000703000000, 0x0000000703000000|100%| O|  |TAMS 0x0000000703000000, 0x0000000702e00000| Untracked 
|  20|0x0000000703000000, 0x0000000703200000, 0x0000000703200000|100%| O|  |TAMS 0x0000000703200000, 0x0000000703000000| Untracked 
|  21|0x0000000703200000, 0x0000000703400000, 0x0000000703400000|100%| O|  |TAMS 0x0000000703400000, 0x0000000703200000| Untracked 
|  22|0x0000000703400000, 0x0000000703600000, 0x0000000703600000|100%| O|  |TAMS 0x0000000703600000, 0x0000000703400000| Untracked 
|  23|0x0000000703600000, 0x0000000703800000, 0x0000000703800000|100%| O|  |TAMS 0x0000000703800000, 0x0000000703600000| Untracked 
|  24|0x0000000703800000, 0x0000000703a00000, 0x0000000703a00000|100%| O|  |TAMS 0x0000000703a00000, 0x0000000703800000| Untracked 
|  25|0x0000000703a00000, 0x0000000703c00000, 0x0000000703c00000|100%| O|  |TAMS 0x0000000703c00000, 0x0000000703a00000| Untracked 
|  26|0x0000000703c00000, 0x0000000703e00000, 0x0000000703e00000|100%| O|  |TAMS 0x0000000703e00000, 0x0000000703c00000| Untracked 
|  27|0x0000000703e00000, 0x0000000704000000, 0x0000000704000000|100%| O|  |TAMS 0x0000000704000000, 0x0000000703e00000| Untracked 
|  28|0x0000000704000000, 0x0000000704200000, 0x0000000704200000|100%| O|  |TAMS 0x0000000704200000, 0x0000000704000000| Untracked 
|  29|0x0000000704200000, 0x0000000704400000, 0x0000000704400000|100%| O|  |TAMS 0x0000000704400000, 0x0000000704200000| Untracked 
|  30|0x0000000704400000, 0x0000000704600000, 0x0000000704600000|100%| O|  |TAMS 0x0000000704600000, 0x0000000704400000| Untracked 
|  31|0x0000000704600000, 0x0000000704800000, 0x0000000704800000|100%| O|  |TAMS 0x0000000704600000, 0x0000000704600000| Untracked 
|  32|0x0000000704800000, 0x0000000704a00000, 0x0000000704a00000|100%| O|  |TAMS 0x0000000704a00000, 0x0000000704800000| Untracked 
|  33|0x0000000704a00000, 0x0000000704c00000, 0x0000000704c00000|100%| O|  |TAMS 0x0000000704c00000, 0x0000000704a00000| Untracked 
|  34|0x0000000704c00000, 0x0000000704e00000, 0x0000000704e00000|100%| O|  |TAMS 0x0000000704e00000, 0x0000000704c00000| Untracked 
|  35|0x0000000704e00000, 0x0000000705000000, 0x0000000705000000|100%| O|  |TAMS 0x0000000705000000, 0x0000000704e00000| Untracked 
|  36|0x0000000705000000, 0x0000000705200000, 0x0000000705200000|100%| O|  |TAMS 0x0000000705200000, 0x0000000705000000| Untracked 
|  37|0x0000000705200000, 0x0000000705400000, 0x0000000705400000|100%| O|  |TAMS 0x0000000705400000, 0x0000000705200000| Untracked 
|  38|0x0000000705400000, 0x0000000705600000, 0x0000000705600000|100%| O|  |TAMS 0x0000000705600000, 0x0000000705400000| Untracked 
|  39|0x0000000705600000, 0x0000000705800000, 0x0000000705800000|100%| O|  |TAMS 0x0000000705800000, 0x0000000705600000| Untracked 
|  40|0x0000000705800000, 0x0000000705a00000, 0x0000000705a00000|100%| O|  |TAMS 0x0000000705a00000, 0x0000000705800000| Untracked 
|  41|0x0000000705a00000, 0x0000000705c00000, 0x0000000705c00000|100%| O|  |TAMS 0x0000000705c00000, 0x0000000705a00000| Untracked 
|  42|0x0000000705c00000, 0x0000000705e00000, 0x0000000705e00000|100%| O|  |TAMS 0x0000000705e00000, 0x0000000705c00000| Untracked 
|  43|0x0000000705e00000, 0x0000000706000000, 0x0000000706000000|100%| O|  |TAMS 0x0000000706000000, 0x0000000705e00000| Untracked 
|  44|0x0000000706000000, 0x0000000706200000, 0x0000000706200000|100%| O|  |TAMS 0x0000000706200000, 0x0000000706000000| Untracked 
|  45|0x0000000706200000, 0x0000000706400000, 0x0000000706400000|100%| O|  |TAMS 0x0000000706400000, 0x0000000706200000| Untracked 
|  46|0x0000000706400000, 0x0000000706600000, 0x0000000706600000|100%| O|  |TAMS 0x0000000706600000, 0x0000000706400000| Untracked 
|  47|0x0000000706600000, 0x0000000706800000, 0x0000000706800000|100%| O|  |TAMS 0x0000000706800000, 0x0000000706600000| Untracked 
|  48|0x0000000706800000, 0x0000000706a00000, 0x0000000706a00000|100%| O|  |TAMS 0x0000000706a00000, 0x0000000706800000| Untracked 
|  49|0x0000000706a00000, 0x0000000706c00000, 0x0000000706c00000|100%| O|  |TAMS 0x0000000706c00000, 0x0000000706a00000| Untracked 
|  50|0x0000000706c00000, 0x0000000706e00000, 0x0000000706e00000|100%| O|  |TAMS 0x0000000706e00000, 0x0000000706c00000| Untracked 
|  51|0x0000000706e00000, 0x0000000707000000, 0x0000000707000000|100%| O|  |TAMS 0x0000000707000000, 0x0000000706e00000| Untracked 
|  52|0x0000000707000000, 0x0000000707200000, 0x0000000707200000|100%| O|  |TAMS 0x0000000707200000, 0x0000000707000000| Untracked 
|  53|0x0000000707200000, 0x0000000707400000, 0x0000000707400000|100%| O|  |TAMS 0x0000000707400000, 0x0000000707200000| Untracked 
|  54|0x0000000707400000, 0x0000000707600000, 0x0000000707600000|100%| O|  |TAMS 0x0000000707600000, 0x0000000707400000| Untracked 
|  55|0x0000000707600000, 0x0000000707800000, 0x0000000707800000|100%| O|  |TAMS 0x0000000707800000, 0x0000000707600000| Untracked 
|  56|0x0000000707800000, 0x0000000707800000, 0x0000000707a00000|  0%| F|  |TAMS 0x0000000707800000, 0x0000000707800000| Untracked 
|  57|0x0000000707a00000, 0x0000000707c00000, 0x0000000707c00000|100%| O|  |TAMS 0x0000000707c00000, 0x0000000707a00000| Untracked 
|  58|0x0000000707c00000, 0x0000000707e00000, 0x0000000707e00000|100%| O|  |TAMS 0x0000000707e00000, 0x0000000707c00000| Untracked 
|  59|0x0000000707e00000, 0x0000000708000000, 0x0000000708000000|100%| O|  |TAMS 0x0000000708000000, 0x0000000707e00000| Untracked 
|  60|0x0000000708000000, 0x0000000708200000, 0x0000000708200000|100%| O|  |TAMS 0x0000000708200000, 0x0000000708000000| Untracked 
|  61|0x0000000708200000, 0x0000000708400000, 0x0000000708400000|100%| O|  |TAMS 0x0000000708400000, 0x0000000708200000| Untracked 
|  62|0x0000000708400000, 0x0000000708600000, 0x0000000708600000|100%| O|  |TAMS 0x0000000708600000, 0x0000000708400000| Untracked 
|  63|0x0000000708600000, 0x0000000708800000, 0x0000000708800000|100%| O|  |TAMS 0x0000000708800000, 0x0000000708600000| Untracked 
|  64|0x0000000708800000, 0x0000000708a00000, 0x0000000708a00000|100%| O|  |TAMS 0x0000000708a00000, 0x0000000708800000| Untracked 
|  65|0x0000000708a00000, 0x0000000708c00000, 0x0000000708c00000|100%| O|  |TAMS 0x0000000708c00000, 0x0000000708a00000| Untracked 
|  66|0x0000000708c00000, 0x0000000708e00000, 0x0000000708e00000|100%| O|  |TAMS 0x0000000708e00000, 0x0000000708c00000| Untracked 
|  67|0x0000000708e00000, 0x0000000709000000, 0x0000000709000000|100%|HS|  |TAMS 0x0000000709000000, 0x0000000708e00000| Complete 
|  68|0x0000000709000000, 0x0000000709200000, 0x0000000709200000|100%|HC|  |TAMS 0x0000000709200000, 0x0000000709000000| Complete 
|  69|0x0000000709200000, 0x0000000709400000, 0x0000000709400000|100%|HC|  |TAMS 0x0000000709400000, 0x0000000709200000| Complete 
|  70|0x0000000709400000, 0x0000000709600000, 0x0000000709600000|100%|HC|  |TAMS 0x0000000709600000, 0x0000000709400000| Complete 
|  71|0x0000000709600000, 0x0000000709800000, 0x0000000709800000|100%|HC|  |TAMS 0x0000000709800000, 0x0000000709600000| Complete 
|  72|0x0000000709800000, 0x0000000709a00000, 0x0000000709a00000|100%| O|  |TAMS 0x0000000709a00000, 0x0000000709800000| Untracked 
|  73|0x0000000709a00000, 0x0000000709c00000, 0x0000000709c00000|100%| O|  |TAMS 0x0000000709c00000, 0x0000000709a00000| Untracked 
|  74|0x0000000709c00000, 0x0000000709e00000, 0x0000000709e00000|100%| O|  |TAMS 0x0000000709e00000, 0x0000000709c00000| Untracked 
|  75|0x0000000709e00000, 0x000000070a000000, 0x000000070a000000|100%| O|  |TAMS 0x000000070a000000, 0x0000000709e00000| Untracked 
|  76|0x000000070a000000, 0x000000070a200000, 0x000000070a200000|100%| O|  |TAMS 0x000000070a200000, 0x000000070a000000| Untracked 
|  77|0x000000070a200000, 0x000000070a400000, 0x000000070a400000|100%| O|  |TAMS 0x000000070a400000, 0x000000070a200000| Untracked 
|  78|0x000000070a400000, 0x000000070a600000, 0x000000070a600000|100%| O|  |TAMS 0x000000070a600000, 0x000000070a400000| Untracked 
|  79|0x000000070a600000, 0x000000070a800000, 0x000000070a800000|100%| O|  |TAMS 0x000000070a800000, 0x000000070a600000| Untracked 
|  80|0x000000070a800000, 0x000000070aa00000, 0x000000070aa00000|100%| O|  |TAMS 0x000000070aa00000, 0x000000070a800000| Untracked 
|  81|0x000000070aa00000, 0x000000070ac00000, 0x000000070ac00000|100%| O|  |TAMS 0x000000070aaf7a00, 0x000000070aa00000| Untracked 
|  82|0x000000070ac00000, 0x000000070ae00000, 0x000000070ae00000|100%| O|  |TAMS 0x000000070ac00000, 0x000000070ac00000| Untracked 
|  83|0x000000070ae00000, 0x000000070b000000, 0x000000070b000000|100%| O|  |TAMS 0x000000070ae00000, 0x000000070ae00000| Untracked 
|  84|0x000000070b000000, 0x000000070b200000, 0x000000070b200000|100%| O|  |TAMS 0x000000070b000000, 0x000000070b000000| Untracked 
|  85|0x000000070b200000, 0x000000070b400000, 0x000000070b400000|100%| O|  |TAMS 0x000000070b200000, 0x000000070b200000| Untracked 
|  86|0x000000070b400000, 0x000000070b600000, 0x000000070b600000|100%| O|  |TAMS 0x000000070b400000, 0x000000070b400000| Untracked 
|  87|0x000000070b600000, 0x000000070b800000, 0x000000070b800000|100%| O|  |TAMS 0x000000070b600000, 0x000000070b600000| Untracked 
|  88|0x000000070b800000, 0x000000070ba00000, 0x000000070ba00000|100%| O|  |TAMS 0x000000070b800000, 0x000000070b800000| Untracked 
|  89|0x000000070ba00000, 0x000000070bc00000, 0x000000070bc00000|100%| O|  |TAMS 0x000000070ba00000, 0x000000070ba00000| Untracked 
|  90|0x000000070bc00000, 0x000000070be00000, 0x000000070be00000|100%| O|  |TAMS 0x000000070bc00000, 0x000000070bc00000| Untracked 
|  91|0x000000070be00000, 0x000000070c000000, 0x000000070c000000|100%| O|  |TAMS 0x000000070be00000, 0x000000070be00000| Untracked 
|  92|0x000000070c000000, 0x000000070c200000, 0x000000070c200000|100%| O|  |TAMS 0x000000070c000000, 0x000000070c000000| Untracked 
|  93|0x000000070c200000, 0x000000070c400000, 0x000000070c400000|100%| O|  |TAMS 0x000000070c200000, 0x000000070c200000| Untracked 
|  94|0x000000070c400000, 0x000000070c600000, 0x000000070c600000|100%| O|  |TAMS 0x000000070c400000, 0x000000070c400000| Untracked 
|  95|0x000000070c600000, 0x000000070c800000, 0x000000070c800000|100%| O|  |TAMS 0x000000070c600000, 0x000000070c600000| Untracked 
|  96|0x000000070c800000, 0x000000070ca00000, 0x000000070ca00000|100%| O|  |TAMS 0x000000070c800000, 0x000000070c800000| Untracked 
|  97|0x000000070ca00000, 0x000000070caa6c00, 0x000000070cc00000| 32%| O|  |TAMS 0x000000070ca00000, 0x000000070ca00000| Untracked 
|  98|0x000000070cc00000, 0x000000070cc00000, 0x000000070ce00000|  0%| F|  |TAMS 0x000000070cc00000, 0x000000070cc00000| Untracked 
|  99|0x000000070ce00000, 0x000000070ce00000, 0x000000070d000000|  0%| F|  |TAMS 0x000000070ce00000, 0x000000070ce00000| Untracked 
| 100|0x000000070d000000, 0x000000070d000000, 0x000000070d200000|  0%| F|  |TAMS 0x000000070d000000, 0x000000070d000000| Untracked 
| 101|0x000000070d200000, 0x000000070d200000, 0x000000070d400000|  0%| F|  |TAMS 0x000000070d200000, 0x000000070d200000| Untracked 
| 102|0x000000070d400000, 0x000000070d400000, 0x000000070d600000|  0%| F|  |TAMS 0x000000070d400000, 0x000000070d400000| Untracked 
| 103|0x000000070d600000, 0x000000070d600000, 0x000000070d800000|  0%| F|  |TAMS 0x000000070d600000, 0x000000070d600000| Untracked 
| 104|0x000000070d800000, 0x000000070d800000, 0x000000070da00000|  0%| F|  |TAMS 0x000000070d800000, 0x000000070d800000| Untracked 
| 105|0x000000070da00000, 0x000000070da00000, 0x000000070dc00000|  0%| F|  |TAMS 0x000000070da00000, 0x000000070da00000| Untracked 
| 106|0x000000070dc00000, 0x000000070dc00000, 0x000000070de00000|  0%| F|  |TAMS 0x000000070dc00000, 0x000000070dc00000| Untracked 
| 107|0x000000070de00000, 0x000000070de00000, 0x000000070e000000|  0%| F|  |TAMS 0x000000070de00000, 0x000000070de00000| Untracked 
| 108|0x000000070e000000, 0x000000070e000000, 0x000000070e200000|  0%| F|  |TAMS 0x000000070e000000, 0x000000070e000000| Untracked 
| 109|0x000000070e200000, 0x000000070e200000, 0x000000070e400000|  0%| F|  |TAMS 0x000000070e200000, 0x000000070e200000| Untracked 
| 110|0x000000070e400000, 0x000000070e400000, 0x000000070e600000|  0%| F|  |TAMS 0x000000070e400000, 0x000000070e400000| Untracked 
| 111|0x000000070e600000, 0x000000070e600000, 0x000000070e800000|  0%| F|  |TAMS 0x000000070e600000, 0x000000070e600000| Untracked 
| 112|0x000000070e800000, 0x000000070e800000, 0x000000070ea00000|  0%| F|  |TAMS 0x000000070e800000, 0x000000070e800000| Untracked 
| 113|0x000000070ea00000, 0x000000070ea00000, 0x000000070ec00000|  0%| F|  |TAMS 0x000000070ea00000, 0x000000070ea00000| Untracked 
| 114|0x000000070ec00000, 0x000000070ec00000, 0x000000070ee00000|  0%| F|  |TAMS 0x000000070ec00000, 0x000000070ec00000| Untracked 
| 115|0x000000070ee00000, 0x000000070ee00000, 0x000000070f000000|  0%| F|  |TAMS 0x000000070ee00000, 0x000000070ee00000| Untracked 
| 116|0x000000070f000000, 0x000000070f000000, 0x000000070f200000|  0%| F|  |TAMS 0x000000070f000000, 0x000000070f000000| Untracked 
| 117|0x000000070f200000, 0x000000070f200000, 0x000000070f400000|  0%| F|  |TAMS 0x000000070f200000, 0x000000070f200000| Untracked 
| 118|0x000000070f400000, 0x000000070f400000, 0x000000070f600000|  0%| F|  |TAMS 0x000000070f400000, 0x000000070f400000| Untracked 
| 119|0x000000070f600000, 0x000000070f600000, 0x000000070f800000|  0%| F|  |TAMS 0x000000070f600000, 0x000000070f600000| Untracked 
| 120|0x000000070f800000, 0x000000070f800000, 0x000000070fa00000|  0%| F|  |TAMS 0x000000070f800000, 0x000000070f800000| Untracked 
| 121|0x000000070fa00000, 0x000000070fa00000, 0x000000070fc00000|  0%| F|  |TAMS 0x000000070fa00000, 0x000000070fa00000| Untracked 
| 122|0x000000070fc00000, 0x000000070fc00000, 0x000000070fe00000|  0%| F|  |TAMS 0x000000070fc00000, 0x000000070fc00000| Untracked 
| 123|0x000000070fe00000, 0x000000070fe00000, 0x0000000710000000|  0%| F|  |TAMS 0x000000070fe00000, 0x000000070fe00000| Untracked 
| 124|0x0000000710000000, 0x0000000710000000, 0x0000000710200000|  0%| F|  |TAMS 0x0000000710000000, 0x0000000710000000| Untracked 
| 125|0x0000000710200000, 0x0000000710200000, 0x0000000710400000|  0%| F|  |TAMS 0x0000000710200000, 0x0000000710200000| Untracked 
| 126|0x0000000710400000, 0x0000000710400000, 0x0000000710600000|  0%| F|  |TAMS 0x0000000710400000, 0x0000000710400000| Untracked 
| 127|0x0000000710600000, 0x0000000710600000, 0x0000000710800000|  0%| F|  |TAMS 0x0000000710600000, 0x0000000710600000| Untracked 
| 128|0x0000000710800000, 0x0000000710800000, 0x0000000710a00000|  0%| F|  |TAMS 0x0000000710800000, 0x0000000710800000| Untracked 
| 129|0x0000000710a00000, 0x0000000710a00000, 0x0000000710c00000|  0%| F|  |TAMS 0x0000000710a00000, 0x0000000710a00000| Untracked 
| 130|0x0000000710c00000, 0x0000000710c00000, 0x0000000710e00000|  0%| F|  |TAMS 0x0000000710c00000, 0x0000000710c00000| Untracked 
| 131|0x0000000710e00000, 0x0000000710e00000, 0x0000000711000000|  0%| F|  |TAMS 0x0000000710e00000, 0x0000000710e00000| Untracked 
| 132|0x0000000711000000, 0x0000000711000000, 0x0000000711200000|  0%| F|  |TAMS 0x0000000711000000, 0x0000000711000000| Untracked 
| 133|0x0000000711200000, 0x0000000711200000, 0x0000000711400000|  0%| F|  |TAMS 0x0000000711200000, 0x0000000711200000| Untracked 
| 134|0x0000000711400000, 0x0000000711400000, 0x0000000711600000|  0%| F|  |TAMS 0x0000000711400000, 0x0000000711400000| Untracked 
| 135|0x0000000711600000, 0x0000000711600000, 0x0000000711800000|  0%| F|  |TAMS 0x0000000711600000, 0x0000000711600000| Untracked 
| 136|0x0000000711800000, 0x0000000711800000, 0x0000000711a00000|  0%| F|  |TAMS 0x0000000711800000, 0x0000000711800000| Untracked 
| 137|0x0000000711a00000, 0x0000000711a00000, 0x0000000711c00000|  0%| F|  |TAMS 0x0000000711a00000, 0x0000000711a00000| Untracked 
| 138|0x0000000711c00000, 0x0000000711c00000, 0x0000000711e00000|  0%| F|  |TAMS 0x0000000711c00000, 0x0000000711c00000| Untracked 
| 139|0x0000000711e00000, 0x0000000711e00000, 0x0000000712000000|  0%| F|  |TAMS 0x0000000711e00000, 0x0000000711e00000| Untracked 
| 140|0x0000000712000000, 0x0000000712000000, 0x0000000712200000|  0%| F|  |TAMS 0x0000000712000000, 0x0000000712000000| Untracked 
| 141|0x0000000712200000, 0x0000000712200000, 0x0000000712400000|  0%| F|  |TAMS 0x0000000712200000, 0x0000000712200000| Untracked 
| 142|0x0000000712400000, 0x0000000712400000, 0x0000000712600000|  0%| F|  |TAMS 0x0000000712400000, 0x0000000712400000| Untracked 
| 143|0x0000000712600000, 0x0000000712600000, 0x0000000712800000|  0%| F|  |TAMS 0x0000000712600000, 0x0000000712600000| Untracked 
| 144|0x0000000712800000, 0x0000000712800000, 0x0000000712a00000|  0%| F|  |TAMS 0x0000000712800000, 0x0000000712800000| Untracked 
| 145|0x0000000712a00000, 0x0000000712a00000, 0x0000000712c00000|  0%| F|  |TAMS 0x0000000712a00000, 0x0000000712a00000| Untracked 
| 146|0x0000000712c00000, 0x0000000712c00000, 0x0000000712e00000|  0%| F|  |TAMS 0x0000000712c00000, 0x0000000712c00000| Untracked 
| 147|0x0000000712e00000, 0x0000000712e00000, 0x0000000713000000|  0%| F|  |TAMS 0x0000000712e00000, 0x0000000712e00000| Untracked 
| 148|0x0000000713000000, 0x0000000713000000, 0x0000000713200000|  0%| F|  |TAMS 0x0000000713000000, 0x0000000713000000| Untracked 
| 149|0x0000000713200000, 0x0000000713200000, 0x0000000713400000|  0%| F|  |TAMS 0x0000000713200000, 0x0000000713200000| Untracked 
| 150|0x0000000713400000, 0x0000000713400000, 0x0000000713600000|  0%| F|  |TAMS 0x0000000713400000, 0x0000000713400000| Untracked 
| 151|0x0000000713600000, 0x0000000713600000, 0x0000000713800000|  0%| F|  |TAMS 0x0000000713600000, 0x0000000713600000| Untracked 
| 152|0x0000000713800000, 0x0000000713800000, 0x0000000713a00000|  0%| F|  |TAMS 0x0000000713800000, 0x0000000713800000| Untracked 
| 153|0x0000000713a00000, 0x0000000713a00000, 0x0000000713c00000|  0%| F|  |TAMS 0x0000000713a00000, 0x0000000713a00000| Untracked 
| 154|0x0000000713c00000, 0x0000000713c00000, 0x0000000713e00000|  0%| F|  |TAMS 0x0000000713c00000, 0x0000000713c00000| Untracked 
| 155|0x0000000713e00000, 0x0000000713e00000, 0x0000000714000000|  0%| F|  |TAMS 0x0000000713e00000, 0x0000000713e00000| Untracked 
| 156|0x0000000714000000, 0x0000000714000000, 0x0000000714200000|  0%| F|  |TAMS 0x0000000714000000, 0x0000000714000000| Untracked 
| 157|0x0000000714200000, 0x0000000714200000, 0x0000000714400000|  0%| F|  |TAMS 0x0000000714200000, 0x0000000714200000| Untracked 
| 158|0x0000000714400000, 0x0000000714600000, 0x0000000714600000|100%| S|CS|TAMS 0x0000000714400000, 0x0000000714400000| Complete 
| 159|0x0000000714600000, 0x0000000714600000, 0x0000000714800000|  0%| F|  |TAMS 0x0000000714600000, 0x0000000714600000| Untracked 

Card table byte_map: [0x000001eccd3d0000,0x000001eccdbd0000] _byte_map_base: 0x000001ecc9bcc000

Marking Bits (Prev, Next): (CMBitMap*) 0x000001ecb60db800, (CMBitMap*) 0x000001ecb60db840
 Prev Bits: [0x000001ecce3d0000, 0x000001ecd23b0000)
 Next Bits: [0x000001ecd23b0000, 0x000001ecd6390000)

Polling page: 0x000001ecb3f40000

Metaspace:

Usage:
  Non-class:     59.79 MB used.
      Class:      6.93 MB used.
       Both:     66.71 MB used.

Virtual space:
  Non-class space:       64.00 MB reserved,      59.94 MB ( 94%) committed,  1 nodes.
      Class space:        1.00 GB reserved,       7.12 MB ( <1%) committed,  1 nodes.
             Both:        1.06 GB reserved,      67.06 MB (  6%) committed. 

Chunk freelists:
   Non-Class:  3.52 MB
       Class:  8.72 MB
        Both:  12.24 MB

MaxMetaspaceSize: unlimited
CompressedClassSpaceSize: 1.00 GB
Initial GC threshold: 21.00 MB
Current GC threshold: 109.69 MB
CDS: on
MetaspaceReclaimPolicy: balanced
 - commit_granule_bytes: 65536.
 - commit_granule_words: 8192.
 - virtual_space_node_default_size: 8388608.
 - enlarge_chunks_in_place: 1.
 - new_chunks_are_fully_committed: 0.
 - uncommit_free_chunks: 1.
 - use_allocation_guard: 0.
 - handle_deallocations: 1.


Internal statistics:

num_allocs_failed_limit: 6.
num_arena_births: 448.
num_arena_deaths: 0.
num_vsnodes_births: 2.
num_vsnodes_deaths: 0.
num_space_committed: 1071.
num_space_uncommitted: 0.
num_chunks_returned_to_freelist: 6.
num_chunks_taken_from_freelist: 3132.
num_chunk_merges: 6.
num_chunk_splits: 2349.
num_chunks_enlarged: 1907.
num_inconsistent_stats: 0.

CodeHeap 'non-profiled nmethods': size=120000Kb used=17795Kb max_used=17795Kb free=102204Kb
 bounds [0x000001ecc56a0000, 0x000001ecc6810000, 0x000001ecccbd0000]
CodeHeap 'profiled nmethods': size=120000Kb used=42280Kb max_used=42280Kb free=77720Kb
 bounds [0x000001ecbdbd0000, 0x000001ecc0520000, 0x000001ecc5100000]
CodeHeap 'non-nmethods': size=5760Kb used=1409Kb max_used=1491Kb free=4350Kb
 bounds [0x000001ecc5100000, 0x000001ecc5370000, 0x000001ecc56a0000]
 total_blobs=17190 nmethods=16457 adapters=640
 compilation: enabled
              stopped_count=0, restarted_count=0
 full_count=0

Compilation events (20 events):
Event: 48.731 Thread 0x000001ecd8902470 22324       2       java.lang.invoke.DirectMethodHandle$Holder::invokeStatic (21 bytes)
Event: 48.731 Thread 0x000001ecd8902470 nmethod 22324 0x000001ecc0513a90 code [0x000001ecc0513c40, 0x000001ecc0513d98]
Event: 48.731 Thread 0x000001ecd8902470 22325       2       java.lang.StringConcatHelper::prepend (22 bytes)
Event: 48.731 Thread 0x000001ecd8902470 nmethod 22325 0x000001ecc0513e90 code [0x000001ecc0514040, 0x000001ecc0514178]
Event: 48.732 Thread 0x000001ecd8902470 22326       2       androidx.compose.compiler.plugins.kotlin.lower.ComposableTargetAnnotationsTransformer::isComposableLambda (118 bytes)
Event: 48.732 Thread 0x000001ecd8902470 nmethod 22326 0x000001ecc0514290 code [0x000001ecc05144c0, 0x000001ecc0514a58]
Event: 48.732 Thread 0x000001ecd8902470 22328       2       androidx.compose.compiler.plugins.kotlin.inference.ApplierInferencer$visitCall$1::invoke (644 bytes)
Event: 48.735 Thread 0x000001ecd8902470 nmethod 22328 0x000001ecc0514d10 code [0x000001ecc0515200, 0x000001ecc0516de8]
Event: 48.735 Thread 0x000001ecd8902470 22327       2       androidx.compose.compiler.plugins.kotlin.lower.ComposableTargetAnnotationsTransformer::isComposableParameter (50 bytes)
Event: 48.735 Thread 0x000001ecd8902470 nmethod 22327 0x000001ecc0518010 code [0x000001ecc05181e0, 0x000001ecc05184f8]
Event: 48.736 Thread 0x000001ecd8902470 22329       2       org.jetbrains.kotlin.ir.util.IrTypeUtilsKt::isTypeParameter (14 bytes)
Event: 48.736 Thread 0x000001ecd8902470 nmethod 22329 0x000001ecc0518710 code [0x000001ecc0518940, 0x000001ecc0518e78]
Event: 48.737 Thread 0x000001ecd8902470 22330   !   2       androidx.compose.compiler.plugins.kotlin.inference.ApplierInferencer::restartable (284 bytes)
Event: 48.738 Thread 0x000001ecd8902470 nmethod 22330 0x000001ecc0519190 code [0x000001ecc05194c0, 0x000001ecc051a5b8]
Event: 48.738 Thread 0x000001ecd8902470 22332       3       androidx.compose.compiler.plugins.kotlin.inference.LazyScheme::toScheme$mapValues (197 bytes)
Event: 48.739 Thread 0x000001ecd8902470 nmethod 22332 0x000001ecc051b190 code [0x000001ecc051b440, 0x000001ecc051c398]
Event: 48.739 Thread 0x000001ecd8902470 22333       3       androidx.compose.compiler.plugins.kotlin.inference.LazyScheme::toScheme$schemeOf (177 bytes)
Event: 48.740 Thread 0x000001ecd8902470 nmethod 22333 0x000001ecc051c810 code [0x000001ecc051cb40, 0x000001ecc051e078]
Event: 48.740 Thread 0x000001ecd8902470 22331       2       androidx.compose.compiler.plugins.kotlin.lower.ComposableTargetAnnotationsTransformerKt::isComposableInferredTarget (38 bytes)
Event: 48.740 Thread 0x000001ecd8902470 nmethod 22331 0x000001ecc051e890 code [0x000001ecc051ea60, 0x000001ecc051ec68]

GC Heap History (20 events):
Event: 36.329 GC heap after
{Heap after GC invocations=50 (full 0):
 garbage-first heap   total 239616K, used 140544K [0x0000000700800000, 0x0000000800000000)
  region size 2048K, 4 young (8192K), 4 survivors (8192K)
 Metaspace       used 56866K, committed 57280K, reserved 1114112K
  class space    used 6084K, committed 6272K, reserved 1048576K
}
Event: 37.322 GC heap before
{Heap before GC invocations=50 (full 0):
 garbage-first heap   total 239616K, used 183552K [0x0000000700800000, 0x0000000800000000)
  region size 2048K, 26 young (53248K), 4 survivors (8192K)
 Metaspace       used 56918K, committed 57280K, reserved 1114112K
  class space    used 6085K, committed 6272K, reserved 1048576K
}
Event: 37.329 GC heap after
{Heap after GC invocations=51 (full 0):
 garbage-first heap   total 239616K, used 143312K [0x0000000700800000, 0x0000000800000000)
  region size 2048K, 4 young (8192K), 4 survivors (8192K)
 Metaspace       used 56918K, committed 57280K, reserved 1114112K
  class space    used 6085K, committed 6272K, reserved 1048576K
}
Event: 39.619 GC heap before
{Heap before GC invocations=52 (full 0):
 garbage-first heap   total 270336K, used 208848K [0x0000000700800000, 0x0000000800000000)
  region size 2048K, 31 young (63488K), 4 survivors (8192K)
 Metaspace       used 56965K, committed 57344K, reserved 1114112K
  class space    used 6087K, committed 6272K, reserved 1048576K
}
Event: 39.629 GC heap after
{Heap after GC invocations=53 (full 0):
 garbage-first heap   total 270336K, used 156911K [0x0000000700800000, 0x0000000800000000)
  region size 2048K, 3 young (6144K), 3 survivors (6144K)
 Metaspace       used 56965K, committed 57344K, reserved 1114112K
  class space    used 6087K, committed 6272K, reserved 1048576K
}
Event: 40.429 GC heap before
{Heap before GC invocations=53 (full 0):
 garbage-first heap   total 270336K, used 228591K [0x0000000700800000, 0x0000000800000000)
  region size 2048K, 38 young (77824K), 3 survivors (6144K)
 Metaspace       used 57095K, committed 57472K, reserved 1114112K
  class space    used 6089K, committed 6272K, reserved 1048576K
}
Event: 40.448 GC heap after
{Heap after GC invocations=54 (full 0):
 garbage-first heap   total 270336K, used 161546K [0x0000000700800000, 0x0000000800000000)
  region size 2048K, 4 young (8192K), 4 survivors (8192K)
 Metaspace       used 57095K, committed 57472K, reserved 1114112K
  class space    used 6089K, committed 6272K, reserved 1048576K
}
Event: 41.595 GC heap before
{Heap before GC invocations=55 (full 0):
 garbage-first heap   total 296960K, used 225034K [0x0000000700800000, 0x0000000800000000)
  region size 2048K, 36 young (73728K), 4 survivors (8192K)
 Metaspace       used 57532K, committed 57856K, reserved 1114112K
  class space    used 6119K, committed 6272K, reserved 1048576K
}
Event: 41.605 GC heap after
{Heap after GC invocations=56 (full 0):
 garbage-first heap   total 296960K, used 162669K [0x0000000700800000, 0x0000000800000000)
  region size 2048K, 4 young (8192K), 4 survivors (8192K)
 Metaspace       used 57532K, committed 57856K, reserved 1114112K
  class space    used 6119K, committed 6272K, reserved 1048576K
}
Event: 42.228 GC heap before
{Heap before GC invocations=56 (full 0):
 garbage-first heap   total 296960K, used 248685K [0x0000000700800000, 0x0000000800000000)
  region size 2048K, 46 young (94208K), 4 survivors (8192K)
 Metaspace       used 57839K, committed 58176K, reserved 1114112K
  class space    used 6129K, committed 6272K, reserved 1048576K
}
Event: 42.239 GC heap after
{Heap after GC invocations=57 (full 0):
 garbage-first heap   total 296960K, used 166340K [0x0000000700800000, 0x0000000800000000)
  region size 2048K, 4 young (8192K), 4 survivors (8192K)
 Metaspace       used 57839K, committed 58176K, reserved 1114112K
  class space    used 6129K, committed 6272K, reserved 1048576K
}
Event: 42.910 GC heap before
{Heap before GC invocations=58 (full 0):
 garbage-first heap   total 325632K, used 248260K [0x0000000700800000, 0x0000000800000000)
  region size 2048K, 44 young (90112K), 4 survivors (8192K)
 Metaspace       used 58016K, committed 58368K, reserved 1114112K
  class space    used 6147K, committed 6336K, reserved 1048576K
}
Event: 42.920 GC heap after
{Heap after GC invocations=59 (full 0):
 garbage-first heap   total 325632K, used 166072K [0x0000000700800000, 0x0000000800000000)
  region size 2048K, 2 young (4096K), 2 survivors (4096K)
 Metaspace       used 58016K, committed 58368K, reserved 1114112K
  class space    used 6147K, committed 6336K, reserved 1048576K
}
Event: 43.348 GC heap before
{Heap before GC invocations=59 (full 0):
 garbage-first heap   total 325632K, used 176312K [0x0000000700800000, 0x0000000800000000)
  region size 2048K, 7 young (14336K), 2 survivors (4096K)
 Metaspace       used 58228K, committed 58624K, reserved 1114112K
  class space    used 6158K, committed 6336K, reserved 1048576K
}
Event: 43.357 GC heap after
{Heap after GC invocations=60 (full 0):
 garbage-first heap   total 325632K, used 165622K [0x0000000700800000, 0x0000000800000000)
  region size 2048K, 1 young (2048K), 1 survivors (2048K)
 Metaspace       used 58228K, committed 58624K, reserved 1114112K
  class space    used 6158K, committed 6336K, reserved 1048576K
}
Event: 46.801 GC heap before
{Heap before GC invocations=60 (full 0):
 garbage-first heap   total 325632K, used 276214K [0x0000000700800000, 0x0000000800000000)
  region size 2048K, 55 young (112640K), 1 survivors (2048K)
 Metaspace       used 66293K, committed 66688K, reserved 1114112K
  class space    used 6925K, committed 7104K, reserved 1048576K
}
Event: 46.814 GC heap after
{Heap after GC invocations=61 (full 0):
 garbage-first heap   total 325632K, used 175975K [0x0000000700800000, 0x0000000800000000)
  region size 2048K, 6 young (12288K), 6 survivors (12288K)
 Metaspace       used 66293K, committed 66688K, reserved 1114112K
  class space    used 6925K, committed 7104K, reserved 1048576K
}
Event: 48.678 GC heap before
{Heap before GC invocations=62 (full 0):
 garbage-first heap   total 327680K, used 272231K [0x0000000700800000, 0x0000000800000000)
  region size 2048K, 53 young (108544K), 6 survivors (12288K)
 Metaspace       used 68301K, committed 68672K, reserved 1114112K
  class space    used 7093K, committed 7296K, reserved 1048576K
}
Event: 48.701 GC heap after
{Heap after GC invocations=63 (full 0):
 garbage-first heap   total 327680K, used 196811K [0x0000000700800000, 0x0000000800000000)
  region size 2048K, 7 young (14336K), 7 survivors (14336K)
 Metaspace       used 68301K, committed 68672K, reserved 1114112K
  class space    used 7093K, committed 7296K, reserved 1048576K
}
Event: 48.742 GC heap before
{Heap before GC invocations=63 (full 0):
 garbage-first heap   total 327680K, used 198859K [0x0000000700800000, 0x0000000800000000)
  region size 2048K, 8 young (16384K), 7 survivors (14336K)
 Metaspace       used 68314K, committed 68672K, reserved 1114112K
  class space    used 7093K, committed 7296K, reserved 1048576K
}

Dll operation events (7 events):
Event: 0.012 Loaded shared library C:\Program Files\Eclipse Adoptium\jdk-17.0.18.8-hotspot\bin\java.dll
Event: 0.052 Loaded shared library C:\Program Files\Eclipse Adoptium\jdk-17.0.18.8-hotspot\bin\jsvml.dll
Event: 0.094 Loaded shared library C:\Program Files\Eclipse Adoptium\jdk-17.0.18.8-hotspot\bin\net.dll
Event: 0.095 Loaded shared library C:\Program Files\Eclipse Adoptium\jdk-17.0.18.8-hotspot\bin\nio.dll
Event: 0.131 Loaded shared library C:\Program Files\Eclipse Adoptium\jdk-17.0.18.8-hotspot\bin\zip.dll
Event: 0.160 Loaded shared library C:\Program Files\Eclipse Adoptium\jdk-17.0.18.8-hotspot\bin\jimage.dll
Event: 1.067 Loaded shared library C:\Program Files\Eclipse Adoptium\jdk-17.0.18.8-hotspot\bin\verify.dll

Deoptimization events (20 events):
Event: 48.621 Thread 0x000001ecb606bac0 Uncommon trap: trap_request=0xffffffde fr.pc=0x000001ecc6457eb8 relative=0x000000000000b918
Event: 48.621 Thread 0x000001ecb606bac0 Uncommon trap: reason=class_check action=maybe_recompile pc=0x000001ecc6457eb8 method=org.jetbrains.kotlin.descriptors.impl.FunctionDescriptorImpl.getSourceToUseForCopy(ZLorg/jetbrains/kotlin/descriptors/FunctionDescriptor;)Lorg/jetbrains/kotlin/descripto
Event: 48.621 Thread 0x000001ecb606bac0 DEOPT PACKING pc=0x000001ecc6457eb8 sp=0x000000cf778fa0a0
Event: 48.621 Thread 0x000001ecb606bac0 DEOPT UNPACKING pc=0x000001ecc51569a3 sp=0x000000cf778fa040 mode 2
Event: 48.622 Thread 0x000001ecb606bac0 Uncommon trap: trap_request=0xffffffde fr.pc=0x000001ecc6457eb8 relative=0x000000000000b918
Event: 48.622 Thread 0x000001ecb606bac0 Uncommon trap: reason=class_check action=maybe_recompile pc=0x000001ecc6457eb8 method=org.jetbrains.kotlin.descriptors.impl.FunctionDescriptorImpl.getSourceToUseForCopy(ZLorg/jetbrains/kotlin/descriptors/FunctionDescriptor;)Lorg/jetbrains/kotlin/descripto
Event: 48.622 Thread 0x000001ecb606bac0 DEOPT PACKING pc=0x000001ecc6457eb8 sp=0x000000cf778fa0a0
Event: 48.622 Thread 0x000001ecb606bac0 DEOPT UNPACKING pc=0x000001ecc51569a3 sp=0x000000cf778fa040 mode 2
Event: 48.646 Thread 0x000001ecb606bac0 Uncommon trap: trap_request=0xffffff45 fr.pc=0x000001ecc5fef538 relative=0x0000000000000098
Event: 48.646 Thread 0x000001ecb606bac0 Uncommon trap: reason=unstable_if action=reinterpret pc=0x000001ecc5fef538 method=org.jetbrains.kotlin.types.DisjointKeysUnionTypeSubstitution.approximateContravariantCapturedTypes()Z @ 7 c2
Event: 48.646 Thread 0x000001ecb606bac0 DEOPT PACKING pc=0x000001ecc5fef538 sp=0x000000cf778faac0
Event: 48.646 Thread 0x000001ecb606bac0 DEOPT UNPACKING pc=0x000001ecc51569a3 sp=0x000000cf778faa58 mode 2
Event: 48.673 Thread 0x000001ecb606bac0 Uncommon trap: trap_request=0xffffffc6 fr.pc=0x000001ecc66acf78 relative=0x0000000000001ed8
Event: 48.673 Thread 0x000001ecb606bac0 Uncommon trap: reason=bimorphic_or_optimized_type_check action=maybe_recompile pc=0x000001ecc66acf78 method=org.jetbrains.kotlin.types.checker.NewCapturedTypeKt.captureArguments(Lorg/jetbrains/kotlin/types/UnwrappedType;Lorg/jetbrains/kotlin/types/model/C
Event: 48.673 Thread 0x000001ecb606bac0 DEOPT PACKING pc=0x000001ecc66acf78 sp=0x000000cf778fbab0
Event: 48.673 Thread 0x000001ecb606bac0 DEOPT UNPACKING pc=0x000001ecc51569a3 sp=0x000000cf778fba68 mode 2
Event: 48.673 Thread 0x000001ecb606bac0 Uncommon trap: trap_request=0xffffffc6 fr.pc=0x000001ecc66acf78 relative=0x0000000000001ed8
Event: 48.673 Thread 0x000001ecb606bac0 Uncommon trap: reason=bimorphic_or_optimized_type_check action=maybe_recompile pc=0x000001ecc66acf78 method=org.jetbrains.kotlin.types.checker.NewCapturedTypeKt.captureArguments(Lorg/jetbrains/kotlin/types/UnwrappedType;Lorg/jetbrains/kotlin/types/model/C
Event: 48.673 Thread 0x000001ecb606bac0 DEOPT PACKING pc=0x000001ecc66acf78 sp=0x000000cf778fbab0
Event: 48.673 Thread 0x000001ecb606bac0 DEOPT UNPACKING pc=0x000001ecc51569a3 sp=0x000000cf778fba68 mode 2

Classes loaded (20 events):
Event: 9.187 Loading class java/util/regex/Pattern$Bound
Event: 9.187 Loading class java/util/regex/Pattern$Bound done
Event: 9.188 Loading class java/util/regex/Pattern$LookBehindEndNode
Event: 9.188 Loading class java/util/regex/Pattern$LookBehindEndNode done
Event: 9.188 Loading class java/util/regex/Pattern$NotBehind
Event: 9.188 Loading class java/util/regex/Pattern$NotBehind done
Event: 12.925 Loading class java/util/regex/Pattern$1
Event: 12.925 Loading class java/util/regex/Pattern$1 done
Event: 43.504 Loading class java/text/MessageFormat
Event: 43.504 Loading class java/text/MessageFormat done
Event: 43.510 Loading class jdk/internal/reflect/UnsafeBooleanFieldAccessorImpl
Event: 43.511 Loading class jdk/internal/reflect/UnsafeBooleanFieldAccessorImpl done
Event: 43.511 Loading class jdk/internal/reflect/UnsafeQualifiedObjectFieldAccessorImpl
Event: 43.511 Loading class jdk/internal/reflect/UnsafeQualifiedFieldAccessorImpl
Event: 43.511 Loading class jdk/internal/reflect/UnsafeQualifiedFieldAccessorImpl done
Event: 43.511 Loading class jdk/internal/reflect/UnsafeQualifiedObjectFieldAccessorImpl done
Event: 43.538 Loading class java/text/ChoiceFormat
Event: 43.538 Loading class java/text/ChoiceFormat done
Event: 43.553 Loading class java/text/MessageFormat$Field
Event: 43.553 Loading class java/text/MessageFormat$Field done

Classes unloaded (0 events):
No events

Classes redefined (0 events):
No events

Internal exceptions (20 events):
Event: 8.661 Thread 0x000001ecb606bac0 Exception <a 'java/lang/NoSuchMethodError'{0x000000070da9fd88}: 'java.lang.Object java.lang.invoke.DirectMethodHandle$Holder.newInvokeSpecial(java.lang.Object, int, java.lang.Object, java.lang.Object)'> (0x000000070da9fd88) 
thrown [s\src\hotspot\share\interpreter\linkResolver.cpp, line 759]
Event: 8.662 Thread 0x000001ecb606bac0 Exception <a 'java/lang/NoSuchMethodError'{0x000000070daa44d8}: 'java.lang.Object java.lang.invoke.DirectMethodHandle$Holder.invokeSpecial(java.lang.Object, java.lang.Object, int, java.lang.Object, java.lang.Object)'> (0x000000070daa44d8) 
thrown [s\src\hotspot\share\interpreter\linkResolver.cpp, line 759]
Event: 10.293 Thread 0x000001ecb606bac0 Implicit null exception at 0x000001ecc5ae43d3 to 0x000001ecc5ae4d86
Event: 20.405 Thread 0x000001ecb606bac0 Implicit null exception at 0x000001ecc5cf9800 to 0x000001ecc5cf98e4
Event: 20.405 Thread 0x000001ecb606bac0 Implicit null exception at 0x000001ecc5b9d247 to 0x000001ecc5b9e040
Event: 21.446 Thread 0x000001ecb606bac0 Implicit null exception at 0x000001ecc5a74140 to 0x000001ecc5a741d1
Event: 35.956 Thread 0x000001ecb606bac0 Implicit null exception at 0x000001ecc5ac72cc to 0x000001ecc5ac73a8
Event: 43.530 Thread 0x000001ecb606bac0 Exception <a 'java/lang/NoSuchMethodError'{0x0000000713ec1300}: 'java.lang.Object java.lang.invoke.DirectMethodHandle$Holder.invokeStaticInit(java.lang.Object, java.lang.Object, java.lang.Object, java.lang.Object)'> (0x0000000713ec1300) 
thrown [s\src\hotspot\share\interpreter\linkResolver.cpp, line 759]
Event: 43.992 Thread 0x000001ecb606bac0 Exception <a 'java/lang/NoSuchMethodError'{0x0000000712b6b6e0}: 'java.lang.Object java.lang.invoke.DirectMethodHandle$Holder.invokeSpecial(java.lang.Object, java.lang.Object, int, int, java.lang.Object, java.lang.Object, java.lang.Object, java.lang.Object, java.lang.Object)'> (0x0000000712b6b6e0) 
thrown [s\src\hotspot\share\interpreter\linkResolver.cpp, line 759]
Event: 44.047 Thread 0x000001ecb606bac0 Implicit null exception at 0x000001ecc5784a13 to 0x000001ecc5784e54
Event: 44.344 Thread 0x000001ecb606bac0 Exception <a 'java/lang/NoSuchMethodError'{0x0000000712255fd8}: 'java.lang.Object java.lang.invoke.DirectMethodHandle$Holder.invokeStatic(java.lang.Object, java.lang.Object, java.lang.Object, int, int, java.lang.Object, java.lang.Object, java.lang.Object, java.lang.Object)'> (0x0000000712255fd8) 
thrown [s\src\hotspot\share\interpreter\linkResolver.cpp, line 759]
Event: 44.344 Thread 0x000001ecb606bac0 Exception <a 'java/lang/NoSuchMethodError'{0x00000007122602a0}: 'java.lang.Object java.lang.invoke.DirectMethodHandle$Holder.newInvokeSpecial(java.lang.Object, java.lang.Object, java.lang.Object, int, int, java.lang.Object)'> (0x00000007122602a0) 
thrown [s\src\hotspot\share\interpreter\linkResolver.cpp, line 759]
Event: 44.345 Thread 0x000001ecb606bac0 Exception <a 'java/lang/NoSuchMethodError'{0x0000000712267c40}: 'java.lang.Object java.lang.invoke.Invokers$Holder.linkToTargetMethod(java.lang.Object, java.lang.Object, int, int, java.lang.Object, java.lang.Object)'> (0x0000000712267c40) 
thrown [s\src\hotspot\share\interpreter\linkResolver.cpp, line 759]
Event: 44.395 Thread 0x000001ecb606bac0 Exception <a 'java/lang/NoSuchMethodError'{0x00000007123a18c0}: 'java.lang.Object java.lang.invoke.DirectMethodHandle$Holder.newInvokeSpecial(java.lang.Object, java.lang.Object, java.lang.Object, int, int)'> (0x00000007123a18c0) 
thrown [s\src\hotspot\share\interpreter\linkResolver.cpp, line 759]
Event: 44.395 Thread 0x000001ecb606bac0 Exception <a 'java/lang/NoSuchMethodError'{0x00000007123a5700}: 'java.lang.Object java.lang.invoke.DirectMethodHandle$Holder.invokeSpecial(java.lang.Object, java.lang.Object, java.lang.Object, java.lang.Object, int, int)'> (0x00000007123a5700) 
thrown [s\src\hotspot\share\interpreter\linkResolver.cpp, line 759]
Event: 44.395 Thread 0x000001ecb606bac0 Exception <a 'java/lang/NoSuchMethodError'{0x00000007123a9140}: 'java.lang.Object java.lang.invoke.Invokers$Holder.linkToTargetMethod(java.lang.Object, java.lang.Object, int, int, java.lang.Object)'> (0x00000007123a9140) 
thrown [s\src\hotspot\share\interpreter\linkResolver.cpp, line 759]
Event: 44.578 Thread 0x000001ecb606bac0 Exception <a 'java/lang/NoSuchMethodError'{0x0000000711f6c5e0}: 'java.lang.Object java.lang.invoke.DirectMethodHandle$Holder.newInvokeSpecial(java.lang.Object, java.lang.Object, int, int, java.lang.Object, java.lang.Object, java.lang.Object)'> (0x0000000711f6c5e0) 
thrown [s\src\hotspot\share\interpreter\linkResolver.cpp, line 759]
Event: 44.578 Thread 0x000001ecb606bac0 Exception <a 'java/lang/NoSuchMethodError'{0x0000000711f71130}: 'java.lang.Object java.lang.invoke.DirectMethodHandle$Holder.invokeSpecial(java.lang.Object, java.lang.Object, java.lang.Object, int, int, java.lang.Object, java.lang.Object, java.lang.Object)'> (0x0000000711f71130) 
thrown [s\src\hotspot\share\interpreter\linkResolver.cpp, line 759]
Event: 46.412 Thread 0x000001ecb606bac0 Implicit null exception at 0x000001ecc640d469 to 0x000001ecc640de5c
Event: 47.498 Thread 0x000001ecb606bac0 Implicit null exception at 0x000001ecc5c963c2 to 0x000001ecc5c967d4

VM Operations (20 events):
Event: 47.951 Executing VM operation: ICBufferFull done
Event: 47.985 Executing VM operation: HandshakeAllThreads
Event: 47.985 Executing VM operation: HandshakeAllThreads done
Event: 47.987 Executing VM operation: HandshakeAllThreads
Event: 47.987 Executing VM operation: HandshakeAllThreads done
Event: 48.041 Executing VM operation: ICBufferFull
Event: 48.041 Executing VM operation: ICBufferFull done
Event: 48.475 Executing VM operation: ICBufferFull
Event: 48.475 Executing VM operation: ICBufferFull done
Event: 48.576 Executing VM operation: HandshakeAllThreads
Event: 48.576 Executing VM operation: HandshakeAllThreads done
Event: 48.578 Executing VM operation: HandshakeAllThreads
Event: 48.578 Executing VM operation: HandshakeAllThreads done
Event: 48.580 Executing VM operation: HandshakeAllThreads
Event: 48.580 Executing VM operation: HandshakeAllThreads done
Event: 48.638 Executing VM operation: ICBufferFull
Event: 48.639 Executing VM operation: ICBufferFull done
Event: 48.678 Executing VM operation: G1CollectForAllocation
Event: 48.701 Executing VM operation: G1CollectForAllocation done
Event: 48.742 Executing VM operation: G1CollectForAllocation

Memory protections (0 events):
No events

Nmethod flushes (20 events):
Event: 46.846 Thread 0x000001ecd8902e70 flushing  nmethod 0x000001ecbf216c10
Event: 46.846 Thread 0x000001ecd8902e70 flushing  nmethod 0x000001ecbf29f990
Event: 46.847 Thread 0x000001ecd8902e70 flushing  nmethod 0x000001ecbf429410
Event: 46.847 Thread 0x000001ecd8902e70 flushing  nmethod 0x000001ecbf5b8110
Event: 46.849 Thread 0x000001ecd8902e70 flushing  nmethod 0x000001ecbf8ebf10
Event: 46.850 Thread 0x000001ecd8902e70 flushing  nmethod 0x000001ecbf9b3310
Event: 46.850 Thread 0x000001ecd8902e70 flushing  nmethod 0x000001ecbfa5bc10
Event: 46.851 Thread 0x000001ecd8902e70 flushing  nmethod 0x000001ecbfb3cd90
Event: 46.851 Thread 0x000001ecd8902e70 flushing  nmethod 0x000001ecbfc5e690
Event: 46.851 Thread 0x000001ecd8902e70 flushing  nmethod 0x000001ecbfcaa510
Event: 46.851 Thread 0x000001ecd8902e70 flushing  nmethod 0x000001ecbfcc8290
Event: 46.852 Thread 0x000001ecd8902e70 flushing  nmethod 0x000001ecbfd04d90
Event: 46.852 Thread 0x000001ecd8902e70 flushing  nmethod 0x000001ecbfd35c90
Event: 46.852 Thread 0x000001ecd8902e70 flushing  nmethod 0x000001ecbfd7ac90
Event: 46.852 Thread 0x000001ecd8902e70 flushing  nmethod 0x000001ecbfdf2890
Event: 46.852 Thread 0x000001ecd8902e70 flushing  nmethod 0x000001ecbfed1910
Event: 46.852 Thread 0x000001ecd8902e70 flushing  nmethod 0x000001ecbff84590
Event: 47.681 Thread 0x000001ecd8902e70 flushing  nmethod 0x000001ecc5f0bf10
Event: 47.687 Thread 0x000001ecd8902e70 flushing  nmethod 0x000001ecc6679190
Event: 47.693 Thread 0x000001ecd8902e70 flushing  nmethod 0x000001ecbe4eec10

Events (20 events):
Event: 0.062 Thread 0x000001ecb606bac0 Thread added: 0x000001ecd88ef9a0
Event: 0.062 Thread 0x000001ecb606bac0 Thread added: 0x000001ecd8902470
Event: 0.062 Thread 0x000001ecb606bac0 Thread added: 0x000001ecd8902e70
Event: 0.090 Thread 0x000001ecb606bac0 Thread added: 0x000001ecd8a39f50
Event: 0.091 Thread 0x000001ecb606bac0 Thread added: 0x000001ecd8a3e6f0
Event: 0.128 Thread 0x000001ecd88ef9a0 Thread added: 0x000001ecd8a5af70
Event: 1.305 Thread 0x000001ecd8a5af70 Thread exited: 0x000001ecd8a5af70
Event: 1.576 Thread 0x000001ecd88ef9a0 Thread added: 0x000001ed1e770c10
Event: 2.061 Thread 0x000001ed1e770c10 Thread exited: 0x000001ed1e770c10
Event: 2.266 Thread 0x000001ecd8902470 Thread added: 0x000001ed2742efd0
Event: 2.733 Thread 0x000001ed2742efd0 Thread exited: 0x000001ed2742efd0
Event: 3.026 Thread 0x000001ecd8902470 Thread added: 0x000001ed1f683a30
Event: 33.291 Thread 0x000001ed1f683a30 Thread exited: 0x000001ed1f683a30
Event: 33.619 Thread 0x000001ecd88ef9a0 Thread added: 0x000001ed285a6550
Event: 38.139 Thread 0x000001ed285a6550 Thread exited: 0x000001ed285a6550
Event: 39.257 Thread 0x000001ecd88ef9a0 Thread added: 0x000001ed29e13440
Event: 43.922 Thread 0x000001ed29e13440 Thread exited: 0x000001ed29e13440
Event: 43.976 Thread 0x000001ecd8902470 Thread added: 0x000001ed29e13440
Event: 45.319 Thread 0x000001ed29e13440 Thread exited: 0x000001ed29e13440
Event: 45.552 Thread 0x000001ecd8902470 Thread added: 0x000001ed284fb5c0


Dynamic libraries:
0x00007ff6a7780000 - 0x00007ff6a778e000 	C:\Program Files\Eclipse Adoptium\jdk-17.0.18.8-hotspot\bin\java.exe
0x00007ffd5a340000 - 0x00007ffd5a5a7000 	C:\WINDOWS\SYSTEM32\ntdll.dll
0x00007ffd59620000 - 0x00007ffd596e9000 	C:\WINDOWS\System32\KERNEL32.DLL
0x00007ffd56c20000 - 0x00007ffd57011000 	C:\WINDOWS\System32\KERNELBASE.dll
0x00007ffd571a0000 - 0x00007ffd572eb000 	C:\WINDOWS\System32\ucrtbase.dll
0x00007ffd4eb30000 - 0x00007ffd4eb48000 	C:\Program Files\Eclipse Adoptium\jdk-17.0.18.8-hotspot\bin\jli.dll
0x00007ffd4eaa0000 - 0x00007ffd4eabe000 	C:\Program Files\Eclipse Adoptium\jdk-17.0.18.8-hotspot\bin\VCRUNTIME140.dll
0x00007ffd593c0000 - 0x00007ffd59585000 	C:\WINDOWS\System32\USER32.dll
0x00007ffd572f0000 - 0x00007ffd57317000 	C:\WINDOWS\System32\win32u.dll
0x00007ffd59db0000 - 0x00007ffd59ddb000 	C:\WINDOWS\System32\GDI32.dll
0x00007ffd57cd0000 - 0x00007ffd57dfb000 	C:\WINDOWS\System32\gdi32full.dll
0x00007ffd57ec0000 - 0x00007ffd57f63000 	C:\WINDOWS\System32\msvcp_win.dll
0x00007ffd43610000 - 0x00007ffd438a3000 	C:\WINDOWS\WinSxS\amd64_microsoft.windows.common-controls_6595b64144ccf1df_6.0.26100.8037_none_3e092faae333b53b\COMCTL32.dll
0x00007ffd59200000 - 0x00007ffd592a9000 	C:\WINDOWS\System32\msvcrt.dll
0x00007ffd58ed0000 - 0x00007ffd58f01000 	C:\WINDOWS\System32\IMM32.DLL
0x00007ffd544d0000 - 0x00007ffd544dc000 	C:\Program Files\Eclipse Adoptium\jdk-17.0.18.8-hotspot\bin\vcruntime140_1.dll
0x00007ffd41bc0000 - 0x00007ffd41c4d000 	C:\Program Files\Eclipse Adoptium\jdk-17.0.18.8-hotspot\bin\msvcp140.dll
0x00007ffcdfa20000 - 0x00007ffce068b000 	C:\Program Files\Eclipse Adoptium\jdk-17.0.18.8-hotspot\bin\server\jvm.dll
0x00007ffd58f90000 - 0x00007ffd5904b000 	C:\WINDOWS\System32\ADVAPI32.dll
0x00007ffd59cb0000 - 0x00007ffd59d57000 	C:\WINDOWS\System32\sechost.dll
0x00007ffd59870000 - 0x00007ffd59988000 	C:\WINDOWS\System32\RPCRT4.dll
0x00007ffd58f10000 - 0x00007ffd58f84000 	C:\WINDOWS\System32\WS2_32.dll
0x00007ffd56a80000 - 0x00007ffd56ade000 	C:\WINDOWS\SYSTEM32\POWRPROF.dll
0x00007ffd4a360000 - 0x00007ffd4a395000 	C:\WINDOWS\SYSTEM32\WINMM.dll
0x00007ffd51500000 - 0x00007ffd5150b000 	C:\WINDOWS\SYSTEM32\VERSION.dll
0x00007ffd56a60000 - 0x00007ffd56a74000 	C:\WINDOWS\SYSTEM32\UMPDC.dll
0x00007ffd55970000 - 0x00007ffd5598b000 	C:\WINDOWS\SYSTEM32\kernel.appcore.dll
0x00007ffd54480000 - 0x00007ffd5448a000 	C:\Program Files\Eclipse Adoptium\jdk-17.0.18.8-hotspot\bin\jimage.dll
0x00007ffd460f0000 - 0x00007ffd46332000 	C:\WINDOWS\SYSTEM32\DBGHELP.DLL
0x00007ffd58a60000 - 0x00007ffd58de2000 	C:\WINDOWS\System32\combase.dll
0x00007ffd58df0000 - 0x00007ffd58ec7000 	C:\WINDOWS\System32\OLEAUT32.dll
0x00007ffd3f950000 - 0x00007ffd3f98b000 	C:\WINDOWS\SYSTEM32\dbgcore.DLL
0x00007ffd57b90000 - 0x00007ffd57c35000 	C:\WINDOWS\System32\bcryptPrimitives.dll
0x00007ffd489b0000 - 0x00007ffd489d5000 	C:\Program Files\Eclipse Adoptium\jdk-17.0.18.8-hotspot\bin\java.dll
0x00007ffd3b610000 - 0x00007ffd3b6e7000 	C:\Program Files\Eclipse Adoptium\jdk-17.0.18.8-hotspot\bin\jsvml.dll
0x00007ffd580f0000 - 0x00007ffd5884f000 	C:\WINDOWS\System32\SHELL32.dll
0x00007ffd57f70000 - 0x00007ffd580da000 	C:\WINDOWS\System32\wintypes.dll
0x00007ffd57320000 - 0x00007ffd57b84000 	C:\WINDOWS\System32\windows.storage.dll
0x00007ffd59a50000 - 0x00007ffd59b47000 	C:\WINDOWS\System32\SHCORE.dll
0x00007ffd592b0000 - 0x00007ffd59317000 	C:\WINDOWS\System32\shlwapi.dll
0x00007ffd56b40000 - 0x00007ffd56b69000 	C:\WINDOWS\SYSTEM32\profapi.dll
0x00007ffd4e850000 - 0x00007ffd4e86a000 	C:\Program Files\Eclipse Adoptium\jdk-17.0.18.8-hotspot\bin\net.dll
0x00007ffd511d0000 - 0x00007ffd512f7000 	C:\WINDOWS\SYSTEM32\WINHTTP.dll
0x00007ffd55ec0000 - 0x00007ffd55f2b000 	C:\WINDOWS\system32\mswsock.dll
0x00007ffd49f10000 - 0x00007ffd49f26000 	C:\Program Files\Eclipse Adoptium\jdk-17.0.18.8-hotspot\bin\nio.dll
0x00007ffd48870000 - 0x00007ffd48888000 	C:\Program Files\Eclipse Adoptium\jdk-17.0.18.8-hotspot\bin\zip.dll
0x00007ffd4ea10000 - 0x00007ffd4ea20000 	C:\Program Files\Eclipse Adoptium\jdk-17.0.18.8-hotspot\bin\verify.dll

dbghelp: loaded successfully - version: 4.0.5 - missing functions: none
symbol engine: initialized successfully - sym options: 0x614 - pdb path: .;C:\Program Files\Eclipse Adoptium\jdk-17.0.18.8-hotspot\bin;C:\WINDOWS\SYSTEM32;C:\WINDOWS\WinSxS\amd64_microsoft.windows.common-controls_6595b64144ccf1df_6.0.26100.8037_none_3e092faae333b53b;C:\Program Files\Eclipse Adoptium\jdk-17.0.18.8-hotspot\bin\server

VM Arguments:
java_command: org.jetbrains.kotlin.cli.jvm.K2JVMCompiler @C:\Users\spere\android-game-perf-tool-desktop\build\20260415_2570169712911971710.compiler.options
java_class_path (initial): C:\Users\spere\.gradle\caches\modules-2\files-2.1\org.jetbrains.kotlin\kotlin-compiler-embeddable\1.9.22\9cd4dc7773cf2a99ecd961a88fbbc9a2da3fb5e1\kotlin-compiler-embeddable-1.9.22.jar;C:\Users\spere\.gradle\caches\modules-2\files-2.1\org.jetbrains.kotlin\kotlin-stdlib\1.9.22\d6c44cd08d8f3f9bece8101216dbe6553365c6e3\kotlin-stdlib-1.9.22.jar;C:\Users\spere\.gradle\caches\modules-2\files-2.1\org.jetbrains.kotlin\kotlin-script-runtime\1.9.22\f8139a46fc677ec9badc49ae954392f4f5e7e7c7\kotlin-script-runtime-1.9.22.jar;C:\Users\spere\.gradle\caches\modules-2\files-2.1\org.jetbrains.kotlin\kotlin-reflect\1.6.10\1cbe9c92c12a94eea200d23c2bbaedaf3daf5132\kotlin-reflect-1.6.10.jar;C:\Users\spere\.gradle\caches\modules-2\files-2.1\org.jetbrains.kotlin\kotlin-daemon-embeddable\1.9.22\20e2c5df715f3240c765cfc222530e2796542021\kotlin-daemon-embeddable-1.9.22.jar;C:\Users\spere\.gradle\caches\modules-2\files-2.1\org.jetbrains.intellij.deps\trove4j\1.0.20200330\3afb14d5f9ceb459d724e907a21145e8ff394f02\trove4j-1.0.20200330.jar;C:\Users\spere\.gradle\caches\modules-2\files-2.1\org.jetbrains\annotations\13.0\919f0dfe192fb4e063e7dacadee7f8bb9a2672a9\annotations-13.0.jar
Launcher Type: SUN_STANDARD

[Global flags]
     intx CICompilerCount                          = 3                                         {product} {ergonomic}
     uint ConcGCThreads                            = 1                                         {product} {ergonomic}
     uint G1ConcRefinementThreads                  = 4                                         {product} {ergonomic}
   size_t G1HeapRegionSize                         = 2097152                                   {product} {ergonomic}
    uintx GCDrainStackTargetSize                   = 64                                        {product} {ergonomic}
   size_t InitialHeapSize                          = 268435456                                 {product} {ergonomic}
   size_t MarkStackSize                            = 4194304                                   {product} {ergonomic}
   size_t MaxHeapSize                              = 4286578688                                {product} {ergonomic}
   size_t MaxNewSize                               = 2571108352                                {product} {ergonomic}
   size_t MinHeapDeltaBytes                        = 2097152                                   {product} {ergonomic}
   size_t MinHeapSize                              = 8388608                                   {product} {ergonomic}
    uintx NonNMethodCodeHeapSize                   = 5832780                                {pd product} {ergonomic}
    uintx NonProfiledCodeHeapSize                  = 122912730                              {pd product} {ergonomic}
    uintx ProfiledCodeHeapSize                     = 122912730                              {pd product} {ergonomic}
    uintx ReservedCodeCacheSize                    = 251658240                              {pd product} {ergonomic}
     bool SegmentedCodeCache                       = true                                      {product} {ergonomic}
   size_t SoftMaxHeapSize                          = 4286578688                             {manageable} {ergonomic}
     bool UseCompressedClassPointers               = true                           {product lp64_product} {ergonomic}
     bool UseCompressedOops                        = true                           {product lp64_product} {ergonomic}
     bool UseG1GC                                  = true                                      {product} {ergonomic}
     bool UseLargePagesIndividualAllocation        = false                                  {pd product} {ergonomic}

Logging:
Log output configuration:
 #0: stdout all=warning uptime,level,tags
 #1: stderr all=off uptime,level,tags

Environment Variables:
JAVA_HOME=C:\Program Files\Eclipse Adoptium\jdk-17.0.18.8-hotspot\
PATH=C:\Users\spere\AppData\Roaming\npm;C:\Users\spere\android-game-perf-tool-desktop\node_modules\.bin;C:\Users\spere\node_modules\.bin;C:\Users\node_modules\.bin;C:\node_modules\.bin;C:\Program Files\nodejs\node_modules\npm\node_modules\@npmcli\run-script\lib\node-gyp-bin;C:\Program Files\Eclipse Adoptium\jdk-17.0.18.8-hotspot\bin;C:\WINDOWS\system32;C:\WINDOWS;C:\WINDOWS\System32\Wbem;C:\WINDOWS\System32\WindowsPowerShell\v1.0\;C:\WINDOWS\System32\OpenSSH\;C:\Program Files\nodejs\;C:\Program Files\Git\cmd;C:\Program Files\dotnet\;C:\Program Files\GitHub CLI\;C:\Program Files\Docker\Docker\resources\bin;C:\Program Files\Google\Chrome\Application;C:\WINDOWS\system32;C:\WINDOWS;C:\WINDOWS\System32\Wbem;C:\WINDOWS\System32\WindowsPowerShell\v1.0\;C:\WINDOWS\System32\OpenSSH\;C:\Users\spere\AppData\Local\Microsoft\WindowsApps;;;C:\Program Files\nodejs;C:\Users\spere\AppData\Roaming\npm;C:\Users\spere\AppData\Local\Microsoft\WinGet\Packages\Hawaii_Beach.TinyNvidiaUpdateChecker_Microsoft.Winget.Source_8wekyb3d8bbwe;;C:\Users\spere\platform-tools;C:\Users\spere\AppData\Local\Microsoft\WinGet\Packages\DenoLand.Deno_Microsoft.Winget.Source_8wekyb3d8bbwe;C:\Users\spere\AppData\Local\Microsoft\WinGet\Packages\yt-dlp.FFmpeg_Microsoft.Winget.Source_8wekyb3d8bbwe\ffmpeg-N-123778-g3b55818764-win64-gpl\bin;C:\Users\spere\AppData\Local\Microsoft\WinGet\Packages\yt-dlp.yt-dlp_Microsoft.Winget.Source_8wekyb3d8bbwe;C:\Users\spere\AppData\Local\Microsoft\WinGet\Packages\Ngrok.Ngrok_Microsoft.Winget.Source_8wekyb3d8bbwe;C:\Users\spere\AppData\Local\Microsoft\WinGet\Packages\Cloudflare.cloudflared_Microsoft.Winget.Source_8wekyb3d8bbwe;;C:\Program Files\nodejs;$env:APPDATA\npm
USERNAME=spere
LANG=en_US.UTF-8
OS=Windows_NT
PROCESSOR_IDENTIFIER=Intel64 Family 6 Model 158 Stepping 9, GenuineIntel
TMP=C:\Users\spere\AppData\Local\Temp
TEMP=C:\Users\spere\AppData\Local\Temp



Periodic native trim disabled


---------------  S Y S T E M  ---------------

OS:
 Windows 11 , 64 bit Build 26100 (10.0.26100.7920)
OS uptime: 0 days 7:37 hours
Hyper-V role detected

CPU: total 4 (initial active 4) (4 cores per cpu, 1 threads per core) family 6 model 158 stepping 9 microcode 0xde, cx8, cmov, fxsr, mmx, 3dnowpref, sse, sse2, sse3, ssse3, sse4.1, sse4.2, popcnt, lzcnt, tsc, tscinvbit, avx, avx2, aes, erms, clmul, bmi1, bmi2, rtm, adx, fma, vzeroupper, clflush, clflushopt, hv
Processor Information for all 4 processors :
  Max Mhz: 3792, Current Mhz: 3792, Mhz Limit: 3792

Memory: 4k page, system-wide physical 16348M (631M free)
TotalPageFile size 20444M (AvailPageFile size 58M)
current process WorkingSet (physical memory assigned to process): 582M, peak: 586M
current process commit charge ("private bytes"): 608M, peak: 669M

vm_info: OpenJDK 64-Bit Server VM (17.0.18+8) for windows-amd64 JRE (17.0.18+8), built on Jan 20 2026 22:28:22 by "admin" with MS VC++ 17.12 (VS2022)

END.
