#
# There is insufficient memory for the Java Runtime Environment to continue.
# Native memory allocation (mmap) failed to map 23068672 bytes. Error detail: G1 virtual space
# Possible reasons:
#   The system is out of physical RAM or swap space
#   This process is running with CompressedOops enabled, and the Java Heap may be blocking the growth of the native heap
# Possible solutions:
#   Reduce memory load on the system
#   Increase physical memory or swap space
#   Check if swap backing store is full
#   Decrease Java heap size (-Xmx/-Xms)
#   Decrease number of Java threads
#   Decrease Java thread stack sizes (-Xss)
#   Set larger code cache with -XX:ReservedCodeCacheSize=
#   JVM is running with Zero Based Compressed Oops mode in which the Java heap is
#     placed in the first 32GB address space. The Java Heap base address is the
#     maximum limit for the native heap growth. Please use -XX:HeapBaseMinAddress
#     to set the Java Heap base and to place the Java Heap above 32GB virtual address.
# This output file may be truncated or incomplete.
#
#  Out of Memory Error (os_windows.cpp:3618), pid=8980, tid=1880
#
# JRE version: OpenJDK Runtime Environment Temurin-17.0.18+8 (17.0.18+8) (build 17.0.18+8)
# Java VM: OpenJDK 64-Bit Server VM Temurin-17.0.18+8 (17.0.18+8, mixed mode, sharing, tiered, compressed oops, compressed class ptrs, g1 gc, windows-amd64)
# No core dump will be written. Minidumps are not enabled by default on client versions of Windows
#

---------------  S U M M A R Y ------------

Command Line: -Dapplication.home=C:\Program Files\Eclipse Adoptium\jdk-17.0.18.8-hotspot --add-modules=ALL-DEFAULT -Xms8m -Djdk.module.main=jdk.jlink jdk.jlink/jdk.tools.jlink.internal.Main --add-modules java.base --add-modules java.desktop --add-modules java.logging --add-modules jdk.crypto.ec --strip-debug --no-header-files --no-man-pages --strip-native-commands --output C:\Users\spere\android-game-perf-tool-desktop\build\compose\tmp\main\runtime

Host: Intel(R) Core(TM) i5-7600K CPU @ 3.80GHz, 4 cores, 15G,  Windows 11 , 64 bit Build 26100 (10.0.26100.7920)
Time: Wed Apr 15 15:18:53 2026 Hora de verano romance elapsed time: 2.728590 seconds (0d 0h 0m 2s)

---------------  T H R E A D  ---------------

Current thread (0x000001deda171010):  VMThread "VM Thread" [stack: 0x000000a867b00000,0x000000a867c00000] [id=1880]

Stack: [0x000000a867b00000,0x000000a867c00000]
Native frames: (J=compiled Java code, j=interpreted, Vv=VM code, C=native code)
V  [jvm.dll+0x6846f9]
V  [jvm.dll+0x839ea5]
V  [jvm.dll+0x83b91e]
V  [jvm.dll+0x83bfa3]
V  [jvm.dll+0x248eff]
V  [jvm.dll+0x6814b9]
V  [jvm.dll+0x6762ba]
V  [jvm.dll+0x309257]
V  [jvm.dll+0x310826]
V  [jvm.dll+0x360d9e]
V  [jvm.dll+0x360fdd]
V  [jvm.dll+0x2e02dc]
V  [jvm.dll+0x2de6b2]
V  [jvm.dll+0x2dde4c]
V  [jvm.dll+0x320aeb]
V  [jvm.dll+0x8407bd]
V  [jvm.dll+0x8414f3]
V  [jvm.dll+0x841a1f]
V  [jvm.dll+0x841e05]
V  [jvm.dll+0x841ece]
V  [jvm.dll+0x7eaaec]
V  [jvm.dll+0x6835c7]
C  [ucrtbase.dll+0x37b0]
C  [KERNEL32.DLL+0x2e8d7]
C  [ntdll.dll+0x8c48c]

VM_Operation (0x000000a8675fe7b0): G1CollectForAllocation, mode: safepoint, requested by thread 0x000001def4efac70


---------------  P R O C E S S  ---------------

Threads class SMR info:
_java_thread_list=0x000001deda978e80, length=13, elements={
0x000001def4efac70, 0x000001deda1790d0, 0x000001deda17b810, 0x000001deda1994e0,
0x000001deda199db0, 0x000001deda19b2e0, 0x000001deda19c810, 0x000001deda1a8cb0,
0x000001deda1b61b0, 0x000001deda1e7380, 0x000001deda409a80, 0x000001deda40b8e0,
0x000001deda6cbcc0
}

Java Threads: ( => current thread )
  0x000001def4efac70 JavaThread "main" [_thread_blocked, id=6824, stack(0x000000a867500000,0x000000a867600000)]
  0x000001deda1790d0 JavaThread "Reference Handler" daemon [_thread_blocked, id=11972, stack(0x000000a867c00000,0x000000a867d00000)]
  0x000001deda17b810 JavaThread "Finalizer" daemon [_thread_blocked, id=1136, stack(0x000000a867d00000,0x000000a867e00000)]
  0x000001deda1994e0 JavaThread "Signal Dispatcher" daemon [_thread_blocked, id=7088, stack(0x000000a867e00000,0x000000a867f00000)]
  0x000001deda199db0 JavaThread "Attach Listener" daemon [_thread_blocked, id=5900, stack(0x000000a867f00000,0x000000a868000000)]
  0x000001deda19b2e0 JavaThread "Service Thread" daemon [_thread_blocked, id=11916, stack(0x000000a868000000,0x000000a868100000)]
  0x000001deda19c810 JavaThread "Monitor Deflation Thread" daemon [_thread_blocked, id=15188, stack(0x000000a868100000,0x000000a868200000)]
  0x000001deda1a8cb0 JavaThread "C2 CompilerThread0" daemon [_thread_blocked, id=10372, stack(0x000000a868200000,0x000000a868300000)]
  0x000001deda1b61b0 JavaThread "C1 CompilerThread0" daemon [_thread_blocked, id=11092, stack(0x000000a868300000,0x000000a868400000)]
  0x000001deda1e7380 JavaThread "Sweeper thread" daemon [_thread_blocked, id=3372, stack(0x000000a868400000,0x000000a868500000)]
  0x000001deda409a80 JavaThread "Common-Cleaner" daemon [_thread_blocked, id=7964, stack(0x000000a868500000,0x000000a868600000)]
  0x000001deda40b8e0 JavaThread "Notification Thread" daemon [_thread_blocked, id=16512, stack(0x000000a868600000,0x000000a868700000)]
  0x000001deda6cbcc0 JavaThread "C2 CompilerThread1" daemon [_thread_blocked, id=9360, stack(0x000000a868b00000,0x000000a868c00000)]

Other Threads:
=>0x000001deda171010 VMThread "VM Thread" [stack: 0x000000a867b00000,0x000000a867c00000] [id=1880]
  0x000001deda47a520 WatcherThread [stack: 0x000000a868700000,0x000000a868800000] [id=13936]
  0x000001def4f69380 GCTaskThread "GC Thread#0" [stack: 0x000000a867600000,0x000000a867700000] [id=17368]
  0x000001deda56ba50 GCTaskThread "GC Thread#1" [stack: 0x000000a868800000,0x000000a868900000] [id=10948]
  0x000001deda577600 GCTaskThread "GC Thread#2" [stack: 0x000000a868900000,0x000000a868a00000] [id=16968]
  0x000001deda577cd0 GCTaskThread "GC Thread#3" [stack: 0x000000a868a00000,0x000000a868b00000] [id=12436]
  0x000001def4f7a250 ConcurrentGCThread "G1 Main Marker" [stack: 0x000000a867700000,0x000000a867800000] [id=17916]
  0x000001def4f7b940 ConcurrentGCThread "G1 Conc#0" [stack: 0x000000a867800000,0x000000a867900000] [id=18472]
  0x000001def4f998f0 ConcurrentGCThread "G1 Refine#0" [stack: 0x000000a867900000,0x000000a867a00000] [id=7452]
  0x000001dedab49920 ConcurrentGCThread "G1 Refine#1" [stack: 0x000000a868c00000,0x000000a868d00000] [id=16172]
  0x000001def4f9b1d0 ConcurrentGCThread "G1 Service" [stack: 0x000000a867a00000,0x000000a867b00000] [id=14164]

Threads with active compile tasks:
C2 CompilerThread0  2762 1148       4       java.util.HashMap::putVal (300 bytes)
C2 CompilerThread1  2762 1090       4       java.util.stream.ForEachOps$ForEachOp$OfRef::accept (11 bytes)

VM state: at safepoint (normal execution)

VM Mutex/Monitor currently owned by a thread:  ([mutex/lock_event])
[0x000001def4ef5d30] Threads_lock - owner thread: 0x000001deda171010
[0x000001def4ef5c10] Heap_lock - owner thread: 0x000001def4efac70

Heap address: 0x0000000700800000, size: 4088 MB, Compressed Oops mode: Zero based, Oop shift amount: 3

CDS archive(s) mapped at: [0x000001de99000000-0x000001de99bb0000-0x000001de99bb0000), size 12255232, SharedBaseAddress: 0x000001de99000000, ArchiveRelocationMode: 1.
Compressed class space mapped at: 0x000001de9a000000-0x000001deda000000, reserved size: 1073741824
Narrow klass base: 0x000001de99000000, Narrow klass shift: 0, Narrow klass range: 0x100000000

GC Precious Log:
 CPUs: 4 total, 4 available
 Memory: 16348M
 Large Page Support: Disabled
 NUMA Support: Disabled
 Compressed Oops: Enabled (Zero based)
 Heap Region Size: 2M
 Heap Min Capacity: 8M
 Heap Initial Capacity: 8M
 Heap Max Capacity: 4088M
 Pre-touch: Disabled
 Parallel Workers: 4
 Concurrent Workers: 1
 Concurrent Refinement Workers: 4
 Periodic GC: Disabled

Heap:
 garbage-first heap   total 20480K, used 15630K [0x0000000700800000, 0x0000000800000000)
  region size 2048K, 1 young (2048K), 1 survivors (2048K)
 Metaspace       used 2879K, committed 3136K, reserved 1114112K
  class space    used 307K, committed 448K, reserved 1048576K

Heap Regions: E=young(eden), S=young(survivor), O=old, HS=humongous(starts), HC=humongous(continues), CS=collection set, F=free, OA=open archive, CA=closed archive, TAMS=top-at-mark-start (previous, next)
|   0|0x0000000700800000, 0x0000000700a00000, 0x0000000700a00000|100%| O|  |TAMS 0x0000000700a00000, 0x0000000700a00000| Untracked 
|   1|0x0000000700a00000, 0x0000000700b43800, 0x0000000700c00000| 63%| O|  |TAMS 0x0000000700a00000, 0x0000000700a00000| Untracked 
|   2|0x0000000700c00000, 0x0000000700e00000, 0x0000000700e00000|100%| O|  |TAMS 0x0000000700e00000, 0x0000000700e00000| Untracked 
|   3|0x0000000700e00000, 0x0000000701000000, 0x0000000701000000|100%| O|  |TAMS 0x0000000700e00000, 0x0000000701000000| Untracked 
|   4|0x0000000701000000, 0x0000000701200000, 0x0000000701200000|100%| O|  |TAMS 0x0000000701018400, 0x0000000701200000| Untracked 
|   5|0x0000000701200000, 0x0000000701400000, 0x0000000701400000|100%| O|  |TAMS 0x0000000701200000, 0x0000000701400000| Untracked 
|   6|0x0000000701400000, 0x0000000701600000, 0x0000000701600000|100%| O|  |TAMS 0x0000000701400000, 0x0000000701526800| Untracked 
|   7|0x0000000701600000, 0x0000000701600000, 0x0000000701800000|  0%| F|  |TAMS 0x0000000701600000, 0x0000000701600000| Untracked 
|   8|0x0000000701800000, 0x0000000701a00000, 0x0000000701a00000|100%| S|CS|TAMS 0x0000000701800000, 0x0000000701800000| Complete 
|   9|0x0000000701a00000, 0x0000000701a00000, 0x0000000701c00000|  0%| F|  |TAMS 0x0000000701a00000, 0x0000000701a00000| Untracked 

Card table byte_map: [0x000001defd260000,0x000001defda60000] _byte_map_base: 0x000001def9a5c000

Marking Bits (Prev, Next): (CMBitMap*) 0x000001def4f699e0, (CMBitMap*) 0x000001def4f699a0
 Prev Bits: [0x000001de92fe0000, 0x000001de96fc0000)
 Next Bits: [0x000001de8f000000, 0x000001de92fe0000)

Polling page: 0x000001def2cf0000

Metaspace:

Usage:
  Non-class:      2.51 MB used.
      Class:    307.08 KB used.
       Both:      2.81 MB used.

Virtual space:
  Non-class space:       64.00 MB reserved,       2.62 MB (  4%) committed,  1 nodes.
      Class space:        1.00 GB reserved,     448.00 KB ( <1%) committed,  1 nodes.
             Both:        1.06 GB reserved,       3.06 MB ( <1%) committed. 

Chunk freelists:
   Non-Class:  11.35 MB
       Class:  15.61 MB
        Both:  26.96 MB

MaxMetaspaceSize: unlimited
CompressedClassSpaceSize: 1.00 GB
Initial GC threshold: 21.00 MB
Current GC threshold: 21.00 MB
CDS: on
MetaspaceReclaimPolicy: balanced
 - commit_granule_bytes: 65536.
 - commit_granule_words: 8192.
 - virtual_space_node_default_size: 8388608.
 - enlarge_chunks_in_place: 1.
 - new_chunks_are_fully_committed: 0.
 - uncommit_free_chunks: 1.
 - use_allocation_guard: 0.
 - handle_deallocations: 1.


Internal statistics:

num_allocs_failed_limit: 0.
num_arena_births: 78.
num_arena_deaths: 0.
num_vsnodes_births: 2.
num_vsnodes_deaths: 0.
num_space_committed: 49.
num_space_uncommitted: 0.
num_chunks_returned_to_freelist: 0.
num_chunks_taken_from_freelist: 130.
num_chunk_merges: 0.
num_chunk_splits: 80.
num_chunks_enlarged: 51.
num_inconsistent_stats: 0.

CodeHeap 'non-profiled nmethods': size=120000Kb used=611Kb max_used=611Kb free=119388Kb
 bounds [0x000001de87ad0000, 0x000001de87d40000, 0x000001de8f000000]
CodeHeap 'profiled nmethods': size=120000Kb used=1652Kb max_used=1652Kb free=118348Kb
 bounds [0x000001de80000000, 0x000001de80270000, 0x000001de87530000]
CodeHeap 'non-nmethods': size=5760Kb used=1125Kb max_used=1202Kb free=4634Kb
 bounds [0x000001de87530000, 0x000001de877a0000, 0x000001de87ad0000]
 total_blobs=1548 nmethods=1140 adapters=321
 compilation: enabled
              stopped_count=0, restarted_count=0
 full_count=0

Compilation events (20 events):
Event: 2.705 Thread 0x000001deda1b61b0 1139       1       jdk.tools.jlink.internal.AbstractResourcePoolEntry::type (5 bytes)
Event: 2.705 Thread 0x000001deda1b61b0 nmethod 1139 0x000001de87b66f10 code [0x000001de87b670a0, 0x000001de87b67178]
Event: 2.705 Thread 0x000001deda1b61b0 1140       3       java.util.LinkedHashMap$LinkedHashIterator::hasNext (13 bytes)
Event: 2.705 Thread 0x000001deda1b61b0 nmethod 1140 0x000001de80199b90 code [0x000001de80199d20, 0x000001de80199e98]
Event: 2.705 Thread 0x000001deda1b61b0 1141       3       java.util.LinkedHashMap$LinkedHashIterator::nextNode (54 bytes)
Event: 2.705 Thread 0x000001deda1b61b0 nmethod 1141 0x000001de80199f10 code [0x000001de8019a0e0, 0x000001de8019a438]
Event: 2.705 Thread 0x000001deda1b61b0 1146       3       jdk.tools.jlink.internal.plugins.StripNativeCommandsPlugin::lambda$transform$0 (18 bytes)
Event: 2.705 Thread 0x000001deda1b61b0 nmethod 1146 0x000001de8019a590 code [0x000001de8019a740, 0x000001de8019a978]
Event: 2.705 Thread 0x000001deda1b61b0 1143       3       jdk.tools.jlink.plugin.ResourcePool$$Lambda$132/0x000001de9a020468::accept (16 bytes)
Event: 2.706 Thread 0x000001deda1b61b0 nmethod 1143 0x000001de8019aa90 code [0x000001de8019aca0, 0x000001de8019b3c8]
Event: 2.706 Thread 0x000001deda1b61b0 1144       3       jdk.tools.jlink.plugin.ResourcePool::lambda$transformAndCopy$0 (23 bytes)
Event: 2.706 Thread 0x000001deda1b61b0 nmethod 1144 0x000001de8019b610 code [0x000001de8019b800, 0x000001de8019bd88]
Event: 2.706 Thread 0x000001deda1b61b0 1145       3       jdk.tools.jlink.internal.plugins.StripNativeCommandsPlugin$$Lambda$131/0x000001de9a020230::apply (8 bytes)
Event: 2.706 Thread 0x000001deda1b61b0 nmethod 1145 0x000001de8019bf90 code [0x000001de8019c140, 0x000001de8019c4f8]
Event: 2.706 Thread 0x000001deda1b61b0 1142       3       java.util.LinkedHashMap$LinkedValueIterator::next (8 bytes)
Event: 2.706 Thread 0x000001deda1b61b0 nmethod 1142 0x000001de8019c610 code [0x000001de8019c7c0, 0x000001de8019c908]
Event: 2.706 Thread 0x000001deda1b61b0 1147       3       jdk.tools.jlink.internal.ResourcePoolManager$ResourcePoolBuilderImpl::add (26 bytes)
Event: 2.706 Thread 0x000001deda1b61b0 nmethod 1147 0x000001de8019ca10 code [0x000001de8019cbe0, 0x000001de8019ceb8]
Event: 2.706 Thread 0x000001deda1a8cb0 nmethod 1121 0x000001de87b67210 code [0x000001de87b67400, 0x000001de87b681f8]
Event: 2.706 Thread 0x000001deda1a8cb0 1148       4       java.util.HashMap::putVal (300 bytes)

GC Heap History (20 events):
Event: 2.300 GC heap after
{Heap after GC invocations=16 (full 0):
 garbage-first heap   total 14336K, used 2794K [0x0000000700800000, 0x0000000800000000)
  region size 2048K, 1 young (2048K), 1 survivors (2048K)
 Metaspace       used 2436K, committed 2560K, reserved 1114112K
  class space    used 246K, committed 320K, reserved 1048576K
}
Event: 2.353 GC heap before
{Heap before GC invocations=16 (full 0):
 garbage-first heap   total 14336K, used 6890K [0x0000000700800000, 0x0000000800000000)
  region size 2048K, 3 young (6144K), 1 survivors (2048K)
 Metaspace       used 2436K, committed 2560K, reserved 1114112K
  class space    used 246K, committed 320K, reserved 1048576K
}
Event: 2.353 GC heap after
{Heap after GC invocations=17 (full 0):
 garbage-first heap   total 14336K, used 2794K [0x0000000700800000, 0x0000000800000000)
  region size 2048K, 1 young (2048K), 1 survivors (2048K)
 Metaspace       used 2436K, committed 2560K, reserved 1114112K
  class space    used 246K, committed 320K, reserved 1048576K
}
Event: 2.399 GC heap before
{Heap before GC invocations=17 (full 0):
 garbage-first heap   total 14336K, used 6890K [0x0000000700800000, 0x0000000800000000)
  region size 2048K, 3 young (6144K), 1 survivors (2048K)
 Metaspace       used 2436K, committed 2560K, reserved 1114112K
  class space    used 246K, committed 320K, reserved 1048576K
}
Event: 2.399 GC heap after
{Heap after GC invocations=18 (full 0):
 garbage-first heap   total 14336K, used 2794K [0x0000000700800000, 0x0000000800000000)
  region size 2048K, 1 young (2048K), 1 survivors (2048K)
 Metaspace       used 2436K, committed 2560K, reserved 1114112K
  class space    used 246K, committed 320K, reserved 1048576K
}
Event: 2.462 GC heap before
{Heap before GC invocations=18 (full 0):
 garbage-first heap   total 14336K, used 6890K [0x0000000700800000, 0x0000000800000000)
  region size 2048K, 3 young (6144K), 1 survivors (2048K)
 Metaspace       used 2436K, committed 2560K, reserved 1114112K
  class space    used 246K, committed 320K, reserved 1048576K
}
Event: 2.463 GC heap after
{Heap after GC invocations=19 (full 0):
 garbage-first heap   total 14336K, used 2794K [0x0000000700800000, 0x0000000800000000)
  region size 2048K, 1 young (2048K), 1 survivors (2048K)
 Metaspace       used 2436K, committed 2560K, reserved 1114112K
  class space    used 246K, committed 320K, reserved 1048576K
}
Event: 2.549 GC heap before
{Heap before GC invocations=19 (full 0):
 garbage-first heap   total 14336K, used 4842K [0x0000000700800000, 0x0000000800000000)
  region size 2048K, 3 young (6144K), 1 survivors (2048K)
 Metaspace       used 2633K, committed 2752K, reserved 1114112K
  class space    used 272K, committed 320K, reserved 1048576K
}
Event: 2.550 GC heap after
{Heap after GC invocations=20 (full 0):
 garbage-first heap   total 14336K, used 2842K [0x0000000700800000, 0x0000000800000000)
  region size 2048K, 1 young (2048K), 1 survivors (2048K)
 Metaspace       used 2633K, committed 2752K, reserved 1114112K
  class space    used 272K, committed 320K, reserved 1048576K
}
Event: 2.606 GC heap before
{Heap before GC invocations=20 (full 0):
 garbage-first heap   total 14336K, used 6938K [0x0000000700800000, 0x0000000800000000)
  region size 2048K, 3 young (6144K), 1 survivors (2048K)
 Metaspace       used 2764K, committed 2944K, reserved 1114112K
  class space    used 287K, committed 384K, reserved 1048576K
}
Event: 2.609 GC heap after
{Heap after GC invocations=21 (full 0):
 garbage-first heap   total 14336K, used 6156K [0x0000000700800000, 0x0000000800000000)
  region size 2048K, 1 young (2048K), 1 survivors (2048K)
 Metaspace       used 2764K, committed 2944K, reserved 1114112K
  class space    used 287K, committed 384K, reserved 1048576K
}
Event: 2.617 GC heap before
{Heap before GC invocations=21 (full 0):
 garbage-first heap   total 14336K, used 6156K [0x0000000700800000, 0x0000000800000000)
  region size 2048K, 2 young (4096K), 1 survivors (2048K)
 Metaspace       used 2764K, committed 2944K, reserved 1114112K
  class space    used 287K, committed 384K, reserved 1048576K
}
Event: 2.619 GC heap after
{Heap after GC invocations=22 (full 0):
 garbage-first heap   total 14336K, used 8204K [0x0000000700800000, 0x0000000800000000)
  region size 2048K, 1 young (2048K), 1 survivors (2048K)
 Metaspace       used 2764K, committed 2944K, reserved 1114112K
  class space    used 287K, committed 384K, reserved 1048576K
}
Event: 2.624 GC heap before
{Heap before GC invocations=22 (full 0):
 garbage-first heap   total 14336K, used 8204K [0x0000000700800000, 0x0000000800000000)
  region size 2048K, 2 young (4096K), 1 survivors (2048K)
 Metaspace       used 2765K, committed 2944K, reserved 1114112K
  class space    used 287K, committed 384K, reserved 1048576K
}
Event: 2.626 GC heap after
{Heap after GC invocations=23 (full 0):
 garbage-first heap   total 14336K, used 9925K [0x0000000700800000, 0x0000000800000000)
  region size 2048K, 1 young (2048K), 1 survivors (2048K)
 Metaspace       used 2765K, committed 2944K, reserved 1114112K
  class space    used 287K, committed 384K, reserved 1048576K
}
Event: 2.652 GC heap before
{Heap before GC invocations=24 (full 0):
 garbage-first heap   total 20480K, used 9925K [0x0000000700800000, 0x0000000800000000)
  region size 2048K, 2 young (4096K), 1 survivors (2048K)
 Metaspace       used 2832K, committed 3008K, reserved 1114112K
  class space    used 298K, committed 384K, reserved 1048576K
}
Event: 2.655 GC heap after
{Heap after GC invocations=25 (full 0):
 garbage-first heap   total 20480K, used 11948K [0x0000000700800000, 0x0000000800000000)
  region size 2048K, 1 young (2048K), 1 survivors (2048K)
 Metaspace       used 2832K, committed 3008K, reserved 1114112K
  class space    used 298K, committed 384K, reserved 1048576K
}
Event: 2.670 GC heap before
{Heap before GC invocations=25 (full 0):
 garbage-first heap   total 20480K, used 11948K [0x0000000700800000, 0x0000000800000000)
  region size 2048K, 2 young (4096K), 1 survivors (2048K)
 Metaspace       used 2832K, committed 3008K, reserved 1114112K
  class space    used 298K, committed 384K, reserved 1048576K
}
Event: 2.674 GC heap after
{Heap after GC invocations=26 (full 0):
 garbage-first heap   total 20480K, used 13388K [0x0000000700800000, 0x0000000800000000)
  region size 2048K, 1 young (2048K), 1 survivors (2048K)
 Metaspace       used 2832K, committed 3008K, reserved 1114112K
  class space    used 298K, committed 384K, reserved 1048576K
}
Event: 2.707 GC heap before
{Heap before GC invocations=26 (full 0):
 garbage-first heap   total 20480K, used 13388K [0x0000000700800000, 0x0000000800000000)
  region size 2048K, 2 young (4096K), 1 survivors (2048K)
 Metaspace       used 2879K, committed 3136K, reserved 1114112K
  class space    used 307K, committed 448K, reserved 1048576K
}

Dll operation events (6 events):
Event: 0.012 Loaded shared library C:\Program Files\Eclipse Adoptium\jdk-17.0.18.8-hotspot\bin\java.dll
Event: 0.023 Loaded shared library C:\Program Files\Eclipse Adoptium\jdk-17.0.18.8-hotspot\bin\jsvml.dll
Event: 0.070 Loaded shared library C:\Program Files\Eclipse Adoptium\jdk-17.0.18.8-hotspot\bin\jimage.dll
Event: 0.129 Loaded shared library C:\Program Files\Eclipse Adoptium\jdk-17.0.18.8-hotspot\bin\net.dll
Event: 0.131 Loaded shared library C:\Program Files\Eclipse Adoptium\jdk-17.0.18.8-hotspot\bin\nio.dll
Event: 0.184 Loaded shared library C:\Program Files\Eclipse Adoptium\jdk-17.0.18.8-hotspot\bin\zip.dll

Deoptimization events (20 events):
Event: 2.648 Thread 0x000001def4efac70 Uncommon trap: trap_request=0xffffffde fr.pc=0x000001de87b3ba38 relative=0x00000000000058d8
Event: 2.648 Thread 0x000001def4efac70 Uncommon trap: reason=class_check action=maybe_recompile pc=0x000001de87b3ba38 method=java.util.stream.ForEachOps$ForEachOp$OfRef.accept(Ljava/lang/Object;)V @ 5 c2
Event: 2.648 Thread 0x000001def4efac70 DEOPT PACKING pc=0x000001de87b3ba38 sp=0x000000a8675fe790
Event: 2.648 Thread 0x000001def4efac70 DEOPT UNPACKING pc=0x000001de875869a3 sp=0x000000a8675fe7f8 mode 2
Event: 2.648 Thread 0x000001def4efac70 Uncommon trap: trap_request=0xffffffde fr.pc=0x000001de87b3ba38 relative=0x00000000000058d8
Event: 2.648 Thread 0x000001def4efac70 Uncommon trap: reason=class_check action=maybe_recompile pc=0x000001de87b3ba38 method=java.util.stream.ForEachOps$ForEachOp$OfRef.accept(Ljava/lang/Object;)V @ 5 c2
Event: 2.648 Thread 0x000001def4efac70 DEOPT PACKING pc=0x000001de87b3ba38 sp=0x000000a8675fe710
Event: 2.648 Thread 0x000001def4efac70 DEOPT UNPACKING pc=0x000001de875869a3 sp=0x000000a8675fe788 mode 2
Event: 2.649 Thread 0x000001def4efac70 Uncommon trap: trap_request=0xffffffde fr.pc=0x000001de87b3ba38 relative=0x00000000000058d8
Event: 2.649 Thread 0x000001def4efac70 Uncommon trap: reason=class_check action=maybe_recompile pc=0x000001de87b3ba38 method=java.util.stream.ForEachOps$ForEachOp$OfRef.accept(Ljava/lang/Object;)V @ 5 c2
Event: 2.649 Thread 0x000001def4efac70 DEOPT PACKING pc=0x000001de87b3ba38 sp=0x000000a8675fe790
Event: 2.649 Thread 0x000001def4efac70 DEOPT UNPACKING pc=0x000001de875869a3 sp=0x000000a8675fe7f8 mode 2
Event: 2.649 Thread 0x000001def4efac70 Uncommon trap: trap_request=0xffffffde fr.pc=0x000001de87b3ba38 relative=0x00000000000058d8
Event: 2.649 Thread 0x000001def4efac70 Uncommon trap: reason=class_check action=maybe_recompile pc=0x000001de87b3ba38 method=java.util.stream.ForEachOps$ForEachOp$OfRef.accept(Ljava/lang/Object;)V @ 5 c2
Event: 2.649 Thread 0x000001def4efac70 DEOPT PACKING pc=0x000001de87b3ba38 sp=0x000000a8675fe710
Event: 2.649 Thread 0x000001def4efac70 DEOPT UNPACKING pc=0x000001de875869a3 sp=0x000000a8675fe788 mode 2
Event: 2.681 Thread 0x000001def4efac70 Uncommon trap: trap_request=0xffffff45 fr.pc=0x000001de87b6208c relative=0x000000000000124c
Event: 2.681 Thread 0x000001def4efac70 Uncommon trap: reason=unstable_if action=reinterpret pc=0x000001de87b6208c method=java.util.LinkedHashMap.linkNodeLast(Ljava/util/LinkedHashMap$Entry;)V @ 11 c2
Event: 2.681 Thread 0x000001def4efac70 DEOPT PACKING pc=0x000001de87b6208c sp=0x000000a8675fe5a0
Event: 2.681 Thread 0x000001def4efac70 DEOPT UNPACKING pc=0x000001de875869a3 sp=0x000000a8675fe440 mode 2

Classes loaded (20 events):
Event: 2.546 Loading class java/io/DataOutputStream
Event: 2.546 Loading class java/io/DataOutputStream done
Event: 2.555 Loading class sun/invoke/util/VerifyAccess$1
Event: 2.555 Loading class sun/invoke/util/VerifyAccess$1 done
Event: 2.558 Loading class java/lang/NoSuchFieldError
Event: 2.558 Loading class java/lang/NoSuchFieldError done
Event: 2.640 Loading class jdk/internal/jimage/ImageStream
Event: 2.640 Loading class jdk/internal/jimage/ImageStream done
Event: 2.644 Loading class java/lang/IllegalStateException
Event: 2.644 Loading class java/lang/IllegalStateException done
Event: 2.686 Loading class sun/nio/fs/WindowsChannelFactory$2
Event: 2.686 Loading class sun/nio/fs/WindowsChannelFactory$2 done
Event: 2.700 Loading class java/nio/channels/Channels$1
Event: 2.700 Loading class java/nio/channels/Channels$1 done
Event: 2.701 Loading class java/util/Collections$ReverseComparator
Event: 2.701 Loading class java/util/Collections$ReverseComparator done
Event: 2.704 Loading class java/util/LinkedHashMap$LinkedValues
Event: 2.704 Loading class java/util/LinkedHashMap$LinkedValues done
Event: 2.705 Loading class java/util/LinkedHashMap$LinkedValueIterator
Event: 2.705 Loading class java/util/LinkedHashMap$LinkedValueIterator done

Classes unloaded (0 events):
No events

Classes redefined (0 events):
No events

Internal exceptions (16 events):
Event: 0.097 Thread 0x000001def4efac70 Exception <a 'java/lang/NoSuchMethodError'{0x0000000700f73f98}: 'void java.lang.invoke.DirectMethodHandle$Holder.invokeStatic(java.lang.Object, java.lang.Object, java.lang.Object, java.lang.Object)'> (0x0000000700f73f98) 
thrown [s\src\hotspot\share\interpreter\linkResolver.cpp, line 759]
Event: 0.097 Thread 0x000001def4efac70 Exception <a 'java/lang/NoSuchMethodError'{0x0000000700f77dc0}: 'void java.lang.invoke.DirectMethodHandle$Holder.invokeStaticInit(java.lang.Object, java.lang.Object, java.lang.Object, java.lang.Object)'> (0x0000000700f77dc0) 
thrown [s\src\hotspot\share\interpreter\linkResolver.cpp, line 759]
Event: 0.125 Thread 0x000001def4efac70 Exception <a 'java/lang/NoSuchMethodError'{0x0000000700fc76b0}: 'java.lang.Object java.lang.invoke.DirectMethodHandle$Holder.invokeStaticInit(java.lang.Object)'> (0x0000000700fc76b0) 
thrown [s\src\hotspot\share\interpreter\linkResolver.cpp, line 759]
Event: 0.137 Thread 0x000001def4efac70 Exception <a 'java/lang/NoSuchMethodError'{0x0000000700fec6b8}: 'java.lang.Object java.lang.invoke.DirectMethodHandle$Holder.invokeInterface(java.lang.Object, java.lang.Object)'> (0x0000000700fec6b8) 
thrown [s\src\hotspot\share\interpreter\linkResolver.cpp, line 759]
Event: 0.139 Thread 0x000001def4efac70 Exception <a 'java/lang/NoSuchMethodError'{0x0000000700ffe030}: 'void java.lang.invoke.DirectMethodHandle$Holder.invokeInterface(java.lang.Object, java.lang.Object, java.lang.Object)'> (0x0000000700ffe030) 
thrown [s\src\hotspot\share\interpreter\linkResolver.cpp, line 759]
Event: 0.144 Thread 0x000001def4efac70 Exception <a 'java/lang/NoSuchMethodError'{0x0000000700e04918}: 'int java.lang.invoke.DirectMethodHandle$Holder.invokeStaticInit(java.lang.Object, java.lang.Object)'> (0x0000000700e04918) 
thrown [s\src\hotspot\share\interpreter\linkResolver.cpp, line 759]
Event: 0.164 Thread 0x000001def4efac70 Exception <a 'java/lang/NoSuchMethodError'{0x0000000700e7c690}: 'void java.lang.invoke.DirectMethodHandle$Holder.invokeSpecial(java.lang.Object, java.lang.Object, java.lang.Object, java.lang.Object, java.lang.Object)'> (0x0000000700e7c690) 
thrown [s\src\hotspot\share\interpreter\linkResolver.cpp, line 759]
Event: 0.168 Thread 0x000001def4efac70 Exception <a 'sun/nio/fs/WindowsException'{0x0000000700e94728}> (0x0000000700e94728) 
thrown [s\src\hotspot\share\prims\jni.cpp, line 516]
Event: 0.191 Thread 0x000001def4efac70 Exception <a 'java/lang/NoSuchMethodError'{0x0000000700f7bd80}: 'void java.lang.invoke.DirectMethodHandle$Holder.invokeSpecial(java.lang.Object, java.lang.Object, java.lang.Object)'> (0x0000000700f7bd80) 
thrown [s\src\hotspot\share\interpreter\linkResolver.cpp, line 759]
Event: 2.507 Thread 0x000001def4efac70 Exception <a 'java/lang/NoSuchMethodError'{0x0000000701317568}: 'void java.lang.invoke.DirectMethodHandle$Holder.invokeStatic(java.lang.Object, java.lang.Object, java.lang.Object, java.lang.Object, java.lang.Object, java.lang.Object)'> (0x0000000701317568) 
thrown [s\src\hotspot\share\interpreter\linkResolver.cpp, line 759]
Event: 2.515 Thread 0x000001def4efac70 Exception <a 'java/lang/NoSuchMethodError'{0x0000000701337670}: 'void java.lang.invoke.DirectMethodHandle$Holder.invokeStatic(java.lang.Object, java.lang.Object)'> (0x0000000701337670) 
thrown [s\src\hotspot\share\interpreter\linkResolver.cpp, line 759]
Event: 2.531 Thread 0x000001def4efac70 Exception <a 'sun/nio/fs/WindowsException'{0x0000000701366d68}> (0x0000000701366d68) 
thrown [s\src\hotspot\share\prims\jni.cpp, line 516]
Event: 2.533 Thread 0x000001def4efac70 Exception <a 'sun/nio/fs/WindowsException'{0x0000000701368df8}> (0x0000000701368df8) 
thrown [s\src\hotspot\share\prims\jni.cpp, line 516]
Event: 2.533 Thread 0x000001def4efac70 Exception <a 'sun/nio/fs/WindowsException'{0x0000000701369258}> (0x0000000701369258) 
thrown [s\src\hotspot\share\prims\jni.cpp, line 516]
Event: 2.541 Thread 0x000001def4efac70 Exception <a 'java/lang/NoSuchMethodError'{0x000000070136c628}: 'void java.lang.invoke.DirectMethodHandle$Holder.invokeStatic(java.lang.Object, java.lang.Object, java.lang.Object)'> (0x000000070136c628) 
thrown [s\src\hotspot\share\interpreter\linkResolver.cpp, line 759]
Event: 2.702 Thread 0x000001def4efac70 Exception <a 'java/lang/NoSuchMethodError'{0x0000000701b48740}: 'java.lang.Object java.lang.invoke.Invokers$Holder.invokeExact_MT(java.lang.Object, java.lang.Object, java.lang.Object, java.lang.Object, java.lang.Object, java.lang.Object)'> (0x0000000701b48740) 
thrown [s\src\hotspot\share\interpreter\linkResolver.cpp, line 759]

VM Operations (20 events):
Event: 2.399 Executing VM operation: G1CollectForAllocation done
Event: 2.462 Executing VM operation: G1CollectForAllocation
Event: 2.463 Executing VM operation: G1CollectForAllocation done
Event: 2.549 Executing VM operation: G1CollectForAllocation
Event: 2.550 Executing VM operation: G1CollectForAllocation done
Event: 2.606 Executing VM operation: G1CollectForAllocation
Event: 2.609 Executing VM operation: G1CollectForAllocation done
Event: 2.617 Executing VM operation: G1CollectForAllocation
Event: 2.619 Executing VM operation: G1CollectForAllocation done
Event: 2.624 Executing VM operation: G1CollectForAllocation
Event: 2.626 Executing VM operation: G1CollectForAllocation done
Event: 2.633 Executing VM operation: G1PauseRemark
Event: 2.633 Executing VM operation: G1PauseRemark done
Event: 2.636 Executing VM operation: G1PauseCleanup
Event: 2.636 Executing VM operation: G1PauseCleanup done
Event: 2.652 Executing VM operation: G1CollectForAllocation
Event: 2.655 Executing VM operation: G1CollectForAllocation done
Event: 2.670 Executing VM operation: G1CollectForAllocation
Event: 2.674 Executing VM operation: G1CollectForAllocation done
Event: 2.707 Executing VM operation: G1CollectForAllocation

Memory protections (0 events):
No events

Nmethod flushes (0 events):
No events

Events (15 events):
Event: 0.024 Thread 0x000001def4efac70 Thread added: 0x000001def4efac70
Event: 0.027 Thread 0x000001def4efac70 Thread added: 0x000001deda1790d0
Event: 0.027 Thread 0x000001def4efac70 Thread added: 0x000001deda17b810
Event: 0.034 Thread 0x000001def4efac70 Thread added: 0x000001deda1994e0
Event: 0.034 Thread 0x000001def4efac70 Thread added: 0x000001deda199db0
Event: 0.034 Thread 0x000001def4efac70 Thread added: 0x000001deda19b2e0
Event: 0.034 Thread 0x000001def4efac70 Thread added: 0x000001deda19c810
Event: 0.034 Thread 0x000001def4efac70 Thread added: 0x000001deda1a8cb0
Event: 0.034 Thread 0x000001def4efac70 Thread added: 0x000001deda1b61b0
Event: 0.034 Thread 0x000001def4efac70 Thread added: 0x000001deda1e7380
Event: 0.051 Thread 0x000001def4efac70 Thread added: 0x000001deda409a80
Event: 0.068 Thread 0x000001def4efac70 Thread added: 0x000001deda40b8e0
Event: 1.042 Thread 0x000001deda1a8cb0 Thread added: 0x000001deda6cbcc0
Event: 2.165 Thread 0x000001deda6cbcc0 Thread exited: 0x000001deda6cbcc0
Event: 2.503 Thread 0x000001deda1b61b0 Thread added: 0x000001deda6cbcc0


Dynamic libraries:
0x00007ff741400000 - 0x00007ff741408000 	C:\Program Files\Eclipse Adoptium\jdk-17.0.18.8-hotspot\bin\jlink.exe
0x00007ffd5a340000 - 0x00007ffd5a5a7000 	C:\WINDOWS\SYSTEM32\ntdll.dll
0x00007ffd59620000 - 0x00007ffd596e9000 	C:\WINDOWS\System32\KERNEL32.DLL
0x00007ffd56c20000 - 0x00007ffd57011000 	C:\WINDOWS\System32\KERNELBASE.dll
0x00007ffd571a0000 - 0x00007ffd572eb000 	C:\WINDOWS\System32\ucrtbase.dll
0x00007ffd4eaa0000 - 0x00007ffd4eabe000 	C:\Program Files\Eclipse Adoptium\jdk-17.0.18.8-hotspot\bin\VCRUNTIME140.dll
0x00007ffd4eb30000 - 0x00007ffd4eb48000 	C:\Program Files\Eclipse Adoptium\jdk-17.0.18.8-hotspot\bin\jli.dll
0x00007ffd593c0000 - 0x00007ffd59585000 	C:\WINDOWS\System32\USER32.dll
0x00007ffd572f0000 - 0x00007ffd57317000 	C:\WINDOWS\System32\win32u.dll
0x00007ffd59db0000 - 0x00007ffd59ddb000 	C:\WINDOWS\System32\GDI32.dll
0x00007ffd57cd0000 - 0x00007ffd57dfb000 	C:\WINDOWS\System32\gdi32full.dll
0x00007ffd57ec0000 - 0x00007ffd57f63000 	C:\WINDOWS\System32\msvcp_win.dll
0x00007ffd43610000 - 0x00007ffd438a3000 	C:\WINDOWS\WinSxS\amd64_microsoft.windows.common-controls_6595b64144ccf1df_6.0.26100.8037_none_3e092faae333b53b\COMCTL32.dll
0x00007ffd59200000 - 0x00007ffd592a9000 	C:\WINDOWS\System32\msvcrt.dll
0x00007ffd58ed0000 - 0x00007ffd58f01000 	C:\WINDOWS\System32\IMM32.DLL
0x00007ffd544d0000 - 0x00007ffd544dc000 	C:\Program Files\Eclipse Adoptium\jdk-17.0.18.8-hotspot\bin\vcruntime140_1.dll
0x00007ffd41bc0000 - 0x00007ffd41c4d000 	C:\Program Files\Eclipse Adoptium\jdk-17.0.18.8-hotspot\bin\msvcp140.dll
0x00007ffcdfa20000 - 0x00007ffce068b000 	C:\Program Files\Eclipse Adoptium\jdk-17.0.18.8-hotspot\bin\server\jvm.dll
0x00007ffd58f90000 - 0x00007ffd5904b000 	C:\WINDOWS\System32\ADVAPI32.dll
0x00007ffd59cb0000 - 0x00007ffd59d57000 	C:\WINDOWS\System32\sechost.dll
0x00007ffd59870000 - 0x00007ffd59988000 	C:\WINDOWS\System32\RPCRT4.dll
0x00007ffd58f10000 - 0x00007ffd58f84000 	C:\WINDOWS\System32\WS2_32.dll
0x00007ffd56a80000 - 0x00007ffd56ade000 	C:\WINDOWS\SYSTEM32\POWRPROF.dll
0x00007ffd4a360000 - 0x00007ffd4a395000 	C:\WINDOWS\SYSTEM32\WINMM.dll
0x00007ffd51500000 - 0x00007ffd5150b000 	C:\WINDOWS\SYSTEM32\VERSION.dll
0x00007ffd56a60000 - 0x00007ffd56a74000 	C:\WINDOWS\SYSTEM32\UMPDC.dll
0x00007ffd55970000 - 0x00007ffd5598b000 	C:\WINDOWS\SYSTEM32\kernel.appcore.dll
0x00007ffd54480000 - 0x00007ffd5448a000 	C:\Program Files\Eclipse Adoptium\jdk-17.0.18.8-hotspot\bin\jimage.dll
0x00007ffd460f0000 - 0x00007ffd46332000 	C:\WINDOWS\SYSTEM32\DBGHELP.DLL
0x00007ffd58a60000 - 0x00007ffd58de2000 	C:\WINDOWS\System32\combase.dll
0x00007ffd58df0000 - 0x00007ffd58ec7000 	C:\WINDOWS\System32\OLEAUT32.dll
0x00007ffd3f950000 - 0x00007ffd3f98b000 	C:\WINDOWS\SYSTEM32\dbgcore.DLL
0x00007ffd57b90000 - 0x00007ffd57c35000 	C:\WINDOWS\System32\bcryptPrimitives.dll
0x00007ffd489b0000 - 0x00007ffd489d5000 	C:\Program Files\Eclipse Adoptium\jdk-17.0.18.8-hotspot\bin\java.dll
0x00007ffd3b610000 - 0x00007ffd3b6e7000 	C:\Program Files\Eclipse Adoptium\jdk-17.0.18.8-hotspot\bin\jsvml.dll
0x00007ffd580f0000 - 0x00007ffd5884f000 	C:\WINDOWS\System32\SHELL32.dll
0x00007ffd57f70000 - 0x00007ffd580da000 	C:\WINDOWS\System32\wintypes.dll
0x00007ffd57320000 - 0x00007ffd57b84000 	C:\WINDOWS\System32\windows.storage.dll
0x00007ffd59a50000 - 0x00007ffd59b47000 	C:\WINDOWS\System32\SHCORE.dll
0x00007ffd592b0000 - 0x00007ffd59317000 	C:\WINDOWS\System32\shlwapi.dll
0x00007ffd56b40000 - 0x00007ffd56b69000 	C:\WINDOWS\SYSTEM32\profapi.dll
0x00007ffd4e850000 - 0x00007ffd4e86a000 	C:\Program Files\Eclipse Adoptium\jdk-17.0.18.8-hotspot\bin\net.dll
0x00007ffd511d0000 - 0x00007ffd512f7000 	C:\WINDOWS\SYSTEM32\WINHTTP.dll
0x00007ffd55ec0000 - 0x00007ffd55f2b000 	C:\WINDOWS\system32\mswsock.dll
0x00007ffd49f10000 - 0x00007ffd49f26000 	C:\Program Files\Eclipse Adoptium\jdk-17.0.18.8-hotspot\bin\nio.dll
0x00007ffd48870000 - 0x00007ffd48888000 	C:\Program Files\Eclipse Adoptium\jdk-17.0.18.8-hotspot\bin\zip.dll

dbghelp: loaded successfully - version: 4.0.5 - missing functions: none
symbol engine: initialized successfully - sym options: 0x614 - pdb path: .;C:\Program Files\Eclipse Adoptium\jdk-17.0.18.8-hotspot\bin;C:\WINDOWS\SYSTEM32;C:\WINDOWS\WinSxS\amd64_microsoft.windows.common-controls_6595b64144ccf1df_6.0.26100.8037_none_3e092faae333b53b;C:\Program Files\Eclipse Adoptium\jdk-17.0.18.8-hotspot\bin\server

VM Arguments:
jvm_args: -Dapplication.home=C:\Program Files\Eclipse Adoptium\jdk-17.0.18.8-hotspot --add-modules=ALL-DEFAULT -Xms8m -Djdk.module.main=jdk.jlink 
java_command: jdk.jlink/jdk.tools.jlink.internal.Main --add-modules java.base --add-modules java.desktop --add-modules java.logging --add-modules jdk.crypto.ec --strip-debug --no-header-files --no-man-pages --strip-native-commands --output C:\Users\spere\android-game-perf-tool-desktop\build\compose\tmp\main\runtime
java_class_path (initial): <not set>
Launcher Type: SUN_STANDARD

[Global flags]
     intx CICompilerCount                          = 3                                         {product} {ergonomic}
     uint ConcGCThreads                            = 1                                         {product} {ergonomic}
     uint G1ConcRefinementThreads                  = 4                                         {product} {ergonomic}
   size_t G1HeapRegionSize                         = 2097152                                   {product} {ergonomic}
    uintx GCDrainStackTargetSize                   = 64                                        {product} {ergonomic}
   size_t InitialHeapSize                          = 8388608                                   {product} {command line}
   size_t MarkStackSize                            = 4194304                                   {product} {ergonomic}
   size_t MaxHeapSize                              = 4286578688                                {product} {ergonomic}
   size_t MaxNewSize                               = 2571108352                                {product} {ergonomic}
   size_t MinHeapDeltaBytes                        = 2097152                                   {product} {ergonomic}
   size_t MinHeapSize                              = 8388608                                   {product} {command line}
    uintx NonNMethodCodeHeapSize                   = 5832780                                {pd product} {ergonomic}
    uintx NonProfiledCodeHeapSize                  = 122912730                              {pd product} {ergonomic}
    uintx ProfiledCodeHeapSize                     = 122912730                              {pd product} {ergonomic}
    uintx ReservedCodeCacheSize                    = 251658240                              {pd product} {ergonomic}
     bool SegmentedCodeCache                       = true                                      {product} {ergonomic}
   size_t SoftMaxHeapSize                          = 4286578688                             {manageable} {ergonomic}
     bool UseCompressedClassPointers               = true                           {product lp64_product} {ergonomic}
     bool UseCompressedOops                        = true                           {product lp64_product} {ergonomic}
     bool UseG1GC                                  = true                                      {product} {ergonomic}
     bool UseLargePagesIndividualAllocation        = false                                  {pd product} {ergonomic}

Logging:
Log output configuration:
 #0: stdout all=warning uptime,level,tags
 #1: stderr all=off uptime,level,tags

Environment Variables:
JAVA_HOME=C:\Program Files\Eclipse Adoptium\jdk-17.0.18.8-hotspot\
PATH=C:\Users\spere\AppData\Roaming\npm;C:\Users\spere\android-game-perf-tool-desktop\node_modules\.bin;C:\Users\spere\node_modules\.bin;C:\Users\node_modules\.bin;C:\node_modules\.bin;C:\Program Files\nodejs\node_modules\npm\node_modules\@npmcli\run-script\lib\node-gyp-bin;C:\Program Files\Eclipse Adoptium\jdk-17.0.18.8-hotspot\bin;C:\WINDOWS\system32;C:\WINDOWS;C:\WINDOWS\System32\Wbem;C:\WINDOWS\System32\WindowsPowerShell\v1.0\;C:\WINDOWS\System32\OpenSSH\;C:\Program Files\nodejs\;C:\Program Files\Git\cmd;C:\Program Files\dotnet\;C:\Program Files\GitHub CLI\;C:\Program Files\Docker\Docker\resources\bin;C:\Program Files\Google\Chrome\Application;C:\WINDOWS\system32;C:\WINDOWS;C:\WINDOWS\System32\Wbem;C:\WINDOWS\System32\WindowsPowerShell\v1.0\;C:\WINDOWS\System32\OpenSSH\;C:\Users\spere\AppData\Local\Microsoft\WindowsApps;;;C:\Program Files\nodejs;C:\Users\spere\AppData\Roaming\npm;C:\Users\spere\AppData\Local\Microsoft\WinGet\Packages\Hawaii_Beach.TinyNvidiaUpdateChecker_Microsoft.Winget.Source_8wekyb3d8bbwe;;C:\Users\spere\platform-tools;C:\Users\spere\AppData\Local\Microsoft\WinGet\Packages\DenoLand.Deno_Microsoft.Winget.Source_8wekyb3d8bbwe;C:\Users\spere\AppData\Local\Microsoft\WinGet\Packages\yt-dlp.FFmpeg_Microsoft.Winget.Source_8wekyb3d8bbwe\ffmpeg-N-123778-g3b55818764-win64-gpl\bin;C:\Users\spere\AppData\Local\Microsoft\WinGet\Packages\yt-dlp.yt-dlp_Microsoft.Winget.Source_8wekyb3d8bbwe;C:\Users\spere\AppData\Local\Microsoft\WinGet\Packages\Ngrok.Ngrok_Microsoft.Winget.Source_8wekyb3d8bbwe;C:\Users\spere\AppData\Local\Microsoft\WinGet\Packages\Cloudflare.cloudflared_Microsoft.Winget.Source_8wekyb3d8bbwe;;C:\Program Files\nodejs;$env:APPDATA\npm
USERNAME=spere
LANG=en_US.UTF-8
OS=Windows_NT
PROCESSOR_IDENTIFIER=Intel64 Family 6 Model 158 Stepping 9, GenuineIntel
TMP=C:\Users\spere\AppData\Local\Temp
TEMP=C:\Users\spere\AppData\Local\Temp



Periodic native trim disabled


---------------  S Y S T E M  ---------------

OS:
 Windows 11 , 64 bit Build 26100 (10.0.26100.7920)
OS uptime: 0 days 7:33 hours
Hyper-V role detected

CPU: total 4 (initial active 4) (4 cores per cpu, 1 threads per core) family 6 model 158 stepping 9 microcode 0xde, cx8, cmov, fxsr, mmx, 3dnowpref, sse, sse2, sse3, ssse3, sse4.1, sse4.2, popcnt, lzcnt, tsc, tscinvbit, avx, avx2, aes, erms, clmul, bmi1, bmi2, rtm, adx, fma, vzeroupper, clflush, clflushopt, hv
Processor Information for all 4 processors :
  Max Mhz: 3792, Current Mhz: 3792, Mhz Limit: 3792

Memory: 4k page, system-wide physical 16348M (885M free)
TotalPageFile size 20444M (AvailPageFile size 10M)
current process WorkingSet (physical memory assigned to process): 82M, peak: 82M
current process commit charge ("private bytes"): 112M, peak: 134M

vm_info: OpenJDK 64-Bit Server VM (17.0.18+8) for windows-amd64 JRE (17.0.18+8), built on Jan 20 2026 22:28:22 by "admin" with MS VC++ 17.12 (VS2022)

END.
