#
# There is insufficient memory for the Java Runtime Environment to continue.
# Native memory allocation (malloc) failed to allocate 351056 bytes. Error detail: Chunk::new
# Possible reasons:
#   The system is out of physical RAM or swap space
#   This process is running with CompressedOops enabled, and the Java Heap may be blocking the growth of the native heap
# Possible solutions:
#   Reduce memory load on the system
#   Increase physical memory or swap space
#   Check if swap backing store is full
#   Decrease Java heap size (-Xmx/-Xms)
#   Decrease number of Java threads
#   Decrease Java thread stack sizes (-Xss)
#   Set larger code cache with -XX:ReservedCodeCacheSize=
#   JVM is running with Zero Based Compressed Oops mode in which the Java heap is
#     placed in the first 32GB address space. The Java Heap base address is the
#     maximum limit for the native heap growth. Please use -XX:HeapBaseMinAddress
#     to set the Java Heap base and to place the Java Heap above 32GB virtual address.
# This output file may be truncated or incomplete.
#
#  Out of Memory Error (arena.cpp:191), pid=4716, tid=12708
#
# JRE version: OpenJDK Runtime Environment Temurin-17.0.18+8 (17.0.18+8) (build 17.0.18+8)
# Java VM: OpenJDK 64-Bit Server VM Temurin-17.0.18+8 (17.0.18+8, mixed mode, sharing, tiered, compressed oops, compressed class ptrs, g1 gc, windows-amd64)
# No core dump will be written. Minidumps are not enabled by default on client versions of Windows
#

---------------  S U M M A R Y ------------

Command Line: -Dapplication.home=C:\Program Files\Eclipse Adoptium\jdk-17.0.18.8-hotspot --add-modules=ALL-DEFAULT -Xms8m -Djdk.module.main=jdk.jlink jdk.jlink/jdk.tools.jlink.internal.Main --add-modules java.base --add-modules java.desktop --add-modules java.logging --add-modules jdk.crypto.ec --strip-debug --no-header-files --no-man-pages --strip-native-commands --output C:\Users\spere\android-game-perf-tool-desktop\build\compose\tmp\main\runtime

Host: Intel(R) Core(TM) i5-7600K CPU @ 3.80GHz, 4 cores, 15G,  Windows 11 , 64 bit Build 26100 (10.0.26100.7920)
Time: Wed Apr 15 15:22:48 2026 Hora de verano romance elapsed time: 1.769216 seconds (0d 0h 0m 1s)

---------------  T H R E A D  ---------------

Current thread (0x000001432923c0f0):  JavaThread "C2 CompilerThread0" daemon [_thread_in_native, id=12708, stack(0x0000000205500000,0x0000000205600000)]


Current CompileTask:
C2:1769 1277 %     4       jdk.internal.org.objectweb.asm.ClassReader::readCode @ 2185 (5109 bytes)

Stack: [0x0000000205500000,0x0000000205600000]
Native frames: (J=compiled Java code, j=interpreted, Vv=VM code, C=native code)
V  [jvm.dll+0x6846f9]
V  [jvm.dll+0x839ea5]
V  [jvm.dll+0x83b91e]
V  [jvm.dll+0x83bfa3]
V  [jvm.dll+0x248eff]
V  [jvm.dll+0xad496]
V  [jvm.dll+0xadb3c]
V  [jvm.dll+0x56c062]
V  [jvm.dll+0x333084]
V  [jvm.dll+0x3324ba]
V  [jvm.dll+0x219db9]
V  [jvm.dll+0x219200]
V  [jvm.dll+0x1a4920]
V  [jvm.dll+0x22989a]
V  [jvm.dll+0x227a4b]
V  [jvm.dll+0x7f0658]
V  [jvm.dll+0x7eaaec]
V  [jvm.dll+0x6835c7]
C  [ucrtbase.dll+0x37b0]
C  [KERNEL32.DLL+0x2e8d7]
C  [ntdll.dll+0x8c48c]


---------------  P R O C E S S  ---------------

Threads class SMR info:
_java_thread_list=0x00000143296a3bc0, length=13, elements={
0x0000014306a8abf0, 0x0000014329214600, 0x0000014329216d40, 0x0000014329233cd0,
0x00000143292366a0, 0x0000014329238370, 0x00000143292398a0, 0x000001432923c0f0,
0x00000143292457a0, 0x0000014329265c80, 0x00000143291ff5e0, 0x0000014329513a70,
0x00000143296876e0
}

Java Threads: ( => current thread )
  0x0000014306a8abf0 JavaThread "main" [_thread_in_native, id=12988, stack(0x0000000204800000,0x0000000204900000)]
  0x0000014329214600 JavaThread "Reference Handler" daemon [_thread_blocked, id=13576, stack(0x0000000204f00000,0x0000000205000000)]
  0x0000014329216d40 JavaThread "Finalizer" daemon [_thread_blocked, id=11240, stack(0x0000000205000000,0x0000000205100000)]
  0x0000014329233cd0 JavaThread "Signal Dispatcher" daemon [_thread_blocked, id=9996, stack(0x0000000205100000,0x0000000205200000)]
  0x00000143292366a0 JavaThread "Attach Listener" daemon [_thread_blocked, id=5184, stack(0x0000000205200000,0x0000000205300000)]
  0x0000014329238370 JavaThread "Service Thread" daemon [_thread_blocked, id=4404, stack(0x0000000205300000,0x0000000205400000)]
  0x00000143292398a0 JavaThread "Monitor Deflation Thread" daemon [_thread_blocked, id=16296, stack(0x0000000205400000,0x0000000205500000)]
=>0x000001432923c0f0 JavaThread "C2 CompilerThread0" daemon [_thread_in_native, id=12708, stack(0x0000000205500000,0x0000000205600000)]
  0x00000143292457a0 JavaThread "C1 CompilerThread0" daemon [_thread_blocked, id=11440, stack(0x0000000205600000,0x0000000205700000)]
  0x0000014329265c80 JavaThread "Sweeper thread" daemon [_thread_blocked, id=2656, stack(0x0000000205700000,0x0000000205800000)]
  0x00000143291ff5e0 JavaThread "Common-Cleaner" daemon [_thread_blocked, id=17840, stack(0x0000000205800000,0x0000000205900000)]
  0x0000014329513a70 JavaThread "Notification Thread" daemon [_thread_blocked, id=10536, stack(0x0000000205900000,0x0000000205a00000)]
  0x00000143296876e0 JavaThread "C2 CompilerThread1" daemon [_thread_in_native, id=1504, stack(0x0000000205e00000,0x0000000205f00000)]

Other Threads:
  0x000001432920bda0 VMThread "VM Thread" [stack: 0x0000000204e00000,0x0000000204f00000] [id=17532]
  0x00000143294efb80 WatcherThread [stack: 0x0000000205a00000,0x0000000205b00000] [id=16288]
  0x0000014306af9210 GCTaskThread "GC Thread#0" [stack: 0x0000000204900000,0x0000000204a00000] [id=8040]
  0x0000014329649470 GCTaskThread "GC Thread#1" [stack: 0x0000000205b00000,0x0000000205c00000] [id=13972]
  0x0000014329659450 GCTaskThread "GC Thread#2" [stack: 0x0000000205c00000,0x0000000205d00000] [id=18772]
  0x0000014329659710 GCTaskThread "GC Thread#3" [stack: 0x0000000205d00000,0x0000000205e00000] [id=4536]
  0x0000014306b0a0e0 ConcurrentGCThread "G1 Main Marker" [stack: 0x0000000204a00000,0x0000000204b00000] [id=16928]
  0x0000014306b0ab00 ConcurrentGCThread "G1 Conc#0" [stack: 0x0000000204b00000,0x0000000204c00000] [id=5516]
  0x0000014306b21650 ConcurrentGCThread "G1 Refine#0" [stack: 0x0000000204c00000,0x0000000204d00000] [id=16536]
  0x0000014306b22080 ConcurrentGCThread "G1 Service" [stack: 0x0000000204d00000,0x0000000204e00000] [id=10696]

Threads with active compile tasks:
C2 CompilerThread0  1831 1277 %     4       jdk.internal.org.objectweb.asm.ClassReader::readCode @ 2185 (5109 bytes)
C2 CompilerThread1  1831 1290       4       jdk.internal.org.objectweb.asm.SymbolTable::addConstantMemberReference (147 bytes)

VM state: not at safepoint (normal execution)

VM Mutex/Monitor currently owned by a thread: None

Heap address: 0x0000000700800000, size: 4088 MB, Compressed Oops mode: Zero based, Oop shift amount: 3

CDS archive(s) mapped at: [0x000001432a000000-0x000001432abb0000-0x000001432abb0000), size 12255232, SharedBaseAddress: 0x000001432a000000, ArchiveRelocationMode: 1.
Compressed class space mapped at: 0x000001432b000000-0x000001436b000000, reserved size: 1073741824
Narrow klass base: 0x000001432a000000, Narrow klass shift: 0, Narrow klass range: 0x100000000

GC Precious Log:
 CPUs: 4 total, 4 available
 Memory: 16348M
 Large Page Support: Disabled
 NUMA Support: Disabled
 Compressed Oops: Enabled (Zero based)
 Heap Region Size: 2M
 Heap Min Capacity: 8M
 Heap Initial Capacity: 8M
 Heap Max Capacity: 4088M
 Pre-touch: Disabled
 Parallel Workers: 4
 Concurrent Workers: 1
 Concurrent Refinement Workers: 4
 Periodic GC: Disabled

Heap:
 garbage-first heap   total 69632K, used 24847K [0x0000000700800000, 0x0000000800000000)
  region size 2048K, 5 young (10240K), 1 survivors (2048K)
 Metaspace       used 3081K, committed 3328K, reserved 1114112K
  class space    used 313K, committed 448K, reserved 1048576K

Heap Regions: E=young(eden), S=young(survivor), O=old, HS=humongous(starts), HC=humongous(continues), CS=collection set, F=free, OA=open archive, CA=closed archive, TAMS=top-at-mark-start (previous, next)
|   0|0x0000000700800000, 0x0000000700a00000, 0x0000000700a00000|100%| O|  |TAMS 0x0000000700a00000, 0x0000000700800000| Untracked 
|   1|0x0000000700a00000, 0x0000000700c00000, 0x0000000700c00000|100%| O|  |TAMS 0x0000000700c00000, 0x0000000700a00000| Untracked 
|   2|0x0000000700c00000, 0x0000000700e00000, 0x0000000700e00000|100%| O|  |TAMS 0x0000000700e00000, 0x0000000700c00000| Untracked 
|   3|0x0000000700e00000, 0x0000000701000000, 0x0000000701000000|100%| O|  |TAMS 0x0000000701000000, 0x0000000700e00000| Untracked 
|   4|0x0000000701000000, 0x0000000701200000, 0x0000000701200000|100%| O|  |TAMS 0x0000000701200000, 0x0000000701000000| Untracked 
|   5|0x0000000701200000, 0x0000000701400000, 0x0000000701400000|100%| O|  |TAMS 0x0000000701400000, 0x0000000701200000| Untracked 
|   6|0x0000000701400000, 0x0000000701600000, 0x0000000701600000|100%| O|  |TAMS 0x000000070144b200, 0x0000000701400000| Untracked 
|   7|0x0000000701600000, 0x0000000701653600, 0x0000000701800000| 16%| O|  |TAMS 0x0000000701600000, 0x0000000701600000| Untracked 
|   8|0x0000000701800000, 0x0000000701a00000, 0x0000000701a00000|100%| O|  |TAMS 0x0000000701800000, 0x0000000701800000| Untracked 
|   9|0x0000000701a00000, 0x0000000701aba800, 0x0000000701c00000| 36%| O|  |TAMS 0x0000000701a00000, 0x0000000701a00000| Untracked 
|  10|0x0000000701c00000, 0x0000000701c00000, 0x0000000701e00000|  0%| F|  |TAMS 0x0000000701c00000, 0x0000000701c00000| Untracked 
|  11|0x0000000701e00000, 0x0000000701e00000, 0x0000000702000000|  0%| F|  |TAMS 0x0000000701e00000, 0x0000000701e00000| Untracked 
|  12|0x0000000702000000, 0x0000000702000000, 0x0000000702200000|  0%| F|  |TAMS 0x0000000702000000, 0x0000000702000000| Untracked 
|  13|0x0000000702200000, 0x0000000702200000, 0x0000000702400000|  0%| F|  |TAMS 0x0000000702200000, 0x0000000702200000| Untracked 
|  14|0x0000000702400000, 0x0000000702400000, 0x0000000702600000|  0%| F|  |TAMS 0x0000000702400000, 0x0000000702400000| Untracked 
|  15|0x0000000702600000, 0x0000000702600000, 0x0000000702800000|  0%| F|  |TAMS 0x0000000702600000, 0x0000000702600000| Untracked 
|  16|0x0000000702800000, 0x0000000702800000, 0x0000000702a00000|  0%| F|  |TAMS 0x0000000702800000, 0x0000000702800000| Untracked 
|  17|0x0000000702a00000, 0x0000000702a00000, 0x0000000702c00000|  0%| F|  |TAMS 0x0000000702a00000, 0x0000000702a00000| Untracked 
|  18|0x0000000702c00000, 0x0000000702c00000, 0x0000000702e00000|  0%| F|  |TAMS 0x0000000702c00000, 0x0000000702c00000| Untracked 
|  19|0x0000000702e00000, 0x0000000702e00000, 0x0000000703000000|  0%| F|  |TAMS 0x0000000702e00000, 0x0000000702e00000| Untracked 
|  20|0x0000000703000000, 0x0000000703000000, 0x0000000703200000|  0%| F|  |TAMS 0x0000000703000000, 0x0000000703000000| Untracked 
|  21|0x0000000703200000, 0x0000000703200000, 0x0000000703400000|  0%| F|  |TAMS 0x0000000703200000, 0x0000000703200000| Untracked 
|  22|0x0000000703400000, 0x0000000703400000, 0x0000000703600000|  0%| F|  |TAMS 0x0000000703400000, 0x0000000703400000| Untracked 
|  23|0x0000000703600000, 0x0000000703735ea8, 0x0000000703800000| 60%| S|CS|TAMS 0x0000000703600000, 0x0000000703600000| Complete 
|  24|0x0000000703800000, 0x0000000703800000, 0x0000000703a00000|  0%| F|  |TAMS 0x0000000703800000, 0x0000000703800000| Untracked 
|  25|0x0000000703a00000, 0x0000000703a00000, 0x0000000703c00000|  0%| F|  |TAMS 0x0000000703a00000, 0x0000000703a00000| Untracked 
|  26|0x0000000703c00000, 0x0000000703c00000, 0x0000000703e00000|  0%| F|  |TAMS 0x0000000703c00000, 0x0000000703c00000| Untracked 
|  27|0x0000000703e00000, 0x0000000703e00000, 0x0000000704000000|  0%| F|  |TAMS 0x0000000703e00000, 0x0000000703e00000| Untracked 
|  28|0x0000000704000000, 0x0000000704000000, 0x0000000704200000|  0%| F|  |TAMS 0x0000000704000000, 0x0000000704000000| Untracked 
|  29|0x0000000704200000, 0x0000000704200000, 0x0000000704400000|  0%| F|  |TAMS 0x0000000704200000, 0x0000000704200000| Untracked 
|  30|0x0000000704400000, 0x0000000704451590, 0x0000000704600000| 15%| E|  |TAMS 0x0000000704400000, 0x0000000704400000| Complete 
|  31|0x0000000704600000, 0x0000000704800000, 0x0000000704800000|100%| E|CS|TAMS 0x0000000704600000, 0x0000000704600000| Complete 
|  32|0x0000000704800000, 0x0000000704a00000, 0x0000000704a00000|100%| E|CS|TAMS 0x0000000704800000, 0x0000000704800000| Complete 
|  41|0x0000000705a00000, 0x0000000705c00000, 0x0000000705c00000|100%| E|CS|TAMS 0x0000000705a00000, 0x0000000705a00000| Complete 

Card table byte_map: [0x000001431ddf0000,0x000001431e5f0000] _byte_map_base: 0x000001431a5ec000

Marking Bits (Prev, Next): (CMBitMap*) 0x0000014306af9830, (CMBitMap*) 0x0000014306af9870
 Prev Bits: [0x000001431edf0000, 0x0000014322dd0000)
 Next Bits: [0x0000014322dd0000, 0x0000014326db0000)

Polling page: 0x0000014304760000

Metaspace:

Usage:
  Non-class:      2.70 MB used.
      Class:    313.48 KB used.
       Both:      3.01 MB used.

Virtual space:
  Non-class space:       64.00 MB reserved,       2.81 MB (  4%) committed,  1 nodes.
      Class space:        1.00 GB reserved,     448.00 KB ( <1%) committed,  1 nodes.
             Both:        1.06 GB reserved,       3.25 MB ( <1%) committed. 

Chunk freelists:
   Non-Class:  11.33 MB
       Class:  15.61 MB
        Both:  26.94 MB

MaxMetaspaceSize: unlimited
CompressedClassSpaceSize: 1.00 GB
Initial GC threshold: 21.00 MB
Current GC threshold: 21.00 MB
CDS: on
MetaspaceReclaimPolicy: balanced
 - commit_granule_bytes: 65536.
 - commit_granule_words: 8192.
 - virtual_space_node_default_size: 8388608.
 - enlarge_chunks_in_place: 1.
 - new_chunks_are_fully_committed: 0.
 - uncommit_free_chunks: 1.
 - use_allocation_guard: 0.
 - handle_deallocations: 1.


Internal statistics:

num_allocs_failed_limit: 0.
num_arena_births: 78.
num_arena_deaths: 0.
num_vsnodes_births: 2.
num_vsnodes_deaths: 0.
num_space_committed: 52.
num_space_uncommitted: 0.
num_chunks_returned_to_freelist: 0.
num_chunks_taken_from_freelist: 130.
num_chunk_merges: 0.
num_chunk_splits: 80.
num_chunks_enlarged: 51.
num_inconsistent_stats: 0.

CodeHeap 'non-profiled nmethods': size=120000Kb used=820Kb max_used=820Kb free=119179Kb
 bounds [0x00000143160c0000, 0x0000014316330000, 0x000001431d5f0000]
CodeHeap 'profiled nmethods': size=120000Kb used=2201Kb max_used=2201Kb free=117798Kb
 bounds [0x000001430e5f0000, 0x000001430e860000, 0x0000014315b20000]
CodeHeap 'non-nmethods': size=5760Kb used=1125Kb max_used=1200Kb free=4634Kb
 bounds [0x0000014315b20000, 0x0000014315d90000, 0x00000143160c0000]
 total_blobs=1733 nmethods=1325 adapters=321
 compilation: enabled
              stopped_count=0, restarted_count=0
 full_count=0

Compilation events (20 events):
Event: 1.666 Thread 0x00000143292457a0 1333       2       jdk.internal.org.objectweb.asm.Type::hashCode (68 bytes)
Event: 1.666 Thread 0x00000143292457a0 nmethod 1333 0x000001430e806e90 code [0x000001430e807060, 0x000001430e8073b8]
Event: 1.667 Thread 0x00000143292457a0 1334       2       jdk.internal.org.objectweb.asm.Type::getDescriptor (93 bytes)
Event: 1.667 Thread 0x00000143292457a0 nmethod 1334 0x000001430e807610 code [0x000001430e807840, 0x000001430e807be8]
Event: 1.673 Thread 0x00000143292457a0 1336       3       jdk.internal.org.objectweb.asm.ClassReader::readField (667 bytes)
Event: 1.675 Thread 0x00000143292457a0 nmethod 1336 0x000001430e807e10 code [0x000001430e808380, 0x000001430e80a748]
Event: 1.680 Thread 0x00000143292457a0 1337       3       jdk.internal.org.objectweb.asm.ClassWriter::visitField (53 bytes)
Event: 1.680 Thread 0x00000143292457a0 nmethod 1337 0x000001430e80b990 code [0x000001430e80bb40, 0x000001430e80bec8]
Event: 1.680 Thread 0x00000143292457a0 1338       2       jdk.internal.org.objectweb.asm.ClassWriter::visitNestMember (48 bytes)
Event: 1.681 Thread 0x00000143292457a0 nmethod 1338 0x000001430e80c010 code [0x000001430e80c1e0, 0x000001430e80c558]
Event: 1.688 Thread 0x00000143292457a0 1339 %     3       jdk.internal.org.objectweb.asm.ClassReader::getFirstAttributeOffset @ 105 (136 bytes)
Event: 1.688 Thread 0x00000143292457a0 nmethod 1339% 0x000001430e80c710 code [0x000001430e80c940, 0x000001430e80cfe8]
Event: 1.689 Thread 0x00000143292457a0 1340       3       jdk.internal.org.objectweb.asm.ClassReader::getFirstAttributeOffset (136 bytes)
Event: 1.689 Thread 0x00000143292457a0 nmethod 1340 0x000001430e80d310 code [0x000001430e80d540, 0x000001430e80db48]
Event: 1.700 Thread 0x00000143292457a0 1343 %     3       jdk.internal.org.objectweb.asm.ClassWriter::toByteArray @ 853 (1515 bytes)
Event: 1.764 Thread 0x00000143292457a0 nmethod 1343% 0x000001430e80dd90 code [0x000001430e80e6a0, 0x000001430e812598]
Event: 1.765 Thread 0x00000143292457a0 1345       2       jdk.internal.org.objectweb.asm.AnnotationWriter::computeAnnotationsSize (42 bytes)
Event: 1.765 Thread 0x00000143292457a0 nmethod 1345 0x000001430e814590 code [0x000001430e814740, 0x000001430e814908]
Event: 1.765 Thread 0x00000143292457a0 1346       2       jdk.internal.org.objectweb.asm.AnnotationWriter::putAnnotations (110 bytes)
Event: 1.765 Thread 0x00000143292457a0 nmethod 1346 0x000001430e814a90 code [0x000001430e814c80, 0x000001430e814f88]

GC Heap History (20 events):
Event: 1.083 GC heap before
{Heap before GC invocations=15 (full 0):
 garbage-first heap   total 14336K, used 5279K [0x0000000700800000, 0x0000000800000000)
  region size 2048K, 3 young (6144K), 1 survivors (2048K)
 Metaspace       used 2429K, committed 2560K, reserved 1114112K
  class space    used 246K, committed 320K, reserved 1048576K
}
Event: 1.084 GC heap after
{Heap after GC invocations=16 (full 0):
 garbage-first heap   total 14336K, used 3219K [0x0000000700800000, 0x0000000800000000)
  region size 2048K, 1 young (2048K), 1 survivors (2048K)
 Metaspace       used 2429K, committed 2560K, reserved 1114112K
  class space    used 246K, committed 320K, reserved 1048576K
}
Event: 1.128 GC heap before
{Heap before GC invocations=16 (full 0):
 garbage-first heap   total 14336K, used 7315K [0x0000000700800000, 0x0000000800000000)
  region size 2048K, 3 young (6144K), 1 survivors (2048K)
 Metaspace       used 2432K, committed 2560K, reserved 1114112K
  class space    used 247K, committed 320K, reserved 1048576K
}
Event: 1.129 GC heap after
{Heap after GC invocations=17 (full 0):
 garbage-first heap   total 14336K, used 2994K [0x0000000700800000, 0x0000000800000000)
  region size 2048K, 1 young (2048K), 1 survivors (2048K)
 Metaspace       used 2432K, committed 2560K, reserved 1114112K
  class space    used 247K, committed 320K, reserved 1048576K
}
Event: 1.243 GC heap before
{Heap before GC invocations=17 (full 0):
 garbage-first heap   total 14336K, used 7090K [0x0000000700800000, 0x0000000800000000)
  region size 2048K, 3 young (6144K), 1 survivors (2048K)
 Metaspace       used 2714K, committed 2944K, reserved 1114112K
  class space    used 283K, committed 384K, reserved 1048576K
}
Event: 1.245 GC heap after
{Heap after GC invocations=18 (full 0):
 garbage-first heap   total 14336K, used 5265K [0x0000000700800000, 0x0000000800000000)
  region size 2048K, 1 young (2048K), 1 survivors (2048K)
 Metaspace       used 2714K, committed 2944K, reserved 1114112K
  class space    used 283K, committed 384K, reserved 1048576K
}
Event: 1.254 GC heap before
{Heap before GC invocations=18 (full 0):
 garbage-first heap   total 14336K, used 5265K [0x0000000700800000, 0x0000000800000000)
  region size 2048K, 2 young (4096K), 1 survivors (2048K)
 Metaspace       used 2753K, committed 2944K, reserved 1114112K
  class space    used 287K, committed 384K, reserved 1048576K
}
Event: 1.256 GC heap after
{Heap after GC invocations=19 (full 0):
 garbage-first heap   total 18432K, used 6974K [0x0000000700800000, 0x0000000800000000)
  region size 2048K, 1 young (2048K), 1 survivors (2048K)
 Metaspace       used 2753K, committed 2944K, reserved 1114112K
  class space    used 287K, committed 384K, reserved 1048576K
}
Event: 1.259 GC heap before
{Heap before GC invocations=19 (full 0):
 garbage-first heap   total 18432K, used 9022K [0x0000000700800000, 0x0000000800000000)
  region size 2048K, 2 young (4096K), 1 survivors (2048K)
 Metaspace       used 2753K, committed 2944K, reserved 1114112K
  class space    used 287K, committed 384K, reserved 1048576K
}
Event: 1.261 GC heap after
{Heap after GC invocations=20 (full 0):
 garbage-first heap   total 18432K, used 8825K [0x0000000700800000, 0x0000000800000000)
  region size 2048K, 1 young (2048K), 1 survivors (2048K)
 Metaspace       used 2753K, committed 2944K, reserved 1114112K
  class space    used 287K, committed 384K, reserved 1048576K
}
Event: 1.264 GC heap before
{Heap before GC invocations=20 (full 0):
 garbage-first heap   total 18432K, used 8825K [0x0000000700800000, 0x0000000800000000)
  region size 2048K, 2 young (4096K), 1 survivors (2048K)
 Metaspace       used 2754K, committed 2944K, reserved 1114112K
  class space    used 287K, committed 384K, reserved 1048576K
}
Event: 1.266 GC heap after
{Heap after GC invocations=21 (full 0):
 garbage-first heap   total 18432K, used 10606K [0x0000000700800000, 0x0000000800000000)
  region size 2048K, 1 young (2048K), 1 survivors (2048K)
 Metaspace       used 2754K, committed 2944K, reserved 1114112K
  class space    used 287K, committed 384K, reserved 1048576K
}
Event: 1.292 GC heap before
{Heap before GC invocations=21 (full 0):
 garbage-first heap   total 18432K, used 10606K [0x0000000700800000, 0x0000000800000000)
  region size 2048K, 2 young (4096K), 1 survivors (2048K)
 Metaspace       used 2838K, committed 3072K, reserved 1114112K
  class space    used 298K, committed 384K, reserved 1048576K
}
Event: 1.295 GC heap after
{Heap after GC invocations=22 (full 0):
 garbage-first heap   total 18432K, used 12680K [0x0000000700800000, 0x0000000800000000)
  region size 2048K, 1 young (2048K), 1 survivors (2048K)
 Metaspace       used 2838K, committed 3072K, reserved 1114112K
  class space    used 298K, committed 384K, reserved 1048576K
}
Event: 1.309 GC heap before
{Heap before GC invocations=23 (full 0):
 garbage-first heap   total 28672K, used 14728K [0x0000000700800000, 0x0000000800000000)
  region size 2048K, 2 young (4096K), 1 survivors (2048K)
 Metaspace       used 2839K, committed 3072K, reserved 1114112K
  class space    used 298K, committed 384K, reserved 1048576K
}
Event: 1.312 GC heap after
{Heap after GC invocations=24 (full 0):
 garbage-first heap   total 28672K, used 14636K [0x0000000700800000, 0x0000000800000000)
  region size 2048K, 1 young (2048K), 1 survivors (2048K)
 Metaspace       used 2839K, committed 3072K, reserved 1114112K
  class space    used 298K, committed 384K, reserved 1048576K
}
Event: 1.327 GC heap before
{Heap before GC invocations=24 (full 0):
 garbage-first heap   total 28672K, used 14636K [0x0000000700800000, 0x0000000800000000)
  region size 2048K, 2 young (4096K), 1 survivors (2048K)
 Metaspace       used 2869K, committed 3136K, reserved 1114112K
  class space    used 307K, committed 448K, reserved 1048576K
}
Event: 1.332 GC heap after
{Heap after GC invocations=25 (full 0):
 garbage-first heap   total 86016K, used 16492K [0x0000000700800000, 0x0000000800000000)
  region size 2048K, 1 young (2048K), 1 survivors (2048K)
 Metaspace       used 2869K, committed 3136K, reserved 1114112K
  class space    used 307K, committed 448K, reserved 1048576K
}
Event: 1.594 GC heap before
{Heap before GC invocations=26 (full 0):
 garbage-first heap   total 69632K, used 32876K [0x0000000700800000, 0x0000000800000000)
  region size 2048K, 9 young (18432K), 1 survivors (2048K)
 Metaspace       used 3075K, committed 3328K, reserved 1114112K
  class space    used 313K, committed 448K, reserved 1048576K
}
Event: 1.598 GC heap after
{Heap after GC invocations=27 (full 0):
 garbage-first heap   total 69632K, used 17627K [0x0000000700800000, 0x0000000800000000)
  region size 2048K, 2 young (4096K), 2 survivors (4096K)
 Metaspace       used 3075K, committed 3328K, reserved 1114112K
  class space    used 313K, committed 448K, reserved 1048576K
}

Dll operation events (6 events):
Event: 0.009 Loaded shared library C:\Program Files\Eclipse Adoptium\jdk-17.0.18.8-hotspot\bin\java.dll
Event: 0.022 Loaded shared library C:\Program Files\Eclipse Adoptium\jdk-17.0.18.8-hotspot\bin\jsvml.dll
Event: 0.063 Loaded shared library C:\Program Files\Eclipse Adoptium\jdk-17.0.18.8-hotspot\bin\jimage.dll
Event: 0.110 Loaded shared library C:\Program Files\Eclipse Adoptium\jdk-17.0.18.8-hotspot\bin\net.dll
Event: 0.112 Loaded shared library C:\Program Files\Eclipse Adoptium\jdk-17.0.18.8-hotspot\bin\nio.dll
Event: 0.173 Loaded shared library C:\Program Files\Eclipse Adoptium\jdk-17.0.18.8-hotspot\bin\zip.dll

Deoptimization events (20 events):
Event: 1.623 Thread 0x0000014306a8abf0 Uncommon trap: trap_request=0xffffff45 fr.pc=0x00000143161877c4 relative=0x0000000000001144
Event: 1.623 Thread 0x0000014306a8abf0 Uncommon trap: reason=unstable_if action=reinterpret pc=0x00000143161877c4 method=java.lang.String.hashCode()I @ 20 c2
Event: 1.623 Thread 0x0000014306a8abf0 DEOPT PACKING pc=0x00000143161877c4 sp=0x00000002048fe760
Event: 1.623 Thread 0x0000014306a8abf0 DEOPT UNPACKING pc=0x0000014315b769a3 sp=0x00000002048fe668 mode 2
Event: 1.624 Thread 0x0000014306a8abf0 Uncommon trap: trap_request=0xffffff3d fr.pc=0x00000143160e097c relative=0x000000000000023c
Event: 1.624 Thread 0x0000014306a8abf0 Uncommon trap: reason=unstable_fused_if action=reinterpret pc=0x00000143160e097c method=jdk.internal.org.objectweb.asm.ByteVector.putUTF8(Ljava/lang/String;)Ljdk/internal/org/objectweb/asm/ByteVector; @ 93 c2
Event: 1.624 Thread 0x0000014306a8abf0 DEOPT PACKING pc=0x00000143160e097c sp=0x00000002048fe660
Event: 1.624 Thread 0x0000014306a8abf0 DEOPT UNPACKING pc=0x0000014315b769a3 sp=0x00000002048fe5e0 mode 2
Event: 1.626 Thread 0x0000014306a8abf0 Uncommon trap: trap_request=0xffffff45 fr.pc=0x000001431617bd94 relative=0x00000000000005d4
Event: 1.626 Thread 0x0000014306a8abf0 Uncommon trap: reason=unstable_if action=reinterpret pc=0x000001431617bd94 method=jdk.internal.org.objectweb.asm.ClassReader.readUtf(II[C)Ljava/lang/String; @ 41 c2
Event: 1.626 Thread 0x0000014306a8abf0 DEOPT PACKING pc=0x000001431617bd94 sp=0x00000002048fe2e0
Event: 1.626 Thread 0x0000014306a8abf0 DEOPT UNPACKING pc=0x0000014315b769a3 sp=0x00000002048fe288 mode 2
Event: 1.626 Thread 0x0000014306a8abf0 Uncommon trap: trap_request=0xffffff45 fr.pc=0x00000143160ca3cc relative=0x00000000000001ac
Event: 1.626 Thread 0x0000014306a8abf0 Uncommon trap: reason=unstable_if action=reinterpret pc=0x00000143160ca3cc method=java.lang.String.isLatin1()Z @ 10 c2
Event: 1.626 Thread 0x0000014306a8abf0 DEOPT PACKING pc=0x00000143160ca3cc sp=0x00000002048fe270
Event: 1.626 Thread 0x0000014306a8abf0 DEOPT UNPACKING pc=0x0000014315b769a3 sp=0x00000002048fe1a0 mode 2
Event: 1.634 Thread 0x0000014306a8abf0 DEOPT PACKING pc=0x000001430e7ff7ed sp=0x00000002048fe2b0
Event: 1.634 Thread 0x0000014306a8abf0 DEOPT UNPACKING pc=0x0000014315b77143 sp=0x00000002048fd720 mode 0
Event: 1.689 Thread 0x0000014306a8abf0 DEOPT PACKING pc=0x000001430e7debef sp=0x00000002048fea80
Event: 1.689 Thread 0x0000014306a8abf0 DEOPT UNPACKING pc=0x0000014315b77143 sp=0x00000002048fdf40 mode 0

Classes loaded (20 events):
Event: 1.229 Loading class java/lang/NoSuchFieldError
Event: 1.230 Loading class java/lang/NoSuchFieldError done
Event: 1.271 Loading class jdk/internal/jimage/ImageStream
Event: 1.271 Loading class jdk/internal/jimage/ImageStream done
Event: 1.272 Loading class java/lang/IllegalStateException
Event: 1.272 Loading class java/lang/IllegalStateException done
Event: 1.315 Loading class sun/nio/fs/WindowsChannelFactory$2
Event: 1.315 Loading class sun/nio/fs/WindowsChannelFactory$2 done
Event: 1.316 Loading class java/nio/channels/Channels$1
Event: 1.316 Loading class java/nio/channels/Channels$1 done
Event: 1.317 Loading class java/util/Collections$ReverseComparator
Event: 1.317 Loading class java/util/Collections$ReverseComparator done
Event: 1.322 Loading class java/util/LinkedHashMap$LinkedValues
Event: 1.322 Loading class java/util/LinkedHashMap$LinkedValues done
Event: 1.323 Loading class java/util/LinkedHashMap$LinkedValueIterator
Event: 1.323 Loading class java/util/LinkedHashMap$LinkedValueIterator done
Event: 1.366 Loading class jdk/internal/org/objectweb/asm/Context
Event: 1.366 Loading class jdk/internal/org/objectweb/asm/Context done
Event: 1.370 Loading class jdk/internal/org/objectweb/asm/Opcodes
Event: 1.370 Loading class jdk/internal/org/objectweb/asm/Opcodes done

Classes unloaded (0 events):
No events

Classes redefined (0 events):
No events

Internal exceptions (16 events):
Event: 0.081 Thread 0x0000014306a8abf0 Exception <a 'java/lang/NoSuchMethodError'{0x0000000700f73f20}: 'void java.lang.invoke.DirectMethodHandle$Holder.invokeStatic(java.lang.Object, java.lang.Object, java.lang.Object, java.lang.Object)'> (0x0000000700f73f20) 
thrown [s\src\hotspot\share\interpreter\linkResolver.cpp, line 759]
Event: 0.081 Thread 0x0000014306a8abf0 Exception <a 'java/lang/NoSuchMethodError'{0x0000000700f77d78}: 'void java.lang.invoke.DirectMethodHandle$Holder.invokeStaticInit(java.lang.Object, java.lang.Object, java.lang.Object, java.lang.Object)'> (0x0000000700f77d78) 
thrown [s\src\hotspot\share\interpreter\linkResolver.cpp, line 759]
Event: 0.108 Thread 0x0000014306a8abf0 Exception <a 'java/lang/NoSuchMethodError'{0x0000000700fc7628}: 'java.lang.Object java.lang.invoke.DirectMethodHandle$Holder.invokeStaticInit(java.lang.Object)'> (0x0000000700fc7628) 
thrown [s\src\hotspot\share\interpreter\linkResolver.cpp, line 759]
Event: 0.122 Thread 0x0000014306a8abf0 Exception <a 'java/lang/NoSuchMethodError'{0x0000000700fec500}: 'java.lang.Object java.lang.invoke.DirectMethodHandle$Holder.invokeInterface(java.lang.Object, java.lang.Object)'> (0x0000000700fec500) 
thrown [s\src\hotspot\share\interpreter\linkResolver.cpp, line 759]
Event: 0.124 Thread 0x0000014306a8abf0 Exception <a 'java/lang/NoSuchMethodError'{0x0000000700ffdd38}: 'void java.lang.invoke.DirectMethodHandle$Holder.invokeInterface(java.lang.Object, java.lang.Object, java.lang.Object)'> (0x0000000700ffdd38) 
thrown [s\src\hotspot\share\interpreter\linkResolver.cpp, line 759]
Event: 0.127 Thread 0x0000014306a8abf0 Exception <a 'java/lang/NoSuchMethodError'{0x0000000700e04628}: 'int java.lang.invoke.DirectMethodHandle$Holder.invokeStaticInit(java.lang.Object, java.lang.Object)'> (0x0000000700e04628) 
thrown [s\src\hotspot\share\interpreter\linkResolver.cpp, line 759]
Event: 0.147 Thread 0x0000014306a8abf0 Exception <a 'java/lang/NoSuchMethodError'{0x0000000700e7c498}: 'void java.lang.invoke.DirectMethodHandle$Holder.invokeSpecial(java.lang.Object, java.lang.Object, java.lang.Object, java.lang.Object, java.lang.Object)'> (0x0000000700e7c498) 
thrown [s\src\hotspot\share\interpreter\linkResolver.cpp, line 759]
Event: 0.151 Thread 0x0000014306a8abf0 Exception <a 'sun/nio/fs/WindowsException'{0x0000000700e94580}> (0x0000000700e94580) 
thrown [s\src\hotspot\share\prims\jni.cpp, line 516]
Event: 0.178 Thread 0x0000014306a8abf0 Exception <a 'java/lang/NoSuchMethodError'{0x0000000700f7bbc0}: 'void java.lang.invoke.DirectMethodHandle$Holder.invokeSpecial(java.lang.Object, java.lang.Object, java.lang.Object)'> (0x0000000700f7bbc0) 
thrown [s\src\hotspot\share\interpreter\linkResolver.cpp, line 759]
Event: 1.143 Thread 0x0000014306a8abf0 Exception <a 'java/lang/NoSuchMethodError'{0x00000007014eded8}: 'void java.lang.invoke.DirectMethodHandle$Holder.invokeStatic(java.lang.Object, java.lang.Object, java.lang.Object, java.lang.Object, java.lang.Object, java.lang.Object)'> (0x00000007014eded8) 
thrown [s\src\hotspot\share\interpreter\linkResolver.cpp, line 759]
Event: 1.147 Thread 0x0000014306a8abf0 Exception <a 'java/lang/NoSuchMethodError'{0x000000070150ddd0}: 'void java.lang.invoke.DirectMethodHandle$Holder.invokeStatic(java.lang.Object, java.lang.Object)'> (0x000000070150ddd0) 
thrown [s\src\hotspot\share\interpreter\linkResolver.cpp, line 759]
Event: 1.157 Thread 0x0000014306a8abf0 Exception <a 'sun/nio/fs/WindowsException'{0x000000070153d4c0}> (0x000000070153d4c0) 
thrown [s\src\hotspot\share\prims\jni.cpp, line 516]
Event: 1.159 Thread 0x0000014306a8abf0 Exception <a 'sun/nio/fs/WindowsException'{0x000000070153f550}> (0x000000070153f550) 
thrown [s\src\hotspot\share\prims\jni.cpp, line 516]
Event: 1.159 Thread 0x0000014306a8abf0 Exception <a 'sun/nio/fs/WindowsException'{0x000000070153f9b0}> (0x000000070153f9b0) 
thrown [s\src\hotspot\share\prims\jni.cpp, line 516]
Event: 1.161 Thread 0x0000014306a8abf0 Exception <a 'java/lang/NoSuchMethodError'{0x0000000701542d80}: 'void java.lang.invoke.DirectMethodHandle$Holder.invokeStatic(java.lang.Object, java.lang.Object, java.lang.Object)'> (0x0000000701542d80) 
thrown [s\src\hotspot\share\interpreter\linkResolver.cpp, line 759]
Event: 1.318 Thread 0x0000014306a8abf0 Exception <a 'java/lang/NoSuchMethodError'{0x00000007020922e0}: 'java.lang.Object java.lang.invoke.Invokers$Holder.invokeExact_MT(java.lang.Object, java.lang.Object, java.lang.Object, java.lang.Object, java.lang.Object, java.lang.Object)'> (0x00000007020922e0) 
thrown [s\src\hotspot\share\interpreter\linkResolver.cpp, line 759]

VM Operations (20 events):
Event: 1.264 Executing VM operation: G1CollectForAllocation
Event: 1.266 Executing VM operation: G1CollectForAllocation done
Event: 1.292 Executing VM operation: G1CollectForAllocation
Event: 1.295 Executing VM operation: G1CollectForAllocation done
Event: 1.303 Executing VM operation: G1PauseRemark
Event: 1.304 Executing VM operation: G1PauseRemark done
Event: 1.308 Executing VM operation: G1PauseCleanup
Event: 1.308 Executing VM operation: G1PauseCleanup done
Event: 1.309 Executing VM operation: G1CollectForAllocation
Event: 1.312 Executing VM operation: G1CollectForAllocation done
Event: 1.327 Executing VM operation: G1CollectForAllocation
Event: 1.332 Executing VM operation: G1CollectForAllocation done
Event: 1.345 Executing VM operation: G1PauseRemark
Event: 1.353 Executing VM operation: G1PauseRemark done
Event: 1.360 Executing VM operation: G1PauseCleanup
Event: 1.360 Executing VM operation: G1PauseCleanup done
Event: 1.367 Executing VM operation: HandshakeAllThreads
Event: 1.367 Executing VM operation: HandshakeAllThreads done
Event: 1.594 Executing VM operation: G1CollectForAllocation
Event: 1.598 Executing VM operation: G1CollectForAllocation done

Memory protections (0 events):
No events

Nmethod flushes (0 events):
No events

Events (13 events):
Event: 0.022 Thread 0x0000014306a8abf0 Thread added: 0x0000014306a8abf0
Event: 0.024 Thread 0x0000014306a8abf0 Thread added: 0x0000014329214600
Event: 0.024 Thread 0x0000014306a8abf0 Thread added: 0x0000014329216d40
Event: 0.030 Thread 0x0000014306a8abf0 Thread added: 0x0000014329233cd0
Event: 0.030 Thread 0x0000014306a8abf0 Thread added: 0x00000143292366a0
Event: 0.030 Thread 0x0000014306a8abf0 Thread added: 0x0000014329238370
Event: 0.030 Thread 0x0000014306a8abf0 Thread added: 0x00000143292398a0
Event: 0.030 Thread 0x0000014306a8abf0 Thread added: 0x000001432923c0f0
Event: 0.031 Thread 0x0000014306a8abf0 Thread added: 0x00000143292457a0
Event: 0.031 Thread 0x0000014306a8abf0 Thread added: 0x0000014329265c80
Event: 0.045 Thread 0x0000014306a8abf0 Thread added: 0x00000143291ff5e0
Event: 0.061 Thread 0x0000014306a8abf0 Thread added: 0x0000014329513a70
Event: 0.398 Thread 0x00000143292457a0 Thread added: 0x00000143296876e0


Dynamic libraries:
0x00007ff799960000 - 0x00007ff799968000 	C:\Program Files\Eclipse Adoptium\jdk-17.0.18.8-hotspot\bin\jlink.exe
0x00007ffd5a340000 - 0x00007ffd5a5a7000 	C:\WINDOWS\SYSTEM32\ntdll.dll
0x00007ffd59620000 - 0x00007ffd596e9000 	C:\WINDOWS\System32\KERNEL32.DLL
0x00007ffd56c20000 - 0x00007ffd57011000 	C:\WINDOWS\System32\KERNELBASE.dll
0x00007ffd571a0000 - 0x00007ffd572eb000 	C:\WINDOWS\System32\ucrtbase.dll
0x00007ffd4eaa0000 - 0x00007ffd4eabe000 	C:\Program Files\Eclipse Adoptium\jdk-17.0.18.8-hotspot\bin\VCRUNTIME140.dll
0x00007ffd4eb30000 - 0x00007ffd4eb48000 	C:\Program Files\Eclipse Adoptium\jdk-17.0.18.8-hotspot\bin\jli.dll
0x00007ffd593c0000 - 0x00007ffd59585000 	C:\WINDOWS\System32\USER32.dll
0x00007ffd572f0000 - 0x00007ffd57317000 	C:\WINDOWS\System32\win32u.dll
0x00007ffd43610000 - 0x00007ffd438a3000 	C:\WINDOWS\WinSxS\amd64_microsoft.windows.common-controls_6595b64144ccf1df_6.0.26100.8037_none_3e092faae333b53b\COMCTL32.dll
0x00007ffd59db0000 - 0x00007ffd59ddb000 	C:\WINDOWS\System32\GDI32.dll
0x00007ffd59200000 - 0x00007ffd592a9000 	C:\WINDOWS\System32\msvcrt.dll
0x00007ffd57cd0000 - 0x00007ffd57dfb000 	C:\WINDOWS\System32\gdi32full.dll
0x00007ffd57ec0000 - 0x00007ffd57f63000 	C:\WINDOWS\System32\msvcp_win.dll
0x00007ffd58ed0000 - 0x00007ffd58f01000 	C:\WINDOWS\System32\IMM32.DLL
0x00007ffd544d0000 - 0x00007ffd544dc000 	C:\Program Files\Eclipse Adoptium\jdk-17.0.18.8-hotspot\bin\vcruntime140_1.dll
0x00007ffd41bc0000 - 0x00007ffd41c4d000 	C:\Program Files\Eclipse Adoptium\jdk-17.0.18.8-hotspot\bin\msvcp140.dll
0x00007ffcdfa20000 - 0x00007ffce068b000 	C:\Program Files\Eclipse Adoptium\jdk-17.0.18.8-hotspot\bin\server\jvm.dll
0x00007ffd58f90000 - 0x00007ffd5904b000 	C:\WINDOWS\System32\ADVAPI32.dll
0x00007ffd59cb0000 - 0x00007ffd59d57000 	C:\WINDOWS\System32\sechost.dll
0x00007ffd59870000 - 0x00007ffd59988000 	C:\WINDOWS\System32\RPCRT4.dll
0x00007ffd58f10000 - 0x00007ffd58f84000 	C:\WINDOWS\System32\WS2_32.dll
0x00007ffd56a80000 - 0x00007ffd56ade000 	C:\WINDOWS\SYSTEM32\POWRPROF.dll
0x00007ffd4a360000 - 0x00007ffd4a395000 	C:\WINDOWS\SYSTEM32\WINMM.dll
0x00007ffd51500000 - 0x00007ffd5150b000 	C:\WINDOWS\SYSTEM32\VERSION.dll
0x00007ffd56a60000 - 0x00007ffd56a74000 	C:\WINDOWS\SYSTEM32\UMPDC.dll
0x00007ffd55970000 - 0x00007ffd5598b000 	C:\WINDOWS\SYSTEM32\kernel.appcore.dll
0x00007ffd54480000 - 0x00007ffd5448a000 	C:\Program Files\Eclipse Adoptium\jdk-17.0.18.8-hotspot\bin\jimage.dll
0x00007ffd460f0000 - 0x00007ffd46332000 	C:\WINDOWS\SYSTEM32\DBGHELP.DLL
0x00007ffd58a60000 - 0x00007ffd58de2000 	C:\WINDOWS\System32\combase.dll
0x00007ffd58df0000 - 0x00007ffd58ec7000 	C:\WINDOWS\System32\OLEAUT32.dll
0x00007ffd3f950000 - 0x00007ffd3f98b000 	C:\WINDOWS\SYSTEM32\dbgcore.DLL
0x00007ffd57b90000 - 0x00007ffd57c35000 	C:\WINDOWS\System32\bcryptPrimitives.dll
0x00007ffd489b0000 - 0x00007ffd489d5000 	C:\Program Files\Eclipse Adoptium\jdk-17.0.18.8-hotspot\bin\java.dll
0x00007ffd3b610000 - 0x00007ffd3b6e7000 	C:\Program Files\Eclipse Adoptium\jdk-17.0.18.8-hotspot\bin\jsvml.dll
0x00007ffd580f0000 - 0x00007ffd5884f000 	C:\WINDOWS\System32\SHELL32.dll
0x00007ffd57f70000 - 0x00007ffd580da000 	C:\WINDOWS\System32\wintypes.dll
0x00007ffd57320000 - 0x00007ffd57b84000 	C:\WINDOWS\System32\windows.storage.dll
0x00007ffd59a50000 - 0x00007ffd59b47000 	C:\WINDOWS\System32\SHCORE.dll
0x00007ffd592b0000 - 0x00007ffd59317000 	C:\WINDOWS\System32\shlwapi.dll
0x00007ffd56b40000 - 0x00007ffd56b69000 	C:\WINDOWS\SYSTEM32\profapi.dll
0x00007ffd4e850000 - 0x00007ffd4e86a000 	C:\Program Files\Eclipse Adoptium\jdk-17.0.18.8-hotspot\bin\net.dll
0x00007ffd511d0000 - 0x00007ffd512f7000 	C:\WINDOWS\SYSTEM32\WINHTTP.dll
0x00007ffd55ec0000 - 0x00007ffd55f2b000 	C:\WINDOWS\system32\mswsock.dll
0x00007ffd49f10000 - 0x00007ffd49f26000 	C:\Program Files\Eclipse Adoptium\jdk-17.0.18.8-hotspot\bin\nio.dll
0x00007ffd48870000 - 0x00007ffd48888000 	C:\Program Files\Eclipse Adoptium\jdk-17.0.18.8-hotspot\bin\zip.dll

dbghelp: loaded successfully - version: 4.0.5 - missing functions: none
symbol engine: initialized successfully - sym options: 0x614 - pdb path: .;C:\Program Files\Eclipse Adoptium\jdk-17.0.18.8-hotspot\bin;C:\WINDOWS\SYSTEM32;C:\WINDOWS\WinSxS\amd64_microsoft.windows.common-controls_6595b64144ccf1df_6.0.26100.8037_none_3e092faae333b53b;C:\Program Files\Eclipse Adoptium\jdk-17.0.18.8-hotspot\bin\server

VM Arguments:
jvm_args: -Dapplication.home=C:\Program Files\Eclipse Adoptium\jdk-17.0.18.8-hotspot --add-modules=ALL-DEFAULT -Xms8m -Djdk.module.main=jdk.jlink 
java_command: jdk.jlink/jdk.tools.jlink.internal.Main --add-modules java.base --add-modules java.desktop --add-modules java.logging --add-modules jdk.crypto.ec --strip-debug --no-header-files --no-man-pages --strip-native-commands --output C:\Users\spere\android-game-perf-tool-desktop\build\compose\tmp\main\runtime
java_class_path (initial): <not set>
Launcher Type: SUN_STANDARD

[Global flags]
     intx CICompilerCount                          = 3                                         {product} {ergonomic}
     uint ConcGCThreads                            = 1                                         {product} {ergonomic}
     uint G1ConcRefinementThreads                  = 4                                         {product} {ergonomic}
   size_t G1HeapRegionSize                         = 2097152                                   {product} {ergonomic}
    uintx GCDrainStackTargetSize                   = 64                                        {product} {ergonomic}
   size_t InitialHeapSize                          = 8388608                                   {product} {command line}
   size_t MarkStackSize                            = 4194304                                   {product} {ergonomic}
   size_t MaxHeapSize                              = 4286578688                                {product} {ergonomic}
   size_t MaxNewSize                               = 2571108352                                {product} {ergonomic}
   size_t MinHeapDeltaBytes                        = 2097152                                   {product} {ergonomic}
   size_t MinHeapSize                              = 8388608                                   {product} {command line}
    uintx NonNMethodCodeHeapSize                   = 5832780                                {pd product} {ergonomic}
    uintx NonProfiledCodeHeapSize                  = 122912730                              {pd product} {ergonomic}
    uintx ProfiledCodeHeapSize                     = 122912730                              {pd product} {ergonomic}
    uintx ReservedCodeCacheSize                    = 251658240                              {pd product} {ergonomic}
     bool SegmentedCodeCache                       = true                                      {product} {ergonomic}
   size_t SoftMaxHeapSize                          = 4286578688                             {manageable} {ergonomic}
     bool UseCompressedClassPointers               = true                           {product lp64_product} {ergonomic}
     bool UseCompressedOops                        = true                           {product lp64_product} {ergonomic}
     bool UseG1GC                                  = true                                      {product} {ergonomic}
     bool UseLargePagesIndividualAllocation        = false                                  {pd product} {ergonomic}

Logging:
Log output configuration:
 #0: stdout all=warning uptime,level,tags
 #1: stderr all=off uptime,level,tags

Environment Variables:
JAVA_HOME=C:\Program Files\Eclipse Adoptium\jdk-17.0.18.8-hotspot\
PATH=C:\Users\spere\AppData\Roaming\npm;C:\Users\spere\android-game-perf-tool-desktop\node_modules\.bin;C:\Users\spere\node_modules\.bin;C:\Users\node_modules\.bin;C:\node_modules\.bin;C:\Program Files\nodejs\node_modules\npm\node_modules\@npmcli\run-script\lib\node-gyp-bin;C:\Program Files\Eclipse Adoptium\jdk-17.0.18.8-hotspot\bin;C:\WINDOWS\system32;C:\WINDOWS;C:\WINDOWS\System32\Wbem;C:\WINDOWS\System32\WindowsPowerShell\v1.0\;C:\WINDOWS\System32\OpenSSH\;C:\Program Files\nodejs\;C:\Program Files\Git\cmd;C:\Program Files\dotnet\;C:\Program Files\GitHub CLI\;C:\Program Files\Docker\Docker\resources\bin;C:\Program Files\Google\Chrome\Application;C:\WINDOWS\system32;C:\WINDOWS;C:\WINDOWS\System32\Wbem;C:\WINDOWS\System32\WindowsPowerShell\v1.0\;C:\WINDOWS\System32\OpenSSH\;C:\Users\spere\AppData\Local\Microsoft\WindowsApps;;;C:\Program Files\nodejs;C:\Users\spere\AppData\Roaming\npm;C:\Users\spere\AppData\Local\Microsoft\WinGet\Packages\Hawaii_Beach.TinyNvidiaUpdateChecker_Microsoft.Winget.Source_8wekyb3d8bbwe;;C:\Users\spere\platform-tools;C:\Users\spere\AppData\Local\Microsoft\WinGet\Packages\DenoLand.Deno_Microsoft.Winget.Source_8wekyb3d8bbwe;C:\Users\spere\AppData\Local\Microsoft\WinGet\Packages\yt-dlp.FFmpeg_Microsoft.Winget.Source_8wekyb3d8bbwe\ffmpeg-N-123778-g3b55818764-win64-gpl\bin;C:\Users\spere\AppData\Local\Microsoft\WinGet\Packages\yt-dlp.yt-dlp_Microsoft.Winget.Source_8wekyb3d8bbwe;C:\Users\spere\AppData\Local\Microsoft\WinGet\Packages\Ngrok.Ngrok_Microsoft.Winget.Source_8wekyb3d8bbwe;C:\Users\spere\AppData\Local\Microsoft\WinGet\Packages\Cloudflare.cloudflared_Microsoft.Winget.Source_8wekyb3d8bbwe;;C:\Program Files\nodejs;$env:APPDATA\npm
USERNAME=spere
LANG=en_US.UTF-8
OS=Windows_NT
PROCESSOR_IDENTIFIER=Intel64 Family 6 Model 158 Stepping 9, GenuineIntel
TMP=C:\Users\spere\AppData\Local\Temp
TEMP=C:\Users\spere\AppData\Local\Temp



Periodic native trim disabled


---------------  S Y S T E M  ---------------

OS:
 Windows 11 , 64 bit Build 26100 (10.0.26100.7920)
OS uptime: 0 days 7:37 hours
Hyper-V role detected

CPU: total 4 (initial active 4) (4 cores per cpu, 1 threads per core) family 6 model 158 stepping 9 microcode 0xde, cx8, cmov, fxsr, mmx, 3dnowpref, sse, sse2, sse3, ssse3, sse4.1, sse4.2, popcnt, lzcnt, tsc, tscinvbit, avx, avx2, aes, erms, clmul, bmi1, bmi2, rtm, adx, fma, vzeroupper, clflush, clflushopt, hv
Processor Information for all 4 processors :
  Max Mhz: 3792, Current Mhz: 3792, Mhz Limit: 3792

Memory: 4k page, system-wide physical 16348M (883M free)
TotalPageFile size 20444M (AvailPageFile size 14M)
current process WorkingSet (physical memory assigned to process): 130M, peak: 130M
current process commit charge ("private bytes"): 186M, peak: 186M

vm_info: OpenJDK 64-Bit Server VM (17.0.18+8) for windows-amd64 JRE (17.0.18+8), built on Jan 20 2026 22:28:22 by "admin" with MS VC++ 17.12 (VS2022)

END.
