#
# There is insufficient memory for the Java Runtime Environment to continue.
# Native memory allocation (malloc) failed to allocate 311616 bytes. Error detail: Chunk::new
# Possible reasons:
#   The system is out of physical RAM or swap space
#   This process is running with CompressedOops enabled, and the Java Heap may be blocking the growth of the native heap
# Possible solutions:
#   Reduce memory load on the system
#   Increase physical memory or swap space
#   Check if swap backing store is full
#   Decrease Java heap size (-Xmx/-Xms)
#   Decrease number of Java threads
#   Decrease Java thread stack sizes (-Xss)
#   Set larger code cache with -XX:ReservedCodeCacheSize=
#   JVM is running with Unscaled Compressed Oops mode in which the Java heap is
#     placed in the first 4GB address space. The Java Heap base address is the
#     maximum limit for the native heap growth. Please use -XX:HeapBaseMinAddress
#     to set the Java Heap base and to place the Java Heap above 4GB virtual address.
# This output file may be truncated or incomplete.
#
#  Out of Memory Error (arena.cpp:191), pid=3032, tid=13776
#
# JRE version: OpenJDK Runtime Environment Temurin-17.0.18+8 (17.0.18+8) (build 17.0.18+8)
# Java VM: OpenJDK 64-Bit Server VM Temurin-17.0.18+8 (17.0.18+8, mixed mode, sharing, tiered, compressed oops, compressed class ptrs, g1 gc, windows-amd64)
# No core dump will be written. Minidumps are not enabled by default on client versions of Windows
#

---------------  S U M M A R Y ------------

Command Line: --add-opens=java.base/java.util=ALL-UNNAMED --add-opens=java.base/java.lang=ALL-UNNAMED --add-opens=java.base/java.lang.invoke=ALL-UNNAMED --add-opens=java.prefs/java.util.prefs=ALL-UNNAMED --add-exports=jdk.compiler/com.sun.tools.javac.api=ALL-UNNAMED --add-exports=jdk.compiler/com.sun.tools.javac.util=ALL-UNNAMED --add-opens=java.base/java.nio.charset=ALL-UNNAMED --add-opens=java.base/java.net=ALL-UNNAMED --add-opens=java.base/java.util.concurrent.atomic=ALL-UNNAMED -Xmx2048m -Dfile.encoding=windows-1252 -Duser.country=ES -Duser.language=es -Duser.variant -javaagent:C:\Users\spere\.gradle\wrapper\dists\gradle-8.10.2-bin\a04bxjujx95o3nb99gddekhwo\gradle-8.10.2\lib\agents\gradle-instrumentation-agent-8.10.2.jar org.gradle.launcher.daemon.bootstrap.GradleDaemon 8.10.2

Host: Intel(R) Core(TM) i5-7600K CPU @ 3.80GHz, 4 cores, 15G,  Windows 11 , 64 bit Build 26100 (10.0.26100.7920)
Time: Wed Apr 15 15:25:21 2026 Hora de verano romance elapsed time: 88.740633 seconds (0d 0h 1m 28s)

---------------  T H R E A D  ---------------

Current thread (0x000001f8081356c0):  JavaThread "C2 CompilerThread0" daemon [_thread_in_native, id=13776, stack(0x0000009e5b400000,0x0000009e5b500000)]


Current CompileTask:
C2:88740 9628 %     4       org.gradle.internal.logging.text.AbstractLineChoppingStyledTextOutput::doAppend @ 10 (43 bytes)

Stack: [0x0000009e5b400000,0x0000009e5b500000]
Native frames: (J=compiled Java code, j=interpreted, Vv=VM code, C=native code)
V  [jvm.dll+0x6846f9]
V  [jvm.dll+0x839ea5]
V  [jvm.dll+0x83b91e]
V  [jvm.dll+0x83bfa3]
V  [jvm.dll+0x248eff]
V  [jvm.dll+0xad496]
V  [jvm.dll+0xadb3c]
V  [jvm.dll+0x2b05df]
V  [jvm.dll+0x58acf5]
V  [jvm.dll+0x222e84]
V  [jvm.dll+0x21b98f]
V  [jvm.dll+0x2190fe]
V  [jvm.dll+0x1a4920]
V  [jvm.dll+0x22989a]
V  [jvm.dll+0x227a4b]
V  [jvm.dll+0x7f0658]
V  [jvm.dll+0x7eaaec]
V  [jvm.dll+0x6835c7]
C  [ucrtbase.dll+0x37b0]
C  [KERNEL32.DLL+0x2e8d7]
C  [ntdll.dll+0x8c48c]


---------------  P R O C E S S  ---------------

Threads class SMR info:
_java_thread_list=0x000001f80b83ea00, length=73, elements={
0x000001f7a53708a0, 0x000001f7c2fe2500, 0x000001f7c2fe4fe0, 0x000001f7c2ffb600,
0x000001f7c2ffbed0, 0x000001f7c2ffd960, 0x000001f8081340a0, 0x000001f8081356c0,
0x000001f808199ca0, 0x000001f8081b8960, 0x000001f808265690, 0x000001f808328110,
0x000001f809d3f080, 0x000001f8091e25c0, 0x000001f809edc820, 0x000001f8085c8090,
0x000001f8085cae20, 0x000001f8085c8fc0, 0x000001f8085c99e0, 0x000001f8085c94d0,
0x000001f8085c9ef0, 0x000001f8085cb330, 0x000001f8085ca400, 0x000001f8085c85a0,
0x000001f8085ca910, 0x000001f8085cb840, 0x000001f80aa1a440, 0x000001f80aa1ccc0,
0x000001f80aa19510, 0x000001f80aa1c2a0, 0x000001f80aa19a20, 0x000001f80aa1d6e0,
0x000001f80aa1c7b0, 0x000001f80aa19f30, 0x000001f80aa1dbf0, 0x000001f80aa1e100,
0x000001f80aa1b370, 0x000001f80aa1b880, 0x000001f80aa1e610, 0x000001f80aa1f540,
0x000001f80aa1fa50, 0x000001f80aa1ff60, 0x000001f80aa1f030, 0x000001f80aa20470,
0x000001f80aa20e90, 0x000001f80b417990, 0x000001f80b415110, 0x000001f80b417ea0,
0x000001f80b416040, 0x000001f80b4188c0, 0x000001f80b418dd0, 0x000001f80b415620,
0x000001f80b415b30, 0x000001f80b4192e0, 0x000001f80b4197f0, 0x000001f80b419d00,
0x000001f80b416550, 0x000001f80b41a210, 0x000001f80b41a720, 0x000001f80b416f70,
0x000001f80b41ac30, 0x000001f80b41b140, 0x000001f80b41b650, 0x000001f80b41bb60,
0x000001f80b41c070, 0x000001f80b41c580, 0x000001f80b2ef9a0, 0x000001f80b2ef490,
0x000001f80b2ee050, 0x000001f80b2ec1f0, 0x000001f80b2eef80, 0x000001f80b2ee560,
0x000001f80b2efeb0
}

Java Threads: ( => current thread )
  0x000001f7a53708a0 JavaThread "main" [_thread_blocked, id=16624, stack(0x0000009e5a700000,0x0000009e5a800000)]
  0x000001f7c2fe2500 JavaThread "Reference Handler" daemon [_thread_blocked, id=7452, stack(0x0000009e5ae00000,0x0000009e5af00000)]
  0x000001f7c2fe4fe0 JavaThread "Finalizer" daemon [_thread_blocked, id=14452, stack(0x0000009e5af00000,0x0000009e5b000000)]
  0x000001f7c2ffb600 JavaThread "Signal Dispatcher" daemon [_thread_blocked, id=5244, stack(0x0000009e5b000000,0x0000009e5b100000)]
  0x000001f7c2ffbed0 JavaThread "Attach Listener" daemon [_thread_blocked, id=13820, stack(0x0000009e5b100000,0x0000009e5b200000)]
  0x000001f7c2ffd960 JavaThread "Service Thread" daemon [_thread_blocked, id=5172, stack(0x0000009e5b200000,0x0000009e5b300000)]
  0x000001f8081340a0 JavaThread "Monitor Deflation Thread" daemon [_thread_blocked, id=18744, stack(0x0000009e5b300000,0x0000009e5b400000)]
=>0x000001f8081356c0 JavaThread "C2 CompilerThread0" daemon [_thread_in_native, id=13776, stack(0x0000009e5b400000,0x0000009e5b500000)]
  0x000001f808199ca0 JavaThread "C1 CompilerThread0" daemon [_thread_blocked, id=11332, stack(0x0000009e5b500000,0x0000009e5b600000)]
  0x000001f8081b8960 JavaThread "Sweeper thread" daemon [_thread_blocked, id=12824, stack(0x0000009e5b600000,0x0000009e5b700000)]
  0x000001f808265690 JavaThread "Common-Cleaner" daemon [_thread_blocked, id=18676, stack(0x0000009e5b700000,0x0000009e5b800000)]
  0x000001f808328110 JavaThread "Notification Thread" daemon [_thread_blocked, id=18916, stack(0x0000009e5b800000,0x0000009e5b900000)]
  0x000001f809d3f080 JavaThread "Daemon health stats" [_thread_blocked, id=10368, stack(0x0000009e5bf00000,0x0000009e5c000000)]
  0x000001f8091e25c0 JavaThread "Incoming local TCP Connector on port 56672" [_thread_in_native, id=13584, stack(0x0000009e5c000000,0x0000009e5c100000)]
  0x000001f809edc820 JavaThread "Daemon periodic checks" [_thread_blocked, id=4444, stack(0x0000009e5c100000,0x0000009e5c200000)]
  0x000001f8085c8090 JavaThread "Daemon" [_thread_blocked, id=18080, stack(0x0000009e5c200000,0x0000009e5c300000)]
  0x000001f8085cae20 JavaThread "Handler for socket connection from /127.0.0.1:56672 to /127.0.0.1:56673" [_thread_in_native, id=1784, stack(0x0000009e5c300000,0x0000009e5c400000)]
  0x000001f8085c8fc0 JavaThread "Cancel handler" [_thread_blocked, id=14316, stack(0x0000009e5c400000,0x0000009e5c500000)]
  0x000001f8085c99e0 JavaThread "Daemon worker" [_thread_blocked, id=3920, stack(0x0000009e5c500000,0x0000009e5c600000)]
  0x000001f8085c94d0 JavaThread "Asynchronous log dispatcher for DefaultDaemonConnection: socket connection from /127.0.0.1:56672 to /127.0.0.1:56673" [_thread_blocked, id=15428, stack(0x0000009e5c600000,0x0000009e5c700000)]
  0x000001f8085c9ef0 JavaThread "Stdin handler" [_thread_blocked, id=2256, stack(0x0000009e5c700000,0x0000009e5c800000)]
  0x000001f8085cb330 JavaThread "Daemon client event forwarder" [_thread_blocked, id=4068, stack(0x0000009e5c800000,0x0000009e5c900000)]
  0x000001f8085ca400 JavaThread "Cache worker for journal cache (C:\Users\spere\.gradle\caches\journal-1)" [_thread_blocked, id=12640, stack(0x0000009e5c900000,0x0000009e5ca00000)]
  0x000001f8085c85a0 JavaThread "File lock request listener" [_thread_in_native, id=10524, stack(0x0000009e5ca00000,0x0000009e5cb00000)]
  0x000001f8085ca910 JavaThread "Cache worker for file hash cache (C:\Users\spere\.gradle\caches\8.10.2\fileHashes)" [_thread_blocked, id=18540, stack(0x0000009e5cb00000,0x0000009e5cc00000)]
  0x000001f8085cb840 JavaThread "Cache worker for file hash cache (C:\Users\spere\android-game-perf-tool-desktop\.gradle\8.10.2\fileHashes)" [_thread_blocked, id=4976, stack(0x0000009e5cc00000,0x0000009e5cd00000)]
  0x000001f80aa1a440 JavaThread "Cache worker for Build Output Cleanup Cache (C:\Users\spere\android-game-perf-tool-desktop\.gradle\buildOutputCleanup)" [_thread_blocked, id=18764, stack(0x0000009e5cd00000,0x0000009e5ce00000)]
  0x000001f80aa1ccc0 JavaThread "File watcher server" daemon [_thread_in_native, id=8008, stack(0x0000009e5ce00000,0x0000009e5cf00000)]
  0x000001f80aa19510 JavaThread "File watcher consumer" daemon [_thread_blocked, id=7996, stack(0x0000009e5cf00000,0x0000009e5d000000)]
  0x000001f80aa1c2a0 JavaThread "Cache worker for checksums cache (C:\Users\spere\android-game-perf-tool-desktop\.gradle\8.10.2\checksums)" [_thread_blocked, id=14716, stack(0x0000009e5d000000,0x0000009e5d100000)]
  0x000001f80aa19a20 JavaThread "Cache worker for file content cache (C:\Users\spere\.gradle\caches\8.10.2\fileContent)" [_thread_blocked, id=14720, stack(0x0000009e5d100000,0x0000009e5d200000)]
  0x000001f80aa1d6e0 JavaThread "Cache worker for cache directory md-rule (C:\Users\spere\.gradle\caches\8.10.2\md-rule)" [_thread_blocked, id=15972, stack(0x0000009e5d200000,0x0000009e5d300000)]
  0x000001f80aa1c7b0 JavaThread "Cache worker for cache directory md-supplier (C:\Users\spere\.gradle\caches\8.10.2\md-supplier)" [_thread_blocked, id=6576, stack(0x0000009e5d300000,0x0000009e5d400000)]
  0x000001f80aa19f30 JavaThread "Unconstrained build operations" [_thread_blocked, id=18168, stack(0x0000009e5d400000,0x0000009e5d500000)]
  0x000001f80aa1dbf0 JavaThread "Unconstrained build operations Thread 2" [_thread_blocked, id=18192, stack(0x0000009e5d500000,0x0000009e5d600000)]
  0x000001f80aa1e100 JavaThread "Unconstrained build operations Thread 3" [_thread_blocked, id=11768, stack(0x0000009e5d600000,0x0000009e5d700000)]
  0x000001f80aa1b370 JavaThread "Unconstrained build operations Thread 4" [_thread_blocked, id=18844, stack(0x0000009e5d700000,0x0000009e5d800000)]
  0x000001f80aa1b880 JavaThread "Unconstrained build operations Thread 5" [_thread_blocked, id=19260, stack(0x0000009e5d800000,0x0000009e5d900000)]
  0x000001f80aa1e610 JavaThread "Unconstrained build operations Thread 6" [_thread_blocked, id=15948, stack(0x0000009e5d900000,0x0000009e5da00000)]
  0x000001f80aa1f540 JavaThread "Unconstrained build operations Thread 7" [_thread_blocked, id=18340, stack(0x0000009e5da00000,0x0000009e5db00000)]
  0x000001f80aa1fa50 JavaThread "Unconstrained build operations Thread 8" [_thread_blocked, id=11632, stack(0x0000009e5db00000,0x0000009e5dc00000)]
  0x000001f80aa1ff60 JavaThread "Unconstrained build operations Thread 9" [_thread_blocked, id=2692, stack(0x0000009e5dc00000,0x0000009e5dd00000)]
  0x000001f80aa1f030 JavaThread "build event listener" [_thread_blocked, id=16532, stack(0x0000009e5dd00000,0x0000009e5de00000)]
  0x000001f80aa20470 JavaThread "Memory manager" [_thread_blocked, id=7820, stack(0x0000009e5de00000,0x0000009e5df00000)]
  0x000001f80aa20e90 JavaThread "build event listener" [_thread_blocked, id=12932, stack(0x0000009e5df00000,0x0000009e5e000000)]
  0x000001f80b417990 JavaThread "build event listener" [_thread_blocked, id=16172, stack(0x0000009e5e000000,0x0000009e5e100000)]
  0x000001f80b415110 JavaThread "ForkJoinPool.commonPool-worker-1" daemon [_thread_blocked, id=6840, stack(0x0000009e5e100000,0x0000009e5e200000)]
  0x000001f80b417ea0 JavaThread "ForkJoinPool.commonPool-worker-2" daemon [_thread_blocked, id=6800, stack(0x0000009e5e200000,0x0000009e5e300000)]
  0x000001f80b416040 JavaThread "included builds" [_thread_blocked, id=16452, stack(0x0000009e5e400000,0x0000009e5e500000)]
  0x000001f80b4188c0 JavaThread "Execution worker" [_thread_blocked, id=10372, stack(0x0000009e5e500000,0x0000009e5e600000)]
  0x000001f80b418dd0 JavaThread "Execution worker Thread 2" [_thread_blocked, id=12436, stack(0x0000009e5e600000,0x0000009e5e700000)]
  0x000001f80b415620 JavaThread "Execution worker Thread 3" [_thread_blocked, id=19352, stack(0x0000009e5e700000,0x0000009e5e800000)]
  0x000001f80b415b30 JavaThread "Cache worker for execution history cache (C:\Users\spere\android-game-perf-tool-desktop\.gradle\8.10.2\executionHistory)" [_thread_blocked, id=1880, stack(0x0000009e5e800000,0x0000009e5e900000)]
  0x000001f80b4192e0 JavaThread "Unconstrained build operations Thread 10" [_thread_blocked, id=10920, stack(0x0000009e5e900000,0x0000009e5ea00000)]
  0x000001f80b4197f0 JavaThread "Unconstrained build operations Thread 11" [_thread_blocked, id=6292, stack(0x0000009e5ea00000,0x0000009e5eb00000)]
  0x000001f80b419d00 JavaThread "Unconstrained build operations Thread 12" [_thread_blocked, id=8292, stack(0x0000009e5eb00000,0x0000009e5ec00000)]
  0x000001f80b416550 JavaThread "Unconstrained build operations Thread 13" [_thread_blocked, id=9756, stack(0x0000009e5ec00000,0x0000009e5ed00000)]
  0x000001f80b41a210 JavaThread "Unconstrained build operations Thread 14" [_thread_blocked, id=13788, stack(0x0000009e5ed00000,0x0000009e5ee00000)]
  0x000001f80b41a720 JavaThread "Unconstrained build operations Thread 15" [_thread_blocked, id=11036, stack(0x0000009e5ee00000,0x0000009e5ef00000)]
  0x000001f80b416f70 JavaThread "Unconstrained build operations Thread 16" [_thread_blocked, id=10496, stack(0x0000009e5ef00000,0x0000009e5f000000)]
  0x000001f80b41ac30 JavaThread "Unconstrained build operations Thread 17" [_thread_blocked, id=17800, stack(0x0000009e5f000000,0x0000009e5f100000)]
  0x000001f80b41b140 JavaThread "Unconstrained build operations Thread 18" [_thread_blocked, id=16508, stack(0x0000009e5f100000,0x0000009e5f200000)]
  0x000001f80b41b650 JavaThread "Unconstrained build operations Thread 19" [_thread_blocked, id=4164, stack(0x0000009e5f200000,0x0000009e5f300000)]
  0x000001f80b41bb60 JavaThread "Unconstrained build operations Thread 20" [_thread_blocked, id=9788, stack(0x0000009e5f300000,0x0000009e5f400000)]
  0x000001f80b41c070 JavaThread "Unconstrained build operations Thread 21" [_thread_blocked, id=19328, stack(0x0000009e5f400000,0x0000009e5f500000)]
  0x000001f80b41c580 JavaThread "Unconstrained build operations Thread 22" [_thread_blocked, id=6824, stack(0x0000009e5f500000,0x0000009e5f600000)]
  0x000001f80b2ef9a0 JavaThread "WorkerExecutor Queue" [_thread_in_Java, id=16888, stack(0x0000009e5f600000,0x0000009e5f700000)]
  0x000001f80b2ef490 JavaThread "RMI Scheduler(0)" daemon [_thread_blocked, id=14996, stack(0x0000009e5fa00000,0x0000009e5fb00000)]
  0x000001f80b2ee050 JavaThread "RMI RenewClean-[127.0.0.1:17198,org.jetbrains.kotlin.daemon.common.LoopbackNetworkInterface$ClientLoopbackSocketFactory@33a221c8]" daemon [_thread_blocked, id=17600, stack(0x0000009e5fb00000,0x0000009e5fc00000)]
  0x000001f80b2ec1f0 JavaThread "RMI GC Daemon" daemon [_thread_blocked, id=3900, stack(0x0000009e5fc00000,0x0000009e5fd00000)]
  0x000001f80b2eef80 JavaThread "RMI TCP Accept-0" daemon [_thread_in_native, id=16208, stack(0x0000009e5fd00000,0x0000009e5fe00000)]
  0x000001f80b2ee560 JavaThread "RMI Reaper" [_thread_blocked, id=12496, stack(0x0000009e5fe00000,0x0000009e5ff00000)]
  0x000001f80b2efeb0 JavaThread "RMI TCP Connection(idle)" daemon [_thread_blocked, id=17912, stack(0x0000009e5ff00000,0x0000009e60000000)]

Other Threads:
  0x000001f7c2fd94d0 VMThread "VM Thread" [stack: 0x0000009e5ad00000,0x0000009e5ae00000] [id=17368]
  0x000001f7a5371630 WatcherThread [stack: 0x0000009e5b900000,0x0000009e5ba00000] [id=6080]
  0x000001f7a53cdb00 GCTaskThread "GC Thread#0" [stack: 0x0000009e5a800000,0x0000009e5a900000] [id=14508]
  0x000001f80843fc20 GCTaskThread "GC Thread#1" [stack: 0x0000009e5ba00000,0x0000009e5bb00000] [id=14228]
  0x000001f80843fee0 GCTaskThread "GC Thread#2" [stack: 0x0000009e5bb00000,0x0000009e5bc00000] [id=16916]
  0x000001f8085e0da0 GCTaskThread "GC Thread#3" [stack: 0x0000009e5bc00000,0x0000009e5bd00000] [id=14992]
  0x000001f7a53df630 ConcurrentGCThread "G1 Main Marker" [stack: 0x0000009e5a900000,0x0000009e5aa00000] [id=7116]
  0x000001f7a53e0700 ConcurrentGCThread "G1 Conc#0" [stack: 0x0000009e5aa00000,0x0000009e5ab00000] [id=8964]
  0x000001f7c2e905d0 ConcurrentGCThread "G1 Refine#0" [stack: 0x0000009e5ab00000,0x0000009e5ac00000] [id=4584]
  0x000001f808d2ec30 ConcurrentGCThread "G1 Refine#1" [stack: 0x0000009e5be00000,0x0000009e5bf00000] [id=15264]
  0x000001f7c2e92cd0 ConcurrentGCThread "G1 Service" [stack: 0x0000009e5ac00000,0x0000009e5ad00000] [id=15880]

Threads with active compile tasks:
C2 CompilerThread0  88775 9628 %     4       org.gradle.internal.logging.text.AbstractLineChoppingStyledTextOutput::doAppend @ 10 (43 bytes)

VM state: not at safepoint (normal execution)

VM Mutex/Monitor currently owned by a thread: None

Heap address: 0x0000000080000000, size: 2048 MB, Compressed Oops mode: 32-bit

CDS archive(s) mapped at: [0x000001f7c3000000-0x000001f7c3bb0000-0x000001f7c3bb0000), size 12255232, SharedBaseAddress: 0x000001f7c3000000, ArchiveRelocationMode: 1.
Compressed class space mapped at: 0x000001f7c4000000-0x000001f804000000, reserved size: 1073741824
Narrow klass base: 0x000001f7c3000000, Narrow klass shift: 0, Narrow klass range: 0x100000000

GC Precious Log:
 CPUs: 4 total, 4 available
 Memory: 16348M
 Large Page Support: Disabled
 NUMA Support: Disabled
 Compressed Oops: Enabled (32-bit)
 Heap Region Size: 1M
 Heap Min Capacity: 8M
 Heap Initial Capacity: 256M
 Heap Max Capacity: 2G
 Pre-touch: Disabled
 Parallel Workers: 4
 Concurrent Workers: 1
 Concurrent Refinement Workers: 4
 Periodic GC: Disabled

Heap:
 garbage-first heap   total 115712K, used 79475K [0x0000000080000000, 0x0000000100000000)
  region size 1024K, 13 young (13312K), 3 survivors (3072K)
 Metaspace       used 71394K, committed 72064K, reserved 1114112K
  class space    used 10268K, committed 10624K, reserved 1048576K

Heap Regions: E=young(eden), S=young(survivor), O=old, HS=humongous(starts), HC=humongous(continues), CS=collection set, F=free, OA=open archive, CA=closed archive, TAMS=top-at-mark-start (previous, next)
|   0|0x0000000080000000, 0x0000000080100000, 0x0000000080100000|100%|HS|  |TAMS 0x0000000080100000, 0x0000000080000000| Complete 
|   1|0x0000000080100000, 0x0000000080200000, 0x0000000080200000|100%|HC|  |TAMS 0x0000000080200000, 0x0000000080100000| Complete 
|   2|0x0000000080200000, 0x0000000080300000, 0x0000000080300000|100%|HC|  |TAMS 0x0000000080300000, 0x0000000080200000| Complete 
|   3|0x0000000080300000, 0x0000000080400000, 0x0000000080400000|100%|HC|  |TAMS 0x0000000080400000, 0x0000000080300000| Complete 
|   4|0x0000000080400000, 0x0000000080500000, 0x0000000080500000|100%| O|  |TAMS 0x0000000080500000, 0x0000000080400000| Untracked 
|   5|0x0000000080500000, 0x0000000080600000, 0x0000000080600000|100%| O|  |TAMS 0x0000000080600000, 0x0000000080500000| Untracked 
|   6|0x0000000080600000, 0x0000000080700000, 0x0000000080700000|100%| O|  |TAMS 0x0000000080700000, 0x0000000080600000| Untracked 
|   7|0x0000000080700000, 0x0000000080800000, 0x0000000080800000|100%| O|  |TAMS 0x0000000080800000, 0x0000000080700000| Untracked 
|   8|0x0000000080800000, 0x0000000080900000, 0x0000000080900000|100%|HS|  |TAMS 0x0000000080900000, 0x0000000080800000| Complete 
|   9|0x0000000080900000, 0x0000000080a00000, 0x0000000080a00000|100%| O|  |TAMS 0x0000000080a00000, 0x0000000080900000| Untracked 
|  10|0x0000000080a00000, 0x0000000080b00000, 0x0000000080b00000|100%| O|  |TAMS 0x0000000080b00000, 0x0000000080a00000| Untracked 
|  11|0x0000000080b00000, 0x0000000080c00000, 0x0000000080c00000|100%| O|  |TAMS 0x0000000080c00000, 0x0000000080b00000| Untracked 
|  12|0x0000000080c00000, 0x0000000080d00000, 0x0000000080d00000|100%| O|  |TAMS 0x0000000080d00000, 0x0000000080c00000| Untracked 
|  13|0x0000000080d00000, 0x0000000080e00000, 0x0000000080e00000|100%| O|  |TAMS 0x0000000080e00000, 0x0000000080d00000| Untracked 
|  14|0x0000000080e00000, 0x0000000080f00000, 0x0000000080f00000|100%| O|  |TAMS 0x0000000080f00000, 0x0000000080e00000| Untracked 
|  15|0x0000000080f00000, 0x0000000081000000, 0x0000000081000000|100%| O|  |TAMS 0x0000000081000000, 0x0000000080f00000| Untracked 
|  16|0x0000000081000000, 0x0000000081100000, 0x0000000081100000|100%| O|  |TAMS 0x0000000081100000, 0x0000000081000000| Untracked 
|  17|0x0000000081100000, 0x0000000081200000, 0x0000000081200000|100%| O|  |TAMS 0x0000000081200000, 0x0000000081100000| Untracked 
|  18|0x0000000081200000, 0x0000000081300000, 0x0000000081300000|100%| O|  |TAMS 0x0000000081300000, 0x0000000081200000| Untracked 
|  19|0x0000000081300000, 0x0000000081400000, 0x0000000081400000|100%| O|  |TAMS 0x0000000081400000, 0x0000000081300000| Untracked 
|  20|0x0000000081400000, 0x0000000081500000, 0x0000000081500000|100%| O|  |TAMS 0x0000000081500000, 0x0000000081400000| Untracked 
|  21|0x0000000081500000, 0x0000000081600000, 0x0000000081600000|100%| O|  |TAMS 0x0000000081600000, 0x0000000081500000| Untracked 
|  22|0x0000000081600000, 0x0000000081700000, 0x0000000081700000|100%| O|  |TAMS 0x0000000081700000, 0x0000000081600000| Untracked 
|  23|0x0000000081700000, 0x0000000081800000, 0x0000000081800000|100%| O|  |TAMS 0x0000000081800000, 0x0000000081700000| Untracked 
|  24|0x0000000081800000, 0x0000000081900000, 0x0000000081900000|100%| O|  |TAMS 0x0000000081900000, 0x0000000081800000| Untracked 
|  25|0x0000000081900000, 0x0000000081a00000, 0x0000000081a00000|100%| O|  |TAMS 0x0000000081a00000, 0x0000000081900000| Untracked 
|  26|0x0000000081a00000, 0x0000000081b00000, 0x0000000081b00000|100%| O|  |TAMS 0x0000000081b00000, 0x0000000081a00000| Untracked 
|  27|0x0000000081b00000, 0x0000000081c00000, 0x0000000081c00000|100%| O|  |TAMS 0x0000000081c00000, 0x0000000081b00000| Untracked 
|  28|0x0000000081c00000, 0x0000000081d00000, 0x0000000081d00000|100%| O|  |TAMS 0x0000000081d00000, 0x0000000081c00000| Untracked 
|  29|0x0000000081d00000, 0x0000000081e00000, 0x0000000081e00000|100%| O|  |TAMS 0x0000000081e00000, 0x0000000081d00000| Untracked 
|  30|0x0000000081e00000, 0x0000000081f00000, 0x0000000081f00000|100%| O|  |TAMS 0x0000000081f00000, 0x0000000081e00000| Untracked 
|  31|0x0000000081f00000, 0x0000000082000000, 0x0000000082000000|100%|HS|  |TAMS 0x0000000082000000, 0x0000000081f00000| Complete 
|  32|0x0000000082000000, 0x0000000082100000, 0x0000000082100000|100%|HC|  |TAMS 0x0000000082100000, 0x0000000082000000| Complete 
|  33|0x0000000082100000, 0x0000000082200000, 0x0000000082200000|100%|HS|  |TAMS 0x0000000082200000, 0x0000000082100000| Complete 
|  34|0x0000000082200000, 0x0000000082300000, 0x0000000082300000|100%|HC|  |TAMS 0x0000000082300000, 0x0000000082200000| Complete 
|  35|0x0000000082300000, 0x0000000082400000, 0x0000000082400000|100%|HS|  |TAMS 0x0000000082400000, 0x0000000082300000| Complete 
|  36|0x0000000082400000, 0x0000000082500000, 0x0000000082500000|100%|HC|  |TAMS 0x0000000082500000, 0x0000000082400000| Complete 
|  37|0x0000000082500000, 0x0000000082600000, 0x0000000082600000|100%|HC|  |TAMS 0x0000000082600000, 0x0000000082500000| Complete 
|  38|0x0000000082600000, 0x0000000082700000, 0x0000000082700000|100%|HC|  |TAMS 0x0000000082700000, 0x0000000082600000| Complete 
|  39|0x0000000082700000, 0x0000000082800000, 0x0000000082800000|100%| O|  |TAMS 0x0000000082800000, 0x0000000082700000| Untracked 
|  40|0x0000000082800000, 0x0000000082900000, 0x0000000082900000|100%| O|  |TAMS 0x0000000082900000, 0x0000000082800000| Untracked 
|  41|0x0000000082900000, 0x0000000082a00000, 0x0000000082a00000|100%| O|  |TAMS 0x0000000082a00000, 0x0000000082900000| Untracked 
|  42|0x0000000082a00000, 0x0000000082b00000, 0x0000000082b00000|100%| O|  |TAMS 0x0000000082b00000, 0x0000000082a00000| Untracked 
|  43|0x0000000082b00000, 0x0000000082c00000, 0x0000000082c00000|100%|HS|  |TAMS 0x0000000082c00000, 0x0000000082b00000| Complete 
|  44|0x0000000082c00000, 0x0000000082d00000, 0x0000000082d00000|100%|HC|  |TAMS 0x0000000082d00000, 0x0000000082c00000| Complete 
|  45|0x0000000082d00000, 0x0000000082e00000, 0x0000000082e00000|100%|HC|  |TAMS 0x0000000082e00000, 0x0000000082d00000| Complete 
|  46|0x0000000082e00000, 0x0000000082f00000, 0x0000000082f00000|100%|HC|  |TAMS 0x0000000082f00000, 0x0000000082e00000| Complete 
|  47|0x0000000082f00000, 0x0000000083000000, 0x0000000083000000|100%| O|  |TAMS 0x0000000083000000, 0x0000000082f00000| Untracked 
|  48|0x0000000083000000, 0x0000000083100000, 0x0000000083100000|100%| O|  |TAMS 0x0000000083100000, 0x0000000083000000| Untracked 
|  49|0x0000000083100000, 0x0000000083200000, 0x0000000083200000|100%| O|  |TAMS 0x0000000083200000, 0x0000000083100000| Untracked 
|  50|0x0000000083200000, 0x0000000083300000, 0x0000000083300000|100%| O|  |TAMS 0x0000000083300000, 0x0000000083200000| Untracked 
|  51|0x0000000083300000, 0x0000000083400000, 0x0000000083400000|100%| O|  |TAMS 0x0000000083300000, 0x0000000083300000| Untracked 
|  52|0x0000000083400000, 0x0000000083500000, 0x0000000083500000|100%| O|  |TAMS 0x0000000083500000, 0x0000000083400000| Untracked 
|  53|0x0000000083500000, 0x0000000083600000, 0x0000000083600000|100%| O|  |TAMS 0x0000000083600000, 0x0000000083500000| Untracked 
|  54|0x0000000083600000, 0x0000000083700000, 0x0000000083700000|100%| O|  |TAMS 0x0000000083700000, 0x0000000083600000| Untracked 
|  55|0x0000000083700000, 0x0000000083800000, 0x0000000083800000|100%| O|  |TAMS 0x0000000083800000, 0x0000000083700000| Untracked 
|  56|0x0000000083800000, 0x0000000083900000, 0x0000000083900000|100%| O|  |TAMS 0x0000000083900000, 0x0000000083800000| Untracked 
|  57|0x0000000083900000, 0x0000000083a00000, 0x0000000083a00000|100%| O|  |TAMS 0x0000000083a00000, 0x0000000083900000| Untracked 
|  58|0x0000000083a00000, 0x0000000083b00000, 0x0000000083b00000|100%| O|  |TAMS 0x0000000083b00000, 0x0000000083a00000| Untracked 
|  59|0x0000000083b00000, 0x0000000083c00000, 0x0000000083c00000|100%| O|  |TAMS 0x0000000083b4a008, 0x0000000083b00000| Untracked 
|  60|0x0000000083c00000, 0x0000000083d00000, 0x0000000083d00000|100%| O|  |TAMS 0x0000000083c00000, 0x0000000083c00000| Untracked 
|  61|0x0000000083d00000, 0x0000000083e00000, 0x0000000083e00000|100%| O|  |TAMS 0x0000000083d00000, 0x0000000083d00000| Untracked 
|  62|0x0000000083e00000, 0x0000000083f00000, 0x0000000083f00000|100%| O|  |TAMS 0x0000000083e00000, 0x0000000083e00000| Untracked 
|  63|0x0000000083f00000, 0x0000000084000000, 0x0000000084000000|100%| O|  |TAMS 0x0000000083f00000, 0x0000000083f00000| Untracked 
|  64|0x0000000084000000, 0x0000000084100000, 0x0000000084100000|100%| O|  |TAMS 0x0000000084000000, 0x0000000084000000| Untracked 
|  65|0x0000000084100000, 0x000000008419cc00, 0x0000000084200000| 61%| O|  |TAMS 0x0000000084100000, 0x0000000084100000| Untracked 
|  66|0x0000000084200000, 0x0000000084200000, 0x0000000084300000|  0%| F|  |TAMS 0x0000000084200000, 0x0000000084200000| Untracked 
|  67|0x0000000084300000, 0x0000000084300000, 0x0000000084400000|  0%| F|  |TAMS 0x0000000084300000, 0x0000000084300000| Untracked 
|  68|0x0000000084400000, 0x0000000084400000, 0x0000000084500000|  0%| F|  |TAMS 0x0000000084400000, 0x0000000084400000| Untracked 
|  69|0x0000000084500000, 0x0000000084500000, 0x0000000084600000|  0%| F|  |TAMS 0x0000000084500000, 0x0000000084500000| Untracked 
|  70|0x0000000084600000, 0x0000000084600000, 0x0000000084700000|  0%| F|  |TAMS 0x0000000084600000, 0x0000000084600000| Untracked 
|  71|0x0000000084700000, 0x0000000084700000, 0x0000000084800000|  0%| F|  |TAMS 0x0000000084700000, 0x0000000084700000| Untracked 
|  72|0x0000000084800000, 0x0000000084800000, 0x0000000084900000|  0%| F|  |TAMS 0x0000000084800000, 0x0000000084800000| Untracked 
|  73|0x0000000084900000, 0x0000000084900000, 0x0000000084a00000|  0%| F|  |TAMS 0x0000000084900000, 0x0000000084900000| Untracked 
|  74|0x0000000084a00000, 0x0000000084a00000, 0x0000000084b00000|  0%| F|  |TAMS 0x0000000084a00000, 0x0000000084a00000| Untracked 
|  75|0x0000000084b00000, 0x0000000084b00000, 0x0000000084c00000|  0%| F|  |TAMS 0x0000000084b00000, 0x0000000084b00000| Untracked 
|  76|0x0000000084c00000, 0x0000000084c00000, 0x0000000084d00000|  0%| F|  |TAMS 0x0000000084c00000, 0x0000000084c00000| Untracked 
|  77|0x0000000084d00000, 0x0000000084d00000, 0x0000000084e00000|  0%| F|  |TAMS 0x0000000084d00000, 0x0000000084d00000| Untracked 
|  78|0x0000000084e00000, 0x0000000084e00000, 0x0000000084f00000|  0%| F|  |TAMS 0x0000000084e00000, 0x0000000084e00000| Untracked 
|  79|0x0000000084f00000, 0x0000000084f00000, 0x0000000085000000|  0%| F|  |TAMS 0x0000000084f00000, 0x0000000084f00000| Untracked 
|  80|0x0000000085000000, 0x0000000085000000, 0x0000000085100000|  0%| F|  |TAMS 0x0000000085000000, 0x0000000085000000| Untracked 
|  81|0x0000000085100000, 0x0000000085100000, 0x0000000085200000|  0%| F|  |TAMS 0x0000000085100000, 0x0000000085100000| Untracked 
|  82|0x0000000085200000, 0x0000000085200000, 0x0000000085300000|  0%| F|  |TAMS 0x0000000085200000, 0x0000000085200000| Untracked 
|  83|0x0000000085300000, 0x0000000085400000, 0x0000000085400000|100%| S|CS|TAMS 0x0000000085300000, 0x0000000085300000| Complete 
|  84|0x0000000085400000, 0x0000000085500000, 0x0000000085500000|100%| S|CS|TAMS 0x0000000085400000, 0x0000000085400000| Complete 
|  85|0x0000000085500000, 0x0000000085600000, 0x0000000085600000|100%| S|CS|TAMS 0x0000000085500000, 0x0000000085500000| Complete 
|  86|0x0000000085600000, 0x0000000085600000, 0x0000000085700000|  0%| F|  |TAMS 0x0000000085600000, 0x0000000085600000| Untracked 
|  87|0x0000000085700000, 0x0000000085700000, 0x0000000085800000|  0%| F|  |TAMS 0x0000000085700000, 0x0000000085700000| Untracked 
|  88|0x0000000085800000, 0x0000000085800000, 0x0000000085900000|  0%| F|  |TAMS 0x0000000085800000, 0x0000000085800000| Untracked 
|  89|0x0000000085900000, 0x0000000085900000, 0x0000000085a00000|  0%| F|  |TAMS 0x0000000085900000, 0x0000000085900000| Untracked 
|  90|0x0000000085a00000, 0x0000000085a00000, 0x0000000085b00000|  0%| F|  |TAMS 0x0000000085a00000, 0x0000000085a00000| Untracked 
|  91|0x0000000085b00000, 0x0000000085b00000, 0x0000000085c00000|  0%| F|  |TAMS 0x0000000085b00000, 0x0000000085b00000| Untracked 
|  92|0x0000000085c00000, 0x0000000085c00000, 0x0000000085d00000|  0%| F|  |TAMS 0x0000000085c00000, 0x0000000085c00000| Untracked 
|  93|0x0000000085d00000, 0x0000000085d00000, 0x0000000085e00000|  0%| F|  |TAMS 0x0000000085d00000, 0x0000000085d00000| Untracked 
|  94|0x0000000085e00000, 0x0000000085e00000, 0x0000000085f00000|  0%| F|  |TAMS 0x0000000085e00000, 0x0000000085e00000| Untracked 
|  95|0x0000000085f00000, 0x0000000085f00000, 0x0000000086000000|  0%| F|  |TAMS 0x0000000085f00000, 0x0000000085f00000| Untracked 
|  96|0x0000000086000000, 0x0000000086000000, 0x0000000086100000|  0%| F|  |TAMS 0x0000000086000000, 0x0000000086000000| Untracked 
|  97|0x0000000086100000, 0x0000000086100000, 0x0000000086200000|  0%| F|  |TAMS 0x0000000086100000, 0x0000000086100000| Untracked 
|  98|0x0000000086200000, 0x0000000086200000, 0x0000000086300000|  0%| F|  |TAMS 0x0000000086200000, 0x0000000086200000| Untracked 
|  99|0x0000000086300000, 0x0000000086300000, 0x0000000086400000|  0%| F|  |TAMS 0x0000000086300000, 0x0000000086300000| Untracked 
| 100|0x0000000086400000, 0x0000000086400000, 0x0000000086500000|  0%| F|  |TAMS 0x0000000086400000, 0x0000000086400000| Untracked 
| 101|0x0000000086500000, 0x0000000086500000, 0x0000000086600000|  0%| F|  |TAMS 0x0000000086500000, 0x0000000086500000| Untracked 
| 102|0x0000000086600000, 0x0000000086600000, 0x0000000086700000|  0%| F|  |TAMS 0x0000000086600000, 0x0000000086600000| Untracked 
| 103|0x0000000086700000, 0x00000000867dcb40, 0x0000000086800000| 86%| E|  |TAMS 0x0000000086700000, 0x0000000086700000| Complete 
| 104|0x0000000086800000, 0x0000000086900000, 0x0000000086900000|100%| E|CS|TAMS 0x0000000086800000, 0x0000000086800000| Complete 
| 105|0x0000000086900000, 0x0000000086a00000, 0x0000000086a00000|100%| E|CS|TAMS 0x0000000086900000, 0x0000000086900000| Complete 
| 106|0x0000000086a00000, 0x0000000086b00000, 0x0000000086b00000|100%| E|CS|TAMS 0x0000000086a00000, 0x0000000086a00000| Complete 
| 107|0x0000000086b00000, 0x0000000086c00000, 0x0000000086c00000|100%| E|CS|TAMS 0x0000000086b00000, 0x0000000086b00000| Complete 
| 108|0x0000000086c00000, 0x0000000086d00000, 0x0000000086d00000|100%| E|CS|TAMS 0x0000000086c00000, 0x0000000086c00000| Complete 
| 109|0x0000000086d00000, 0x0000000086e00000, 0x0000000086e00000|100%| E|CS|TAMS 0x0000000086d00000, 0x0000000086d00000| Complete 
| 235|0x000000008eb00000, 0x000000008ec00000, 0x000000008ec00000|100%| E|CS|TAMS 0x000000008eb00000, 0x000000008eb00000| Complete 
| 236|0x000000008ec00000, 0x000000008ed00000, 0x000000008ed00000|100%| E|CS|TAMS 0x000000008ec00000, 0x000000008ec00000| Complete 
| 255|0x000000008ff00000, 0x0000000090000000, 0x0000000090000000|100%| E|CS|TAMS 0x000000008ff00000, 0x000000008ff00000| Complete 

Card table byte_map: [0x000001f7bc2d0000,0x000001f7bc6d0000] _byte_map_base: 0x000001f7bbed0000

Marking Bits (Prev, Next): (CMBitMap*) 0x000001f7a53ce030, (CMBitMap*) 0x000001f7a53ce070
 Prev Bits: [0x000001f7bcad0000, 0x000001f7bead0000)
 Next Bits: [0x000001f7bead0000, 0x000001f7c0ad0000)

Polling page: 0x000001f7a36c0000

Metaspace:

Usage:
  Non-class:     59.70 MB used.
      Class:     10.03 MB used.
       Both:     69.73 MB used.

Virtual space:
  Non-class space:       64.00 MB reserved,      60.06 MB ( 94%) committed,  1 nodes.
      Class space:        1.00 GB reserved,      10.38 MB (  1%) committed,  1 nodes.
             Both:        1.06 GB reserved,      70.44 MB (  6%) committed. 

Chunk freelists:
   Non-Class:  3.55 MB
       Class:  5.44 MB
        Both:  8.99 MB

MaxMetaspaceSize: unlimited
CompressedClassSpaceSize: 1.00 GB
Initial GC threshold: 21.00 MB
Current GC threshold: 105.94 MB
CDS: on
MetaspaceReclaimPolicy: balanced
 - commit_granule_bytes: 65536.
 - commit_granule_words: 8192.
 - virtual_space_node_default_size: 8388608.
 - enlarge_chunks_in_place: 1.
 - new_chunks_are_fully_committed: 0.
 - uncommit_free_chunks: 1.
 - use_allocation_guard: 0.
 - handle_deallocations: 1.


Internal statistics:

num_allocs_failed_limit: 6.
num_arena_births: 980.
num_arena_deaths: 0.
num_vsnodes_births: 2.
num_vsnodes_deaths: 0.
num_space_committed: 1127.
num_space_uncommitted: 0.
num_chunks_returned_to_freelist: 6.
num_chunks_taken_from_freelist: 4075.
num_chunk_merges: 6.
num_chunk_splits: 2581.
num_chunks_enlarged: 1630.
num_inconsistent_stats: 0.

CodeHeap 'non-profiled nmethods': size=120000Kb used=5152Kb max_used=5152Kb free=114847Kb
 bounds [0x000001f7b49a0000, 0x000001f7b4eb0000, 0x000001f7bbed0000]
CodeHeap 'profiled nmethods': size=120000Kb used=16967Kb max_used=16967Kb free=103032Kb
 bounds [0x000001f7aced0000, 0x000001f7adf70000, 0x000001f7b4400000]
CodeHeap 'non-nmethods': size=5760Kb used=1703Kb max_used=1747Kb free=4056Kb
 bounds [0x000001f7b4400000, 0x000001f7b4670000, 0x000001f7b49a0000]
 total_blobs=9627 nmethods=8835 adapters=704
 compilation: enabled
              stopped_count=0, restarted_count=0
 full_count=0

Compilation events (20 events):
Event: 88.657 Thread 0x000001f808199ca0 nmethod 9618 0x000001f7b4ea7090 code [0x000001f7b4ea7220, 0x000001f7b4ea72f8]
Event: 88.702 Thread 0x000001f808199ca0 9619       3       org.gradle.internal.watch.vfs.impl.WatchingVirtualFileSystem$$Lambda$546/0x000001f7c44c1030::get (12 bytes)
Event: 88.702 Thread 0x000001f808199ca0 nmethod 9619 0x000001f7adf5cf10 code [0x000001f7adf5d0c0, 0x000001f7adf5d308]
Event: 88.703 Thread 0x000001f808199ca0 9620       3       org.gradle.internal.watch.vfs.impl.WatchingVirtualFileSystem::lambda$withWatcherChangeErrorHandling$9 (8 bytes)
Event: 88.703 Thread 0x000001f808199ca0 nmethod 9620 0x000001f7adf5d410 code [0x000001f7adf5d5c0, 0x000001f7adf5d788]
Event: 88.703 Thread 0x000001f808199ca0 9621       3       org.gradle.internal.watch.vfs.impl.WatchingVirtualFileSystem$$Lambda$545/0x000001f7c44c0e10::run (16 bytes)
Event: 88.703 Thread 0x000001f8081356c0 9626       4       java.util.Optional::of (12 bytes)
Event: 88.703 Thread 0x000001f808199ca0 nmethod 9621 0x000001f7adf5d890 code [0x000001f7adf5daa0, 0x000001f7adf5e1d8]
Event: 88.703 Thread 0x000001f808199ca0 9622       3       org.gradle.internal.watch.vfs.impl.WatchingVirtualFileSystem::lambda$updateNotifyingListeners$1 (12 bytes)
Event: 88.704 Thread 0x000001f808199ca0 nmethod 9622 0x000001f7adf5e490 code [0x000001f7adf5e6a0, 0x000001f7adf5ecf8]
Event: 88.704 Thread 0x000001f808199ca0 9623       3       org.gradle.internal.watch.vfs.impl.WatchingVirtualFileSystem$$Lambda$547/0x000001f7c44c1448::<init> (15 bytes)
Event: 88.704 Thread 0x000001f808199ca0 nmethod 9623 0x000001f7adf5ef90 code [0x000001f7adf5f140, 0x000001f7adf5f358]
Event: 88.704 Thread 0x000001f808199ca0 9624       3       org.gradle.internal.watch.registry.impl.SnapshotCollectingDiffListener::publishSnapshotDiff (39 bytes)
Event: 88.704 Thread 0x000001f808199ca0 nmethod 9624 0x000001f7adf5f410 code [0x000001f7adf5f600, 0x000001f7adf5fc28]
Event: 88.704 Thread 0x000001f808199ca0 9625       1       org.gradle.internal.snapshot.AbstractListChildMap::isEmpty (2 bytes)
Event: 88.704 Thread 0x000001f808199ca0 nmethod 9625 0x000001f7b4ea7390 code [0x000001f7b4ea7520, 0x000001f7b4ea75f8]
Event: 88.704 Thread 0x000001f808199ca0 9627       1       org.gradle.internal.snapshot.AbstractListChildMap$1::getChildMap (5 bytes)
Event: 88.704 Thread 0x000001f808199ca0 nmethod 9627 0x000001f7b4ea7690 code [0x000001f7b4ea7820, 0x000001f7b4ea78f8]
Event: 88.704 Thread 0x000001f8081356c0 nmethod 9626 0x000001f7b4ea7990 code [0x000001f7b4ea7b20, 0x000001f7b4ea7c78]
Event: 88.725 Thread 0x000001f8081356c0 9628 %     4       org.gradle.internal.logging.text.AbstractLineChoppingStyledTextOutput::doAppend @ 10 (43 bytes)

GC Heap History (20 events):
Event: 10.111 GC heap before
{Heap before GC invocations=17 (full 0):
 garbage-first heap   total 89088K, used 73556K [0x0000000080000000, 0x0000000100000000)
  region size 1024K, 22 young (22528K), 3 survivors (3072K)
 Metaspace       used 54817K, committed 55360K, reserved 1114112K
  class space    used 7784K, committed 8064K, reserved 1048576K
}
Event: 10.113 GC heap after
{Heap after GC invocations=18 (full 0):
 garbage-first heap   total 89088K, used 55054K [0x0000000080000000, 0x0000000100000000)
  region size 1024K, 2 young (2048K), 2 survivors (2048K)
 Metaspace       used 54817K, committed 55360K, reserved 1114112K
  class space    used 7784K, committed 8064K, reserved 1048576K
}
Event: 10.447 GC heap before
{Heap before GC invocations=19 (full 0):
 garbage-first heap   total 96256K, used 73486K [0x0000000080000000, 0x0000000100000000)
  region size 1024K, 20 young (20480K), 2 survivors (2048K)
 Metaspace       used 56366K, committed 56896K, reserved 1114112K
  class space    used 8047K, committed 8320K, reserved 1048576K
}
Event: 10.450 GC heap after
{Heap after GC invocations=20 (full 0):
 garbage-first heap   total 96256K, used 55337K [0x0000000080000000, 0x0000000100000000)
  region size 1024K, 2 young (2048K), 2 survivors (2048K)
 Metaspace       used 56366K, committed 56896K, reserved 1114112K
  class space    used 8047K, committed 8320K, reserved 1048576K
}
Event: 10.471 GC heap before
{Heap before GC invocations=20 (full 0):
 garbage-first heap   total 96256K, used 57385K [0x0000000080000000, 0x0000000100000000)
  region size 1024K, 4 young (4096K), 2 survivors (2048K)
 Metaspace       used 56486K, committed 57024K, reserved 1114112K
  class space    used 8059K, committed 8320K, reserved 1048576K
}
Event: 10.474 GC heap after
{Heap after GC invocations=21 (full 0):
 garbage-first heap   total 115712K, used 55330K [0x0000000080000000, 0x0000000100000000)
  region size 1024K, 1 young (1024K), 1 survivors (1024K)
 Metaspace       used 56486K, committed 57024K, reserved 1114112K
  class space    used 8059K, committed 8320K, reserved 1048576K
}
Event: 10.988 GC heap before
{Heap before GC invocations=21 (full 0):
 garbage-first heap   total 115712K, used 92194K [0x0000000080000000, 0x0000000100000000)
  region size 1024K, 37 young (37888K), 1 survivors (1024K)
 Metaspace       used 58974K, committed 59584K, reserved 1114112K
  class space    used 8411K, committed 8704K, reserved 1048576K
}
Event: 10.990 GC heap after
{Heap after GC invocations=22 (full 0):
 garbage-first heap   total 115712K, used 57465K [0x0000000080000000, 0x0000000100000000)
  region size 1024K, 3 young (3072K), 3 survivors (3072K)
 Metaspace       used 58974K, committed 59584K, reserved 1114112K
  class space    used 8411K, committed 8704K, reserved 1048576K
}
Event: 11.660 GC heap before
{Heap before GC invocations=23 (full 0):
 garbage-first heap   total 115712K, used 92281K [0x0000000080000000, 0x0000000100000000)
  region size 1024K, 38 young (38912K), 3 survivors (3072K)
 Metaspace       used 61381K, committed 62016K, reserved 1114112K
  class space    used 8750K, committed 9024K, reserved 1048576K
}
Event: 11.664 GC heap after
{Heap after GC invocations=24 (full 0):
 garbage-first heap   total 115712K, used 60346K [0x0000000080000000, 0x0000000100000000)
  region size 1024K, 5 young (5120K), 5 survivors (5120K)
 Metaspace       used 61381K, committed 62016K, reserved 1114112K
  class space    used 8750K, committed 9024K, reserved 1048576K
}
Event: 11.681 GC heap before
{Heap before GC invocations=24 (full 0):
 garbage-first heap   total 115712K, used 61370K [0x0000000080000000, 0x0000000100000000)
  region size 1024K, 6 young (6144K), 5 survivors (5120K)
 Metaspace       used 61462K, committed 62080K, reserved 1114112K
  class space    used 8763K, committed 9024K, reserved 1048576K
}
Event: 11.686 GC heap after
{Heap after GC invocations=25 (full 0):
 garbage-first heap   total 115712K, used 60392K [0x0000000080000000, 0x0000000100000000)
  region size 1024K, 1 young (1024K), 1 survivors (1024K)
 Metaspace       used 61462K, committed 62080K, reserved 1114112K
  class space    used 8763K, committed 9024K, reserved 1048576K
}
Event: 12.386 GC heap before
{Heap before GC invocations=25 (full 0):
 garbage-first heap   total 115712K, used 93160K [0x0000000080000000, 0x0000000100000000)
  region size 1024K, 34 young (34816K), 1 survivors (1024K)
 Metaspace       used 64252K, committed 64896K, reserved 1114112K
  class space    used 9209K, committed 9536K, reserved 1048576K
}
Event: 12.388 GC heap after
{Heap after GC invocations=26 (full 0):
 garbage-first heap   total 115712K, used 61558K [0x0000000080000000, 0x0000000100000000)
  region size 1024K, 2 young (2048K), 2 survivors (2048K)
 Metaspace       used 64252K, committed 64896K, reserved 1114112K
  class space    used 9209K, committed 9536K, reserved 1048576K
}
Event: 13.047 GC heap before
{Heap before GC invocations=27 (full 0):
 garbage-first heap   total 115712K, used 93302K [0x0000000080000000, 0x0000000100000000)
  region size 1024K, 34 young (34816K), 2 survivors (2048K)
 Metaspace       used 66513K, committed 67200K, reserved 1114112K
  class space    used 9645K, committed 9984K, reserved 1048576K
}
Event: 13.052 GC heap after
{Heap after GC invocations=28 (full 0):
 garbage-first heap   total 115712K, used 64169K [0x0000000080000000, 0x0000000100000000)
  region size 1024K, 5 young (5120K), 5 survivors (5120K)
 Metaspace       used 66513K, committed 67200K, reserved 1114112K
  class space    used 9645K, committed 9984K, reserved 1048576K
}
Event: 13.677 GC heap before
{Heap before GC invocations=28 (full 0):
 garbage-first heap   total 115712K, used 93865K [0x0000000080000000, 0x0000000100000000)
  region size 1024K, 35 young (35840K), 5 survivors (5120K)
 Metaspace       used 67665K, committed 68416K, reserved 1114112K
  class space    used 9762K, committed 10112K, reserved 1048576K
}
Event: 13.683 GC heap after
{Heap after GC invocations=29 (full 0):
 garbage-first heap   total 115712K, used 67407K [0x0000000080000000, 0x0000000100000000)
  region size 1024K, 4 young (4096K), 4 survivors (4096K)
 Metaspace       used 67665K, committed 68416K, reserved 1114112K
  class space    used 9762K, committed 10112K, reserved 1048576K
}
Event: 15.004 GC heap before
{Heap before GC invocations=29 (full 0):
 garbage-first heap   total 115712K, used 94031K [0x0000000080000000, 0x0000000100000000)
  region size 1024K, 31 young (31744K), 4 survivors (4096K)
 Metaspace       used 70453K, committed 71168K, reserved 1114112K
  class space    used 10119K, committed 10496K, reserved 1048576K
}
Event: 15.010 GC heap after
{Heap after GC invocations=30 (full 0):
 garbage-first heap   total 115712K, used 70259K [0x0000000080000000, 0x0000000100000000)
  region size 1024K, 3 young (3072K), 3 survivors (3072K)
 Metaspace       used 70453K, committed 71168K, reserved 1114112K
  class space    used 10119K, committed 10496K, reserved 1048576K
}

Dll operation events (17 events):
Event: 0.009 Loaded shared library C:\Program Files\Eclipse Adoptium\jdk-17.0.18.8-hotspot\bin\java.dll
Event: 0.023 Loaded shared library C:\Program Files\Eclipse Adoptium\jdk-17.0.18.8-hotspot\bin\jsvml.dll
Event: 0.070 Loaded shared library C:\Program Files\Eclipse Adoptium\jdk-17.0.18.8-hotspot\bin\zip.dll
Event: 0.073 Loaded shared library C:\Program Files\Eclipse Adoptium\jdk-17.0.18.8-hotspot\bin\instrument.dll
Event: 0.076 Loaded shared library C:\Program Files\Eclipse Adoptium\jdk-17.0.18.8-hotspot\bin\net.dll
Event: 0.077 Loaded shared library C:\Program Files\Eclipse Adoptium\jdk-17.0.18.8-hotspot\bin\nio.dll
Event: 0.079 Loaded shared library C:\Program Files\Eclipse Adoptium\jdk-17.0.18.8-hotspot\bin\zip.dll
Event: 0.314 Loaded shared library C:\Program Files\Eclipse Adoptium\jdk-17.0.18.8-hotspot\bin\jimage.dll
Event: 0.481 Loaded shared library C:\Program Files\Eclipse Adoptium\jdk-17.0.18.8-hotspot\bin\verify.dll
Event: 0.669 Loaded shared library C:\Users\spere\.gradle\native\c067742578af261105cb4f569cf0c3c89f3d7b1fecec35dd04571415982c5e48\windows-amd64\native-platform.dll
Event: 0.675 Loaded shared library C:\Users\spere\.gradle\native\100fb08df4bc3b14c8652ba06237920a3bd2aa13389f12d3474272988ae205f9\windows-amd64\native-platform-file-events.dll
Event: 1.943 Loaded shared library C:\Program Files\Eclipse Adoptium\jdk-17.0.18.8-hotspot\bin\management.dll
Event: 1.944 Loaded shared library C:\Program Files\Eclipse Adoptium\jdk-17.0.18.8-hotspot\bin\management_ext.dll
Event: 2.138 Loaded shared library C:\Program Files\Eclipse Adoptium\jdk-17.0.18.8-hotspot\bin\extnet.dll
Event: 2.318 Loaded shared library C:\Program Files\Eclipse Adoptium\jdk-17.0.18.8-hotspot\bin\sunmscapi.dll
Event: 14.212 Loaded shared library C:\Users\spere\AppData\Local\Temp\native-platform903661937143300147dir\native-platform.dll
Event: 15.136 Loaded shared library C:\Program Files\Eclipse Adoptium\jdk-17.0.18.8-hotspot\bin\rmi.dll

Deoptimization events (20 events):
Event: 63.673 Thread 0x000001f80b2ef9a0 DEOPT PACKING pc=0x000001f7b4e2b91c sp=0x0000009e5f6fde90
Event: 63.673 Thread 0x000001f80b2ef9a0 DEOPT UNPACKING pc=0x000001f7b44569a3 sp=0x0000009e5f6fde30 mode 2
Event: 63.686 Thread 0x000001f80b2ef9a0 Uncommon trap: trap_request=0xffffff45 fr.pc=0x000001f7b4e7e55c relative=0x00000000000000bc
Event: 63.686 Thread 0x000001f80b2ef9a0 Uncommon trap: reason=unstable_if action=reinterpret pc=0x000001f7b4e7e55c method=java.lang.CharacterDataLatin1.isWhitespace(I)Z @ 14 c2
Event: 63.686 Thread 0x000001f80b2ef9a0 DEOPT PACKING pc=0x000001f7b4e7e55c sp=0x0000009e5f6fdeb0
Event: 63.686 Thread 0x000001f80b2ef9a0 DEOPT UNPACKING pc=0x000001f7b44569a3 sp=0x0000009e5f6fdd78 mode 2
Event: 63.686 Thread 0x000001f80b2ef9a0 Uncommon trap: trap_request=0xffffff45 fr.pc=0x000001f7b4a297a4 relative=0x0000000000000084
Event: 63.686 Thread 0x000001f80b2ef9a0 Uncommon trap: reason=unstable_if action=reinterpret pc=0x000001f7b4a297a4 method=java.lang.CharacterDataLatin1.isWhitespace(I)Z @ 14 c2
Event: 63.686 Thread 0x000001f80b2ef9a0 DEOPT PACKING pc=0x000001f7b4a297a4 sp=0x0000009e5f6fde20
Event: 63.686 Thread 0x000001f80b2ef9a0 DEOPT UNPACKING pc=0x000001f7b44569a3 sp=0x0000009e5f6fdd90 mode 2
Event: 63.687 Thread 0x000001f8085c94d0 Uncommon trap: trap_request=0xffffff45 fr.pc=0x000001f7b4b7f430 relative=0x0000000000000250
Event: 63.687 Thread 0x000001f8085c94d0 Uncommon trap: reason=unstable_if action=reinterpret pc=0x000001f7b4b7f430 method=com.esotericsoftware.kryo.io.Output.writeString(Ljava/lang/CharSequence;)V @ 50 c2
Event: 63.688 Thread 0x000001f8085c94d0 DEOPT PACKING pc=0x000001f7b4b7f430 sp=0x0000009e5c6fef90
Event: 63.689 Thread 0x000001f8085c94d0 DEOPT UNPACKING pc=0x000001f7b44569a3 sp=0x0000009e5c6fef20 mode 2
Event: 63.695 Thread 0x000001f80b2ef9a0 Uncommon trap: trap_request=0xffffff45 fr.pc=0x000001f7b4ea2874 relative=0x0000000000000054
Event: 63.695 Thread 0x000001f80b2ef9a0 Uncommon trap: reason=unstable_if action=reinterpret pc=0x000001f7b4ea2874 method=kotlin.jvm.internal.Intrinsics.compare(II)I @ 11 c2
Event: 63.695 Thread 0x000001f80b2ef9a0 DEOPT PACKING pc=0x000001f7b4ea2874 sp=0x0000009e5f6fda20
Event: 63.695 Thread 0x000001f80b2ef9a0 DEOPT UNPACKING pc=0x000001f7b44569a3 sp=0x0000009e5f6fd9b8 mode 2
Event: 88.656 Thread 0x000001f80aa19510 DEOPT PACKING pc=0x000001f7adefd55c sp=0x0000009e5cffeb90
Event: 88.656 Thread 0x000001f80aa19510 DEOPT UNPACKING pc=0x000001f7b4457143 sp=0x0000009e5cffe110 mode 0

Classes loaded (20 events):
Event: 15.264 Loading class sun/rmi/transport/DGCAckHandler$1
Event: 15.264 Loading class sun/rmi/transport/DGCAckHandler$1 done
Event: 15.303 Loading class sun/rmi/transport/tcp/TCPTransport$ConnectionHandler
Event: 15.303 Loading class sun/rmi/transport/tcp/TCPTransport$ConnectionHandler done
Event: 15.373 Loading class sun/rmi/transport/Transport$1
Event: 15.373 Loading class sun/rmi/transport/Transport$1 done
Event: 15.374 Loading class sun/rmi/transport/DGCImpl$LeaseInfo
Event: 15.374 Loading class sun/rmi/transport/DGCImpl$LeaseInfo done
Event: 15.374 Loading class sun/rmi/transport/DGCImpl$1
Event: 15.374 Loading class sun/rmi/transport/DGCImpl$1 done
Event: 15.375 Loading class sun/rmi/transport/SequenceEntry
Event: 15.375 Loading class sun/rmi/transport/SequenceEntry done
Event: 16.012 Loading class java/lang/Throwable$WrappedPrintWriter
Event: 16.012 Loading class java/lang/Throwable$PrintStreamOrWriter
Event: 16.012 Loading class java/lang/Throwable$PrintStreamOrWriter done
Event: 16.012 Loading class java/lang/Throwable$WrappedPrintWriter done
Event: 42.693 Loading class java/time/Instant$1
Event: 42.693 Loading class java/time/Instant$1 done
Event: 63.628 Loading class sun/net/ConnectionResetException
Event: 63.628 Loading class sun/net/ConnectionResetException done

Classes unloaded (0 events):
No events

Classes redefined (0 events):
No events

Internal exceptions (20 events):
Event: 15.187 Thread 0x000001f80b2ef9a0 Exception <a 'java/lang/NoSuchMethodError'{0x000000008ecd8bb0}: static Lorg/jetbrains/kotlin/daemon/common/CompileService$CallResult;.<clinit>()V> (0x000000008ecd8bb0) 
thrown [s\src\hotspot\share\prims\jni.cpp, line 1112]
Event: 15.188 Thread 0x000001f80b2ef9a0 Exception <a 'java/lang/NoSuchMethodError'{0x000000008ece4bf8}: static Lorg/jetbrains/kotlin/daemon/common/CompileService$CallResult$Good;.<clinit>()V> (0x000000008ece4bf8) 
thrown [s\src\hotspot\share\prims\jni.cpp, line 1112]
Event: 15.188 Thread 0x000001f80b2ef9a0 Exception <a 'java/lang/NoSuchMethodError'{0x000000008ecf1db0}: static Lorg/jetbrains/kotlin/daemon/common/DaemonJVMOptions;.<clinit>()V> (0x000000008ecf1db0) 
thrown [s\src\hotspot\share\prims\jni.cpp, line 1112]
Event: 15.192 Thread 0x000001f80b2ef9a0 Exception <a 'java/lang/NoSuchMethodError'{0x000000008eb0b458}: static Lorg/jetbrains/kotlin/daemon/common/CompileService$CallResult$Ok;.<clinit>()V> (0x000000008eb0b458) 
thrown [s\src\hotspot\share\prims\jni.cpp, line 1112]
Event: 15.226 Thread 0x000001f80b2ef9a0 Exception <a 'java/lang/NoSuchMethodError'{0x0000000086d51d68}: static [Ljava/lang/Integer;.<clinit>()V> (0x0000000086d51d68) 
thrown [s\src\hotspot\share\prims\jni.cpp, line 1112]
Event: 15.990 Thread 0x000001f80b2edb40 Exception <a 'java/lang/NoSuchMethodError'{0x0000000086c6e618}: 'void java.lang.invoke.DirectMethodHandle$Holder.invokeSpecial(java.lang.Object, java.lang.Object, int)'> (0x0000000086c6e618) 
thrown [s\src\hotspot\share\interpreter\linkResolver.cpp, line 759]
Event: 15.994 Thread 0x000001f80b4188c0 Exception <a 'java/lang/reflect/InvocationTargetException'{0x0000000086c97140}> (0x0000000086c97140) 
thrown [s\src\hotspot\share\runtime\reflection.cpp, line 1128]
Event: 63.628 Thread 0x000001f80b2ef9a0 Exception <a 'sun/net/ConnectionResetException'{0x0000000086c02c78}: Connection reset> (0x0000000086c02c78) 
thrown [s\src\hotspot\share\prims\jni.cpp, line 535]
Event: 63.629 Thread 0x000001f80b2ef9a0 Exception <a 'java/net/ConnectException'{0x0000000086c05728}: Connection refused: connect> (0x0000000086c05728) 
thrown [s\src\hotspot\share\prims\jni.cpp, line 535]
Event: 63.629 Thread 0x000001f80b2ef9a0 Exception <a 'java/net/SocketException'{0x0000000086c05d08}: Socket is not connected: shutdown> (0x0000000086c05d08) 
thrown [s\src\hotspot\share\prims\jni.cpp, line 535]
Event: 63.639 Thread 0x000001f80b2ef9a0 Exception <a 'java/net/ConnectException'{0x0000000086c067e0}: Connection refused: connect> (0x0000000086c067e0) 
thrown [s\src\hotspot\share\prims\jni.cpp, line 535]
Event: 63.639 Thread 0x000001f80b2ef9a0 Exception <a 'java/net/SocketException'{0x0000000086c06dc0}: Socket is not connected: shutdown> (0x0000000086c06dc0) 
thrown [s\src\hotspot\share\prims\jni.cpp, line 535]
Event: 63.650 Thread 0x000001f80b2ef9a0 Exception <a 'java/net/ConnectException'{0x0000000086c07898}: Connection refused: connect> (0x0000000086c07898) 
thrown [s\src\hotspot\share\prims\jni.cpp, line 535]
Event: 63.650 Thread 0x000001f80b2ef9a0 Exception <a 'java/net/SocketException'{0x0000000086c07e78}: Socket is not connected: shutdown> (0x0000000086c07e78) 
thrown [s\src\hotspot\share\prims\jni.cpp, line 535]
Event: 63.650 Thread 0x000001f80b2ef9a0 Exception <a 'java/net/ConnectException'{0x0000000086c094e8}: Connection refused: connect> (0x0000000086c094e8) 
thrown [s\src\hotspot\share\prims\jni.cpp, line 535]
Event: 63.650 Thread 0x000001f80b2ef9a0 Exception <a 'java/net/SocketException'{0x0000000086c09ac8}: Socket is not connected: shutdown> (0x0000000086c09ac8) 
thrown [s\src\hotspot\share\prims\jni.cpp, line 535]
Event: 63.662 Thread 0x000001f80b2ef9a0 Exception <a 'java/net/ConnectException'{0x0000000086c0a5a0}: Connection refused: connect> (0x0000000086c0a5a0) 
thrown [s\src\hotspot\share\prims\jni.cpp, line 535]
Event: 63.662 Thread 0x000001f80b2ef9a0 Exception <a 'java/net/SocketException'{0x0000000086c0ab80}: Socket is not connected: shutdown> (0x0000000086c0ab80) 
thrown [s\src\hotspot\share\prims\jni.cpp, line 535]
Event: 63.673 Thread 0x000001f80b2ef9a0 Exception <a 'java/net/ConnectException'{0x0000000086c0b658}: Connection refused: connect> (0x0000000086c0b658) 
thrown [s\src\hotspot\share\prims\jni.cpp, line 535]
Event: 63.673 Thread 0x000001f80b2ef9a0 Exception <a 'java/net/SocketException'{0x0000000086c0bc38}: Socket is not connected: shutdown> (0x0000000086c0bc38) 
thrown [s\src\hotspot\share\prims\jni.cpp, line 535]

VM Operations (20 events):
Event: 23.025 Executing VM operation: Cleanup
Event: 23.025 Executing VM operation: Cleanup done
Event: 49.042 Executing VM operation: Cleanup
Event: 49.042 Executing VM operation: Cleanup done
Event: 53.045 Executing VM operation: Cleanup
Event: 53.045 Executing VM operation: Cleanup done
Event: 60.048 Executing VM operation: Cleanup
Event: 60.048 Executing VM operation: Cleanup done
Event: 60.075 Executing VM operation: HandshakeAllThreads
Event: 60.075 Executing VM operation: HandshakeAllThreads done
Event: 64.076 Executing VM operation: Cleanup
Event: 64.076 Executing VM operation: Cleanup done
Event: 65.076 Executing VM operation: Cleanup
Event: 65.076 Executing VM operation: Cleanup done
Event: 73.082 Executing VM operation: Cleanup
Event: 73.082 Executing VM operation: Cleanup done
Event: 78.085 Executing VM operation: Cleanup
Event: 78.085 Executing VM operation: Cleanup done
Event: 85.089 Executing VM operation: Cleanup
Event: 85.089 Executing VM operation: Cleanup done

Memory protections (0 events):
No events

Nmethod flushes (20 events):
Event: 7.982 Thread 0x000001f8081b8960 flushing  nmethod 0x000001f7ad6af410
Event: 7.982 Thread 0x000001f8081b8960 flushing  nmethod 0x000001f7ad6b0110
Event: 7.982 Thread 0x000001f8081b8960 flushing  nmethod 0x000001f7ad6b0790
Event: 7.982 Thread 0x000001f8081b8960 flushing  nmethod 0x000001f7ad6b0c90
Event: 7.982 Thread 0x000001f8081b8960 flushing  nmethod 0x000001f7ad6b6290
Event: 7.982 Thread 0x000001f8081b8960 flushing  nmethod 0x000001f7ad6c2790
Event: 7.982 Thread 0x000001f8081b8960 flushing  nmethod 0x000001f7ad6eea10
Event: 7.982 Thread 0x000001f8081b8960 flushing  nmethod 0x000001f7ad6ef510
Event: 7.982 Thread 0x000001f8081b8960 flushing  nmethod 0x000001f7ad735490
Event: 7.983 Thread 0x000001f8081b8960 flushing  nmethod 0x000001f7ad7bbd10
Event: 7.983 Thread 0x000001f8081b8960 flushing  nmethod 0x000001f7ad7bfe90
Event: 7.983 Thread 0x000001f8081b8960 flushing  nmethod 0x000001f7ad7c0710
Event: 7.983 Thread 0x000001f8081b8960 flushing  nmethod 0x000001f7ad7c1010
Event: 7.983 Thread 0x000001f8081b8960 flushing  nmethod 0x000001f7ad7c1510
Event: 7.983 Thread 0x000001f8081b8960 flushing  nmethod 0x000001f7ad7c1a10
Event: 7.983 Thread 0x000001f8081b8960 flushing  nmethod 0x000001f7ad7c2190
Event: 7.983 Thread 0x000001f8081b8960 flushing  nmethod 0x000001f7ad7c8990
Event: 7.983 Thread 0x000001f8081b8960 flushing  nmethod 0x000001f7ad803a90
Event: 12.648 Thread 0x000001f8081b8960 flushing  nmethod 0x000001f7ad21c210
Event: 12.650 Thread 0x000001f8081b8960 flushing  nmethod 0x000001f7ad599390

Events (20 events):
Event: 14.052 Thread 0x000001f80b4188c0 Thread added: 0x000001f80b2edb40
Event: 14.067 Thread 0x000001f80b2edb40 Thread added: 0x000001f80b2ed120
Event: 14.067 Thread 0x000001f80b2edb40 Thread added: 0x000001f80b2ed630
Event: 14.235 Thread 0x000001f80b2ef9a0 Thread added: 0x000001f80b2ecc10
Event: 14.992 Thread 0x000001f80b2ecc10 Thread exited: 0x000001f80b2ecc10
Event: 15.126 Thread 0x000001f80b2ef9a0 Thread added: 0x000001f80b2ef490
Event: 15.133 Thread 0x000001f80b2ef9a0 Thread added: 0x000001f80b2ee050
Event: 15.137 Thread 0x000001f80b2ef9a0 Thread added: 0x000001f80b2ec1f0
Event: 15.213 Thread 0x000001f80b2ef9a0 Thread added: 0x000001f80b2eef80
Event: 15.213 Thread 0x000001f80b2ef9a0 Thread added: 0x000001f80b2ee560
Event: 15.303 Thread 0x000001f80b2eef80 Thread added: 0x000001f80b2efeb0
Event: 15.529 Thread 0x000001f80b891230 Thread exited: 0x000001f80b891230
Event: 63.684 Thread 0x000001f8081356c0 Thread added: 0x000001f80bdfa6d0
Event: 63.714 Thread 0x000001f80b2ef9a0 Thread added: 0x000001f80b2eea70
Event: 63.973 Thread 0x000001f80bdfa6d0 Thread exited: 0x000001f80bdfa6d0
Event: 71.940 Thread 0x000001f80b416a60 Thread exited: 0x000001f80b416a60
Event: 75.979 Thread 0x000001f80b2ed630 Thread exited: 0x000001f80b2ed630
Event: 75.979 Thread 0x000001f80b2ed120 Thread exited: 0x000001f80b2ed120
Event: 75.992 Thread 0x000001f80b2edb40 Thread exited: 0x000001f80b2edb40
Event: 88.738 Thread 0x000001f80b2eea70 Thread exited: 0x000001f80b2eea70


Dynamic libraries:
0x00007ff6a7780000 - 0x00007ff6a778e000 	C:\Program Files\Eclipse Adoptium\jdk-17.0.18.8-hotspot\bin\java.exe
0x00007ffd5a340000 - 0x00007ffd5a5a7000 	C:\WINDOWS\SYSTEM32\ntdll.dll
0x00007ffd59620000 - 0x00007ffd596e9000 	C:\WINDOWS\System32\KERNEL32.DLL
0x00007ffd56c20000 - 0x00007ffd57011000 	C:\WINDOWS\System32\KERNELBASE.dll
0x00007ffd571a0000 - 0x00007ffd572eb000 	C:\WINDOWS\System32\ucrtbase.dll
0x00007ffd4eaa0000 - 0x00007ffd4eab8000 	C:\Program Files\Eclipse Adoptium\jdk-17.0.18.8-hotspot\bin\jli.dll
0x00007ffd4eb30000 - 0x00007ffd4eb4e000 	C:\Program Files\Eclipse Adoptium\jdk-17.0.18.8-hotspot\bin\VCRUNTIME140.dll
0x00007ffd593c0000 - 0x00007ffd59585000 	C:\WINDOWS\System32\USER32.dll
0x00007ffd572f0000 - 0x00007ffd57317000 	C:\WINDOWS\System32\win32u.dll
0x00007ffd43610000 - 0x00007ffd438a3000 	C:\WINDOWS\WinSxS\amd64_microsoft.windows.common-controls_6595b64144ccf1df_6.0.26100.8037_none_3e092faae333b53b\COMCTL32.dll
0x00007ffd59db0000 - 0x00007ffd59ddb000 	C:\WINDOWS\System32\GDI32.dll
0x00007ffd59200000 - 0x00007ffd592a9000 	C:\WINDOWS\System32\msvcrt.dll
0x00007ffd57cd0000 - 0x00007ffd57dfb000 	C:\WINDOWS\System32\gdi32full.dll
0x00007ffd57ec0000 - 0x00007ffd57f63000 	C:\WINDOWS\System32\msvcp_win.dll
0x00007ffd58ed0000 - 0x00007ffd58f01000 	C:\WINDOWS\System32\IMM32.DLL
0x00007ffd544d0000 - 0x00007ffd544dc000 	C:\Program Files\Eclipse Adoptium\jdk-17.0.18.8-hotspot\bin\vcruntime140_1.dll
0x00007ffd41bc0000 - 0x00007ffd41c4d000 	C:\Program Files\Eclipse Adoptium\jdk-17.0.18.8-hotspot\bin\msvcp140.dll
0x00007ffcdfa20000 - 0x00007ffce068b000 	C:\Program Files\Eclipse Adoptium\jdk-17.0.18.8-hotspot\bin\server\jvm.dll
0x00007ffd58f90000 - 0x00007ffd5904b000 	C:\WINDOWS\System32\ADVAPI32.dll
0x00007ffd59cb0000 - 0x00007ffd59d57000 	C:\WINDOWS\System32\sechost.dll
0x00007ffd59870000 - 0x00007ffd59988000 	C:\WINDOWS\System32\RPCRT4.dll
0x00007ffd58f10000 - 0x00007ffd58f84000 	C:\WINDOWS\System32\WS2_32.dll
0x00007ffd56a80000 - 0x00007ffd56ade000 	C:\WINDOWS\SYSTEM32\POWRPROF.dll
0x00007ffd4a360000 - 0x00007ffd4a395000 	C:\WINDOWS\SYSTEM32\WINMM.dll
0x00007ffd51500000 - 0x00007ffd5150b000 	C:\WINDOWS\SYSTEM32\VERSION.dll
0x00007ffd56a60000 - 0x00007ffd56a74000 	C:\WINDOWS\SYSTEM32\UMPDC.dll
0x00007ffd55970000 - 0x00007ffd5598b000 	C:\WINDOWS\SYSTEM32\kernel.appcore.dll
0x00007ffd54480000 - 0x00007ffd5448a000 	C:\Program Files\Eclipse Adoptium\jdk-17.0.18.8-hotspot\bin\jimage.dll
0x00007ffd460f0000 - 0x00007ffd46332000 	C:\WINDOWS\SYSTEM32\DBGHELP.DLL
0x00007ffd58a60000 - 0x00007ffd58de2000 	C:\WINDOWS\System32\combase.dll
0x00007ffd58df0000 - 0x00007ffd58ec7000 	C:\WINDOWS\System32\OLEAUT32.dll
0x00007ffd3f950000 - 0x00007ffd3f98b000 	C:\WINDOWS\SYSTEM32\dbgcore.DLL
0x00007ffd57b90000 - 0x00007ffd57c35000 	C:\WINDOWS\System32\bcryptPrimitives.dll
0x00007ffd487b0000 - 0x00007ffd487be000 	C:\Program Files\Eclipse Adoptium\jdk-17.0.18.8-hotspot\bin\instrument.dll
0x00007ffd489b0000 - 0x00007ffd489d5000 	C:\Program Files\Eclipse Adoptium\jdk-17.0.18.8-hotspot\bin\java.dll
0x00007ffd3b610000 - 0x00007ffd3b6e7000 	C:\Program Files\Eclipse Adoptium\jdk-17.0.18.8-hotspot\bin\jsvml.dll
0x00007ffd580f0000 - 0x00007ffd5884f000 	C:\WINDOWS\System32\SHELL32.dll
0x00007ffd57f70000 - 0x00007ffd580da000 	C:\WINDOWS\System32\wintypes.dll
0x00007ffd57320000 - 0x00007ffd57b84000 	C:\WINDOWS\System32\windows.storage.dll
0x00007ffd59a50000 - 0x00007ffd59b47000 	C:\WINDOWS\System32\SHCORE.dll
0x00007ffd592b0000 - 0x00007ffd59317000 	C:\WINDOWS\System32\shlwapi.dll
0x00007ffd56b40000 - 0x00007ffd56b69000 	C:\WINDOWS\SYSTEM32\profapi.dll
0x00007ffd48870000 - 0x00007ffd48888000 	C:\Program Files\Eclipse Adoptium\jdk-17.0.18.8-hotspot\bin\zip.dll
0x00007ffd4e850000 - 0x00007ffd4e86a000 	C:\Program Files\Eclipse Adoptium\jdk-17.0.18.8-hotspot\bin\net.dll
0x00007ffd511d0000 - 0x00007ffd512f7000 	C:\WINDOWS\SYSTEM32\WINHTTP.dll
0x00007ffd55ec0000 - 0x00007ffd55f2b000 	C:\WINDOWS\system32\mswsock.dll
0x00007ffd49f10000 - 0x00007ffd49f26000 	C:\Program Files\Eclipse Adoptium\jdk-17.0.18.8-hotspot\bin\nio.dll
0x00007ffd4ea10000 - 0x00007ffd4ea20000 	C:\Program Files\Eclipse Adoptium\jdk-17.0.18.8-hotspot\bin\verify.dll
0x00007ffd487c0000 - 0x00007ffd487e7000 	C:\Users\spere\.gradle\native\c067742578af261105cb4f569cf0c3c89f3d7b1fecec35dd04571415982c5e48\windows-amd64\native-platform.dll
0x00007ffcfcac0000 - 0x00007ffcfcc04000 	C:\Users\spere\.gradle\native\100fb08df4bc3b14c8652ba06237920a3bd2aa13389f12d3474272988ae205f9\windows-amd64\native-platform-file-events.dll
0x00007ffd49340000 - 0x00007ffd4934a000 	C:\Program Files\Eclipse Adoptium\jdk-17.0.18.8-hotspot\bin\management.dll
0x00007ffd48860000 - 0x00007ffd4886c000 	C:\Program Files\Eclipse Adoptium\jdk-17.0.18.8-hotspot\bin\management_ext.dll
0x00007ffd59de0000 - 0x00007ffd59de8000 	C:\WINDOWS\System32\PSAPI.DLL
0x00007ffd562c0000 - 0x00007ffd562db000 	C:\WINDOWS\SYSTEM32\CRYPTSP.dll
0x00007ffd558d0000 - 0x00007ffd55909000 	C:\WINDOWS\system32\rsaenh.dll
0x00007ffd55f70000 - 0x00007ffd55fa2000 	C:\WINDOWS\SYSTEM32\USERENV.dll
0x00007ffd56b10000 - 0x00007ffd56b3a000 	C:\WINDOWS\SYSTEM32\bcrypt.dll
0x00007ffd56120000 - 0x00007ffd5612c000 	C:\WINDOWS\SYSTEM32\CRYPTBASE.dll
0x00007ffd55280000 - 0x00007ffd552b3000 	C:\WINDOWS\SYSTEM32\IPHLPAPI.DLL
0x00007ffd591f0000 - 0x00007ffd591fa000 	C:\WINDOWS\System32\NSI.dll
0x00007ffd51540000 - 0x00007ffd5155d000 	C:\WINDOWS\SYSTEM32\dhcpcsvc6.DLL
0x00007ffd51510000 - 0x00007ffd51533000 	C:\WINDOWS\SYSTEM32\dhcpcsvc.DLL
0x00007ffd553f0000 - 0x00007ffd5551a000 	C:\WINDOWS\SYSTEM32\DNSAPI.dll
0x00007ffd48850000 - 0x00007ffd48859000 	C:\Program Files\Eclipse Adoptium\jdk-17.0.18.8-hotspot\bin\extnet.dll
0x00007ffd487a0000 - 0x00007ffd487ae000 	C:\Program Files\Eclipse Adoptium\jdk-17.0.18.8-hotspot\bin\sunmscapi.dll
0x00007ffd57020000 - 0x00007ffd57197000 	C:\WINDOWS\System32\CRYPT32.dll
0x00007ffd56420000 - 0x00007ffd56450000 	C:\WINDOWS\SYSTEM32\ncrypt.dll
0x00007ffd563d0000 - 0x00007ffd5640f000 	C:\WINDOWS\SYSTEM32\NTASN1.dll
0x00007ffd48790000 - 0x00007ffd48798000 	C:\WINDOWS\system32\wshunix.dll
0x00007ffd2de20000 - 0x00007ffd2de38000 	C:\WINDOWS\system32\napinsp.dll
0x00007ffd2be30000 - 0x00007ffd2be42000 	C:\WINDOWS\System32\winrnr.dll
0x00007ffd54520000 - 0x00007ffd54542000 	C:\WINDOWS\system32\nlansp_c.dll
0x00007ffd2a4e0000 - 0x00007ffd2a4f6000 	C:\WINDOWS\system32\wshbth.dll
0x00007ffd482b0000 - 0x00007ffd482bb000 	C:\Windows\System32\rasadhlp.dll
0x00007ffd50b40000 - 0x00007ffd50bc6000 	C:\WINDOWS\System32\fwpuclnt.dll
0x00007ffd40f00000 - 0x00007ffd40f1e000 	C:\Users\spere\AppData\Local\Temp\native-platform903661937143300147dir\native-platform.dll
0x00007ffd48780000 - 0x00007ffd48787000 	C:\Program Files\Eclipse Adoptium\jdk-17.0.18.8-hotspot\bin\rmi.dll

dbghelp: loaded successfully - version: 4.0.5 - missing functions: none
symbol engine: initialized successfully - sym options: 0x614 - pdb path: .;C:\Program Files\Eclipse Adoptium\jdk-17.0.18.8-hotspot\bin;C:\WINDOWS\SYSTEM32;C:\WINDOWS\WinSxS\amd64_microsoft.windows.common-controls_6595b64144ccf1df_6.0.26100.8037_none_3e092faae333b53b;C:\Program Files\Eclipse Adoptium\jdk-17.0.18.8-hotspot\bin\server;C:\Users\spere\.gradle\native\c067742578af261105cb4f569cf0c3c89f3d7b1fecec35dd04571415982c5e48\windows-amd64;C:\Users\spere\.gradle\native\100fb08df4bc3b14c8652ba06237920a3bd2aa13389f12d3474272988ae205f9\windows-amd64;C:\Users\spere\AppData\Local\Temp\native-platform903661937143300147dir

VM Arguments:
jvm_args: --add-opens=java.base/java.util=ALL-UNNAMED --add-opens=java.base/java.lang=ALL-UNNAMED --add-opens=java.base/java.lang.invoke=ALL-UNNAMED --add-opens=java.prefs/java.util.prefs=ALL-UNNAMED --add-exports=jdk.compiler/com.sun.tools.javac.api=ALL-UNNAMED --add-exports=jdk.compiler/com.sun.tools.javac.util=ALL-UNNAMED --add-opens=java.base/java.nio.charset=ALL-UNNAMED --add-opens=java.base/java.net=ALL-UNNAMED --add-opens=java.base/java.util.concurrent.atomic=ALL-UNNAMED -Xmx2048m -Dfile.encoding=windows-1252 -Duser.country=ES -Duser.language=es -Duser.variant -javaagent:C:\Users\spere\.gradle\wrapper\dists\gradle-8.10.2-bin\a04bxjujx95o3nb99gddekhwo\gradle-8.10.2\lib\agents\gradle-instrumentation-agent-8.10.2.jar 
java_command: org.gradle.launcher.daemon.bootstrap.GradleDaemon 8.10.2
java_class_path (initial): C:\Users\spere\.gradle\wrapper\dists\gradle-8.10.2-bin\a04bxjujx95o3nb99gddekhwo\gradle-8.10.2\lib\gradle-daemon-main-8.10.2.jar
Launcher Type: SUN_STANDARD

[Global flags]
     intx CICompilerCount                          = 3                                         {product} {ergonomic}
     uint ConcGCThreads                            = 1                                         {product} {ergonomic}
     uint G1ConcRefinementThreads                  = 4                                         {product} {ergonomic}
   size_t G1HeapRegionSize                         = 1048576                                   {product} {ergonomic}
    uintx GCDrainStackTargetSize                   = 64                                        {product} {ergonomic}
   size_t InitialHeapSize                          = 268435456                                 {product} {ergonomic}
   size_t MarkStackSize                            = 4194304                                   {product} {ergonomic}
   size_t MaxHeapSize                              = 2147483648                                {product} {command line}
   size_t MaxNewSize                               = 1287651328                                {product} {ergonomic}
   size_t MinHeapDeltaBytes                        = 1048576                                   {product} {ergonomic}
   size_t MinHeapSize                              = 8388608                                   {product} {ergonomic}
    uintx NonNMethodCodeHeapSize                   = 5832780                                {pd product} {ergonomic}
    uintx NonProfiledCodeHeapSize                  = 122912730                              {pd product} {ergonomic}
    uintx ProfiledCodeHeapSize                     = 122912730                              {pd product} {ergonomic}
    uintx ReservedCodeCacheSize                    = 251658240                              {pd product} {ergonomic}
     bool SegmentedCodeCache                       = true                                      {product} {ergonomic}
   size_t SoftMaxHeapSize                          = 2147483648                             {manageable} {ergonomic}
     bool UseCompressedClassPointers               = true                           {product lp64_product} {ergonomic}
     bool UseCompressedOops                        = true                           {product lp64_product} {ergonomic}
     bool UseG1GC                                  = true                                      {product} {ergonomic}
     bool UseLargePagesIndividualAllocation        = false                                  {pd product} {ergonomic}

Logging:
Log output configuration:
 #0: stdout all=warning uptime,level,tags
 #1: stderr all=off uptime,level,tags

Environment Variables:
JAVA_HOME=C:\Program Files\Eclipse Adoptium\jdk-17.0.18.8-hotspot\
PATH=C:\Users\spere\AppData\Roaming\npm;C:\Users\spere\android-game-perf-tool-desktop\node_modules\.bin;C:\Users\spere\node_modules\.bin;C:\Users\node_modules\.bin;C:\node_modules\.bin;C:\Program Files\nodejs\node_modules\npm\node_modules\@npmcli\run-script\lib\node-gyp-bin;C:\Program Files\Eclipse Adoptium\jdk-17.0.18.8-hotspot\bin;C:\WINDOWS\system32;C:\WINDOWS;C:\WINDOWS\System32\Wbem;C:\WINDOWS\System32\WindowsPowerShell\v1.0\;C:\WINDOWS\System32\OpenSSH\;C:\Program Files\nodejs\;C:\Program Files\Git\cmd;C:\Program Files\dotnet\;C:\Program Files\GitHub CLI\;C:\Program Files\Docker\Docker\resources\bin;C:\Program Files\Google\Chrome\Application;C:\WINDOWS\system32;C:\WINDOWS;C:\WINDOWS\System32\Wbem;C:\WINDOWS\System32\WindowsPowerShell\v1.0\;C:\WINDOWS\System32\OpenSSH\;C:\Users\spere\AppData\Local\Microsoft\WindowsApps;;;C:\Program Files\nodejs;C:\Users\spere\AppData\Roaming\npm;C:\Users\spere\AppData\Local\Microsoft\WinGet\Packages\Hawaii_Beach.TinyNvidiaUpdateChecker_Microsoft.Winget.Source_8wekyb3d8bbwe;;C:\Users\spere\platform-tools;C:\Users\spere\AppData\Local\Microsoft\WinGet\Packages\DenoLand.Deno_Microsoft.Winget.Source_8wekyb3d8bbwe;C:\Users\spere\AppData\Local\Microsoft\WinGet\Packages\yt-dlp.FFmpeg_Microsoft.Winget.Source_8wekyb3d8bbwe\ffmpeg-N-123778-g3b55818764-win64-gpl\bin;C:\Users\spere\AppData\Local\Microsoft\WinGet\Packages\yt-dlp.yt-dlp_Microsoft.Winget.Source_8wekyb3d8bbwe;C:\Users\spere\AppData\Local\Microsoft\WinGet\Packages\Ngrok.Ngrok_Microsoft.Winget.Source_8wekyb3d8bbwe;C:\Users\spere\AppData\Local\Microsoft\WinGet\Packages\Cloudflare.cloudflared_Microsoft.Winget.Source_8wekyb3d8bbwe;;C:\Program Files\nodejs;$env:APPDATA\npm
USERNAME=spere
LANG=en_US.UTF-8
OS=Windows_NT
PROCESSOR_IDENTIFIER=Intel64 Family 6 Model 158 Stepping 9, GenuineIntel
TMP=C:\Users\spere\AppData\Local\Temp
TEMP=C:\Users\spere\AppData\Local\Temp



Periodic native trim disabled


---------------  S Y S T E M  ---------------

OS:
 Windows 11 , 64 bit Build 26100 (10.0.26100.7920)
OS uptime: 0 days 7:39 hours
Hyper-V role detected

CPU: total 4 (initial active 4) (4 cores per cpu, 1 threads per core) family 6 model 158 stepping 9 microcode 0xde, cx8, cmov, fxsr, mmx, 3dnowpref, sse, sse2, sse3, ssse3, sse4.1, sse4.2, popcnt, lzcnt, tsc, tscinvbit, avx, avx2, aes, erms, clmul, bmi1, bmi2, rtm, adx, fma, vzeroupper, clflush, clflushopt, hv
Processor Information for all 4 processors :
  Max Mhz: 3792, Current Mhz: 3792, Mhz Limit: 3792

Memory: 4k page, system-wide physical 16348M (1036M free)
TotalPageFile size 20444M (AvailPageFile size 485M)
current process WorkingSet (physical memory assigned to process): 310M, peak: 335M
current process commit charge ("private bytes"): 339M, peak: 436M

vm_info: OpenJDK 64-Bit Server VM (17.0.18+8) for windows-amd64 JRE (17.0.18+8), built on Jan 20 2026 22:28:22 by "admin" with MS VC++ 17.12 (VS2022)

END.
