#
# There is insufficient memory for the Java Runtime Environment to continue.
# Native memory allocation (mmap) failed to map 46137344 bytes. Error detail: G1 virtual space
# Possible reasons:
#   The system is out of physical RAM or swap space
#   This process is running with CompressedOops enabled, and the Java Heap may be blocking the growth of the native heap
# Possible solutions:
#   Reduce memory load on the system
#   Increase physical memory or swap space
#   Check if swap backing store is full
#   Decrease Java heap size (-Xmx/-Xms)
#   Decrease number of Java threads
#   Decrease Java thread stack sizes (-Xss)
#   Set larger code cache with -XX:ReservedCodeCacheSize=
#   JVM is running with Zero Based Compressed Oops mode in which the Java heap is
#     placed in the first 32GB address space. The Java Heap base address is the
#     maximum limit for the native heap growth. Please use -XX:HeapBaseMinAddress
#     to set the Java Heap base and to place the Java Heap above 32GB virtual address.
# This output file may be truncated or incomplete.
#
#  Out of Memory Error (os_windows.cpp:3618), pid=2016, tid=11708
#
# JRE version: OpenJDK Runtime Environment Temurin-17.0.18+8 (17.0.18+8) (build 17.0.18+8)
# Java VM: OpenJDK 64-Bit Server VM Temurin-17.0.18+8 (17.0.18+8, mixed mode, sharing, tiered, compressed oops, compressed class ptrs, g1 gc, windows-amd64)
# No core dump will be written. Minidumps are not enabled by default on client versions of Windows
#

---------------  S U M M A R Y ------------

Command Line: -Dapplication.home=C:\Program Files\Eclipse Adoptium\jdk-17.0.18.8-hotspot --add-modules=ALL-DEFAULT -Xms8m -Djdk.module.main=jdk.jlink jdk.jlink/jdk.tools.jlink.internal.Main --add-modules java.base --add-modules java.desktop --add-modules java.logging --add-modules jdk.crypto.ec --strip-debug --no-header-files --no-man-pages --strip-native-commands --output C:\Users\spere\android-game-perf-tool-desktop\build\compose\tmp\main\runtime

Host: Intel(R) Core(TM) i5-7600K CPU @ 3.80GHz, 4 cores, 15G,  Windows 11 , 64 bit Build 26100 (10.0.26100.7920)
Time: Wed Apr 15 15:24:09 2026 Hora de verano romance elapsed time: 1.798416 seconds (0d 0h 0m 1s)

---------------  T H R E A D  ---------------

Current thread (0x000001d268138940):  VMThread "VM Thread" [stack: 0x000000d162d00000,0x000000d162e00000] [id=11708]

Stack: [0x000000d162d00000,0x000000d162e00000]
Native frames: (J=compiled Java code, j=interpreted, Vv=VM code, C=native code)
V  [jvm.dll+0x6846f9]
V  [jvm.dll+0x839ea5]
V  [jvm.dll+0x83b91e]
V  [jvm.dll+0x83bfa3]
V  [jvm.dll+0x248eff]
V  [jvm.dll+0x6814b9]
V  [jvm.dll+0x6762ba]
V  [jvm.dll+0x309257]
V  [jvm.dll+0x310826]
V  [jvm.dll+0x360d9e]
V  [jvm.dll+0x360fdd]
V  [jvm.dll+0x2e02dc]
V  [jvm.dll+0x2de6b2]
V  [jvm.dll+0x2dde4c]
V  [jvm.dll+0x320aeb]
V  [jvm.dll+0x8407bd]
V  [jvm.dll+0x8414f3]
V  [jvm.dll+0x841a1f]
V  [jvm.dll+0x841e05]
V  [jvm.dll+0x841ece]
V  [jvm.dll+0x7eaaec]
V  [jvm.dll+0x6835c7]
C  [ucrtbase.dll+0x37b0]
C  [KERNEL32.DLL+0x2e8d7]
C  [ntdll.dll+0x8c48c]

VM_Operation (0x000000d1627fdea0): G1CollectForAllocation, mode: safepoint, requested by thread 0x000001d2029eae60


---------------  P R O C E S S  ---------------

Threads class SMR info:
_java_thread_list=0x000001d2685cc5a0, length=13, elements={
0x000001d2029eae60, 0x000001d26813ff70, 0x000001d2681426b0, 0x000001d26815f230,
0x000001d268161c00, 0x000001d2681625c0, 0x000001d268162f80, 0x000001d2681668d0,
0x000001d26816c5e0, 0x000001d2681e7440, 0x000001d2681fe990, 0x000001d268412610,
0x000001d268818670
}

Java Threads: ( => current thread )
  0x000001d2029eae60 JavaThread "main" [_thread_blocked, id=5412, stack(0x000000d162700000,0x000000d162800000)]
  0x000001d26813ff70 JavaThread "Reference Handler" daemon [_thread_blocked, id=11792, stack(0x000000d162e00000,0x000000d162f00000)]
  0x000001d2681426b0 JavaThread "Finalizer" daemon [_thread_blocked, id=12776, stack(0x000000d162f00000,0x000000d163000000)]
  0x000001d26815f230 JavaThread "Signal Dispatcher" daemon [_thread_blocked, id=2960, stack(0x000000d163000000,0x000000d163100000)]
  0x000001d268161c00 JavaThread "Attach Listener" daemon [_thread_blocked, id=6484, stack(0x000000d163100000,0x000000d163200000)]
  0x000001d2681625c0 JavaThread "Service Thread" daemon [_thread_blocked, id=16180, stack(0x000000d163200000,0x000000d163300000)]
  0x000001d268162f80 JavaThread "Monitor Deflation Thread" daemon [_thread_blocked, id=17824, stack(0x000000d163300000,0x000000d163400000)]
  0x000001d2681668d0 JavaThread "C2 CompilerThread0" daemon [_thread_blocked, id=5268, stack(0x000000d163400000,0x000000d163500000)]
  0x000001d26816c5e0 JavaThread "C1 CompilerThread0" daemon [_thread_blocked, id=16868, stack(0x000000d163500000,0x000000d163600000)]
  0x000001d2681e7440 JavaThread "Sweeper thread" daemon [_thread_blocked, id=12892, stack(0x000000d163600000,0x000000d163700000)]
  0x000001d2681fe990 JavaThread "Common-Cleaner" daemon [_thread_blocked, id=10888, stack(0x000000d163700000,0x000000d163800000)]
  0x000001d268412610 JavaThread "Notification Thread" daemon [_thread_blocked, id=12100, stack(0x000000d163800000,0x000000d163900000)]
  0x000001d268818670 JavaThread "C2 CompilerThread1" daemon [_thread_blocked, id=19296, stack(0x000000d163d00000,0x000000d163e00000)]

Other Threads:
=>0x000001d268138940 VMThread "VM Thread" [stack: 0x000000d162d00000,0x000000d162e00000] [id=11708]
  0x000001d268412af0 WatcherThread [stack: 0x000000d163900000,0x000000d163a00000] [id=14808]
  0x000001d202a59480 GCTaskThread "GC Thread#0" [stack: 0x000000d162800000,0x000000d162900000] [id=18828]
  0x000001d26851c0b0 GCTaskThread "GC Thread#1" [stack: 0x000000d163a00000,0x000000d163b00000] [id=8120]
  0x000001d26851a530 GCTaskThread "GC Thread#2" [stack: 0x000000d163b00000,0x000000d163c00000] [id=17996]
  0x000001d26851a7f0 GCTaskThread "GC Thread#3" [stack: 0x000000d163c00000,0x000000d163d00000] [id=14504]
  0x000001d202a6b020 ConcurrentGCThread "G1 Main Marker" [stack: 0x000000d162900000,0x000000d162a00000] [id=1500]
  0x000001d202a6ceb0 ConcurrentGCThread "G1 Conc#0" [stack: 0x000000d162a00000,0x000000d162b00000] [id=9548]
  0x000001d202a861b0 ConcurrentGCThread "G1 Refine#0" [stack: 0x000000d162b00000,0x000000d162c00000] [id=16844]
  0x000001d268859870 ConcurrentGCThread "G1 Refine#1" [stack: 0x000000d163e00000,0x000000d163f00000] [id=5340]
  0x000001d202a86be0 ConcurrentGCThread "G1 Service" [stack: 0x000000d162c00000,0x000000d162d00000] [id=3140]

Threads with active compile tasks:
C2 CompilerThread0  1824 1157       4       jdk.tools.jlink.plugin.ResourcePool$$Lambda$132/0x000001d228020468::accept (16 bytes)
C1 CompilerThread0  1824 1176       3       jdk.internal.org.objectweb.asm.ClassReader::<init> (371 bytes)
C2 CompilerThread1  1824 1131       4       jdk.tools.jlink.internal.ResourcePoolManager::add (124 bytes)

VM state: at safepoint (normal execution)

VM Mutex/Monitor currently owned by a thread:  ([mutex/lock_event])
[0x000001d2029e5350] Threads_lock - owner thread: 0x000001d268138940
[0x000001d2029e6550] Heap_lock - owner thread: 0x000001d2029eae60

Heap address: 0x0000000700800000, size: 4088 MB, Compressed Oops mode: Zero based, Oop shift amount: 3

CDS archive(s) mapped at: [0x000001d227000000-0x000001d227bb0000-0x000001d227bb0000), size 12255232, SharedBaseAddress: 0x000001d227000000, ArchiveRelocationMode: 1.
Compressed class space mapped at: 0x000001d228000000-0x000001d268000000, reserved size: 1073741824
Narrow klass base: 0x000001d227000000, Narrow klass shift: 0, Narrow klass range: 0x100000000

GC Precious Log:
 CPUs: 4 total, 4 available
 Memory: 16348M
 Large Page Support: Disabled
 NUMA Support: Disabled
 Compressed Oops: Enabled (Zero based)
 Heap Region Size: 2M
 Heap Min Capacity: 8M
 Heap Initial Capacity: 8M
 Heap Max Capacity: 4088M
 Pre-touch: Disabled
 Parallel Workers: 4
 Concurrent Workers: 1
 Concurrent Refinement Workers: 4
 Periodic GC: Disabled

Heap:
 garbage-first heap   total 28672K, used 16278K [0x0000000700800000, 0x0000000800000000)
  region size 2048K, 1 young (2048K), 1 survivors (2048K)
 Metaspace       used 2909K, committed 3136K, reserved 1114112K
  class space    used 312K, committed 448K, reserved 1048576K

Heap Regions: E=young(eden), S=young(survivor), O=old, HS=humongous(starts), HC=humongous(continues), CS=collection set, F=free, OA=open archive, CA=closed archive, TAMS=top-at-mark-start (previous, next)
|   0|0x0000000700800000, 0x0000000700a00000, 0x0000000700a00000|100%| O|  |TAMS 0x0000000700a00000, 0x0000000700a00000| Untracked 
|   1|0x0000000700a00000, 0x0000000700a6c400, 0x0000000700c00000| 21%| O|  |TAMS 0x0000000700a00000, 0x0000000700a00000| Untracked 
|   2|0x0000000700c00000, 0x0000000700e00000, 0x0000000700e00000|100%| O|  |TAMS 0x0000000700e00000, 0x0000000700e00000| Untracked 
|   3|0x0000000700e00000, 0x0000000701000000, 0x0000000701000000|100%| O|  |TAMS 0x0000000701000000, 0x0000000701000000| Untracked 
|   4|0x0000000701000000, 0x0000000701200000, 0x0000000701200000|100%| O|  |TAMS 0x0000000701000000, 0x0000000701200000| Untracked 
|   5|0x0000000701200000, 0x0000000701400000, 0x0000000701400000|100%| O|  |TAMS 0x000000070137e600, 0x0000000701400000| Untracked 
|   6|0x0000000701400000, 0x0000000701600000, 0x0000000701600000|100%| O|  |TAMS 0x0000000701400000, 0x0000000701600000| Untracked 
|   7|0x0000000701600000, 0x0000000701800000, 0x0000000701800000|100%| O|  |TAMS 0x0000000701600000, 0x00000007017fa600| Untracked 
|   8|0x0000000701800000, 0x0000000701800000, 0x0000000701a00000|  0%| F|  |TAMS 0x0000000701800000, 0x0000000701800000| Untracked 
|   9|0x0000000701a00000, 0x0000000701a00000, 0x0000000701c00000|  0%| F|  |TAMS 0x0000000701a00000, 0x0000000701a00000| Untracked 
|  10|0x0000000701c00000, 0x0000000701c00000, 0x0000000701e00000|  0%| F|  |TAMS 0x0000000701c00000, 0x0000000701c00000| Untracked 
|  11|0x0000000701e00000, 0x0000000701e00000, 0x0000000702000000|  0%| F|  |TAMS 0x0000000701e00000, 0x0000000701e00000| Untracked 
|  12|0x0000000702000000, 0x0000000702179550, 0x0000000702200000| 73%| S|CS|TAMS 0x0000000702000000, 0x0000000702000000| Complete 
|  13|0x0000000702200000, 0x0000000702200000, 0x0000000702400000|  0%| F|  |TAMS 0x0000000702200000, 0x0000000702200000| Untracked 

Card table byte_map: [0x000001d21bb70000,0x000001d21c370000] _byte_map_base: 0x000001d21836c000

Marking Bits (Prev, Next): (CMBitMap*) 0x000001d202a59ae0, (CMBitMap*) 0x000001d202a59aa0
 Prev Bits: [0x000001d220b50000, 0x000001d224b30000)
 Next Bits: [0x000001d21cb70000, 0x000001d220b50000)

Polling page: 0x000001d202cb0000

Metaspace:

Usage:
  Non-class:      2.54 MB used.
      Class:    312.03 KB used.
       Both:      2.84 MB used.

Virtual space:
  Non-class space:       64.00 MB reserved,       2.62 MB (  4%) committed,  1 nodes.
      Class space:        1.00 GB reserved,     448.00 KB ( <1%) committed,  1 nodes.
             Both:        1.06 GB reserved,       3.06 MB ( <1%) committed. 

Chunk freelists:
   Non-Class:  11.33 MB
       Class:  15.61 MB
        Both:  26.94 MB

MaxMetaspaceSize: unlimited
CompressedClassSpaceSize: 1.00 GB
Initial GC threshold: 21.00 MB
Current GC threshold: 21.00 MB
CDS: on
MetaspaceReclaimPolicy: balanced
 - commit_granule_bytes: 65536.
 - commit_granule_words: 8192.
 - virtual_space_node_default_size: 8388608.
 - enlarge_chunks_in_place: 1.
 - new_chunks_are_fully_committed: 0.
 - uncommit_free_chunks: 1.
 - use_allocation_guard: 0.
 - handle_deallocations: 1.


Internal statistics:

num_allocs_failed_limit: 0.
num_arena_births: 78.
num_arena_deaths: 0.
num_vsnodes_births: 2.
num_vsnodes_deaths: 0.
num_space_committed: 49.
num_space_uncommitted: 0.
num_chunks_returned_to_freelist: 0.
num_chunks_taken_from_freelist: 130.
num_chunk_merges: 0.
num_chunk_splits: 80.
num_chunks_enlarged: 51.
num_inconsistent_stats: 0.

CodeHeap 'non-profiled nmethods': size=120000Kb used=684Kb max_used=684Kb free=119315Kb
 bounds [0x000001d213900000, 0x000001d213b70000, 0x000001d21ae30000]
CodeHeap 'profiled nmethods': size=120000Kb used=1661Kb max_used=1661Kb free=118338Kb
 bounds [0x000001d20be30000, 0x000001d20c0a0000, 0x000001d213360000]
CodeHeap 'non-nmethods': size=5760Kb used=1125Kb max_used=1202Kb free=4634Kb
 bounds [0x000001d213360000, 0x000001d2135d0000, 0x000001d213900000]
 total_blobs=1571 nmethods=1163 adapters=321
 compilation: enabled
              stopped_count=0, restarted_count=0
 full_count=0

Compilation events (20 events):
Event: 1.757 Thread 0x000001d2681668d0 1157       4       jdk.tools.jlink.plugin.ResourcePool$$Lambda$132/0x000001d228020468::accept (16 bytes)
Event: 1.759 Thread 0x000001d26816c5e0 1165       3       java.lang.ClassLoader::getClassLoadingLock (35 bytes)
Event: 1.759 Thread 0x000001d26816c5e0 nmethod 1165 0x000001d20bfcc210 code [0x000001d20bfcc3e0, 0x000001d20bfcc6e8]
Event: 1.759 Thread 0x000001d26816c5e0 1166       3       java.lang.ClassLoader::findLoadedClass (15 bytes)
Event: 1.759 Thread 0x000001d26816c5e0 nmethod 1166 0x000001d20bfcc890 code [0x000001d20bfcca60, 0x000001d20bfccc38]
Event: 1.760 Thread 0x000001d26816c5e0 1168       3       jdk.internal.module.SystemModuleFinders$SystemImage::reader (4 bytes)
Event: 1.760 Thread 0x000001d26816c5e0 nmethod 1168 0x000001d20bfccd10 code [0x000001d20bfccea0, 0x000001d20bfccf98]
Event: 1.760 Thread 0x000001d26816c5e0 1169       3       jdk.internal.org.objectweb.asm.MethodWriter::visitCode (1 bytes)
Event: 1.760 Thread 0x000001d26816c5e0 nmethod 1169 0x000001d20bfcd010 code [0x000001d20bfcd1a0, 0x000001d20bfcd2b8]
Event: 1.760 Thread 0x000001d26816c5e0 1170       3       jdk.internal.org.objectweb.asm.ClassReader::readUTF8 (23 bytes)
Event: 1.761 Thread 0x000001d26816c5e0 nmethod 1170 0x000001d20bfcd390 code [0x000001d20bfcd560, 0x000001d20bfcd798]
Event: 1.761 Thread 0x000001d26816c5e0 1171       3       jdk.internal.org.objectweb.asm.ClassReader::readUtf (44 bytes)
Event: 1.761 Thread 0x000001d26816c5e0 nmethod 1171 0x000001d20bfcd890 code [0x000001d20bfcda60, 0x000001d20bfcde58]
Event: 1.761 Thread 0x000001d26816c5e0 1172       3       jdk.internal.org.objectweb.asm.Label::<init> (5 bytes)
Event: 1.761 Thread 0x000001d26816c5e0 nmethod 1172 0x000001d20bfce010 code [0x000001d20bfce1c0, 0x000001d20bfce318]
Event: 1.761 Thread 0x000001d26816c5e0 1173       3       jdk.internal.org.objectweb.asm.MethodWriter::visitInsn (115 bytes)
Event: 1.762 Thread 0x000001d26816c5e0 nmethod 1173 0x000001d20bfce410 code [0x000001d20bfce600, 0x000001d20bfcea08]
Event: 1.762 Thread 0x000001d26816c5e0 1174       3       jdk.internal.org.objectweb.asm.Label::resolve (219 bytes)
Event: 1.762 Thread 0x000001d26816c5e0 nmethod 1174 0x000001d20bfceb90 code [0x000001d20bfced80, 0x000001d20bfcf298]
Event: 1.762 Thread 0x000001d26816c5e0 1176       3       jdk.internal.org.objectweb.asm.ClassReader::<init> (371 bytes)

GC Heap History (20 events):
Event: 1.402 GC heap after
{Heap after GC invocations=15 (full 0):
 garbage-first heap   total 14336K, used 3289K [0x0000000700800000, 0x0000000800000000)
  region size 2048K, 1 young (2048K), 1 survivors (2048K)
 Metaspace       used 2423K, committed 2560K, reserved 1114112K
  class space    used 246K, committed 320K, reserved 1048576K
}
Event: 1.454 GC heap before
{Heap before GC invocations=15 (full 0):
 garbage-first heap   total 14336K, used 7385K [0x0000000700800000, 0x0000000800000000)
  region size 2048K, 3 young (6144K), 1 survivors (2048K)
 Metaspace       used 2426K, committed 2560K, reserved 1114112K
  class space    used 247K, committed 320K, reserved 1048576K
}
Event: 1.455 GC heap after
{Heap after GC invocations=16 (full 0):
 garbage-first heap   total 14336K, used 3308K [0x0000000700800000, 0x0000000800000000)
  region size 2048K, 1 young (2048K), 1 survivors (2048K)
 Metaspace       used 2426K, committed 2560K, reserved 1114112K
  class space    used 247K, committed 320K, reserved 1048576K
}
Event: 1.542 GC heap before
{Heap before GC invocations=16 (full 0):
 garbage-first heap   total 14336K, used 7404K [0x0000000700800000, 0x0000000800000000)
  region size 2048K, 3 young (6144K), 1 survivors (2048K)
 Metaspace       used 2426K, committed 2560K, reserved 1114112K
  class space    used 247K, committed 320K, reserved 1048576K
}
Event: 1.542 GC heap after
{Heap after GC invocations=17 (full 0):
 garbage-first heap   total 14336K, used 3051K [0x0000000700800000, 0x0000000800000000)
  region size 2048K, 1 young (2048K), 1 survivors (2048K)
 Metaspace       used 2426K, committed 2560K, reserved 1114112K
  class space    used 247K, committed 320K, reserved 1048576K
}
Event: 1.610 GC heap before
{Heap before GC invocations=17 (full 0):
 garbage-first heap   total 14336K, used 7147K [0x0000000700800000, 0x0000000800000000)
  region size 2048K, 3 young (6144K), 1 survivors (2048K)
 Metaspace       used 2711K, committed 2944K, reserved 1114112K
  class space    used 283K, committed 384K, reserved 1048576K
}
Event: 1.612 GC heap after
{Heap after GC invocations=18 (full 0):
 garbage-first heap   total 14336K, used 5587K [0x0000000700800000, 0x0000000800000000)
  region size 2048K, 1 young (2048K), 1 survivors (2048K)
 Metaspace       used 2711K, committed 2944K, reserved 1114112K
  class space    used 283K, committed 384K, reserved 1048576K
}
Event: 1.627 GC heap before
{Heap before GC invocations=18 (full 0):
 garbage-first heap   total 14336K, used 7635K [0x0000000700800000, 0x0000000800000000)
  region size 2048K, 2 young (4096K), 1 survivors (2048K)
 Metaspace       used 2752K, committed 2944K, reserved 1114112K
  class space    used 287K, committed 384K, reserved 1048576K
}
Event: 1.629 GC heap after
{Heap after GC invocations=19 (full 0):
 garbage-first heap   total 14336K, used 7902K [0x0000000700800000, 0x0000000800000000)
  region size 2048K, 1 young (2048K), 1 survivors (2048K)
 Metaspace       used 2752K, committed 2944K, reserved 1114112K
  class space    used 287K, committed 384K, reserved 1048576K
}
Event: 1.636 GC heap before
{Heap before GC invocations=19 (full 0):
 garbage-first heap   total 14336K, used 7902K [0x0000000700800000, 0x0000000800000000)
  region size 2048K, 2 young (4096K), 1 survivors (2048K)
 Metaspace       used 2752K, committed 2944K, reserved 1114112K
  class space    used 287K, committed 384K, reserved 1048576K
}
Event: 1.638 GC heap after
{Heap after GC invocations=20 (full 0):
 garbage-first heap   total 22528K, used 9691K [0x0000000700800000, 0x0000000800000000)
  region size 2048K, 1 young (2048K), 1 survivors (2048K)
 Metaspace       used 2752K, committed 2944K, reserved 1114112K
  class space    used 287K, committed 384K, reserved 1048576K
}
Event: 1.651 GC heap before
{Heap before GC invocations=20 (full 0):
 garbage-first heap   total 22528K, used 11739K [0x0000000700800000, 0x0000000800000000)
  region size 2048K, 2 young (4096K), 1 survivors (2048K)
 Metaspace       used 2753K, committed 2944K, reserved 1114112K
  class space    used 287K, committed 384K, reserved 1048576K
}
Event: 1.653 GC heap after
{Heap after GC invocations=21 (full 0):
 garbage-first heap   total 22528K, used 11769K [0x0000000700800000, 0x0000000800000000)
  region size 2048K, 1 young (2048K), 1 survivors (2048K)
 Metaspace       used 2753K, committed 2944K, reserved 1114112K
  class space    used 287K, committed 384K, reserved 1048576K
}
Event: 1.679 GC heap before
{Heap before GC invocations=21 (full 0):
 garbage-first heap   total 22528K, used 11769K [0x0000000700800000, 0x0000000800000000)
  region size 2048K, 2 young (4096K), 1 survivors (2048K)
 Metaspace       used 2837K, committed 3072K, reserved 1114112K
  class space    used 298K, committed 384K, reserved 1048576K
}
Event: 1.683 GC heap after
{Heap after GC invocations=22 (full 0):
 garbage-first heap   total 22528K, used 13760K [0x0000000700800000, 0x0000000800000000)
  region size 2048K, 1 young (2048K), 1 survivors (2048K)
 Metaspace       used 2837K, committed 3072K, reserved 1114112K
  class space    used 298K, committed 384K, reserved 1048576K
}
Event: 1.713 GC heap before
{Heap before GC invocations=23 (full 0):
 garbage-first heap   total 28672K, used 15808K [0x0000000700800000, 0x0000000800000000)
  region size 2048K, 2 young (4096K), 1 survivors (2048K)
 Metaspace       used 2837K, committed 3072K, reserved 1114112K
  class space    used 298K, committed 384K, reserved 1048576K
}
Event: 1.717 GC heap after
{Heap after GC invocations=24 (full 0):
 garbage-first heap   total 28672K, used 15734K [0x0000000700800000, 0x0000000800000000)
  region size 2048K, 1 young (2048K), 1 survivors (2048K)
 Metaspace       used 2837K, committed 3072K, reserved 1114112K
  class space    used 298K, committed 384K, reserved 1048576K
}
Event: 1.742 GC heap before
{Heap before GC invocations=24 (full 0):
 garbage-first heap   total 28672K, used 15734K [0x0000000700800000, 0x0000000800000000)
  region size 2048K, 2 young (4096K), 1 survivors (2048K)
 Metaspace       used 2879K, committed 3136K, reserved 1114112K
  class space    used 308K, committed 448K, reserved 1048576K
}
Event: 1.749 GC heap after
{Heap after GC invocations=25 (full 0):
 garbage-first heap   total 28672K, used 16127K [0x0000000700800000, 0x0000000800000000)
  region size 2048K, 1 young (2048K), 1 survivors (2048K)
 Metaspace       used 2879K, committed 3136K, reserved 1114112K
  class space    used 308K, committed 448K, reserved 1048576K
}
Event: 1.762 GC heap before
{Heap before GC invocations=25 (full 0):
 garbage-first heap   total 28672K, used 18175K [0x0000000700800000, 0x0000000800000000)
  region size 2048K, 2 young (4096K), 1 survivors (2048K)
 Metaspace       used 2909K, committed 3136K, reserved 1114112K
  class space    used 312K, committed 448K, reserved 1048576K
}

Dll operation events (6 events):
Event: 0.008 Loaded shared library C:\Program Files\Eclipse Adoptium\jdk-17.0.18.8-hotspot\bin\java.dll
Event: 0.024 Loaded shared library C:\Program Files\Eclipse Adoptium\jdk-17.0.18.8-hotspot\bin\jsvml.dll
Event: 0.128 Loaded shared library C:\Program Files\Eclipse Adoptium\jdk-17.0.18.8-hotspot\bin\jimage.dll
Event: 0.204 Loaded shared library C:\Program Files\Eclipse Adoptium\jdk-17.0.18.8-hotspot\bin\net.dll
Event: 0.206 Loaded shared library C:\Program Files\Eclipse Adoptium\jdk-17.0.18.8-hotspot\bin\nio.dll
Event: 0.271 Loaded shared library C:\Program Files\Eclipse Adoptium\jdk-17.0.18.8-hotspot\bin\zip.dll

Deoptimization events (20 events):
Event: 1.668 Thread 0x000001d2029eae60 Uncommon trap: trap_request=0xffffffde fr.pc=0x000001d2139777fc relative=0x0000000000005a1c
Event: 1.668 Thread 0x000001d2029eae60 Uncommon trap: reason=class_check action=maybe_recompile pc=0x000001d2139777fc method=java.util.stream.ForEachOps$ForEachOp$OfRef.accept(Ljava/lang/Object;)V @ 5 c2
Event: 1.668 Thread 0x000001d2029eae60 DEOPT PACKING pc=0x000001d2139777fc sp=0x000000d1627fea50
Event: 1.668 Thread 0x000001d2029eae60 DEOPT UNPACKING pc=0x000001d2133b69a3 sp=0x000000d1627feab8 mode 2
Event: 1.669 Thread 0x000001d2029eae60 Uncommon trap: trap_request=0xffffffde fr.pc=0x000001d2139777fc relative=0x0000000000005a1c
Event: 1.669 Thread 0x000001d2029eae60 Uncommon trap: reason=class_check action=maybe_recompile pc=0x000001d2139777fc method=java.util.stream.ForEachOps$ForEachOp$OfRef.accept(Ljava/lang/Object;)V @ 5 c2
Event: 1.669 Thread 0x000001d2029eae60 DEOPT PACKING pc=0x000001d2139777fc sp=0x000000d1627fead0
Event: 1.669 Thread 0x000001d2029eae60 DEOPT UNPACKING pc=0x000001d2133b69a3 sp=0x000000d1627feb28 mode 2
Event: 1.669 Thread 0x000001d2029eae60 Uncommon trap: trap_request=0xffffffde fr.pc=0x000001d2139777fc relative=0x0000000000005a1c
Event: 1.669 Thread 0x000001d2029eae60 Uncommon trap: reason=class_check action=maybe_recompile pc=0x000001d2139777fc method=java.util.stream.ForEachOps$ForEachOp$OfRef.accept(Ljava/lang/Object;)V @ 5 c2
Event: 1.669 Thread 0x000001d2029eae60 DEOPT PACKING pc=0x000001d2139777fc sp=0x000000d1627fea50
Event: 1.669 Thread 0x000001d2029eae60 DEOPT UNPACKING pc=0x000001d2133b69a3 sp=0x000000d1627feab8 mode 2
Event: 1.703 Thread 0x000001d2029eae60 Uncommon trap: trap_request=0xffffff45 fr.pc=0x000001d21399cb8c relative=0x000000000000124c
Event: 1.703 Thread 0x000001d2029eae60 Uncommon trap: reason=unstable_if action=reinterpret pc=0x000001d21399cb8c method=java.util.LinkedHashMap.linkNodeLast(Ljava/util/LinkedHashMap$Entry;)V @ 11 c2
Event: 1.703 Thread 0x000001d2029eae60 DEOPT PACKING pc=0x000001d21399cb8c sp=0x000000d1627fe890
Event: 1.703 Thread 0x000001d2029eae60 DEOPT UNPACKING pc=0x000001d2133b69a3 sp=0x000000d1627fe730 mode 2
Event: 1.762 Thread 0x000001d2029eae60 Uncommon trap: trap_request=0xffffff45 fr.pc=0x000001d213928910 relative=0x0000000000000210
Event: 1.762 Thread 0x000001d2029eae60 Uncommon trap: reason=unstable_if action=reinterpret pc=0x000001d213928910 method=java.util.zip.InflaterInputStream.read([BII)I @ 41 c2
Event: 1.762 Thread 0x000001d2029eae60 DEOPT PACKING pc=0x000001d213928910 sp=0x000000d1627fec20
Event: 1.762 Thread 0x000001d2029eae60 DEOPT UNPACKING pc=0x000001d2133b69a3 sp=0x000000d1627febc0 mode 2

Classes loaded (20 events):
Event: 1.580 Loading class java/lang/NoSuchFieldError
Event: 1.580 Loading class java/lang/NoSuchFieldError done
Event: 1.659 Loading class jdk/internal/jimage/ImageStream
Event: 1.659 Loading class jdk/internal/jimage/ImageStream done
Event: 1.661 Loading class java/lang/IllegalStateException
Event: 1.661 Loading class java/lang/IllegalStateException done
Event: 1.721 Loading class sun/nio/fs/WindowsChannelFactory$2
Event: 1.721 Loading class sun/nio/fs/WindowsChannelFactory$2 done
Event: 1.722 Loading class java/nio/channels/Channels$1
Event: 1.722 Loading class java/nio/channels/Channels$1 done
Event: 1.727 Loading class java/util/Collections$ReverseComparator
Event: 1.727 Loading class java/util/Collections$ReverseComparator done
Event: 1.729 Loading class java/util/LinkedHashMap$LinkedValues
Event: 1.729 Loading class java/util/LinkedHashMap$LinkedValues done
Event: 1.730 Loading class java/util/LinkedHashMap$LinkedValueIterator
Event: 1.730 Loading class java/util/LinkedHashMap$LinkedValueIterator done
Event: 1.759 Loading class jdk/internal/org/objectweb/asm/Context
Event: 1.759 Loading class jdk/internal/org/objectweb/asm/Context done
Event: 1.761 Loading class jdk/internal/org/objectweb/asm/Opcodes
Event: 1.761 Loading class jdk/internal/org/objectweb/asm/Opcodes done

Classes unloaded (0 events):
No events

Classes redefined (0 events):
No events

Internal exceptions (16 events):
Event: 0.160 Thread 0x000001d2029eae60 Exception <a 'java/lang/NoSuchMethodError'{0x0000000700f73f78}: 'void java.lang.invoke.DirectMethodHandle$Holder.invokeStatic(java.lang.Object, java.lang.Object, java.lang.Object, java.lang.Object)'> (0x0000000700f73f78) 
thrown [s\src\hotspot\share\interpreter\linkResolver.cpp, line 759]
Event: 0.161 Thread 0x000001d2029eae60 Exception <a 'java/lang/NoSuchMethodError'{0x0000000700f77da0}: 'void java.lang.invoke.DirectMethodHandle$Holder.invokeStaticInit(java.lang.Object, java.lang.Object, java.lang.Object, java.lang.Object)'> (0x0000000700f77da0) 
thrown [s\src\hotspot\share\interpreter\linkResolver.cpp, line 759]
Event: 0.201 Thread 0x000001d2029eae60 Exception <a 'java/lang/NoSuchMethodError'{0x0000000700fc76a8}: 'java.lang.Object java.lang.invoke.DirectMethodHandle$Holder.invokeStaticInit(java.lang.Object)'> (0x0000000700fc76a8) 
thrown [s\src\hotspot\share\interpreter\linkResolver.cpp, line 759]
Event: 0.212 Thread 0x000001d2029eae60 Exception <a 'java/lang/NoSuchMethodError'{0x0000000700fec7f0}: 'java.lang.Object java.lang.invoke.DirectMethodHandle$Holder.invokeInterface(java.lang.Object, java.lang.Object)'> (0x0000000700fec7f0) 
thrown [s\src\hotspot\share\interpreter\linkResolver.cpp, line 759]
Event: 0.217 Thread 0x000001d2029eae60 Exception <a 'java/lang/NoSuchMethodError'{0x0000000700ffe0e8}: 'void java.lang.invoke.DirectMethodHandle$Holder.invokeInterface(java.lang.Object, java.lang.Object, java.lang.Object)'> (0x0000000700ffe0e8) 
thrown [s\src\hotspot\share\interpreter\linkResolver.cpp, line 759]
Event: 0.225 Thread 0x000001d2029eae60 Exception <a 'java/lang/NoSuchMethodError'{0x0000000700e04a40}: 'int java.lang.invoke.DirectMethodHandle$Holder.invokeStaticInit(java.lang.Object, java.lang.Object)'> (0x0000000700e04a40) 
thrown [s\src\hotspot\share\interpreter\linkResolver.cpp, line 759]
Event: 0.246 Thread 0x000001d2029eae60 Exception <a 'java/lang/NoSuchMethodError'{0x0000000700e7c2e8}: 'void java.lang.invoke.DirectMethodHandle$Holder.invokeSpecial(java.lang.Object, java.lang.Object, java.lang.Object, java.lang.Object, java.lang.Object)'> (0x0000000700e7c2e8) 
thrown [s\src\hotspot\share\interpreter\linkResolver.cpp, line 759]
Event: 0.253 Thread 0x000001d2029eae60 Exception <a 'sun/nio/fs/WindowsException'{0x0000000700e943b8}> (0x0000000700e943b8) 
thrown [s\src\hotspot\share\prims\jni.cpp, line 516]
Event: 0.277 Thread 0x000001d2029eae60 Exception <a 'java/lang/NoSuchMethodError'{0x0000000700f7bb20}: 'void java.lang.invoke.DirectMethodHandle$Holder.invokeSpecial(java.lang.Object, java.lang.Object, java.lang.Object)'> (0x0000000700f7bb20) 
thrown [s\src\hotspot\share\interpreter\linkResolver.cpp, line 759]
Event: 1.554 Thread 0x000001d2029eae60 Exception <a 'java/lang/NoSuchMethodError'{0x00000007014a1f08}: 'void java.lang.invoke.DirectMethodHandle$Holder.invokeStatic(java.lang.Object, java.lang.Object, java.lang.Object, java.lang.Object, java.lang.Object, java.lang.Object)'> (0x00000007014a1f08) 
thrown [s\src\hotspot\share\interpreter\linkResolver.cpp, line 759]
Event: 1.557 Thread 0x000001d2029eae60 Exception <a 'java/lang/NoSuchMethodError'{0x00000007014c1d90}: 'void java.lang.invoke.DirectMethodHandle$Holder.invokeStatic(java.lang.Object, java.lang.Object)'> (0x00000007014c1d90) 
thrown [s\src\hotspot\share\interpreter\linkResolver.cpp, line 759]
Event: 1.569 Thread 0x000001d2029eae60 Exception <a 'sun/nio/fs/WindowsException'{0x00000007014f16a0}> (0x00000007014f16a0) 
thrown [s\src\hotspot\share\prims\jni.cpp, line 516]
Event: 1.571 Thread 0x000001d2029eae60 Exception <a 'sun/nio/fs/WindowsException'{0x00000007014f3730}> (0x00000007014f3730) 
thrown [s\src\hotspot\share\prims\jni.cpp, line 516]
Event: 1.571 Thread 0x000001d2029eae60 Exception <a 'sun/nio/fs/WindowsException'{0x00000007014f3b90}> (0x00000007014f3b90) 
thrown [s\src\hotspot\share\prims\jni.cpp, line 516]
Event: 1.573 Thread 0x000001d2029eae60 Exception <a 'java/lang/NoSuchMethodError'{0x00000007014f71b0}: 'void java.lang.invoke.DirectMethodHandle$Holder.invokeStatic(java.lang.Object, java.lang.Object, java.lang.Object)'> (0x00000007014f71b0) 
thrown [s\src\hotspot\share\interpreter\linkResolver.cpp, line 759]
Event: 1.727 Thread 0x000001d2029eae60 Exception <a 'java/lang/NoSuchMethodError'{0x000000070203d1d8}: 'java.lang.Object java.lang.invoke.Invokers$Holder.invokeExact_MT(java.lang.Object, java.lang.Object, java.lang.Object, java.lang.Object, java.lang.Object, java.lang.Object)'> (0x000000070203d1d8) 
thrown [s\src\hotspot\share\interpreter\linkResolver.cpp, line 759]

VM Operations (20 events):
Event: 1.542 Executing VM operation: G1CollectForAllocation done
Event: 1.610 Executing VM operation: G1CollectForAllocation
Event: 1.612 Executing VM operation: G1CollectForAllocation done
Event: 1.627 Executing VM operation: G1CollectForAllocation
Event: 1.629 Executing VM operation: G1CollectForAllocation done
Event: 1.636 Executing VM operation: G1CollectForAllocation
Event: 1.638 Executing VM operation: G1CollectForAllocation done
Event: 1.650 Executing VM operation: G1CollectForAllocation
Event: 1.653 Executing VM operation: G1CollectForAllocation done
Event: 1.679 Executing VM operation: G1CollectForAllocation
Event: 1.683 Executing VM operation: G1CollectForAllocation done
Event: 1.692 Executing VM operation: G1PauseRemark
Event: 1.693 Executing VM operation: G1PauseRemark done
Event: 1.698 Executing VM operation: G1PauseCleanup
Event: 1.702 Executing VM operation: G1PauseCleanup done
Event: 1.713 Executing VM operation: G1CollectForAllocation
Event: 1.717 Executing VM operation: G1CollectForAllocation done
Event: 1.742 Executing VM operation: G1CollectForAllocation
Event: 1.749 Executing VM operation: G1CollectForAllocation done
Event: 1.762 Executing VM operation: G1CollectForAllocation

Memory protections (0 events):
No events

Nmethod flushes (0 events):
No events

Events (15 events):
Event: 0.024 Thread 0x000001d2029eae60 Thread added: 0x000001d2029eae60
Event: 0.039 Thread 0x000001d2029eae60 Thread added: 0x000001d26813ff70
Event: 0.039 Thread 0x000001d2029eae60 Thread added: 0x000001d2681426b0
Event: 0.047 Thread 0x000001d2029eae60 Thread added: 0x000001d26815f230
Event: 0.047 Thread 0x000001d2029eae60 Thread added: 0x000001d268161c00
Event: 0.047 Thread 0x000001d2029eae60 Thread added: 0x000001d2681625c0
Event: 0.047 Thread 0x000001d2029eae60 Thread added: 0x000001d268162f80
Event: 0.047 Thread 0x000001d2029eae60 Thread added: 0x000001d2681668d0
Event: 0.051 Thread 0x000001d2029eae60 Thread added: 0x000001d26816c5e0
Event: 0.051 Thread 0x000001d2029eae60 Thread added: 0x000001d2681e7440
Event: 0.107 Thread 0x000001d2029eae60 Thread added: 0x000001d2681fe990
Event: 0.126 Thread 0x000001d2029eae60 Thread added: 0x000001d268412610
Event: 0.558 Thread 0x000001d2681668d0 Thread added: 0x000001d2685949f0
Event: 1.542 Thread 0x000001d2685949f0 Thread exited: 0x000001d2685949f0
Event: 1.609 Thread 0x000001d2681668d0 Thread added: 0x000001d268818670


Dynamic libraries:
0x00007ff631930000 - 0x00007ff631938000 	C:\Program Files\Eclipse Adoptium\jdk-17.0.18.8-hotspot\bin\jlink.exe
0x00007ffd5a340000 - 0x00007ffd5a5a7000 	C:\WINDOWS\SYSTEM32\ntdll.dll
0x00007ffd59620000 - 0x00007ffd596e9000 	C:\WINDOWS\System32\KERNEL32.DLL
0x00007ffd56c20000 - 0x00007ffd57011000 	C:\WINDOWS\System32\KERNELBASE.dll
0x00007ffd571a0000 - 0x00007ffd572eb000 	C:\WINDOWS\System32\ucrtbase.dll
0x00007ffd4eaa0000 - 0x00007ffd4eab8000 	C:\Program Files\Eclipse Adoptium\jdk-17.0.18.8-hotspot\bin\jli.dll
0x00007ffd593c0000 - 0x00007ffd59585000 	C:\WINDOWS\System32\USER32.dll
0x00007ffd572f0000 - 0x00007ffd57317000 	C:\WINDOWS\System32\win32u.dll
0x00007ffd59db0000 - 0x00007ffd59ddb000 	C:\WINDOWS\System32\GDI32.dll
0x00007ffd57cd0000 - 0x00007ffd57dfb000 	C:\WINDOWS\System32\gdi32full.dll
0x00007ffd57ec0000 - 0x00007ffd57f63000 	C:\WINDOWS\System32\msvcp_win.dll
0x00007ffd4eb30000 - 0x00007ffd4eb4e000 	C:\Program Files\Eclipse Adoptium\jdk-17.0.18.8-hotspot\bin\VCRUNTIME140.dll
0x00007ffd43610000 - 0x00007ffd438a3000 	C:\WINDOWS\WinSxS\amd64_microsoft.windows.common-controls_6595b64144ccf1df_6.0.26100.8037_none_3e092faae333b53b\COMCTL32.dll
0x00007ffd59200000 - 0x00007ffd592a9000 	C:\WINDOWS\System32\msvcrt.dll
0x00007ffd58ed0000 - 0x00007ffd58f01000 	C:\WINDOWS\System32\IMM32.DLL
0x00007ffd544d0000 - 0x00007ffd544dc000 	C:\Program Files\Eclipse Adoptium\jdk-17.0.18.8-hotspot\bin\vcruntime140_1.dll
0x00007ffd41bc0000 - 0x00007ffd41c4d000 	C:\Program Files\Eclipse Adoptium\jdk-17.0.18.8-hotspot\bin\msvcp140.dll
0x00007ffcdfa20000 - 0x00007ffce068b000 	C:\Program Files\Eclipse Adoptium\jdk-17.0.18.8-hotspot\bin\server\jvm.dll
0x00007ffd58f90000 - 0x00007ffd5904b000 	C:\WINDOWS\System32\ADVAPI32.dll
0x00007ffd59cb0000 - 0x00007ffd59d57000 	C:\WINDOWS\System32\sechost.dll
0x00007ffd59870000 - 0x00007ffd59988000 	C:\WINDOWS\System32\RPCRT4.dll
0x00007ffd58f10000 - 0x00007ffd58f84000 	C:\WINDOWS\System32\WS2_32.dll
0x00007ffd4a360000 - 0x00007ffd4a395000 	C:\WINDOWS\SYSTEM32\WINMM.dll
0x00007ffd51500000 - 0x00007ffd5150b000 	C:\WINDOWS\SYSTEM32\VERSION.dll
0x00007ffd56a80000 - 0x00007ffd56ade000 	C:\WINDOWS\SYSTEM32\POWRPROF.dll
0x00007ffd56a60000 - 0x00007ffd56a74000 	C:\WINDOWS\SYSTEM32\UMPDC.dll
0x00007ffd55970000 - 0x00007ffd5598b000 	C:\WINDOWS\SYSTEM32\kernel.appcore.dll
0x00007ffd54480000 - 0x00007ffd5448a000 	C:\Program Files\Eclipse Adoptium\jdk-17.0.18.8-hotspot\bin\jimage.dll
0x00007ffd460f0000 - 0x00007ffd46332000 	C:\WINDOWS\SYSTEM32\DBGHELP.DLL
0x00007ffd58a60000 - 0x00007ffd58de2000 	C:\WINDOWS\System32\combase.dll
0x00007ffd58df0000 - 0x00007ffd58ec7000 	C:\WINDOWS\System32\OLEAUT32.dll
0x00007ffd3f950000 - 0x00007ffd3f98b000 	C:\WINDOWS\SYSTEM32\dbgcore.DLL
0x00007ffd57b90000 - 0x00007ffd57c35000 	C:\WINDOWS\System32\bcryptPrimitives.dll
0x00007ffd489b0000 - 0x00007ffd489d5000 	C:\Program Files\Eclipse Adoptium\jdk-17.0.18.8-hotspot\bin\java.dll
0x00007ffd3b610000 - 0x00007ffd3b6e7000 	C:\Program Files\Eclipse Adoptium\jdk-17.0.18.8-hotspot\bin\jsvml.dll
0x00007ffd580f0000 - 0x00007ffd5884f000 	C:\WINDOWS\System32\SHELL32.dll
0x00007ffd57f70000 - 0x00007ffd580da000 	C:\WINDOWS\System32\wintypes.dll
0x00007ffd57320000 - 0x00007ffd57b84000 	C:\WINDOWS\System32\windows.storage.dll
0x00007ffd59a50000 - 0x00007ffd59b47000 	C:\WINDOWS\System32\SHCORE.dll
0x00007ffd592b0000 - 0x00007ffd59317000 	C:\WINDOWS\System32\shlwapi.dll
0x00007ffd56b40000 - 0x00007ffd56b69000 	C:\WINDOWS\SYSTEM32\profapi.dll
0x00007ffd4e850000 - 0x00007ffd4e86a000 	C:\Program Files\Eclipse Adoptium\jdk-17.0.18.8-hotspot\bin\net.dll
0x00007ffd511d0000 - 0x00007ffd512f7000 	C:\WINDOWS\SYSTEM32\WINHTTP.dll
0x00007ffd55ec0000 - 0x00007ffd55f2b000 	C:\WINDOWS\system32\mswsock.dll
0x00007ffd49f10000 - 0x00007ffd49f26000 	C:\Program Files\Eclipse Adoptium\jdk-17.0.18.8-hotspot\bin\nio.dll
0x00007ffd48870000 - 0x00007ffd48888000 	C:\Program Files\Eclipse Adoptium\jdk-17.0.18.8-hotspot\bin\zip.dll

dbghelp: loaded successfully - version: 4.0.5 - missing functions: none
symbol engine: initialized successfully - sym options: 0x614 - pdb path: .;C:\Program Files\Eclipse Adoptium\jdk-17.0.18.8-hotspot\bin;C:\WINDOWS\SYSTEM32;C:\WINDOWS\WinSxS\amd64_microsoft.windows.common-controls_6595b64144ccf1df_6.0.26100.8037_none_3e092faae333b53b;C:\Program Files\Eclipse Adoptium\jdk-17.0.18.8-hotspot\bin\server

VM Arguments:
jvm_args: -Dapplication.home=C:\Program Files\Eclipse Adoptium\jdk-17.0.18.8-hotspot --add-modules=ALL-DEFAULT -Xms8m -Djdk.module.main=jdk.jlink 
java_command: jdk.jlink/jdk.tools.jlink.internal.Main --add-modules java.base --add-modules java.desktop --add-modules java.logging --add-modules jdk.crypto.ec --strip-debug --no-header-files --no-man-pages --strip-native-commands --output C:\Users\spere\android-game-perf-tool-desktop\build\compose\tmp\main\runtime
java_class_path (initial): <not set>
Launcher Type: SUN_STANDARD

[Global flags]
     intx CICompilerCount                          = 3                                         {product} {ergonomic}
     uint ConcGCThreads                            = 1                                         {product} {ergonomic}
     uint G1ConcRefinementThreads                  = 4                                         {product} {ergonomic}
   size_t G1HeapRegionSize                         = 2097152                                   {product} {ergonomic}
    uintx GCDrainStackTargetSize                   = 64                                        {product} {ergonomic}
   size_t InitialHeapSize                          = 8388608                                   {product} {command line}
   size_t MarkStackSize                            = 4194304                                   {product} {ergonomic}
   size_t MaxHeapSize                              = 4286578688                                {product} {ergonomic}
   size_t MaxNewSize                               = 2571108352                                {product} {ergonomic}
   size_t MinHeapDeltaBytes                        = 2097152                                   {product} {ergonomic}
   size_t MinHeapSize                              = 8388608                                   {product} {command line}
    uintx NonNMethodCodeHeapSize                   = 5832780                                {pd product} {ergonomic}
    uintx NonProfiledCodeHeapSize                  = 122912730                              {pd product} {ergonomic}
    uintx ProfiledCodeHeapSize                     = 122912730                              {pd product} {ergonomic}
    uintx ReservedCodeCacheSize                    = 251658240                              {pd product} {ergonomic}
     bool SegmentedCodeCache                       = true                                      {product} {ergonomic}
   size_t SoftMaxHeapSize                          = 4286578688                             {manageable} {ergonomic}
     bool UseCompressedClassPointers               = true                           {product lp64_product} {ergonomic}
     bool UseCompressedOops                        = true                           {product lp64_product} {ergonomic}
     bool UseG1GC                                  = true                                      {product} {ergonomic}
     bool UseLargePagesIndividualAllocation        = false                                  {pd product} {ergonomic}

Logging:
Log output configuration:
 #0: stdout all=warning uptime,level,tags
 #1: stderr all=off uptime,level,tags

Environment Variables:
JAVA_HOME=C:\Program Files\Eclipse Adoptium\jdk-17.0.18.8-hotspot\
PATH=C:\Users\spere\AppData\Roaming\npm;C:\Users\spere\android-game-perf-tool-desktop\node_modules\.bin;C:\Users\spere\node_modules\.bin;C:\Users\node_modules\.bin;C:\node_modules\.bin;C:\Program Files\nodejs\node_modules\npm\node_modules\@npmcli\run-script\lib\node-gyp-bin;C:\Program Files\Eclipse Adoptium\jdk-17.0.18.8-hotspot\bin;C:\WINDOWS\system32;C:\WINDOWS;C:\WINDOWS\System32\Wbem;C:\WINDOWS\System32\WindowsPowerShell\v1.0\;C:\WINDOWS\System32\OpenSSH\;C:\Program Files\nodejs\;C:\Program Files\Git\cmd;C:\Program Files\dotnet\;C:\Program Files\GitHub CLI\;C:\Program Files\Docker\Docker\resources\bin;C:\Program Files\Google\Chrome\Application;C:\WINDOWS\system32;C:\WINDOWS;C:\WINDOWS\System32\Wbem;C:\WINDOWS\System32\WindowsPowerShell\v1.0\;C:\WINDOWS\System32\OpenSSH\;C:\Users\spere\AppData\Local\Microsoft\WindowsApps;;;C:\Program Files\nodejs;C:\Users\spere\AppData\Roaming\npm;C:\Users\spere\AppData\Local\Microsoft\WinGet\Packages\Hawaii_Beach.TinyNvidiaUpdateChecker_Microsoft.Winget.Source_8wekyb3d8bbwe;;C:\Users\spere\platform-tools;C:\Users\spere\AppData\Local\Microsoft\WinGet\Packages\DenoLand.Deno_Microsoft.Winget.Source_8wekyb3d8bbwe;C:\Users\spere\AppData\Local\Microsoft\WinGet\Packages\yt-dlp.FFmpeg_Microsoft.Winget.Source_8wekyb3d8bbwe\ffmpeg-N-123778-g3b55818764-win64-gpl\bin;C:\Users\spere\AppData\Local\Microsoft\WinGet\Packages\yt-dlp.yt-dlp_Microsoft.Winget.Source_8wekyb3d8bbwe;C:\Users\spere\AppData\Local\Microsoft\WinGet\Packages\Ngrok.Ngrok_Microsoft.Winget.Source_8wekyb3d8bbwe;C:\Users\spere\AppData\Local\Microsoft\WinGet\Packages\Cloudflare.cloudflared_Microsoft.Winget.Source_8wekyb3d8bbwe;;C:\Program Files\nodejs;$env:APPDATA\npm
USERNAME=spere
LANG=en_US.UTF-8
OS=Windows_NT
PROCESSOR_IDENTIFIER=Intel64 Family 6 Model 158 Stepping 9, GenuineIntel
TMP=C:\Users\spere\AppData\Local\Temp
TEMP=C:\Users\spere\AppData\Local\Temp



Periodic native trim disabled


---------------  S Y S T E M  ---------------

OS:
 Windows 11 , 64 bit Build 26100 (10.0.26100.7920)
OS uptime: 0 days 7:38 hours
Hyper-V role detected

CPU: total 4 (initial active 4) (4 cores per cpu, 1 threads per core) family 6 model 158 stepping 9 microcode 0xde, cx8, cmov, fxsr, mmx, 3dnowpref, sse, sse2, sse3, ssse3, sse4.1, sse4.2, popcnt, lzcnt, tsc, tscinvbit, avx, avx2, aes, erms, clmul, bmi1, bmi2, rtm, adx, fma, vzeroupper, clflush, clflushopt, hv
Processor Information for all 4 processors :
  Max Mhz: 3792, Current Mhz: 3792, Mhz Limit: 3792

Memory: 4k page, system-wide physical 16348M (941M free)
TotalPageFile size 20444M (AvailPageFile size 23M)
current process WorkingSet (physical memory assigned to process): 87M, peak: 88M
current process commit charge ("private bytes"): 118M, peak: 162M

vm_info: OpenJDK 64-Bit Server VM (17.0.18+8) for windows-amd64 JRE (17.0.18+8), built on Jan 20 2026 22:28:22 by "admin" with MS VC++ 17.12 (VS2022)

END.
