#
# There is insufficient memory for the Java Runtime Environment to continue.
# Native memory allocation (malloc) failed to allocate 1622032 bytes. Error detail: Chunk::new
# Possible reasons:
#   The system is out of physical RAM or swap space
#   This process is running with CompressedOops enabled, and the Java Heap may be blocking the growth of the native heap
# Possible solutions:
#   Reduce memory load on the system
#   Increase physical memory or swap space
#   Check if swap backing store is full
#   Decrease Java heap size (-Xmx/-Xms)
#   Decrease number of Java threads
#   Decrease Java thread stack sizes (-Xss)
#   Set larger code cache with -XX:ReservedCodeCacheSize=
#   JVM is running with Zero Based Compressed Oops mode in which the Java heap is
#     placed in the first 32GB address space. The Java Heap base address is the
#     maximum limit for the native heap growth. Please use -XX:HeapBaseMinAddress
#     to set the Java Heap base and to place the Java Heap above 32GB virtual address.
# This output file may be truncated or incomplete.
#
#  Out of Memory Error (arena.cpp:191), pid=3184, tid=17452
#
# JRE version: OpenJDK Runtime Environment Temurin-17.0.18+8 (17.0.18+8) (build 17.0.18+8)
# Java VM: OpenJDK 64-Bit Server VM Temurin-17.0.18+8 (17.0.18+8, mixed mode, sharing, tiered, compressed oops, compressed class ptrs, g1 gc, windows-amd64)
# No core dump will be written. Minidumps are not enabled by default on client versions of Windows
#

---------------  S U M M A R Y ------------

Command Line: org.jetbrains.kotlin.cli.jvm.K2JVMCompiler @C:\Users\spere\android-game-perf-tool-desktop\build\20260415_18431051076909081914.compiler.options

Host: Intel(R) Core(TM) i5-7600K CPU @ 3.80GHz, 4 cores, 15G,  Windows 11 , 64 bit Build 26100 (10.0.26100.7920)
Time: Wed Apr 15 15:25:21 2026 Hora de verano romance elapsed time: 24.904112 seconds (0d 0h 0m 24s)

---------------  T H R E A D  ---------------

Current thread (0x000001a4dc8ea6d0):  JavaThread "C2 CompilerThread1" daemon [_thread_in_native, id=17452, stack(0x0000002a88a00000,0x0000002a88b00000)]


Current CompileTask:
C2:24904 14458       4       org.jetbrains.kotlin.resolve.calls.KotlinCallResolver::choseMostSpecific (1086 bytes)

Stack: [0x0000002a88a00000,0x0000002a88b00000]
Native frames: (J=compiled Java code, j=interpreted, Vv=VM code, C=native code)
V  [jvm.dll+0x6846f9]
V  [jvm.dll+0x839ea5]
V  [jvm.dll+0x83b91e]
V  [jvm.dll+0x83bfa3]
V  [jvm.dll+0x248eff]
V  [jvm.dll+0xad496]
V  [jvm.dll+0xadb3c]
V  [jvm.dll+0x368c1e]
V  [jvm.dll+0x1bc1ef]
V  [jvm.dll+0x219f10]
V  [jvm.dll+0x219200]
V  [jvm.dll+0x1a4920]
V  [jvm.dll+0x22989a]
V  [jvm.dll+0x227a4b]
V  [jvm.dll+0x7f0658]
V  [jvm.dll+0x7eaaec]
V  [jvm.dll+0x6835c7]
C  [ucrtbase.dll+0x37b0]
C  [KERNEL32.DLL+0x2e8d7]
C  [ntdll.dll+0x8c48c]


---------------  P R O C E S S  ---------------

Threads class SMR info:
_java_thread_list=0x000001a52b5ae160, length=13, elements={
0x000001a4b780cf20, 0x000001a4dbffb3f0, 0x000001a4dbffbfb0, 0x000001a4dc147c60,
0x000001a4dc14a730, 0x000001a4dc14d100, 0x000001a4dc14dac0, 0x000001a4dc14e7b0,
0x000001a4dc1500d0, 0x000001a4dc16ea20, 0x000001a4dc2c6cc0, 0x000001a4dc2c71d0,
0x000001a4dc8ea6d0
}

Java Threads: ( => current thread )
  0x000001a4b780cf20 JavaThread "main" [_thread_in_Java, id=17888, stack(0x0000002a87700000,0x0000002a87800000)]
  0x000001a4dbffb3f0 JavaThread "Reference Handler" daemon [_thread_blocked, id=15780, stack(0x0000002a87e00000,0x0000002a87f00000)]
  0x000001a4dbffbfb0 JavaThread "Finalizer" daemon [_thread_blocked, id=9192, stack(0x0000002a87f00000,0x0000002a88000000)]
  0x000001a4dc147c60 JavaThread "Signal Dispatcher" daemon [_thread_blocked, id=12760, stack(0x0000002a88000000,0x0000002a88100000)]
  0x000001a4dc14a730 JavaThread "Attach Listener" daemon [_thread_blocked, id=7104, stack(0x0000002a88100000,0x0000002a88200000)]
  0x000001a4dc14d100 JavaThread "Service Thread" daemon [_thread_blocked, id=12324, stack(0x0000002a88200000,0x0000002a88300000)]
  0x000001a4dc14dac0 JavaThread "Monitor Deflation Thread" daemon [_thread_blocked, id=15104, stack(0x0000002a88300000,0x0000002a88400000)]
  0x000001a4dc14e7b0 JavaThread "C2 CompilerThread0" daemon [_thread_in_native, id=7420, stack(0x0000002a88400000,0x0000002a88500000)]
  0x000001a4dc1500d0 JavaThread "C1 CompilerThread0" daemon [_thread_in_vm, id=15920, stack(0x0000002a88500000,0x0000002a88600000)]
  0x000001a4dc16ea20 JavaThread "Sweeper thread" daemon [_thread_blocked, id=436, stack(0x0000002a88600000,0x0000002a88700000)]
  0x000001a4dc2c6cc0 JavaThread "Notification Thread" daemon [_thread_blocked, id=2576, stack(0x0000002a88700000,0x0000002a88800000)]
  0x000001a4dc2c71d0 JavaThread "Common-Cleaner" daemon [_thread_blocked, id=18632, stack(0x0000002a88900000,0x0000002a88a00000)]
=>0x000001a4dc8ea6d0 JavaThread "C2 CompilerThread1" daemon [_thread_in_native, id=17452, stack(0x0000002a88a00000,0x0000002a88b00000)]

Other Threads:
  0x000001a4dbff7ec0 VMThread "VM Thread" [stack: 0x0000002a87d00000,0x0000002a87e00000] [id=16600]
  0x000001a4dc2c9940 WatcherThread [stack: 0x0000002a88800000,0x0000002a88900000] [id=19252]
  0x000001a4b787c200 GCTaskThread "GC Thread#0" [stack: 0x0000002a87800000,0x0000002a87900000] [id=1720]
  0x000001a4dc42ca60 GCTaskThread "GC Thread#1" [stack: 0x0000002a88b00000,0x0000002a88c00000] [id=11692]
  0x000001a4dc42c4e0 GCTaskThread "GC Thread#2" [stack: 0x0000002a88c00000,0x0000002a88d00000] [id=18580]
  0x000001a4dc42cfe0 GCTaskThread "GC Thread#3" [stack: 0x0000002a88d00000,0x0000002a88e00000] [id=4252]
  0x000001a4b788dda0 ConcurrentGCThread "G1 Main Marker" [stack: 0x0000002a87900000,0x0000002a87a00000] [id=15076]
  0x000001a4b788ef60 ConcurrentGCThread "G1 Conc#0" [stack: 0x0000002a87a00000,0x0000002a87b00000] [id=4772]
  0x000001a4b78bd5c0 ConcurrentGCThread "G1 Refine#0" [stack: 0x0000002a87b00000,0x0000002a87c00000] [id=8104]
  0x000001a522297b60 ConcurrentGCThread "G1 Refine#1" [stack: 0x0000002a88e00000,0x0000002a88f00000] [id=10916]
  0x000001a522297580 ConcurrentGCThread "G1 Refine#2" [stack: 0x0000002a88f00000,0x0000002a89000000] [id=19240]
  0x000001a4dbeae140 ConcurrentGCThread "G1 Service" [stack: 0x0000002a87c00000,0x0000002a87d00000] [id=9148]

Threads with active compile tasks:
C2 CompilerThread0  24932 14487       4       org.jetbrains.kotlin.resolve.calls.tower.NewResolvedCallImpl::setResultingSubstitutor (210 bytes)
C2 CompilerThread1  24932 14458       4       org.jetbrains.kotlin.resolve.calls.KotlinCallResolver::choseMostSpecific (1086 bytes)

VM state: not at safepoint (normal execution)

VM Mutex/Monitor currently owned by a thread: None

Heap address: 0x0000000700800000, size: 4088 MB, Compressed Oops mode: Zero based, Oop shift amount: 3

CDS archive(s) mapped at: [0x000001a4dd000000-0x000001a4ddbb0000-0x000001a4ddbb0000), size 12255232, SharedBaseAddress: 0x000001a4dd000000, ArchiveRelocationMode: 1.
Compressed class space mapped at: 0x000001a4de000000-0x000001a51e000000, reserved size: 1073741824
Narrow klass base: 0x000001a4dd000000, Narrow klass shift: 0, Narrow klass range: 0x100000000

GC Precious Log:
 CPUs: 4 total, 4 available
 Memory: 16348M
 Large Page Support: Disabled
 NUMA Support: Disabled
 Compressed Oops: Enabled (Zero based)
 Heap Region Size: 2M
 Heap Min Capacity: 8M
 Heap Initial Capacity: 256M
 Heap Max Capacity: 4088M
 Pre-touch: Disabled
 Parallel Workers: 4
 Concurrent Workers: 1
 Concurrent Refinement Workers: 4
 Periodic GC: Disabled

Heap:
 garbage-first heap   total 237568K, used 169900K [0x0000000700800000, 0x0000000800000000)
  region size 2048K, 39 young (79872K), 6 survivors (12288K)
 Metaspace       used 56529K, committed 56960K, reserved 1114112K
  class space    used 6081K, committed 6272K, reserved 1048576K

Heap Regions: E=young(eden), S=young(survivor), O=old, HS=humongous(starts), HC=humongous(continues), CS=collection set, F=free, OA=open archive, CA=closed archive, TAMS=top-at-mark-start (previous, next)
|   0|0x0000000700800000, 0x0000000700a00000, 0x0000000700a00000|100%|HS|  |TAMS 0x0000000700a00000, 0x0000000700800000| Complete 
|   1|0x0000000700a00000, 0x0000000700c00000, 0x0000000700c00000|100%|HC|  |TAMS 0x0000000700c00000, 0x0000000700a00000| Complete 
|   2|0x0000000700c00000, 0x0000000700e00000, 0x0000000700e00000|100%| O|  |TAMS 0x0000000700e00000, 0x0000000700c00000| Untracked 
|   3|0x0000000700e00000, 0x0000000701000000, 0x0000000701000000|100%| O|  |TAMS 0x0000000701000000, 0x0000000700e00000| Untracked 
|   4|0x0000000701000000, 0x0000000701200000, 0x0000000701200000|100%| O|  |TAMS 0x0000000701200000, 0x0000000701000000| Untracked 
|   5|0x0000000701200000, 0x0000000701400000, 0x0000000701400000|100%| O|  |TAMS 0x0000000701400000, 0x0000000701200000| Untracked 
|   6|0x0000000701400000, 0x0000000701600000, 0x0000000701600000|100%| O|  |TAMS 0x0000000701600000, 0x0000000701400000| Untracked 
|   7|0x0000000701600000, 0x0000000701800000, 0x0000000701800000|100%| O|  |TAMS 0x0000000701800000, 0x0000000701600000| Untracked 
|   8|0x0000000701800000, 0x0000000701a00000, 0x0000000701a00000|100%| O|  |TAMS 0x0000000701a00000, 0x0000000701800000| Untracked 
|   9|0x0000000701a00000, 0x0000000701c00000, 0x0000000701c00000|100%| O|  |TAMS 0x0000000701c00000, 0x0000000701a00000| Untracked 
|  10|0x0000000701c00000, 0x0000000701e00000, 0x0000000701e00000|100%|HS|  |TAMS 0x0000000701c00000, 0x0000000701c00000| Complete 
|  11|0x0000000701e00000, 0x0000000702000000, 0x0000000702000000|100%| O|  |TAMS 0x0000000701ef7c00, 0x0000000701e00000| Untracked 
|  12|0x0000000702000000, 0x0000000702200000, 0x0000000702200000|100%| O|  |TAMS 0x0000000702000000, 0x0000000702000000| Untracked 
|  13|0x0000000702200000, 0x0000000702400000, 0x0000000702400000|100%| O|  |TAMS 0x0000000702200000, 0x0000000702200000| Untracked 
|  14|0x0000000702400000, 0x0000000702600000, 0x0000000702600000|100%| O|  |TAMS 0x0000000702400000, 0x0000000702400000| Untracked 
|  15|0x0000000702600000, 0x0000000702800000, 0x0000000702800000|100%| O|  |TAMS 0x0000000702600000, 0x0000000702600000| Untracked 
|  16|0x0000000702800000, 0x0000000702a00000, 0x0000000702a00000|100%| O|  |TAMS 0x0000000702800000, 0x0000000702800000| Untracked 
|  17|0x0000000702a00000, 0x0000000702c00000, 0x0000000702c00000|100%| O|  |TAMS 0x0000000702a00000, 0x0000000702a00000| Untracked 
|  18|0x0000000702c00000, 0x0000000702e00000, 0x0000000702e00000|100%| O|  |TAMS 0x0000000702c00000, 0x0000000702c00000| Untracked 
|  19|0x0000000702e00000, 0x0000000703000000, 0x0000000703000000|100%| O|  |TAMS 0x0000000702e00000, 0x0000000702e00000| Untracked 
|  20|0x0000000703000000, 0x0000000703200000, 0x0000000703200000|100%| O|  |TAMS 0x0000000703000000, 0x0000000703000000| Untracked 
|  21|0x0000000703200000, 0x0000000703400000, 0x0000000703400000|100%| O|  |TAMS 0x0000000703200000, 0x0000000703200000| Untracked 
|  22|0x0000000703400000, 0x0000000703600000, 0x0000000703600000|100%|HS|  |TAMS 0x0000000703400000, 0x0000000703400000| Complete 
|  23|0x0000000703600000, 0x0000000703800000, 0x0000000703800000|100%| O|  |TAMS 0x0000000703600000, 0x0000000703600000| Untracked 
|  24|0x0000000703800000, 0x0000000703a00000, 0x0000000703a00000|100%| O|  |TAMS 0x0000000703800000, 0x0000000703800000| Untracked 
|  25|0x0000000703a00000, 0x0000000703c00000, 0x0000000703c00000|100%| O|  |TAMS 0x0000000703a00000, 0x0000000703a00000| Untracked 
|  26|0x0000000703c00000, 0x0000000703e00000, 0x0000000703e00000|100%| O|  |TAMS 0x0000000703c00000, 0x0000000703c00000| Untracked 
|  27|0x0000000703e00000, 0x0000000704000000, 0x0000000704000000|100%| O|  |TAMS 0x0000000703e00000, 0x0000000703e00000| Untracked 
|  28|0x0000000704000000, 0x0000000704200000, 0x0000000704200000|100%| O|  |TAMS 0x0000000704000000, 0x0000000704000000| Untracked 
|  29|0x0000000704200000, 0x0000000704400000, 0x0000000704400000|100%| O|  |TAMS 0x0000000704200000, 0x0000000704200000| Untracked 
|  30|0x0000000704400000, 0x0000000704600000, 0x0000000704600000|100%| O|  |TAMS 0x0000000704400000, 0x0000000704400000| Untracked 
|  31|0x0000000704600000, 0x0000000704800000, 0x0000000704800000|100%| O|  |TAMS 0x0000000704600000, 0x0000000704600000| Untracked 
|  32|0x0000000704800000, 0x0000000704a00000, 0x0000000704a00000|100%| O|  |TAMS 0x0000000704800000, 0x0000000704800000| Untracked 
|  33|0x0000000704a00000, 0x0000000704c00000, 0x0000000704c00000|100%| O|  |TAMS 0x0000000704a00000, 0x0000000704a00000| Untracked 
|  34|0x0000000704c00000, 0x0000000704e00000, 0x0000000704e00000|100%| O|  |TAMS 0x0000000704c00000, 0x0000000704c00000| Untracked 
|  35|0x0000000704e00000, 0x0000000705000000, 0x0000000705000000|100%| O|  |TAMS 0x0000000704e00000, 0x0000000704e00000| Untracked 
|  36|0x0000000705000000, 0x0000000705200000, 0x0000000705200000|100%| O|  |TAMS 0x0000000705000000, 0x0000000705000000| Untracked 
|  37|0x0000000705200000, 0x0000000705400000, 0x0000000705400000|100%| O|  |TAMS 0x0000000705200000, 0x0000000705200000| Untracked 
|  38|0x0000000705400000, 0x0000000705600000, 0x0000000705600000|100%| O|  |TAMS 0x0000000705400000, 0x0000000705400000| Untracked 
|  39|0x0000000705600000, 0x0000000705800000, 0x0000000705800000|100%| O|  |TAMS 0x0000000705600000, 0x0000000705600000| Untracked 
|  40|0x0000000705800000, 0x0000000705a00000, 0x0000000705a00000|100%| O|  |TAMS 0x0000000705800000, 0x0000000705800000| Untracked 
|  41|0x0000000705a00000, 0x0000000705c00000, 0x0000000705c00000|100%| O|  |TAMS 0x0000000705a00000, 0x0000000705a00000| Untracked 
|  42|0x0000000705c00000, 0x0000000705e00000, 0x0000000705e00000|100%| O|  |TAMS 0x0000000705c00000, 0x0000000705c00000| Untracked 
|  43|0x0000000705e00000, 0x0000000706000000, 0x0000000706000000|100%| O|  |TAMS 0x0000000705e00000, 0x0000000705e00000| Untracked 
|  44|0x0000000706000000, 0x00000007061eb000, 0x0000000706200000| 95%| O|  |TAMS 0x0000000706000000, 0x0000000706000000| Untracked 
|  45|0x0000000706200000, 0x0000000706200000, 0x0000000706400000|  0%| F|  |TAMS 0x0000000706200000, 0x0000000706200000| Untracked 
|  46|0x0000000706400000, 0x0000000706400000, 0x0000000706600000|  0%| F|  |TAMS 0x0000000706400000, 0x0000000706400000| Untracked 
|  47|0x0000000706600000, 0x0000000706600000, 0x0000000706800000|  0%| F|  |TAMS 0x0000000706600000, 0x0000000706600000| Untracked 
|  48|0x0000000706800000, 0x0000000706800000, 0x0000000706a00000|  0%| F|  |TAMS 0x0000000706800000, 0x0000000706800000| Untracked 
|  49|0x0000000706a00000, 0x0000000706a00000, 0x0000000706c00000|  0%| F|  |TAMS 0x0000000706a00000, 0x0000000706a00000| Untracked 
|  50|0x0000000706c00000, 0x0000000706c00000, 0x0000000706e00000|  0%| F|  |TAMS 0x0000000706c00000, 0x0000000706c00000| Untracked 
|  51|0x0000000706e00000, 0x0000000706e00000, 0x0000000707000000|  0%| F|  |TAMS 0x0000000706e00000, 0x0000000706e00000| Untracked 
|  52|0x0000000707000000, 0x0000000707000000, 0x0000000707200000|  0%| F|  |TAMS 0x0000000707000000, 0x0000000707000000| Untracked 
|  53|0x0000000707200000, 0x0000000707200000, 0x0000000707400000|  0%| F|  |TAMS 0x0000000707200000, 0x0000000707200000| Untracked 
|  54|0x0000000707400000, 0x0000000707400000, 0x0000000707600000|  0%| F|  |TAMS 0x0000000707400000, 0x0000000707400000| Untracked 
|  55|0x0000000707600000, 0x0000000707600000, 0x0000000707800000|  0%| F|  |TAMS 0x0000000707600000, 0x0000000707600000| Untracked 
|  56|0x0000000707800000, 0x0000000707800000, 0x0000000707a00000|  0%| F|  |TAMS 0x0000000707800000, 0x0000000707800000| Untracked 
|  57|0x0000000707a00000, 0x0000000707a00000, 0x0000000707c00000|  0%| F|  |TAMS 0x0000000707a00000, 0x0000000707a00000| Untracked 
|  58|0x0000000707c00000, 0x0000000707c00000, 0x0000000707e00000|  0%| F|  |TAMS 0x0000000707c00000, 0x0000000707c00000| Untracked 
|  59|0x0000000707e00000, 0x0000000707e00000, 0x0000000708000000|  0%| F|  |TAMS 0x0000000707e00000, 0x0000000707e00000| Untracked 
|  60|0x0000000708000000, 0x0000000708000000, 0x0000000708200000|  0%| F|  |TAMS 0x0000000708000000, 0x0000000708000000| Untracked 
|  61|0x0000000708200000, 0x0000000708200000, 0x0000000708400000|  0%| F|  |TAMS 0x0000000708200000, 0x0000000708200000| Untracked 
|  62|0x0000000708400000, 0x0000000708400000, 0x0000000708600000|  0%| F|  |TAMS 0x0000000708400000, 0x0000000708400000| Untracked 
|  63|0x0000000708600000, 0x0000000708600000, 0x0000000708800000|  0%| F|  |TAMS 0x0000000708600000, 0x0000000708600000| Untracked 
|  64|0x0000000708800000, 0x0000000708a00000, 0x0000000708a00000|100%| S|CS|TAMS 0x0000000708800000, 0x0000000708800000| Complete 
|  65|0x0000000708a00000, 0x0000000708c00000, 0x0000000708c00000|100%| S|CS|TAMS 0x0000000708a00000, 0x0000000708a00000| Complete 
|  66|0x0000000708c00000, 0x0000000708e00000, 0x0000000708e00000|100%| S|CS|TAMS 0x0000000708c00000, 0x0000000708c00000| Complete 
|  67|0x0000000708e00000, 0x0000000709000000, 0x0000000709000000|100%| S|CS|TAMS 0x0000000708e00000, 0x0000000708e00000| Complete 
|  68|0x0000000709000000, 0x0000000709000000, 0x0000000709200000|  0%| F|  |TAMS 0x0000000709000000, 0x0000000709000000| Untracked 
|  69|0x0000000709200000, 0x0000000709200000, 0x0000000709400000|  0%| F|  |TAMS 0x0000000709200000, 0x0000000709200000| Untracked 
|  70|0x0000000709400000, 0x0000000709600000, 0x0000000709600000|100%| S|CS|TAMS 0x0000000709400000, 0x0000000709400000| Complete 
|  71|0x0000000709600000, 0x0000000709800000, 0x0000000709800000|100%| S|CS|TAMS 0x0000000709600000, 0x0000000709600000| Complete 
|  72|0x0000000709800000, 0x0000000709800000, 0x0000000709a00000|  0%| F|  |TAMS 0x0000000709800000, 0x0000000709800000| Untracked 
|  73|0x0000000709a00000, 0x0000000709a00000, 0x0000000709c00000|  0%| F|  |TAMS 0x0000000709a00000, 0x0000000709a00000| Untracked 
|  74|0x0000000709c00000, 0x0000000709c00000, 0x0000000709e00000|  0%| F|  |TAMS 0x0000000709c00000, 0x0000000709c00000| Untracked 
|  75|0x0000000709e00000, 0x0000000709e00000, 0x000000070a000000|  0%| F|  |TAMS 0x0000000709e00000, 0x0000000709e00000| Untracked 
|  76|0x000000070a000000, 0x000000070a000000, 0x000000070a200000|  0%| F|  |TAMS 0x000000070a000000, 0x000000070a000000| Untracked 
|  77|0x000000070a200000, 0x000000070a200000, 0x000000070a400000|  0%| F|  |TAMS 0x000000070a200000, 0x000000070a200000| Untracked 
|  78|0x000000070a400000, 0x000000070a400000, 0x000000070a600000|  0%| F|  |TAMS 0x000000070a400000, 0x000000070a400000| Untracked 
|  79|0x000000070a600000, 0x000000070a600000, 0x000000070a800000|  0%| F|  |TAMS 0x000000070a600000, 0x000000070a600000| Untracked 
|  80|0x000000070a800000, 0x000000070a800000, 0x000000070aa00000|  0%| F|  |TAMS 0x000000070a800000, 0x000000070a800000| Untracked 
|  81|0x000000070aa00000, 0x000000070aa00000, 0x000000070ac00000|  0%| F|  |TAMS 0x000000070aa00000, 0x000000070aa00000| Untracked 
|  82|0x000000070ac00000, 0x000000070ac00000, 0x000000070ae00000|  0%| F|  |TAMS 0x000000070ac00000, 0x000000070ac00000| Untracked 
|  83|0x000000070ae00000, 0x000000070af00000, 0x000000070b000000| 50%| E|  |TAMS 0x000000070ae00000, 0x000000070ae00000| Complete 
|  84|0x000000070b000000, 0x000000070b200000, 0x000000070b200000|100%| E|CS|TAMS 0x000000070b000000, 0x000000070b000000| Complete 
|  85|0x000000070b200000, 0x000000070b400000, 0x000000070b400000|100%| E|CS|TAMS 0x000000070b200000, 0x000000070b200000| Complete 
|  86|0x000000070b400000, 0x000000070b600000, 0x000000070b600000|100%| E|CS|TAMS 0x000000070b400000, 0x000000070b400000| Complete 
|  87|0x000000070b600000, 0x000000070b800000, 0x000000070b800000|100%| E|CS|TAMS 0x000000070b600000, 0x000000070b600000| Complete 
|  88|0x000000070b800000, 0x000000070ba00000, 0x000000070ba00000|100%| E|CS|TAMS 0x000000070b800000, 0x000000070b800000| Complete 
|  89|0x000000070ba00000, 0x000000070bc00000, 0x000000070bc00000|100%| E|CS|TAMS 0x000000070ba00000, 0x000000070ba00000| Complete 
|  90|0x000000070bc00000, 0x000000070be00000, 0x000000070be00000|100%| E|CS|TAMS 0x000000070bc00000, 0x000000070bc00000| Complete 
|  91|0x000000070be00000, 0x000000070c000000, 0x000000070c000000|100%| E|CS|TAMS 0x000000070be00000, 0x000000070be00000| Complete 
|  92|0x000000070c000000, 0x000000070c200000, 0x000000070c200000|100%| E|CS|TAMS 0x000000070c000000, 0x000000070c000000| Complete 
|  93|0x000000070c200000, 0x000000070c400000, 0x000000070c400000|100%| E|CS|TAMS 0x000000070c200000, 0x000000070c200000| Complete 
|  94|0x000000070c400000, 0x000000070c600000, 0x000000070c600000|100%| E|CS|TAMS 0x000000070c400000, 0x000000070c400000| Complete 
|  95|0x000000070c600000, 0x000000070c800000, 0x000000070c800000|100%| E|CS|TAMS 0x000000070c600000, 0x000000070c600000| Complete 
|  96|0x000000070c800000, 0x000000070ca00000, 0x000000070ca00000|100%| E|CS|TAMS 0x000000070c800000, 0x000000070c800000| Complete 
|  97|0x000000070ca00000, 0x000000070cc00000, 0x000000070cc00000|100%| E|CS|TAMS 0x000000070ca00000, 0x000000070ca00000| Complete 
|  98|0x000000070cc00000, 0x000000070ce00000, 0x000000070ce00000|100%| E|CS|TAMS 0x000000070cc00000, 0x000000070cc00000| Complete 
|  99|0x000000070ce00000, 0x000000070d000000, 0x000000070d000000|100%| E|CS|TAMS 0x000000070ce00000, 0x000000070ce00000| Complete 
| 100|0x000000070d000000, 0x000000070d200000, 0x000000070d200000|100%| E|CS|TAMS 0x000000070d000000, 0x000000070d000000| Complete 
| 101|0x000000070d200000, 0x000000070d400000, 0x000000070d400000|100%| E|CS|TAMS 0x000000070d200000, 0x000000070d200000| Complete 
| 102|0x000000070d400000, 0x000000070d600000, 0x000000070d600000|100%| E|CS|TAMS 0x000000070d400000, 0x000000070d400000| Complete 
| 103|0x000000070d600000, 0x000000070d800000, 0x000000070d800000|100%| E|CS|TAMS 0x000000070d600000, 0x000000070d600000| Complete 
| 104|0x000000070d800000, 0x000000070da00000, 0x000000070da00000|100%| E|CS|TAMS 0x000000070d800000, 0x000000070d800000| Complete 
| 105|0x000000070da00000, 0x000000070dc00000, 0x000000070dc00000|100%| E|CS|TAMS 0x000000070da00000, 0x000000070da00000| Complete 
| 106|0x000000070dc00000, 0x000000070de00000, 0x000000070de00000|100%| E|CS|TAMS 0x000000070dc00000, 0x000000070dc00000| Complete 
| 107|0x000000070de00000, 0x000000070e000000, 0x000000070e000000|100%| E|CS|TAMS 0x000000070de00000, 0x000000070de00000| Complete 
| 108|0x000000070e000000, 0x000000070e200000, 0x000000070e200000|100%| E|CS|TAMS 0x000000070e000000, 0x000000070e000000| Complete 
| 109|0x000000070e200000, 0x000000070e400000, 0x000000070e400000|100%| E|CS|TAMS 0x000000070e200000, 0x000000070e200000| Complete 
| 110|0x000000070e400000, 0x000000070e600000, 0x000000070e600000|100%| E|CS|TAMS 0x000000070e400000, 0x000000070e400000| Complete 
| 111|0x000000070e600000, 0x000000070e800000, 0x000000070e800000|100%| E|CS|TAMS 0x000000070e600000, 0x000000070e600000| Complete 
| 112|0x000000070e800000, 0x000000070ea00000, 0x000000070ea00000|100%| E|CS|TAMS 0x000000070e800000, 0x000000070e800000| Complete 
| 113|0x000000070ea00000, 0x000000070ec00000, 0x000000070ec00000|100%| E|CS|TAMS 0x000000070ea00000, 0x000000070ea00000| Complete 
| 114|0x000000070ec00000, 0x000000070ee00000, 0x000000070ee00000|100%| E|CS|TAMS 0x000000070ec00000, 0x000000070ec00000| Complete 
| 127|0x0000000710600000, 0x0000000710800000, 0x0000000710800000|100%| E|CS|TAMS 0x0000000710600000, 0x0000000710600000| Complete 

Card table byte_map: [0x000001a4d09b0000,0x000001a4d11b0000] _byte_map_base: 0x000001a4cd1ac000

Marking Bits (Prev, Next): (CMBitMap*) 0x000001a4b787c820, (CMBitMap*) 0x000001a4b787c860
 Prev Bits: [0x000001a4d19b0000, 0x000001a4d5990000)
 Next Bits: [0x000001a4d5990000, 0x000001a4d9970000)

Polling page: 0x000001a4b78c0000

Metaspace:

Usage:
  Non-class:     49.27 MB used.
      Class:      5.94 MB used.
       Both:     55.20 MB used.

Virtual space:
  Non-class space:       64.00 MB reserved,      49.50 MB ( 77%) committed,  1 nodes.
      Class space:        1.00 GB reserved,       6.12 MB ( <1%) committed,  1 nodes.
             Both:        1.06 GB reserved,      55.62 MB (  5%) committed. 

Chunk freelists:
   Non-Class:  13.86 MB
       Class:  9.73 MB
        Both:  23.59 MB

MaxMetaspaceSize: unlimited
CompressedClassSpaceSize: 1.00 GB
Initial GC threshold: 21.00 MB
Current GC threshold: 59.00 MB
CDS: on
MetaspaceReclaimPolicy: balanced
 - commit_granule_bytes: 65536.
 - commit_granule_words: 8192.
 - virtual_space_node_default_size: 8388608.
 - enlarge_chunks_in_place: 1.
 - new_chunks_are_fully_committed: 0.
 - uncommit_free_chunks: 1.
 - use_allocation_guard: 0.
 - handle_deallocations: 1.


Internal statistics:

num_allocs_failed_limit: 6.
num_arena_births: 330.
num_arena_deaths: 0.
num_vsnodes_births: 2.
num_vsnodes_deaths: 0.
num_space_committed: 888.
num_space_uncommitted: 0.
num_chunks_returned_to_freelist: 6.
num_chunks_taken_from_freelist: 2531.
num_chunk_merges: 3.
num_chunk_splits: 1903.
num_chunks_enlarged: 1558.
num_inconsistent_stats: 0.

CodeHeap 'non-profiled nmethods': size=120000Kb used=9045Kb max_used=9045Kb free=110954Kb
 bounds [0x000001a4c8660000, 0x000001a4c8f40000, 0x000001a4cfb90000]
CodeHeap 'profiled nmethods': size=120000Kb used=33485Kb max_used=33485Kb free=86514Kb
 bounds [0x000001a4c0b90000, 0x000001a4c2c50000, 0x000001a4c80c0000]
CodeHeap 'non-nmethods': size=5760Kb used=1310Kb max_used=1424Kb free=4449Kb
 bounds [0x000001a4c80c0000, 0x000001a4c8330000, 0x000001a4c8660000]
 total_blobs=12245 nmethods=11631 adapters=523
 compilation: enabled
              stopped_count=0, restarted_count=0
 full_count=0

Compilation events (20 events):
Event: 24.764 Thread 0x000001a4dc1500d0 14667       2       org.jetbrains.kotlin.resolve.checkers.TailrecFunctionChecker::check (99 bytes)
Event: 24.765 Thread 0x000001a4dc1500d0 nmethod 14667 0x000001a4c2c33890 code [0x000001a4c2c33c80, 0x000001a4c2c34c78]
Event: 24.765 Thread 0x000001a4dc1500d0 14668       2       org.jetbrains.kotlin.resolve.checkers.TrailingCommaDeclarationChecker::check (277 bytes)
Event: 24.767 Thread 0x000001a4dc1500d0 nmethod 14668 0x000001a4c2c35610 code [0x000001a4c2c35b60, 0x000001a4c2c370c8]
Event: 24.767 Thread 0x000001a4dc1500d0 14669       2       org.jetbrains.kotlin.resolve.checkers.MissingDependencySupertypeChecker$ForDeclarations::check (197 bytes)
Event: 24.768 Thread 0x000001a4dc1500d0 nmethod 14669 0x000001a4c2c37e90 code [0x000001a4c2c38280, 0x000001a4c2c39388]
Event: 24.768 Thread 0x000001a4dc1500d0 14670       2       org.jetbrains.kotlin.resolve.checkers.FunInterfaceDeclarationChecker::check (343 bytes)
Event: 24.770 Thread 0x000001a4dc1500d0 nmethod 14670 0x000001a4c2c39d90 code [0x000001a4c2c3a220, 0x000001a4c2c3b848]
Event: 24.770 Thread 0x000001a4dc1500d0 14671       2       org.jetbrains.kotlin.resolve.checkers.DeprecationInheritanceChecker::check (159 bytes)
Event: 24.771 Thread 0x000001a4dc1500d0 nmethod 14671 0x000001a4c2c3c510 code [0x000001a4c2c3c840, 0x000001a4c2c3d618]
Event: 24.806 Thread 0x000001a4dc1500d0 14672       2       org.jetbrains.kotlin.resolve.calls.smartcasts.IdentifierInfo$Qualified::getCanBeBound (10 bytes)
Event: 24.806 Thread 0x000001a4dc1500d0 nmethod 14672 0x000001a4c14e1190 code [0x000001a4c14e1340, 0x000001a4c14e1468]
Event: 24.821 Thread 0x000001a4dc1500d0 14673       2       org.jetbrains.kotlin.com.intellij.psi.impl.source.tree.LazyParseableElement::getText (51 bytes)
Event: 24.822 Thread 0x000001a4dc1500d0 nmethod 14673 0x000001a4c2c3dc90 code [0x000001a4c2c3dea0, 0x000001a4c2c3e2b8]
Event: 24.826 Thread 0x000001a4dc1500d0 14674       2       org.jetbrains.kotlin.resolve.calls.components.KotlinCallCompleter::prepareCandidateForCompletion (179 bytes)
Event: 24.827 Thread 0x000001a4dc1500d0 nmethod 14674 0x000001a4c2c3e510 code [0x000001a4c2c3e860, 0x000001a4c2c3f4a8]
Event: 24.889 Thread 0x000001a4dc1500d0 14676       3       org.jetbrains.kotlin.resolve.QualifiedExpressionResolver::storeResult$default (25 bytes)
Event: 24.889 Thread 0x000001a4dc1500d0 nmethod 14676 0x000001a4c1457490 code [0x000001a4c1457640, 0x000001a4c14577a8]
Event: 24.893 Thread 0x000001a4dc1500d0 14677       2       org.jetbrains.kotlin.contracts.model.MutableContextInfo::and (85 bytes)
Event: 24.894 Thread 0x000001a4dc1500d0 nmethod 14677 0x000001a4c2c3fc90 code [0x000001a4c2c3ffc0, 0x000001a4c2c40d48]

GC Heap History (20 events):
Event: 6.559 GC heap before
{Heap before GC invocations=14 (full 0):
 garbage-first heap   total 104448K, used 73740K [0x0000000700800000, 0x0000000800000000)
  region size 2048K, 21 young (43008K), 3 survivors (6144K)
 Metaspace       used 40677K, committed 41024K, reserved 1114112K
  class space    used 4792K, committed 4992K, reserved 1048576K
}
Event: 6.572 GC heap after
{Heap after GC invocations=15 (full 0):
 garbage-first heap   total 104448K, used 42275K [0x0000000700800000, 0x0000000800000000)
  region size 2048K, 3 young (6144K), 3 survivors (6144K)
 Metaspace       used 40677K, committed 41024K, reserved 1114112K
  class space    used 4792K, committed 4992K, reserved 1048576K
}
Event: 6.793 GC heap before
{Heap before GC invocations=15 (full 0):
 garbage-first heap   total 104448K, used 75043K [0x0000000700800000, 0x0000000800000000)
  region size 2048K, 19 young (38912K), 3 survivors (6144K)
 Metaspace       used 40677K, committed 41024K, reserved 1114112K
  class space    used 4792K, committed 4992K, reserved 1048576K
}
Event: 6.800 GC heap after
{Heap after GC invocations=16 (full 0):
 garbage-first heap   total 104448K, used 44378K [0x0000000700800000, 0x0000000800000000)
  region size 2048K, 2 young (4096K), 2 survivors (4096K)
 Metaspace       used 40677K, committed 41024K, reserved 1114112K
  class space    used 4792K, committed 4992K, reserved 1048576K
}
Event: 7.007 GC heap before
{Heap before GC invocations=16 (full 0):
 garbage-first heap   total 104448K, used 75098K [0x0000000700800000, 0x0000000800000000)
  region size 2048K, 18 young (36864K), 2 survivors (4096K)
 Metaspace       used 40689K, committed 41024K, reserved 1114112K
  class space    used 4792K, committed 4992K, reserved 1048576K
}
Event: 7.011 GC heap after
{Heap after GC invocations=17 (full 0):
 garbage-first heap   total 104448K, used 45966K [0x0000000700800000, 0x0000000800000000)
  region size 2048K, 2 young (4096K), 2 survivors (4096K)
 Metaspace       used 40689K, committed 41024K, reserved 1114112K
  class space    used 4792K, committed 4992K, reserved 1048576K
}
Event: 7.065 GC heap before
{Heap before GC invocations=17 (full 0):
 garbage-first heap   total 104448K, used 78734K [0x0000000700800000, 0x0000000800000000)
  region size 2048K, 18 young (36864K), 2 survivors (4096K)
 Metaspace       used 40713K, committed 41024K, reserved 1114112K
  class space    used 4792K, committed 4992K, reserved 1048576K
}
Event: 7.071 GC heap after
{Heap after GC invocations=18 (full 0):
 garbage-first heap   total 237568K, used 50002K [0x0000000700800000, 0x0000000800000000)
  region size 2048K, 3 young (6144K), 3 survivors (6144K)
 Metaspace       used 40713K, committed 41024K, reserved 1114112K
  class space    used 4792K, committed 4992K, reserved 1048576K
}
Event: 10.936 GC heap before
{Heap before GC invocations=18 (full 0):
 garbage-first heap   total 237568K, used 170834K [0x0000000700800000, 0x0000000800000000)
  region size 2048K, 61 young (124928K), 3 survivors (6144K)
 Metaspace       used 51234K, committed 51584K, reserved 1114112K
  class space    used 5844K, committed 6016K, reserved 1048576K
}
Event: 10.950 GC heap after
{Heap after GC invocations=19 (full 0):
 garbage-first heap   total 237568K, used 65781K [0x0000000700800000, 0x0000000800000000)
  region size 2048K, 8 young (16384K), 8 survivors (16384K)
 Metaspace       used 51234K, committed 51584K, reserved 1114112K
  class space    used 5844K, committed 6016K, reserved 1048576K
}
Event: 13.427 GC heap before
{Heap before GC invocations=19 (full 0):
 garbage-first heap   total 237568K, used 164085K [0x0000000700800000, 0x0000000800000000)
  region size 2048K, 56 young (114688K), 8 survivors (16384K)
 Metaspace       used 54049K, committed 54400K, reserved 1114112K
  class space    used 5992K, committed 6144K, reserved 1048576K
}
Event: 13.450 GC heap after
{Heap after GC invocations=20 (full 0):
 garbage-first heap   total 237568K, used 77423K [0x0000000700800000, 0x0000000800000000)
  region size 2048K, 6 young (12288K), 6 survivors (12288K)
 Metaspace       used 54049K, committed 54400K, reserved 1114112K
  class space    used 5992K, committed 6144K, reserved 1048576K
}
Event: 15.175 GC heap before
{Heap before GC invocations=20 (full 0):
 garbage-first heap   total 237568K, used 171631K [0x0000000700800000, 0x0000000800000000)
  region size 2048K, 52 young (106496K), 6 survivors (12288K)
 Metaspace       used 54773K, committed 55104K, reserved 1114112K
  class space    used 6024K, committed 6208K, reserved 1048576K
}
Event: 15.190 GC heap after
{Heap after GC invocations=21 (full 0):
 garbage-first heap   total 237568K, used 85806K [0x0000000700800000, 0x0000000800000000)
  region size 2048K, 4 young (8192K), 4 survivors (8192K)
 Metaspace       used 54773K, committed 55104K, reserved 1114112K
  class space    used 6024K, committed 6208K, reserved 1048576K
}
Event: 17.359 GC heap before
{Heap before GC invocations=21 (full 0):
 garbage-first heap   total 237568K, used 180014K [0x0000000700800000, 0x0000000800000000)
  region size 2048K, 50 young (102400K), 4 survivors (8192K)
 Metaspace       used 55224K, committed 55552K, reserved 1114112K
  class space    used 6036K, committed 6208K, reserved 1048576K
}
Event: 17.370 GC heap after
{Heap after GC invocations=22 (full 0):
 garbage-first heap   total 237568K, used 91937K [0x0000000700800000, 0x0000000800000000)
  region size 2048K, 7 young (14336K), 7 survivors (14336K)
 Metaspace       used 55224K, committed 55552K, reserved 1114112K
  class space    used 6036K, committed 6208K, reserved 1048576K
}
Event: 19.310 GC heap before
{Heap before GC invocations=22 (full 0):
 garbage-first heap   total 237568K, used 186145K [0x0000000700800000, 0x0000000800000000)
  region size 2048K, 53 young (108544K), 7 survivors (14336K)
 Metaspace       used 55572K, committed 55872K, reserved 1114112K
  class space    used 6045K, committed 6208K, reserved 1048576K
}
Event: 19.324 GC heap after
{Heap after GC invocations=23 (full 0):
 garbage-first heap   total 237568K, used 98010K [0x0000000700800000, 0x0000000800000000)
  region size 2048K, 7 young (14336K), 7 survivors (14336K)
 Metaspace       used 55572K, committed 55872K, reserved 1114112K
  class space    used 6045K, committed 6208K, reserved 1048576K
}
Event: 22.772 GC heap before
{Heap before GC invocations=23 (full 0):
 garbage-first heap   total 237568K, used 188122K [0x0000000700800000, 0x0000000800000000)
  region size 2048K, 51 young (104448K), 7 survivors (14336K)
 Metaspace       used 56209K, committed 56576K, reserved 1114112K
  class space    used 6068K, committed 6208K, reserved 1048576K
}
Event: 22.790 GC heap after
{Heap after GC invocations=24 (full 0):
 garbage-first heap   total 237568K, used 104364K [0x0000000700800000, 0x0000000800000000)
  region size 2048K, 6 young (12288K), 6 survivors (12288K)
 Metaspace       used 56209K, committed 56576K, reserved 1114112K
  class space    used 6068K, committed 6208K, reserved 1048576K
}

Dll operation events (7 events):
Event: 0.008 Loaded shared library C:\Program Files\Eclipse Adoptium\jdk-17.0.18.8-hotspot\bin\java.dll
Event: 0.050 Loaded shared library C:\Program Files\Eclipse Adoptium\jdk-17.0.18.8-hotspot\bin\jsvml.dll
Event: 0.085 Loaded shared library C:\Program Files\Eclipse Adoptium\jdk-17.0.18.8-hotspot\bin\net.dll
Event: 0.086 Loaded shared library C:\Program Files\Eclipse Adoptium\jdk-17.0.18.8-hotspot\bin\nio.dll
Event: 0.124 Loaded shared library C:\Program Files\Eclipse Adoptium\jdk-17.0.18.8-hotspot\bin\zip.dll
Event: 0.155 Loaded shared library C:\Program Files\Eclipse Adoptium\jdk-17.0.18.8-hotspot\bin\jimage.dll
Event: 1.132 Loaded shared library C:\Program Files\Eclipse Adoptium\jdk-17.0.18.8-hotspot\bin\verify.dll

Deoptimization events (20 events):
Event: 24.601 Thread 0x000001a4b780cf20 Uncommon trap: trap_request=0xffffffbe fr.pc=0x000001a4c8f246a4 relative=0x0000000000003884
Event: 24.601 Thread 0x000001a4b780cf20 Uncommon trap: reason=profile_predicate action=maybe_recompile pc=0x000001a4c8f246a4 method=org.jetbrains.kotlin.resolve.calls.components.KotlinCallCompleter.prepareCandidateForCompletion(Lorg/jetbrains/kotlin/resolve/calls/tower/CandidateFactory;Ljava/ut
Event: 24.601 Thread 0x000001a4b780cf20 DEOPT PACKING pc=0x000001a4c8f246a4 sp=0x0000002a877f73c0
Event: 24.601 Thread 0x000001a4b780cf20 DEOPT UNPACKING pc=0x000001a4c81169a3 sp=0x0000002a877f73b0 mode 2
Event: 24.610 Thread 0x000001a4b780cf20 Uncommon trap: trap_request=0xffffffbe fr.pc=0x000001a4c8f246a4 relative=0x0000000000003884
Event: 24.610 Thread 0x000001a4b780cf20 Uncommon trap: reason=profile_predicate action=maybe_recompile pc=0x000001a4c8f246a4 method=org.jetbrains.kotlin.resolve.calls.components.KotlinCallCompleter.prepareCandidateForCompletion(Lorg/jetbrains/kotlin/resolve/calls/tower/CandidateFactory;Ljava/ut
Event: 24.610 Thread 0x000001a4b780cf20 DEOPT PACKING pc=0x000001a4c8f246a4 sp=0x0000002a877f4c50
Event: 24.610 Thread 0x000001a4b780cf20 DEOPT UNPACKING pc=0x000001a4c81169a3 sp=0x0000002a877f4c40 mode 2
Event: 24.619 Thread 0x000001a4b780cf20 Uncommon trap: trap_request=0xffffffbe fr.pc=0x000001a4c8f246a4 relative=0x0000000000003884
Event: 24.619 Thread 0x000001a4b780cf20 Uncommon trap: reason=profile_predicate action=maybe_recompile pc=0x000001a4c8f246a4 method=org.jetbrains.kotlin.resolve.calls.components.KotlinCallCompleter.prepareCandidateForCompletion(Lorg/jetbrains/kotlin/resolve/calls/tower/CandidateFactory;Ljava/ut
Event: 24.619 Thread 0x000001a4b780cf20 DEOPT PACKING pc=0x000001a4c8f246a4 sp=0x0000002a877f4c50
Event: 24.619 Thread 0x000001a4b780cf20 DEOPT UNPACKING pc=0x000001a4c81169a3 sp=0x0000002a877f4c40 mode 2
Event: 24.621 Thread 0x000001a4b780cf20 Uncommon trap: trap_request=0xffffffbe fr.pc=0x000001a4c8f246a4 relative=0x0000000000003884
Event: 24.621 Thread 0x000001a4b780cf20 Uncommon trap: reason=profile_predicate action=maybe_recompile pc=0x000001a4c8f246a4 method=org.jetbrains.kotlin.resolve.calls.components.KotlinCallCompleter.prepareCandidateForCompletion(Lorg/jetbrains/kotlin/resolve/calls/tower/CandidateFactory;Ljava/ut
Event: 24.621 Thread 0x000001a4b780cf20 DEOPT PACKING pc=0x000001a4c8f246a4 sp=0x0000002a877f8740
Event: 24.621 Thread 0x000001a4b780cf20 DEOPT UNPACKING pc=0x000001a4c81169a3 sp=0x0000002a877f8730 mode 2
Event: 24.660 Thread 0x000001a4b780cf20 Uncommon trap: trap_request=0xffffff45 fr.pc=0x000001a4c8c335a4 relative=0x0000000000000f64
Event: 24.660 Thread 0x000001a4b780cf20 Uncommon trap: reason=unstable_if action=reinterpret pc=0x000001a4c8c335a4 method=kotlin.comparisons.ComparisonsKt___ComparisonsJvmKt.minOf(Ljava/lang/Comparable;Ljava/lang/Comparable;)Ljava/lang/Comparable; @ 19 c2
Event: 24.660 Thread 0x000001a4b780cf20 DEOPT PACKING pc=0x000001a4c8c335a4 sp=0x0000002a877f6bd0
Event: 24.660 Thread 0x000001a4b780cf20 DEOPT UNPACKING pc=0x000001a4c81169a3 sp=0x0000002a877f6ac8 mode 2

Classes loaded (20 events):
Event: 8.714 Loading class java/util/stream/Node$OfLong done
Event: 8.714 Loading class java/util/stream/Nodes$EmptyNode$OfLong done
Event: 8.714 Loading class java/util/stream/Nodes$EmptyNode$OfDouble
Event: 8.714 Loading class java/util/stream/Node$OfDouble
Event: 8.714 Loading class java/util/stream/Node$OfDouble done
Event: 8.714 Loading class java/util/stream/Nodes$EmptyNode$OfDouble done
Event: 8.714 Loading class java/util/stream/Nodes$SpinedNodeBuilder
Event: 8.714 Loading class java/util/stream/Node$Builder
Event: 8.714 Loading class java/util/stream/Node$Builder done
Event: 8.714 Loading class java/util/stream/Nodes$SpinedNodeBuilder done
Event: 9.918 Loading class jdk/internal/math/FloatingDecimal$ASCIIToBinaryBuffer
Event: 9.918 Loading class jdk/internal/math/FloatingDecimal$ASCIIToBinaryBuffer done
Event: 10.833 Loading class java/util/regex/Pattern$Bound
Event: 10.833 Loading class java/util/regex/Pattern$Bound done
Event: 10.834 Loading class java/util/regex/Pattern$LookBehindEndNode
Event: 10.834 Loading class java/util/regex/Pattern$LookBehindEndNode done
Event: 10.834 Loading class java/util/regex/Pattern$NotBehind
Event: 10.834 Loading class java/util/regex/Pattern$NotBehind done
Event: 14.443 Loading class java/util/regex/Pattern$1
Event: 14.443 Loading class java/util/regex/Pattern$1 done

Classes unloaded (0 events):
No events

Classes redefined (0 events):
No events

Internal exceptions (20 events):
Event: 7.923 Thread 0x000001a4b780cf20 Exception <a 'java/lang/NoSuchMethodError'{0x000000070ce3f558}: 'java.lang.Object java.lang.invoke.DirectMethodHandle$Holder.invokeStatic(java.lang.Object, int, java.lang.Object)'> (0x000000070ce3f558) 
thrown [s\src\hotspot\share\interpreter\linkResolver.cpp, line 759]
Event: 8.024 Thread 0x000001a4b780cf20 Implicit null exception at 0x000001a4c87f5020 to 0x000001a4c87f53f8
Event: 8.387 Thread 0x000001a4b780cf20 Exception <a 'java/lang/NoSuchMethodError'{0x000000070be4e260}: 'int java.lang.invoke.DirectMethodHandle$Holder.invokeStaticInit(java.lang.Object, int)'> (0x000000070be4e260) 
thrown [s\src\hotspot\share\interpreter\linkResolver.cpp, line 759]
Event: 8.706 Thread 0x000001a4b780cf20 Exception <a 'java/lang/NoSuchMethodError'{0x000000070b629400}: 'void java.lang.invoke.DirectMethodHandle$Holder.invokeInterface(java.lang.Object, java.lang.Object)'> (0x000000070b629400) 
thrown [s\src\hotspot\share\interpreter\linkResolver.cpp, line 759]
Event: 8.742 Thread 0x000001a4b780cf20 Exception <a 'java/lang/NoSuchMethodError'{0x000000070b717720}: 'java.lang.Object java.lang.invoke.DirectMethodHandle$Holder.invokeStatic(java.lang.Object, java.lang.Object, java.lang.Object, java.lang.Object, int)'> (0x000000070b717720) 
thrown [s\src\hotspot\share\interpreter\linkResolver.cpp, line 759]
Event: 8.743 Thread 0x000001a4b780cf20 Exception <a 'java/lang/NoSuchMethodError'{0x000000070b7216b0}: 'java.lang.Object java.lang.invoke.DirectMethodHandle$Holder.newInvokeSpecial(java.lang.Object, java.lang.Object, java.lang.Object, java.lang.Object, int)'> (0x000000070b7216b0) 
thrown [s\src\hotspot\share\interpreter\linkResolver.cpp, line 759]
Event: 8.743 Thread 0x000001a4b780cf20 Exception <a 'java/lang/NoSuchMethodError'{0x000000070b726390}: 'java.lang.Object java.lang.invoke.DirectMethodHandle$Holder.invokeSpecial(java.lang.Object, java.lang.Object, java.lang.Object, java.lang.Object, java.lang.Object, int)'> (0x000000070b726390) 
thrown [s\src\hotspot\share\interpreter\linkResolver.cpp, line 759]
Event: 8.743 Thread 0x000001a4b780cf20 Exception <a 'java/lang/NoSuchMethodError'{0x000000070b72ab18}: 'java.lang.Object java.lang.invoke.Invokers$Holder.linkToTargetMethod(java.lang.Object, java.lang.Object, java.lang.Object, int, java.lang.Object)'> (0x000000070b72ab18) 
thrown [s\src\hotspot\share\interpreter\linkResolver.cpp, line 759]
Event: 9.310 Thread 0x000001a4b780cf20 Exception <a 'java/lang/NoSuchMethodError'{0x000000070a5d2730}: 'java.lang.Object java.lang.invoke.DirectMethodHandle$Holder.newInvokeSpecial(java.lang.Object, java.lang.Object, java.lang.Object, java.lang.Object, java.lang.Object, java.lang.Object, java.lang.Object)'> (0x000000070a5d2730) 
thrown [s\src\hotspot\share\interpreter\linkResolver.cpp, line 759]
Event: 9.311 Thread 0x000001a4b780cf20 Exception <a 'java/lang/NoSuchMethodError'{0x000000070a5d72e8}: 'java.lang.Object java.lang.invoke.Invokers$Holder.linkToTargetMethod(java.lang.Object, java.lang.Object, java.lang.Object, java.lang.Object, java.lang.Object, java.lang.Object, java.lang.Object)'> (0x000000070a5d72e8) 
thrown [s\src\hotspot\share\interpreter\linkResolver.cpp, line 759]
Event: 9.354 Thread 0x000001a4b780cf20 Exception <a 'java/lang/NoSuchMethodError'{0x000000070a2c17c8}: 'java.lang.Object java.lang.invoke.DirectMethodHandle$Holder.invokeInterface(java.lang.Object, java.lang.Object, java.lang.Object)'> (0x000000070a2c17c8) 
thrown [s\src\hotspot\share\interpreter\linkResolver.cpp, line 759]
Event: 9.354 Thread 0x000001a4b780cf20 Exception <a 'java/lang/IncompatibleClassChangeError'{0x000000070a2c5688}: Found class java.lang.Object, but interface was expected> (0x000000070a2c5688) 
thrown [s\src\hotspot\share\interpreter\linkResolver.cpp, line 826]
Event: 9.405 Thread 0x000001a4b780cf20 Implicit null exception at 0x000001a4c898688d to 0x000001a4c8987260
Event: 10.102 Thread 0x000001a4b780cf20 Exception <a 'java/lang/NoSuchMethodError'{0x0000000708cb0038}: 'java.lang.Object java.lang.invoke.DirectMethodHandle$Holder.newInvokeSpecial(java.lang.Object, int, java.lang.Object, java.lang.Object)'> (0x0000000708cb0038) 
thrown [s\src\hotspot\share\interpreter\linkResolver.cpp, line 759]
Event: 10.103 Thread 0x000001a4b780cf20 Exception <a 'java/lang/NoSuchMethodError'{0x0000000708cb4788}: 'java.lang.Object java.lang.invoke.DirectMethodHandle$Holder.invokeSpecial(java.lang.Object, java.lang.Object, int, java.lang.Object, java.lang.Object)'> (0x0000000708cb4788) 
thrown [s\src\hotspot\share\interpreter\linkResolver.cpp, line 759]
Event: 21.976 Thread 0x000001a4b780cf20 Implicit null exception at 0x000001a4c8d3db80 to 0x000001a4c8d3dc64
Event: 21.977 Thread 0x000001a4b780cf20 Implicit null exception at 0x000001a4c8bb4dc7 to 0x000001a4c8bb5bc0
Event: 22.249 Thread 0x000001a4b780cf20 Implicit null exception at 0x000001a4c8e1bfc0 to 0x000001a4c8e211d4
Event: 22.371 Thread 0x000001a4b780cf20 Implicit null exception at 0x000001a4c8e2ce33 to 0x000001a4c8e30dd8
Event: 23.872 Thread 0x000001a4b780cf20 Implicit null exception at 0x000001a4c8b0d5c0 to 0x000001a4c8b0d651

VM Operations (20 events):
Event: 22.093 Executing VM operation: HandshakeAllThreads
Event: 22.093 Executing VM operation: HandshakeAllThreads done
Event: 22.459 Executing VM operation: ICBufferFull
Event: 22.459 Executing VM operation: ICBufferFull done
Event: 22.572 Executing VM operation: ICBufferFull
Event: 22.572 Executing VM operation: ICBufferFull done
Event: 22.764 Executing VM operation: ICBufferFull
Event: 22.765 Executing VM operation: ICBufferFull done
Event: 22.772 Executing VM operation: G1CollectForAllocation
Event: 22.790 Executing VM operation: G1CollectForAllocation done
Event: 23.669 Executing VM operation: ICBufferFull
Event: 23.669 Executing VM operation: ICBufferFull done
Event: 23.870 Executing VM operation: ICBufferFull
Event: 23.870 Executing VM operation: ICBufferFull done
Event: 24.243 Executing VM operation: ICBufferFull
Event: 24.243 Executing VM operation: ICBufferFull done
Event: 24.681 Executing VM operation: HandshakeAllThreads
Event: 24.681 Executing VM operation: HandshakeAllThreads done
Event: 24.740 Executing VM operation: ICBufferFull
Event: 24.741 Executing VM operation: ICBufferFull done

Memory protections (0 events):
No events

Nmethod flushes (20 events):
Event: 22.108 Thread 0x000001a4dc16ea20 flushing  nmethod 0x000001a4c1f0c010
Event: 22.108 Thread 0x000001a4dc16ea20 flushing  nmethod 0x000001a4c1f81490
Event: 22.108 Thread 0x000001a4dc16ea20 flushing  nmethod 0x000001a4c1f88e10
Event: 22.108 Thread 0x000001a4dc16ea20 flushing  nmethod 0x000001a4c1f8bc10
Event: 22.108 Thread 0x000001a4dc16ea20 flushing  nmethod 0x000001a4c2017290
Event: 22.109 Thread 0x000001a4dc16ea20 flushing  nmethod 0x000001a4c21e5510
Event: 22.109 Thread 0x000001a4dc16ea20 flushing  nmethod 0x000001a4c221c090
Event: 22.109 Thread 0x000001a4dc16ea20 flushing  nmethod 0x000001a4c2221a10
Event: 22.109 Thread 0x000001a4dc16ea20 flushing  nmethod 0x000001a4c2252390
Event: 22.110 Thread 0x000001a4dc16ea20 flushing  nmethod 0x000001a4c22e6490
Event: 22.110 Thread 0x000001a4dc16ea20 flushing  nmethod 0x000001a4c2360310
Event: 22.110 Thread 0x000001a4dc16ea20 flushing  nmethod 0x000001a4c239ab10
Event: 22.110 Thread 0x000001a4dc16ea20 flushing  nmethod 0x000001a4c241f510
Event: 22.111 Thread 0x000001a4dc16ea20 flushing  nmethod 0x000001a4c248ba90
Event: 22.111 Thread 0x000001a4dc16ea20 flushing  nmethod 0x000001a4c24e1490
Event: 22.112 Thread 0x000001a4dc16ea20 flushing  nmethod 0x000001a4c25f7510
Event: 22.112 Thread 0x000001a4dc16ea20 flushing  nmethod 0x000001a4c261c510
Event: 22.112 Thread 0x000001a4dc16ea20 flushing  nmethod 0x000001a4c2623890
Event: 24.689 Thread 0x000001a4dc16ea20 flushing  nmethod 0x000001a4c1457490
Event: 24.689 Thread 0x000001a4dc16ea20 flushing  nmethod 0x000001a4c14e1190

Events (19 events):
Event: 0.050 Thread 0x000001a4b780cf20 Thread added: 0x000001a4b780cf20
Event: 0.052 Thread 0x000001a4b780cf20 Thread added: 0x000001a4dbffb3f0
Event: 0.052 Thread 0x000001a4b780cf20 Thread added: 0x000001a4dbffbfb0
Event: 0.059 Thread 0x000001a4b780cf20 Thread added: 0x000001a4dc147c60
Event: 0.059 Thread 0x000001a4b780cf20 Thread added: 0x000001a4dc14a730
Event: 0.059 Thread 0x000001a4b780cf20 Thread added: 0x000001a4dc14d100
Event: 0.059 Thread 0x000001a4b780cf20 Thread added: 0x000001a4dc14dac0
Event: 0.059 Thread 0x000001a4b780cf20 Thread added: 0x000001a4dc14e7b0
Event: 0.059 Thread 0x000001a4b780cf20 Thread added: 0x000001a4dc1500d0
Event: 0.060 Thread 0x000001a4b780cf20 Thread added: 0x000001a4dc16ea20
Event: 0.078 Thread 0x000001a4b780cf20 Thread added: 0x000001a4dc2c6cc0
Event: 0.081 Thread 0x000001a4b780cf20 Thread added: 0x000001a4dc2c71d0
Event: 0.119 Thread 0x000001a4dc14e7b0 Thread added: 0x000001a4dc323600
Event: 1.403 Thread 0x000001a4dc323600 Thread exited: 0x000001a4dc323600
Event: 1.765 Thread 0x000001a4dc1500d0 Thread added: 0x000001a4dc8e9c30
Event: 2.348 Thread 0x000001a4dc8e9c30 Thread exited: 0x000001a4dc8e9c30
Event: 2.590 Thread 0x000001a4dc1500d0 Thread added: 0x000001a4dc8eb170
Event: 2.740 Thread 0x000001a4dc8eb170 Thread exited: 0x000001a4dc8eb170
Event: 3.221 Thread 0x000001a4dc1500d0 Thread added: 0x000001a4dc8ea6d0


Dynamic libraries:
0x00007ff6a7780000 - 0x00007ff6a778e000 	C:\Program Files\Eclipse Adoptium\jdk-17.0.18.8-hotspot\bin\java.exe
0x00007ffd5a340000 - 0x00007ffd5a5a7000 	C:\WINDOWS\SYSTEM32\ntdll.dll
0x00007ffd59620000 - 0x00007ffd596e9000 	C:\WINDOWS\System32\KERNEL32.DLL
0x00007ffd56c20000 - 0x00007ffd57011000 	C:\WINDOWS\System32\KERNELBASE.dll
0x00007ffd571a0000 - 0x00007ffd572eb000 	C:\WINDOWS\System32\ucrtbase.dll
0x00007ffd4eb30000 - 0x00007ffd4eb4e000 	C:\Program Files\Eclipse Adoptium\jdk-17.0.18.8-hotspot\bin\VCRUNTIME140.dll
0x00007ffd4eaa0000 - 0x00007ffd4eab8000 	C:\Program Files\Eclipse Adoptium\jdk-17.0.18.8-hotspot\bin\jli.dll
0x00007ffd593c0000 - 0x00007ffd59585000 	C:\WINDOWS\System32\USER32.dll
0x00007ffd572f0000 - 0x00007ffd57317000 	C:\WINDOWS\System32\win32u.dll
0x00007ffd59db0000 - 0x00007ffd59ddb000 	C:\WINDOWS\System32\GDI32.dll
0x00007ffd57cd0000 - 0x00007ffd57dfb000 	C:\WINDOWS\System32\gdi32full.dll
0x00007ffd57ec0000 - 0x00007ffd57f63000 	C:\WINDOWS\System32\msvcp_win.dll
0x00007ffd43610000 - 0x00007ffd438a3000 	C:\WINDOWS\WinSxS\amd64_microsoft.windows.common-controls_6595b64144ccf1df_6.0.26100.8037_none_3e092faae333b53b\COMCTL32.dll
0x00007ffd59200000 - 0x00007ffd592a9000 	C:\WINDOWS\System32\msvcrt.dll
0x00007ffd58ed0000 - 0x00007ffd58f01000 	C:\WINDOWS\System32\IMM32.DLL
0x00007ffd544d0000 - 0x00007ffd544dc000 	C:\Program Files\Eclipse Adoptium\jdk-17.0.18.8-hotspot\bin\vcruntime140_1.dll
0x00007ffd41bc0000 - 0x00007ffd41c4d000 	C:\Program Files\Eclipse Adoptium\jdk-17.0.18.8-hotspot\bin\msvcp140.dll
0x00007ffcdfa20000 - 0x00007ffce068b000 	C:\Program Files\Eclipse Adoptium\jdk-17.0.18.8-hotspot\bin\server\jvm.dll
0x00007ffd58f90000 - 0x00007ffd5904b000 	C:\WINDOWS\System32\ADVAPI32.dll
0x00007ffd59cb0000 - 0x00007ffd59d57000 	C:\WINDOWS\System32\sechost.dll
0x00007ffd59870000 - 0x00007ffd59988000 	C:\WINDOWS\System32\RPCRT4.dll
0x00007ffd58f10000 - 0x00007ffd58f84000 	C:\WINDOWS\System32\WS2_32.dll
0x00007ffd4a360000 - 0x00007ffd4a395000 	C:\WINDOWS\SYSTEM32\WINMM.dll
0x00007ffd56a80000 - 0x00007ffd56ade000 	C:\WINDOWS\SYSTEM32\POWRPROF.dll
0x00007ffd51500000 - 0x00007ffd5150b000 	C:\WINDOWS\SYSTEM32\VERSION.dll
0x00007ffd56a60000 - 0x00007ffd56a74000 	C:\WINDOWS\SYSTEM32\UMPDC.dll
0x00007ffd55970000 - 0x00007ffd5598b000 	C:\WINDOWS\SYSTEM32\kernel.appcore.dll
0x00007ffd54480000 - 0x00007ffd5448a000 	C:\Program Files\Eclipse Adoptium\jdk-17.0.18.8-hotspot\bin\jimage.dll
0x00007ffd460f0000 - 0x00007ffd46332000 	C:\WINDOWS\SYSTEM32\DBGHELP.DLL
0x00007ffd58a60000 - 0x00007ffd58de2000 	C:\WINDOWS\System32\combase.dll
0x00007ffd58df0000 - 0x00007ffd58ec7000 	C:\WINDOWS\System32\OLEAUT32.dll
0x00007ffd3f950000 - 0x00007ffd3f98b000 	C:\WINDOWS\SYSTEM32\dbgcore.DLL
0x00007ffd57b90000 - 0x00007ffd57c35000 	C:\WINDOWS\System32\bcryptPrimitives.dll
0x00007ffd489b0000 - 0x00007ffd489d5000 	C:\Program Files\Eclipse Adoptium\jdk-17.0.18.8-hotspot\bin\java.dll
0x00007ffd3b610000 - 0x00007ffd3b6e7000 	C:\Program Files\Eclipse Adoptium\jdk-17.0.18.8-hotspot\bin\jsvml.dll
0x00007ffd580f0000 - 0x00007ffd5884f000 	C:\WINDOWS\System32\SHELL32.dll
0x00007ffd57f70000 - 0x00007ffd580da000 	C:\WINDOWS\System32\wintypes.dll
0x00007ffd57320000 - 0x00007ffd57b84000 	C:\WINDOWS\System32\windows.storage.dll
0x00007ffd59a50000 - 0x00007ffd59b47000 	C:\WINDOWS\System32\SHCORE.dll
0x00007ffd592b0000 - 0x00007ffd59317000 	C:\WINDOWS\System32\shlwapi.dll
0x00007ffd56b40000 - 0x00007ffd56b69000 	C:\WINDOWS\SYSTEM32\profapi.dll
0x00007ffd4e850000 - 0x00007ffd4e86a000 	C:\Program Files\Eclipse Adoptium\jdk-17.0.18.8-hotspot\bin\net.dll
0x00007ffd511d0000 - 0x00007ffd512f7000 	C:\WINDOWS\SYSTEM32\WINHTTP.dll
0x00007ffd55ec0000 - 0x00007ffd55f2b000 	C:\WINDOWS\system32\mswsock.dll
0x00007ffd49f10000 - 0x00007ffd49f26000 	C:\Program Files\Eclipse Adoptium\jdk-17.0.18.8-hotspot\bin\nio.dll
0x00007ffd48870000 - 0x00007ffd48888000 	C:\Program Files\Eclipse Adoptium\jdk-17.0.18.8-hotspot\bin\zip.dll
0x00007ffd4ea10000 - 0x00007ffd4ea20000 	C:\Program Files\Eclipse Adoptium\jdk-17.0.18.8-hotspot\bin\verify.dll

dbghelp: loaded successfully - version: 4.0.5 - missing functions: none
symbol engine: initialized successfully - sym options: 0x614 - pdb path: .;C:\Program Files\Eclipse Adoptium\jdk-17.0.18.8-hotspot\bin;C:\WINDOWS\SYSTEM32;C:\WINDOWS\WinSxS\amd64_microsoft.windows.common-controls_6595b64144ccf1df_6.0.26100.8037_none_3e092faae333b53b;C:\Program Files\Eclipse Adoptium\jdk-17.0.18.8-hotspot\bin\server

VM Arguments:
java_command: org.jetbrains.kotlin.cli.jvm.K2JVMCompiler @C:\Users\spere\android-game-perf-tool-desktop\build\20260415_18431051076909081914.compiler.options
java_class_path (initial): C:\Users\spere\.gradle\caches\modules-2\files-2.1\org.jetbrains.kotlin\kotlin-compiler-embeddable\1.9.22\9cd4dc7773cf2a99ecd961a88fbbc9a2da3fb5e1\kotlin-compiler-embeddable-1.9.22.jar;C:\Users\spere\.gradle\caches\modules-2\files-2.1\org.jetbrains.kotlin\kotlin-stdlib\1.9.22\d6c44cd08d8f3f9bece8101216dbe6553365c6e3\kotlin-stdlib-1.9.22.jar;C:\Users\spere\.gradle\caches\modules-2\files-2.1\org.jetbrains.kotlin\kotlin-script-runtime\1.9.22\f8139a46fc677ec9badc49ae954392f4f5e7e7c7\kotlin-script-runtime-1.9.22.jar;C:\Users\spere\.gradle\caches\modules-2\files-2.1\org.jetbrains.kotlin\kotlin-reflect\1.6.10\1cbe9c92c12a94eea200d23c2bbaedaf3daf5132\kotlin-reflect-1.6.10.jar;C:\Users\spere\.gradle\caches\modules-2\files-2.1\org.jetbrains.kotlin\kotlin-daemon-embeddable\1.9.22\20e2c5df715f3240c765cfc222530e2796542021\kotlin-daemon-embeddable-1.9.22.jar;C:\Users\spere\.gradle\caches\modules-2\files-2.1\org.jetbrains.intellij.deps\trove4j\1.0.20200330\3afb14d5f9ceb459d724e907a21145e8ff394f02\trove4j-1.0.20200330.jar;C:\Users\spere\.gradle\caches\modules-2\files-2.1\org.jetbrains\annotations\13.0\919f0dfe192fb4e063e7dacadee7f8bb9a2672a9\annotations-13.0.jar
Launcher Type: SUN_STANDARD

[Global flags]
     intx CICompilerCount                          = 3                                         {product} {ergonomic}
     uint ConcGCThreads                            = 1                                         {product} {ergonomic}
     uint G1ConcRefinementThreads                  = 4                                         {product} {ergonomic}
   size_t G1HeapRegionSize                         = 2097152                                   {product} {ergonomic}
    uintx GCDrainStackTargetSize                   = 64                                        {product} {ergonomic}
   size_t InitialHeapSize                          = 268435456                                 {product} {ergonomic}
   size_t MarkStackSize                            = 4194304                                   {product} {ergonomic}
   size_t MaxHeapSize                              = 4286578688                                {product} {ergonomic}
   size_t MaxNewSize                               = 2571108352                                {product} {ergonomic}
   size_t MinHeapDeltaBytes                        = 2097152                                   {product} {ergonomic}
   size_t MinHeapSize                              = 8388608                                   {product} {ergonomic}
    uintx NonNMethodCodeHeapSize                   = 5832780                                {pd product} {ergonomic}
    uintx NonProfiledCodeHeapSize                  = 122912730                              {pd product} {ergonomic}
    uintx ProfiledCodeHeapSize                     = 122912730                              {pd product} {ergonomic}
    uintx ReservedCodeCacheSize                    = 251658240                              {pd product} {ergonomic}
     bool SegmentedCodeCache                       = true                                      {product} {ergonomic}
   size_t SoftMaxHeapSize                          = 4286578688                             {manageable} {ergonomic}
     bool UseCompressedClassPointers               = true                           {product lp64_product} {ergonomic}
     bool UseCompressedOops                        = true                           {product lp64_product} {ergonomic}
     bool UseG1GC                                  = true                                      {product} {ergonomic}
     bool UseLargePagesIndividualAllocation        = false                                  {pd product} {ergonomic}

Logging:
Log output configuration:
 #0: stdout all=warning uptime,level,tags
 #1: stderr all=off uptime,level,tags

Environment Variables:
JAVA_HOME=C:\Program Files\Eclipse Adoptium\jdk-17.0.18.8-hotspot\
PATH=C:\Users\spere\AppData\Roaming\npm;C:\Users\spere\android-game-perf-tool-desktop\node_modules\.bin;C:\Users\spere\node_modules\.bin;C:\Users\node_modules\.bin;C:\node_modules\.bin;C:\Program Files\nodejs\node_modules\npm\node_modules\@npmcli\run-script\lib\node-gyp-bin;C:\Program Files\Eclipse Adoptium\jdk-17.0.18.8-hotspot\bin;C:\WINDOWS\system32;C:\WINDOWS;C:\WINDOWS\System32\Wbem;C:\WINDOWS\System32\WindowsPowerShell\v1.0\;C:\WINDOWS\System32\OpenSSH\;C:\Program Files\nodejs\;C:\Program Files\Git\cmd;C:\Program Files\dotnet\;C:\Program Files\GitHub CLI\;C:\Program Files\Docker\Docker\resources\bin;C:\Program Files\Google\Chrome\Application;C:\WINDOWS\system32;C:\WINDOWS;C:\WINDOWS\System32\Wbem;C:\WINDOWS\System32\WindowsPowerShell\v1.0\;C:\WINDOWS\System32\OpenSSH\;C:\Users\spere\AppData\Local\Microsoft\WindowsApps;;;C:\Program Files\nodejs;C:\Users\spere\AppData\Roaming\npm;C:\Users\spere\AppData\Local\Microsoft\WinGet\Packages\Hawaii_Beach.TinyNvidiaUpdateChecker_Microsoft.Winget.Source_8wekyb3d8bbwe;;C:\Users\spere\platform-tools;C:\Users\spere\AppData\Local\Microsoft\WinGet\Packages\DenoLand.Deno_Microsoft.Winget.Source_8wekyb3d8bbwe;C:\Users\spere\AppData\Local\Microsoft\WinGet\Packages\yt-dlp.FFmpeg_Microsoft.Winget.Source_8wekyb3d8bbwe\ffmpeg-N-123778-g3b55818764-win64-gpl\bin;C:\Users\spere\AppData\Local\Microsoft\WinGet\Packages\yt-dlp.yt-dlp_Microsoft.Winget.Source_8wekyb3d8bbwe;C:\Users\spere\AppData\Local\Microsoft\WinGet\Packages\Ngrok.Ngrok_Microsoft.Winget.Source_8wekyb3d8bbwe;C:\Users\spere\AppData\Local\Microsoft\WinGet\Packages\Cloudflare.cloudflared_Microsoft.Winget.Source_8wekyb3d8bbwe;;C:\Program Files\nodejs;$env:APPDATA\npm
USERNAME=spere
LANG=en_US.UTF-8
OS=Windows_NT
PROCESSOR_IDENTIFIER=Intel64 Family 6 Model 158 Stepping 9, GenuineIntel
TMP=C:\Users\spere\AppData\Local\Temp
TEMP=C:\Users\spere\AppData\Local\Temp



Periodic native trim disabled


---------------  S Y S T E M  ---------------

OS:
 Windows 11 , 64 bit Build 26100 (10.0.26100.7920)
OS uptime: 0 days 7:39 hours
Hyper-V role detected

CPU: total 4 (initial active 4) (4 cores per cpu, 1 threads per core) family 6 model 158 stepping 9 microcode 0xde, cx8, cmov, fxsr, mmx, 3dnowpref, sse, sse2, sse3, ssse3, sse4.1, sse4.2, popcnt, lzcnt, tsc, tscinvbit, avx, avx2, aes, erms, clmul, bmi1, bmi2, rtm, adx, fma, vzeroupper, clflush, clflushopt, hv
Processor Information for all 4 processors :
  Max Mhz: 3792, Current Mhz: 3792, Mhz Limit: 3792

Memory: 4k page, system-wide physical 16348M (623M free)
TotalPageFile size 20444M (AvailPageFile size 6M)
current process WorkingSet (physical memory assigned to process): 441M, peak: 448M
current process commit charge ("private bytes"): 484M, peak: 491M

vm_info: OpenJDK 64-Bit Server VM (17.0.18+8) for windows-amd64 JRE (17.0.18+8), built on Jan 20 2026 22:28:22 by "admin" with MS VC++ 17.12 (VS2022)

END.
