#
# There is insufficient memory for the Java Runtime Environment to continue.
# Native memory allocation (malloc) failed to allocate 155776 bytes. Error detail: Chunk::new
# Possible reasons:
#   The system is out of physical RAM or swap space
#   This process is running with CompressedOops enabled, and the Java Heap may be blocking the growth of the native heap
# Possible solutions:
#   Reduce memory load on the system
#   Increase physical memory or swap space
#   Check if swap backing store is full
#   Decrease Java heap size (-Xmx/-Xms)
#   Decrease number of Java threads
#   Decrease Java thread stack sizes (-Xss)
#   Set larger code cache with -XX:ReservedCodeCacheSize=
#   JVM is running with Unscaled Compressed Oops mode in which the Java heap is
#     placed in the first 4GB address space. The Java Heap base address is the
#     maximum limit for the native heap growth. Please use -XX:HeapBaseMinAddress
#     to set the Java Heap base and to place the Java Heap above 4GB virtual address.
# This output file may be truncated or incomplete.
#
#  Out of Memory Error (arena.cpp:191), pid=18396, tid=1872
#
# JRE version: OpenJDK Runtime Environment Temurin-17.0.18+8 (17.0.18+8) (build 17.0.18+8)
# Java VM: OpenJDK 64-Bit Server VM Temurin-17.0.18+8 (17.0.18+8, mixed mode, sharing, tiered, compressed oops, compressed class ptrs, g1 gc, windows-amd64)
# No core dump will be written. Minidumps are not enabled by default on client versions of Windows
#

---------------  S U M M A R Y ------------

Command Line: --add-opens=java.base/java.util=ALL-UNNAMED --add-opens=java.base/java.lang=ALL-UNNAMED --add-opens=java.base/java.lang.invoke=ALL-UNNAMED --add-opens=java.prefs/java.util.prefs=ALL-UNNAMED --add-exports=jdk.compiler/com.sun.tools.javac.api=ALL-UNNAMED --add-exports=jdk.compiler/com.sun.tools.javac.util=ALL-UNNAMED --add-opens=java.base/java.nio.charset=ALL-UNNAMED --add-opens=java.base/java.net=ALL-UNNAMED --add-opens=java.base/java.util.concurrent.atomic=ALL-UNNAMED -Xmx2048m -Dfile.encoding=windows-1252 -Duser.country=ES -Duser.language=es -Duser.variant -javaagent:C:\Users\spere\.gradle\wrapper\dists\gradle-8.10.2-bin\a04bxjujx95o3nb99gddekhwo\gradle-8.10.2\lib\agents\gradle-instrumentation-agent-8.10.2.jar org.gradle.launcher.daemon.bootstrap.GradleDaemon 8.10.2

Host: Intel(R) Core(TM) i5-7600K CPU @ 3.80GHz, 4 cores, 15G,  Windows 11 , 64 bit Build 26100 (10.0.26100.7920)
Time: Wed Apr 15 15:35:18 2026 Hora de verano romance elapsed time: 8.585112 seconds (0d 0h 0m 8s)

---------------  T H R E A D  ---------------

Current thread (0x000001f63d64b350):  JavaThread "C2 CompilerThread0" daemon [_thread_in_native, id=1872, stack(0x0000005d3b300000,0x0000005d3b400000)]


Current CompileTask:
C2:8585 6541       4       org.objectweb.asm.Type::appendDescriptor (90 bytes)

Stack: [0x0000005d3b300000,0x0000005d3b400000]
Native frames: (J=compiled Java code, j=interpreted, Vv=VM code, C=native code)
V  [jvm.dll+0x6846f9]
V  [jvm.dll+0x839ea5]
V  [jvm.dll+0x83b91e]
V  [jvm.dll+0x83bfa3]
V  [jvm.dll+0x248eff]
V  [jvm.dll+0xad496]
V  [jvm.dll+0xadb3c]
V  [jvm.dll+0x368c1e]
V  [jvm.dll+0x1bc1ef]
V  [jvm.dll+0x219f10]
V  [jvm.dll+0x219200]
V  [jvm.dll+0x1a4920]
V  [jvm.dll+0x22989a]
V  [jvm.dll+0x227a4b]
V  [jvm.dll+0x7f0658]
V  [jvm.dll+0x7eaaec]
V  [jvm.dll+0x6835c7]
C  [ucrtbase.dll+0x37b0]
C  [KERNEL32.DLL+0x2e8d7]
C  [ntdll.dll+0x8c48c]


---------------  P R O C E S S  ---------------

Threads class SMR info:
_java_thread_list=0x000001f607656cd0, length=44, elements={
0x000001f61f860390, 0x000001f63d4d5a00, 0x000001f63d4d84e0, 0x000001f63d621730,
0x000001f63d622000, 0x000001f63d6230e0, 0x000001f63d629fa0, 0x000001f63d64b350,
0x000001f63d651250, 0x000001f63d655800, 0x000001f63d4be900, 0x000001f63d808a70,
0x000001f604b968b0, 0x000001f604dfb080, 0x000001f604e15380, 0x000001f605024660,
0x000001f604eb8470, 0x000001f604feee50, 0x000001f604fef360, 0x000001f604feda10,
0x000001f604fef870, 0x000001f604fedf20, 0x000001f604fefd80, 0x000001f604fee430,
0x000001f604ff0290, 0x000001f604fecff0, 0x000001f604fed500, 0x000001f60600ad60,
0x000001f606007fd0, 0x000001f6060084e0, 0x000001f6060089f0, 0x000001f60600a850,
0x000001f606009e30, 0x000001f60600b780, 0x000001f606009920, 0x000001f60600bc90,
0x000001f60600c1a0, 0x000001f60600c6b0, 0x000001f606008f00, 0x000001f60600cbc0,
0x000001f60600ea20, 0x000001f60600e510, 0x000001f60600f950, 0x000001f606bf70b0
}

Java Threads: ( => current thread )
  0x000001f61f860390 JavaThread "main" [_thread_blocked, id=15188, stack(0x0000005d3a600000,0x0000005d3a700000)]
  0x000001f63d4d5a00 JavaThread "Reference Handler" daemon [_thread_blocked, id=16176, stack(0x0000005d3ad00000,0x0000005d3ae00000)]
  0x000001f63d4d84e0 JavaThread "Finalizer" daemon [_thread_blocked, id=17104, stack(0x0000005d3ae00000,0x0000005d3af00000)]
  0x000001f63d621730 JavaThread "Signal Dispatcher" daemon [_thread_blocked, id=8096, stack(0x0000005d3af00000,0x0000005d3b000000)]
  0x000001f63d622000 JavaThread "Attach Listener" daemon [_thread_blocked, id=720, stack(0x0000005d3b000000,0x0000005d3b100000)]
  0x000001f63d6230e0 JavaThread "Service Thread" daemon [_thread_blocked, id=9284, stack(0x0000005d3b100000,0x0000005d3b200000)]
  0x000001f63d629fa0 JavaThread "Monitor Deflation Thread" daemon [_thread_blocked, id=11312, stack(0x0000005d3b200000,0x0000005d3b300000)]
=>0x000001f63d64b350 JavaThread "C2 CompilerThread0" daemon [_thread_in_native, id=1872, stack(0x0000005d3b300000,0x0000005d3b400000)]
  0x000001f63d651250 JavaThread "C1 CompilerThread0" daemon [_thread_blocked, id=7656, stack(0x0000005d3b400000,0x0000005d3b500000)]
  0x000001f63d655800 JavaThread "Sweeper thread" daemon [_thread_blocked, id=1936, stack(0x0000005d3b500000,0x0000005d3b600000)]
  0x000001f63d4be900 JavaThread "Common-Cleaner" daemon [_thread_blocked, id=7452, stack(0x0000005d3b600000,0x0000005d3b700000)]
  0x000001f63d808a70 JavaThread "Notification Thread" daemon [_thread_blocked, id=18912, stack(0x0000005d3b700000,0x0000005d3b800000)]
  0x000001f604b968b0 JavaThread "Daemon health stats" [_thread_blocked, id=16780, stack(0x0000005d3bc00000,0x0000005d3bd00000)]
  0x000001f604dfb080 JavaThread "Incoming local TCP Connector on port 65105" [_thread_in_native, id=11792, stack(0x0000005d3bd00000,0x0000005d3be00000)]
  0x000001f604e15380 JavaThread "Daemon periodic checks" [_thread_blocked, id=9860, stack(0x0000005d3be00000,0x0000005d3bf00000)]
  0x000001f605024660 JavaThread "Daemon" [_thread_blocked, id=12076, stack(0x0000005d3bf00000,0x0000005d3c000000)]
  0x000001f604eb8470 JavaThread "Handler for socket connection from /127.0.0.1:65105 to /127.0.0.1:65106" [_thread_in_native, id=4492, stack(0x0000005d3c000000,0x0000005d3c100000)]
  0x000001f604feee50 JavaThread "Cancel handler" [_thread_blocked, id=8000, stack(0x0000005d3c100000,0x0000005d3c200000)]
  0x000001f604fef360 JavaThread "Daemon worker" [_thread_in_native, id=18696, stack(0x0000005d3c200000,0x0000005d3c300000)]
  0x000001f604feda10 JavaThread "Asynchronous log dispatcher for DefaultDaemonConnection: socket connection from /127.0.0.1:65105 to /127.0.0.1:65106" [_thread_blocked, id=17464, stack(0x0000005d3c300000,0x0000005d3c400000)]
  0x000001f604fef870 JavaThread "Stdin handler" [_thread_blocked, id=11124, stack(0x0000005d3c400000,0x0000005d3c500000)]
  0x000001f604fedf20 JavaThread "Daemon client event forwarder" [_thread_blocked, id=17264, stack(0x0000005d3c500000,0x0000005d3c600000)]
  0x000001f604fefd80 JavaThread "Cache worker for journal cache (C:\Users\spere\.gradle\caches\journal-1)" [_thread_blocked, id=13972, stack(0x0000005d3c700000,0x0000005d3c800000)]
  0x000001f604fee430 JavaThread "File lock request listener" [_thread_in_native, id=2240, stack(0x0000005d3c800000,0x0000005d3c900000)]
  0x000001f604ff0290 JavaThread "Cache worker for file hash cache (C:\Users\spere\.gradle\caches\8.10.2\fileHashes)" [_thread_blocked, id=5300, stack(0x0000005d3c900000,0x0000005d3ca00000)]
  0x000001f604fecff0 JavaThread "Cache worker for file hash cache (C:\Users\spere\android-game-perf-tool-desktop\.gradle\8.10.2\fileHashes)" [_thread_blocked, id=12660, stack(0x0000005d3ca00000,0x0000005d3cb00000)]
  0x000001f604fed500 JavaThread "Cache worker for Build Output Cleanup Cache (C:\Users\spere\android-game-perf-tool-desktop\.gradle\buildOutputCleanup)" [_thread_blocked, id=5124, stack(0x0000005d3cb00000,0x0000005d3cc00000)]
  0x000001f60600ad60 JavaThread "File watcher server" daemon [_thread_in_native, id=9440, stack(0x0000005d3cc00000,0x0000005d3cd00000)]
  0x000001f606007fd0 JavaThread "File watcher consumer" daemon [_thread_blocked, id=6232, stack(0x0000005d3cd00000,0x0000005d3ce00000)]
  0x000001f6060084e0 JavaThread "Cache worker for checksums cache (C:\Users\spere\android-game-perf-tool-desktop\.gradle\8.10.2\checksums)" [_thread_blocked, id=8304, stack(0x0000005d3ce00000,0x0000005d3cf00000)]
  0x000001f6060089f0 JavaThread "Cache worker for file content cache (C:\Users\spere\.gradle\caches\8.10.2\fileContent)" [_thread_blocked, id=13096, stack(0x0000005d3cf00000,0x0000005d3d000000)]
  0x000001f60600a850 JavaThread "Cache worker for cache directory md-rule (C:\Users\spere\.gradle\caches\8.10.2\md-rule)" [_thread_blocked, id=13020, stack(0x0000005d3d000000,0x0000005d3d100000)]
  0x000001f606009e30 JavaThread "Cache worker for cache directory md-supplier (C:\Users\spere\.gradle\caches\8.10.2\md-supplier)" [_thread_blocked, id=18708, stack(0x0000005d3d100000,0x0000005d3d200000)]
  0x000001f60600b780 JavaThread "Unconstrained build operations" [_thread_blocked, id=12544, stack(0x0000005d3d300000,0x0000005d3d400000)]
  0x000001f606009920 JavaThread "Unconstrained build operations Thread 2" [_thread_blocked, id=14720, stack(0x0000005d3d400000,0x0000005d3d500000)]
  0x000001f60600bc90 JavaThread "Unconstrained build operations Thread 3" [_thread_blocked, id=3816, stack(0x0000005d3d500000,0x0000005d3d600000)]
  0x000001f60600c1a0 JavaThread "Unconstrained build operations Thread 4" [_thread_blocked, id=11908, stack(0x0000005d3d600000,0x0000005d3d700000)]
  0x000001f60600c6b0 JavaThread "Unconstrained build operations Thread 5" [_thread_blocked, id=4404, stack(0x0000005d3d700000,0x0000005d3d800000)]
  0x000001f606008f00 JavaThread "Unconstrained build operations Thread 6" [_thread_blocked, id=6332, stack(0x0000005d3d800000,0x0000005d3d900000)]
  0x000001f60600cbc0 JavaThread "Unconstrained build operations Thread 7" [_thread_blocked, id=13052, stack(0x0000005d3d900000,0x0000005d3da00000)]
  0x000001f60600ea20 JavaThread "Unconstrained build operations Thread 8" [_thread_blocked, id=8532, stack(0x0000005d3da00000,0x0000005d3db00000)]
  0x000001f60600e510 JavaThread "Unconstrained build operations Thread 9" [_thread_blocked, id=19156, stack(0x0000005d3db00000,0x0000005d3dc00000)]
  0x000001f60600f950 JavaThread "build event listener" [_thread_blocked, id=14852, stack(0x0000005d3dc00000,0x0000005d3dd00000)]
  0x000001f606bf70b0 JavaThread "C2 CompilerThread1" daemon [_thread_in_native, id=6192, stack(0x0000005d3c600000,0x0000005d3c700000)]

Other Threads:
  0x000001f63d4cad40 VMThread "VM Thread" [stack: 0x0000005d3ac00000,0x0000005d3ad00000] [id=8676]
  0x000001f63d808f50 WatcherThread [stack: 0x0000005d3b800000,0x0000005d3b900000] [id=13044]
  0x000001f61f8bd480 GCTaskThread "GC Thread#0" [stack: 0x0000005d3a700000,0x0000005d3a800000] [id=17732]
  0x000001f63da14ae0 GCTaskThread "GC Thread#1" [stack: 0x0000005d3b900000,0x0000005d3ba00000] [id=4236]
  0x000001f63d902870 GCTaskThread "GC Thread#2" [stack: 0x0000005d3ba00000,0x0000005d3bb00000] [id=9888]
  0x000001f63d902b30 GCTaskThread "GC Thread#3" [stack: 0x0000005d3bb00000,0x0000005d3bc00000] [id=14056]
  0x000001f61f8cefb0 ConcurrentGCThread "G1 Main Marker" [stack: 0x0000005d3a800000,0x0000005d3a900000] [id=408]
  0x000001f61f8d0080 ConcurrentGCThread "G1 Conc#0" [stack: 0x0000005d3a900000,0x0000005d3aa00000] [id=18672]
  0x000001f61f90e2f0 ConcurrentGCThread "G1 Refine#0" [stack: 0x0000005d3aa00000,0x0000005d3ab00000] [id=11704]
  0x000001f606000930 ConcurrentGCThread "G1 Refine#1" [stack: 0x0000005d3d200000,0x0000005d3d300000] [id=19308]
  0x000001f61f90ead0 ConcurrentGCThread "G1 Service" [stack: 0x0000005d3ab00000,0x0000005d3ac00000] [id=6060]

Threads with active compile tasks:
C2 CompilerThread0  8611 6541       4       org.objectweb.asm.Type::appendDescriptor (90 bytes)
C2 CompilerThread1  8611 6527   !   4       com.google.common.reflect.TypeVisitor::visit (225 bytes)

VM state: not at safepoint (normal execution)

VM Mutex/Monitor currently owned by a thread: None

Heap address: 0x0000000080000000, size: 2048 MB, Compressed Oops mode: 32-bit

CDS archive(s) mapped at: [0x000001f63e000000-0x000001f63ebb0000-0x000001f63ebb0000), size 12255232, SharedBaseAddress: 0x000001f63e000000, ArchiveRelocationMode: 1.
Compressed class space mapped at: 0x000001f63f000000-0x000001f67f000000, reserved size: 1073741824
Narrow klass base: 0x000001f63e000000, Narrow klass shift: 0, Narrow klass range: 0x100000000

GC Precious Log:
 CPUs: 4 total, 4 available
 Memory: 16348M
 Large Page Support: Disabled
 NUMA Support: Disabled
 Compressed Oops: Enabled (32-bit)
 Heap Region Size: 1M
 Heap Min Capacity: 8M
 Heap Initial Capacity: 256M
 Heap Max Capacity: 2G
 Pre-touch: Disabled
 Parallel Workers: 4
 Concurrent Workers: 1
 Concurrent Refinement Workers: 4
 Periodic GC: Disabled

Heap:
 garbage-first heap   total 91136K, used 69123K [0x0000000080000000, 0x0000000100000000)
  region size 1024K, 20 young (20480K), 3 survivors (3072K)
 Metaspace       used 54024K, committed 54656K, reserved 1114112K
  class space    used 7656K, committed 7936K, reserved 1048576K

Heap Regions: E=young(eden), S=young(survivor), O=old, HS=humongous(starts), HC=humongous(continues), CS=collection set, F=free, OA=open archive, CA=closed archive, TAMS=top-at-mark-start (previous, next)
|   0|0x0000000080000000, 0x0000000080100000, 0x0000000080100000|100%|HS|  |TAMS 0x0000000080100000, 0x0000000080000000| Complete 
|   1|0x0000000080100000, 0x0000000080200000, 0x0000000080200000|100%|HC|  |TAMS 0x0000000080200000, 0x0000000080100000| Complete 
|   2|0x0000000080200000, 0x0000000080300000, 0x0000000080300000|100%|HC|  |TAMS 0x0000000080300000, 0x0000000080200000| Complete 
|   3|0x0000000080300000, 0x0000000080400000, 0x0000000080400000|100%|HC|  |TAMS 0x0000000080400000, 0x0000000080300000| Complete 
|   4|0x0000000080400000, 0x0000000080500000, 0x0000000080500000|100%| O|  |TAMS 0x0000000080500000, 0x0000000080400000| Untracked 
|   5|0x0000000080500000, 0x0000000080600000, 0x0000000080600000|100%| O|  |TAMS 0x0000000080600000, 0x0000000080500000| Untracked 
|   6|0x0000000080600000, 0x0000000080700000, 0x0000000080700000|100%| O|  |TAMS 0x0000000080700000, 0x0000000080600000| Untracked 
|   7|0x0000000080700000, 0x0000000080800000, 0x0000000080800000|100%| O|  |TAMS 0x0000000080800000, 0x0000000080700000| Untracked 
|   8|0x0000000080800000, 0x0000000080900000, 0x0000000080900000|100%|HS|  |TAMS 0x0000000080900000, 0x0000000080800000| Complete 
|   9|0x0000000080900000, 0x0000000080a00000, 0x0000000080a00000|100%| O|  |TAMS 0x00000000809d0c00, 0x0000000080900000| Untracked 
|  10|0x0000000080a00000, 0x0000000080b00000, 0x0000000080b00000|100%| O|  |TAMS 0x0000000080b00000, 0x0000000080a00000| Untracked 
|  11|0x0000000080b00000, 0x0000000080c00000, 0x0000000080c00000|100%| O|  |TAMS 0x0000000080c00000, 0x0000000080b00000| Untracked 
|  12|0x0000000080c00000, 0x0000000080d00000, 0x0000000080d00000|100%| O|  |TAMS 0x0000000080d00000, 0x0000000080c00000| Untracked 
|  13|0x0000000080d00000, 0x0000000080e00000, 0x0000000080e00000|100%| O|  |TAMS 0x0000000080e00000, 0x0000000080d00000| Untracked 
|  14|0x0000000080e00000, 0x0000000080f00000, 0x0000000080f00000|100%| O|  |TAMS 0x0000000080f00000, 0x0000000080e00000| Untracked 
|  15|0x0000000080f00000, 0x0000000081000000, 0x0000000081000000|100%| O|  |TAMS 0x0000000081000000, 0x0000000080f00000| Untracked 
|  16|0x0000000081000000, 0x0000000081100000, 0x0000000081100000|100%| O|  |TAMS 0x0000000081100000, 0x0000000081000000| Untracked 
|  17|0x0000000081100000, 0x0000000081200000, 0x0000000081200000|100%| O|  |TAMS 0x0000000081200000, 0x0000000081100000| Untracked 
|  18|0x0000000081200000, 0x0000000081300000, 0x0000000081300000|100%| O|  |TAMS 0x0000000081300000, 0x0000000081200000| Untracked 
|  19|0x0000000081300000, 0x0000000081400000, 0x0000000081400000|100%| O|  |TAMS 0x0000000081400000, 0x0000000081300000| Untracked 
|  20|0x0000000081400000, 0x0000000081500000, 0x0000000081500000|100%| O|  |TAMS 0x0000000081500000, 0x0000000081400000| Untracked 
|  21|0x0000000081500000, 0x0000000081600000, 0x0000000081600000|100%| O|  |TAMS 0x0000000081600000, 0x0000000081500000| Untracked 
|  22|0x0000000081600000, 0x0000000081700000, 0x0000000081700000|100%| O|  |TAMS 0x0000000081700000, 0x0000000081600000| Untracked 
|  23|0x0000000081700000, 0x0000000081800000, 0x0000000081800000|100%| O|  |TAMS 0x0000000081800000, 0x0000000081700000| Untracked 
|  24|0x0000000081800000, 0x0000000081900000, 0x0000000081900000|100%| O|  |TAMS 0x0000000081900000, 0x0000000081800000| Untracked 
|  25|0x0000000081900000, 0x0000000081a00000, 0x0000000081a00000|100%| O|  |TAMS 0x0000000081a00000, 0x0000000081900000| Untracked 
|  26|0x0000000081a00000, 0x0000000081b00000, 0x0000000081b00000|100%| O|  |TAMS 0x0000000081b00000, 0x0000000081a00000| Untracked 
|  27|0x0000000081b00000, 0x0000000081c00000, 0x0000000081c00000|100%| O|  |TAMS 0x0000000081c00000, 0x0000000081b00000| Untracked 
|  28|0x0000000081c00000, 0x0000000081d00000, 0x0000000081d00000|100%| O|  |TAMS 0x0000000081d00000, 0x0000000081c00000| Untracked 
|  29|0x0000000081d00000, 0x0000000081e00000, 0x0000000081e00000|100%| O|  |TAMS 0x0000000081e00000, 0x0000000081d00000| Untracked 
|  30|0x0000000081e00000, 0x0000000081f00000, 0x0000000081f00000|100%| O|  |TAMS 0x0000000081f00000, 0x0000000081e00000| Untracked 
|  31|0x0000000081f00000, 0x0000000082000000, 0x0000000082000000|100%| O|  |TAMS 0x0000000082000000, 0x0000000081f00000| Untracked 
|  32|0x0000000082000000, 0x0000000082100000, 0x0000000082100000|100%| O|  |TAMS 0x0000000082100000, 0x0000000082000000| Untracked 
|  33|0x0000000082100000, 0x0000000082200000, 0x0000000082200000|100%|HS|  |TAMS 0x0000000082200000, 0x0000000082100000| Complete 
|  34|0x0000000082200000, 0x0000000082300000, 0x0000000082300000|100%|HC|  |TAMS 0x0000000082300000, 0x0000000082200000| Complete 
|  35|0x0000000082300000, 0x0000000082400000, 0x0000000082400000|100%|HS|  |TAMS 0x0000000082400000, 0x0000000082300000| Complete 
|  36|0x0000000082400000, 0x0000000082500000, 0x0000000082500000|100%|HC|  |TAMS 0x0000000082500000, 0x0000000082400000| Complete 
|  37|0x0000000082500000, 0x0000000082600000, 0x0000000082600000|100%|HS|  |TAMS 0x0000000082600000, 0x0000000082500000| Complete 
|  38|0x0000000082600000, 0x0000000082700000, 0x0000000082700000|100%|HC|  |TAMS 0x0000000082700000, 0x0000000082600000| Complete 
|  39|0x0000000082700000, 0x0000000082800000, 0x0000000082800000|100%|HC|  |TAMS 0x0000000082800000, 0x0000000082700000| Complete 
|  40|0x0000000082800000, 0x0000000082900000, 0x0000000082900000|100%|HC|  |TAMS 0x0000000082900000, 0x0000000082800000| Complete 
|  41|0x0000000082900000, 0x0000000082a00000, 0x0000000082a00000|100%| O|  |TAMS 0x0000000082900000, 0x0000000082900000| Untracked 
|  42|0x0000000082a00000, 0x0000000082b00000, 0x0000000082b00000|100%| O|  |TAMS 0x0000000082a00000, 0x0000000082a00000| Untracked 
|  43|0x0000000082b00000, 0x0000000082c00000, 0x0000000082c00000|100%|HS|  |TAMS 0x0000000082b00000, 0x0000000082b00000| Complete 
|  44|0x0000000082c00000, 0x0000000082d00000, 0x0000000082d00000|100%|HC|  |TAMS 0x0000000082c00000, 0x0000000082c00000| Complete 
|  45|0x0000000082d00000, 0x0000000082e00000, 0x0000000082e00000|100%|HC|  |TAMS 0x0000000082d00000, 0x0000000082d00000| Complete 
|  46|0x0000000082e00000, 0x0000000082f00000, 0x0000000082f00000|100%|HC|  |TAMS 0x0000000082e00000, 0x0000000082e00000| Complete 
|  47|0x0000000082f00000, 0x0000000083000000, 0x0000000083000000|100%| O|  |TAMS 0x0000000082f00000, 0x0000000082f00000| Untracked 
|  48|0x0000000083000000, 0x0000000083100000, 0x0000000083100000|100%| O|  |TAMS 0x0000000083000000, 0x0000000083000000| Untracked 
|  49|0x0000000083100000, 0x000000008316c200, 0x0000000083200000| 42%| O|  |TAMS 0x0000000083100000, 0x0000000083100000| Untracked 
|  50|0x0000000083200000, 0x0000000083200000, 0x0000000083300000|  0%| F|  |TAMS 0x0000000083200000, 0x0000000083200000| Untracked 
|  51|0x0000000083300000, 0x0000000083300000, 0x0000000083400000|  0%| F|  |TAMS 0x0000000083300000, 0x0000000083300000| Untracked 
|  52|0x0000000083400000, 0x0000000083400000, 0x0000000083500000|  0%| F|  |TAMS 0x0000000083400000, 0x0000000083400000| Untracked 
|  53|0x0000000083500000, 0x0000000083500000, 0x0000000083600000|  0%| F|  |TAMS 0x0000000083500000, 0x0000000083500000| Untracked 
|  54|0x0000000083600000, 0x0000000083600000, 0x0000000083700000|  0%| F|  |TAMS 0x0000000083600000, 0x0000000083600000| Untracked 
|  55|0x0000000083700000, 0x0000000083700000, 0x0000000083800000|  0%| F|  |TAMS 0x0000000083700000, 0x0000000083700000| Untracked 
|  56|0x0000000083800000, 0x0000000083800000, 0x0000000083900000|  0%| F|  |TAMS 0x0000000083800000, 0x0000000083800000| Untracked 
|  57|0x0000000083900000, 0x0000000083900000, 0x0000000083a00000|  0%| F|  |TAMS 0x0000000083900000, 0x0000000083900000| Untracked 
|  58|0x0000000083a00000, 0x0000000083a00000, 0x0000000083b00000|  0%| F|  |TAMS 0x0000000083a00000, 0x0000000083a00000| Untracked 
|  59|0x0000000083b00000, 0x0000000083b00000, 0x0000000083c00000|  0%| F|  |TAMS 0x0000000083b00000, 0x0000000083b00000| Untracked 
|  60|0x0000000083c00000, 0x0000000083c00000, 0x0000000083d00000|  0%| F|  |TAMS 0x0000000083c00000, 0x0000000083c00000| Untracked 
|  61|0x0000000083d00000, 0x0000000083d00000, 0x0000000083e00000|  0%| F|  |TAMS 0x0000000083d00000, 0x0000000083d00000| Untracked 
|  62|0x0000000083e00000, 0x0000000083e00000, 0x0000000083f00000|  0%| F|  |TAMS 0x0000000083e00000, 0x0000000083e00000| Untracked 
|  63|0x0000000083f00000, 0x0000000083f14be8, 0x0000000084000000|  8%| S|CS|TAMS 0x0000000083f00000, 0x0000000083f00000| Complete 
|  64|0x0000000084000000, 0x0000000084100000, 0x0000000084100000|100%| S|CS|TAMS 0x0000000084000000, 0x0000000084000000| Complete 
|  65|0x0000000084100000, 0x0000000084200000, 0x0000000084200000|100%| S|CS|TAMS 0x0000000084100000, 0x0000000084100000| Complete 
|  66|0x0000000084200000, 0x0000000084200000, 0x0000000084300000|  0%| F|  |TAMS 0x0000000084200000, 0x0000000084200000| Untracked 
|  67|0x0000000084300000, 0x0000000084300000, 0x0000000084400000|  0%| F|  |TAMS 0x0000000084300000, 0x0000000084300000| Untracked 
|  68|0x0000000084400000, 0x0000000084400000, 0x0000000084500000|  0%| F|  |TAMS 0x0000000084400000, 0x0000000084400000| Untracked 
|  69|0x0000000084500000, 0x0000000084500000, 0x0000000084600000|  0%| F|  |TAMS 0x0000000084500000, 0x0000000084500000| Untracked 
|  70|0x0000000084600000, 0x0000000084600000, 0x0000000084700000|  0%| F|  |TAMS 0x0000000084600000, 0x0000000084600000| Untracked 
|  71|0x0000000084700000, 0x0000000084700000, 0x0000000084800000|  0%| F|  |TAMS 0x0000000084700000, 0x0000000084700000| Untracked 
|  72|0x0000000084800000, 0x00000000848e7b88, 0x0000000084900000| 90%| E|  |TAMS 0x0000000084800000, 0x0000000084800000| Complete 
|  73|0x0000000084900000, 0x0000000084a00000, 0x0000000084a00000|100%| E|CS|TAMS 0x0000000084900000, 0x0000000084900000| Complete 
|  74|0x0000000084a00000, 0x0000000084b00000, 0x0000000084b00000|100%| E|CS|TAMS 0x0000000084a00000, 0x0000000084a00000| Complete 
|  75|0x0000000084b00000, 0x0000000084c00000, 0x0000000084c00000|100%| E|CS|TAMS 0x0000000084b00000, 0x0000000084b00000| Complete 
|  76|0x0000000084c00000, 0x0000000084d00000, 0x0000000084d00000|100%| E|CS|TAMS 0x0000000084c00000, 0x0000000084c00000| Complete 
|  77|0x0000000084d00000, 0x0000000084e00000, 0x0000000084e00000|100%| E|CS|TAMS 0x0000000084d00000, 0x0000000084d00000| Complete 
|  78|0x0000000084e00000, 0x0000000084f00000, 0x0000000084f00000|100%| E|CS|TAMS 0x0000000084e00000, 0x0000000084e00000| Complete 
|  79|0x0000000084f00000, 0x0000000085000000, 0x0000000085000000|100%| E|CS|TAMS 0x0000000084f00000, 0x0000000084f00000| Complete 
|  80|0x0000000085000000, 0x0000000085100000, 0x0000000085100000|100%| E|CS|TAMS 0x0000000085000000, 0x0000000085000000| Complete 
|  81|0x0000000085100000, 0x0000000085200000, 0x0000000085200000|100%| E|CS|TAMS 0x0000000085100000, 0x0000000085100000| Complete 
|  82|0x0000000085200000, 0x0000000085300000, 0x0000000085300000|100%| E|CS|TAMS 0x0000000085200000, 0x0000000085200000| Complete 
|  83|0x0000000085300000, 0x0000000085400000, 0x0000000085400000|100%| E|CS|TAMS 0x0000000085300000, 0x0000000085300000| Complete 
|  84|0x0000000085400000, 0x0000000085500000, 0x0000000085500000|100%| E|CS|TAMS 0x0000000085400000, 0x0000000085400000| Complete 
|  85|0x0000000085500000, 0x0000000085600000, 0x0000000085600000|100%| E|CS|TAMS 0x0000000085500000, 0x0000000085500000| Complete 
| 235|0x000000008eb00000, 0x000000008ec00000, 0x000000008ec00000|100%| E|CS|TAMS 0x000000008eb00000, 0x000000008eb00000| Complete 
| 236|0x000000008ec00000, 0x000000008ed00000, 0x000000008ed00000|100%| E|CS|TAMS 0x000000008ec00000, 0x000000008ec00000| Complete 
| 255|0x000000008ff00000, 0x0000000090000000, 0x0000000090000000|100%| E|CS|TAMS 0x000000008ff00000, 0x000000008ff00000| Complete 

Card table byte_map: [0x000001f6367c0000,0x000001f636bc0000] _byte_map_base: 0x000001f6363c0000

Marking Bits (Prev, Next): (CMBitMap*) 0x000001f61f8bd9f0, (CMBitMap*) 0x000001f61f8bd9b0
 Prev Bits: [0x000001f638fc0000, 0x000001f63afc0000)
 Next Bits: [0x000001f636fc0000, 0x000001f638fc0000)

Polling page: 0x000001f61d9e0000

Metaspace:

Usage:
  Non-class:     45.29 MB used.
      Class:      7.48 MB used.
       Both:     52.77 MB used.

Virtual space:
  Non-class space:       64.00 MB reserved,      45.62 MB ( 71%) committed,  1 nodes.
      Class space:        1.00 GB reserved,       7.75 MB ( <1%) committed,  1 nodes.
             Both:        1.06 GB reserved,      53.38 MB (  5%) committed. 

Chunk freelists:
   Non-Class:  1.79 MB
       Class:  8.10 MB
        Both:  9.89 MB

MaxMetaspaceSize: unlimited
CompressedClassSpaceSize: 1.00 GB
Initial GC threshold: 21.00 MB
Current GC threshold: 83.56 MB
CDS: on
MetaspaceReclaimPolicy: balanced
 - commit_granule_bytes: 65536.
 - commit_granule_words: 8192.
 - virtual_space_node_default_size: 8388608.
 - enlarge_chunks_in_place: 1.
 - new_chunks_are_fully_committed: 0.
 - uncommit_free_chunks: 1.
 - use_allocation_guard: 0.
 - handle_deallocations: 1.


Internal statistics:

num_allocs_failed_limit: 6.
num_arena_births: 728.
num_arena_deaths: 0.
num_vsnodes_births: 2.
num_vsnodes_deaths: 0.
num_space_committed: 854.
num_space_uncommitted: 0.
num_chunks_returned_to_freelist: 6.
num_chunks_taken_from_freelist: 2886.
num_chunk_merges: 6.
num_chunk_splits: 1897.
num_chunks_enlarged: 1287.
num_inconsistent_stats: 0.

CodeHeap 'non-profiled nmethods': size=120000Kb used=2990Kb max_used=3048Kb free=117009Kb
 bounds [0x000001f62ee90000, 0x000001f62f190000, 0x000001f6363c0000]
CodeHeap 'profiled nmethods': size=120000Kb used=10793Kb max_used=10793Kb free=109206Kb
 bounds [0x000001f6273c0000, 0x000001f627e50000, 0x000001f62e8f0000]
CodeHeap 'non-nmethods': size=5760Kb used=1651Kb max_used=1690Kb free=4108Kb
 bounds [0x000001f62e8f0000, 0x000001f62eb60000, 0x000001f62ee90000]
 total_blobs=6460 nmethods=5733 adapters=639
 compilation: enabled
              stopped_count=0, restarted_count=0
 full_count=0

Compilation events (20 events):
Event: 8.543 Thread 0x000001f63d651250 nmethod 6534 0x000001f627e41590 code [0x000001f627e41740, 0x000001f627e418d8]
Event: 8.544 Thread 0x000001f63d651250 6535       3       java.lang.String::lastIndexOf (18 bytes)
Event: 8.544 Thread 0x000001f63d651250 nmethod 6535 0x000001f627e41a10 code [0x000001f627e41be0, 0x000001f627e41ea8]
Event: 8.544 Thread 0x000001f63d651250 6536       3       java.lang.String::lastIndexOf (10 bytes)
Event: 8.544 Thread 0x000001f63d651250 nmethod 6536 0x000001f627e42010 code [0x000001f627e421c0, 0x000001f627e42408]
Event: 8.544 Thread 0x000001f63d651250 6537       3       com.google.common.cache.LocalCache$LocalLoadingCache::get (9 bytes)
Event: 8.544 Thread 0x000001f63d651250 nmethod 6537 0x000001f627e42510 code [0x000001f627e426c0, 0x000001f627e42888]
Event: 8.548 Thread 0x000001f63d64b350 6538       4       org.objectweb.asm.AnnotationWriter::putAnnotations (67 bytes)
Event: 8.549 Thread 0x000001f63d651250 6540       3       org.gradle.internal.instantiation.generator.AbstractClassGenerator::assembleProperties (239 bytes)
Event: 8.549 Thread 0x000001f63d64b350 nmethod 6538 0x000001f62efd5110 code [0x000001f62efd52c0, 0x000001f62efd5470]
Event: 8.549 Thread 0x000001f63d64b350 6539       4       java.lang.Class::getGenericInfo (52 bytes)
Event: 8.550 Thread 0x000001f63d651250 nmethod 6540 0x000001f627e42990 code [0x000001f627e42e80, 0x000001f627e45978]
Event: 8.550 Thread 0x000001f63d64b350 nmethod 6539 0x000001f62efd4c10 code [0x000001f62efd4dc0, 0x000001f62efd4fc8]
Event: 8.550 Thread 0x000001f63d64b350 6542       4       org.objectweb.asm.ByteVector::putByteArray (49 bytes)
Event: 8.551 Thread 0x000001f63d651250 6543       1       org.gradle.api.internal.DefaultDomainObjectCollection::getStore (5 bytes)
Event: 8.551 Thread 0x000001f63d651250 nmethod 6543 0x000001f62efd4910 code [0x000001f62efd4aa0, 0x000001f62efd4b78]
Event: 8.551 Thread 0x000001f63d64b350 nmethod 6542 0x000001f62efd4490 code [0x000001f62efd4620, 0x000001f62efd4798]
Event: 8.551 Thread 0x000001f63d64b350 6541       4       org.objectweb.asm.Type::appendDescriptor (90 bytes)
Event: 8.552 Thread 0x000001f63d651250 6544       3       org.gradle.api.internal.collections.AbstractIterationOrderRetainingElementSource$Element::getValues (16 bytes)
Event: 8.553 Thread 0x000001f63d651250 nmethod 6544 0x000001f627e46810 code [0x000001f627e469c0, 0x000001f627e46b48]

GC Heap History (20 events):
Event: 5.125 GC heap before
{Heap before GC invocations=7 (full 0):
 garbage-first heap   total 89088K, used 68508K [0x0000000080000000, 0x0000000100000000)
  region size 1024K, 43 young (44032K), 1 survivors (1024K)
 Metaspace       used 32729K, committed 33152K, reserved 1114112K
  class space    used 4610K, committed 4800K, reserved 1048576K
}
Event: 5.128 GC heap after
{Heap after GC invocations=8 (full 0):
 garbage-first heap   total 89088K, used 30625K [0x0000000080000000, 0x0000000100000000)
  region size 1024K, 5 young (5120K), 5 survivors (5120K)
 Metaspace       used 32729K, committed 33152K, reserved 1114112K
  class space    used 4610K, committed 4800K, reserved 1048576K
}
Event: 5.530 GC heap before
{Heap before GC invocations=8 (full 0):
 garbage-first heap   total 89088K, used 68513K [0x0000000080000000, 0x0000000100000000)
  region size 1024K, 42 young (43008K), 5 survivors (5120K)
 Metaspace       used 34758K, committed 35200K, reserved 1114112K
  class space    used 4932K, committed 5120K, reserved 1048576K
}
Event: 5.534 GC heap after
{Heap after GC invocations=9 (full 0):
 garbage-first heap   total 89088K, used 31028K [0x0000000080000000, 0x0000000100000000)
  region size 1024K, 2 young (2048K), 2 survivors (2048K)
 Metaspace       used 34758K, committed 35200K, reserved 1114112K
  class space    used 4932K, committed 5120K, reserved 1048576K
}
Event: 5.704 GC heap before
{Heap before GC invocations=9 (full 0):
 garbage-first heap   total 89088K, used 38196K [0x0000000080000000, 0x0000000100000000)
  region size 1024K, 10 young (10240K), 2 survivors (2048K)
 Metaspace       used 35635K, committed 36096K, reserved 1114112K
  class space    used 5060K, committed 5248K, reserved 1048576K
}
Event: 5.706 GC heap after
{Heap after GC invocations=10 (full 0):
 garbage-first heap   total 89088K, used 31437K [0x0000000080000000, 0x0000000100000000)
  region size 1024K, 2 young (2048K), 2 survivors (2048K)
 Metaspace       used 35635K, committed 36096K, reserved 1114112K
  class space    used 5060K, committed 5248K, reserved 1048576K
}
Event: 6.219 GC heap before
{Heap before GC invocations=11 (full 0):
 garbage-first heap   total 89088K, used 71373K [0x0000000080000000, 0x0000000100000000)
  region size 1024K, 39 young (39936K), 2 survivors (2048K)
 Metaspace       used 40647K, committed 41152K, reserved 1114112K
  class space    used 5703K, committed 5952K, reserved 1048576K
}
Event: 6.222 GC heap after
{Heap after GC invocations=12 (full 0):
 garbage-first heap   total 89088K, used 32497K [0x0000000080000000, 0x0000000100000000)
  region size 1024K, 3 young (3072K), 3 survivors (3072K)
 Metaspace       used 40647K, committed 41152K, reserved 1114112K
  class space    used 5703K, committed 5952K, reserved 1048576K
}
Event: 6.231 GC heap before
{Heap before GC invocations=12 (full 0):
 garbage-first heap   total 89088K, used 33521K [0x0000000080000000, 0x0000000100000000)
  region size 1024K, 4 young (4096K), 3 survivors (3072K)
 Metaspace       used 40761K, committed 41216K, reserved 1114112K
  class space    used 5718K, committed 5952K, reserved 1048576K
}
Event: 6.234 GC heap after
{Heap after GC invocations=13 (full 0):
 garbage-first heap   total 89088K, used 32560K [0x0000000080000000, 0x0000000100000000)
  region size 1024K, 1 young (1024K), 1 survivors (1024K)
 Metaspace       used 40761K, committed 41216K, reserved 1114112K
  class space    used 5718K, committed 5952K, reserved 1048576K
}
Event: 6.798 GC heap before
{Heap before GC invocations=13 (full 0):
 garbage-first heap   total 89088K, used 70448K [0x0000000080000000, 0x0000000100000000)
  region size 1024K, 38 young (38912K), 1 survivors (1024K)
 Metaspace       used 44917K, committed 45376K, reserved 1114112K
  class space    used 6384K, committed 6592K, reserved 1048576K
}
Event: 6.800 GC heap after
{Heap after GC invocations=14 (full 0):
 garbage-first heap   total 89088K, used 33661K [0x0000000080000000, 0x0000000100000000)
  region size 1024K, 2 young (2048K), 2 survivors (2048K)
 Metaspace       used 44917K, committed 45376K, reserved 1114112K
  class space    used 6384K, committed 6592K, reserved 1048576K
}
Event: 7.394 GC heap before
{Heap before GC invocations=14 (full 0):
 garbage-first heap   total 89088K, used 71549K [0x0000000080000000, 0x0000000100000000)
  region size 1024K, 39 young (39936K), 2 survivors (2048K)
 Metaspace       used 47865K, committed 48448K, reserved 1114112K
  class space    used 6802K, committed 7104K, reserved 1048576K
}
Event: 7.397 GC heap after
{Heap after GC invocations=15 (full 0):
 garbage-first heap   total 89088K, used 35801K [0x0000000080000000, 0x0000000100000000)
  region size 1024K, 4 young (4096K), 4 survivors (4096K)
 Metaspace       used 47865K, committed 48448K, reserved 1114112K
  class space    used 6802K, committed 7104K, reserved 1048576K
}
Event: 7.884 GC heap before
{Heap before GC invocations=15 (full 0):
 garbage-first heap   total 89088K, used 69593K [0x0000000080000000, 0x0000000100000000)
  region size 1024K, 34 young (34816K), 4 survivors (4096K)
 Metaspace       used 50580K, committed 51136K, reserved 1114112K
  class space    used 7166K, committed 7424K, reserved 1048576K
}
Event: 7.888 GC heap after
{Heap after GC invocations=16 (full 0):
 garbage-first heap   total 89088K, used 42234K [0x0000000080000000, 0x0000000100000000)
  region size 1024K, 5 young (5120K), 5 survivors (5120K)
 Metaspace       used 50580K, committed 51136K, reserved 1114112K
  class space    used 7166K, committed 7424K, reserved 1048576K
}
Event: 7.912 GC heap before
{Heap before GC invocations=16 (full 0):
 garbage-first heap   total 89088K, used 46330K [0x0000000080000000, 0x0000000100000000)
  region size 1024K, 6 young (6144K), 5 survivors (5120K)
 Metaspace       used 50580K, committed 51136K, reserved 1114112K
  class space    used 7166K, committed 7424K, reserved 1048576K
}
Event: 7.915 GC heap after
{Heap after GC invocations=17 (full 0):
 garbage-first heap   total 89088K, used 47481K [0x0000000080000000, 0x0000000100000000)
  region size 1024K, 4 young (4096K), 4 survivors (4096K)
 Metaspace       used 50580K, committed 51136K, reserved 1114112K
  class space    used 7166K, committed 7424K, reserved 1048576K
}
Event: 8.277 GC heap before
{Heap before GC invocations=18 (full 0):
 garbage-first heap   total 91136K, used 71033K [0x0000000080000000, 0x0000000100000000)
  region size 1024K, 23 young (23552K), 4 survivors (4096K)
 Metaspace       used 52339K, committed 52928K, reserved 1114112K
  class space    used 7392K, committed 7680K, reserved 1048576K
}
Event: 8.279 GC heap after
{Heap after GC invocations=19 (full 0):
 garbage-first heap   total 91136K, used 52739K [0x0000000080000000, 0x0000000100000000)
  region size 1024K, 3 young (3072K), 3 survivors (3072K)
 Metaspace       used 52339K, committed 52928K, reserved 1114112K
  class space    used 7392K, committed 7680K, reserved 1048576K
}

Dll operation events (15 events):
Event: 0.009 Loaded shared library C:\Program Files\Eclipse Adoptium\jdk-17.0.18.8-hotspot\bin\java.dll
Event: 0.024 Loaded shared library C:\Program Files\Eclipse Adoptium\jdk-17.0.18.8-hotspot\bin\jsvml.dll
Event: 0.065 Loaded shared library C:\Program Files\Eclipse Adoptium\jdk-17.0.18.8-hotspot\bin\zip.dll
Event: 0.067 Loaded shared library C:\Program Files\Eclipse Adoptium\jdk-17.0.18.8-hotspot\bin\instrument.dll
Event: 0.072 Loaded shared library C:\Program Files\Eclipse Adoptium\jdk-17.0.18.8-hotspot\bin\net.dll
Event: 0.074 Loaded shared library C:\Program Files\Eclipse Adoptium\jdk-17.0.18.8-hotspot\bin\nio.dll
Event: 0.076 Loaded shared library C:\Program Files\Eclipse Adoptium\jdk-17.0.18.8-hotspot\bin\zip.dll
Event: 0.366 Loaded shared library C:\Program Files\Eclipse Adoptium\jdk-17.0.18.8-hotspot\bin\jimage.dll
Event: 0.579 Loaded shared library C:\Program Files\Eclipse Adoptium\jdk-17.0.18.8-hotspot\bin\verify.dll
Event: 0.738 Loaded shared library C:\Users\spere\.gradle\native\c067742578af261105cb4f569cf0c3c89f3d7b1fecec35dd04571415982c5e48\windows-amd64\native-platform.dll
Event: 0.744 Loaded shared library C:\Users\spere\.gradle\native\100fb08df4bc3b14c8652ba06237920a3bd2aa13389f12d3474272988ae205f9\windows-amd64\native-platform-file-events.dll
Event: 1.921 Loaded shared library C:\Program Files\Eclipse Adoptium\jdk-17.0.18.8-hotspot\bin\management.dll
Event: 1.925 Loaded shared library C:\Program Files\Eclipse Adoptium\jdk-17.0.18.8-hotspot\bin\management_ext.dll
Event: 2.099 Loaded shared library C:\Program Files\Eclipse Adoptium\jdk-17.0.18.8-hotspot\bin\extnet.dll
Event: 2.360 Loaded shared library C:\Program Files\Eclipse Adoptium\jdk-17.0.18.8-hotspot\bin\sunmscapi.dll

Deoptimization events (20 events):
Event: 8.295 Thread 0x000001f604fef360 Uncommon trap: trap_request=0xffffffde fr.pc=0x000001f62efea5e0 relative=0x0000000000000580
Event: 8.296 Thread 0x000001f604fef360 Uncommon trap: reason=class_check action=maybe_recompile pc=0x000001f62efea5e0 method=kotlin.reflect.jvm.internal.impl.protobuf.CodedInputStream.tryRefillBuffer(I)Z @ 175 c2
Event: 8.296 Thread 0x000001f604fef360 DEOPT PACKING pc=0x000001f62efea5e0 sp=0x0000005d3c2f6e50
Event: 8.296 Thread 0x000001f604fef360 DEOPT UNPACKING pc=0x000001f62e9469a3 sp=0x0000005d3c2f6d38 mode 2
Event: 8.297 Thread 0x000001f604fef360 Uncommon trap: trap_request=0xffffffde fr.pc=0x000001f62efea5e0 relative=0x0000000000000580
Event: 8.297 Thread 0x000001f604fef360 Uncommon trap: reason=class_check action=maybe_recompile pc=0x000001f62efea5e0 method=kotlin.reflect.jvm.internal.impl.protobuf.CodedInputStream.tryRefillBuffer(I)Z @ 175 c2
Event: 8.297 Thread 0x000001f604fef360 DEOPT PACKING pc=0x000001f62efea5e0 sp=0x0000005d3c2f6e50
Event: 8.297 Thread 0x000001f604fef360 DEOPT UNPACKING pc=0x000001f62e9469a3 sp=0x0000005d3c2f6d38 mode 2
Event: 8.297 Thread 0x000001f604fef360 Uncommon trap: trap_request=0xffffffde fr.pc=0x000001f62efea5e0 relative=0x0000000000000580
Event: 8.297 Thread 0x000001f604fef360 Uncommon trap: reason=class_check action=maybe_recompile pc=0x000001f62efea5e0 method=kotlin.reflect.jvm.internal.impl.protobuf.CodedInputStream.tryRefillBuffer(I)Z @ 175 c2
Event: 8.297 Thread 0x000001f604fef360 DEOPT PACKING pc=0x000001f62efea5e0 sp=0x0000005d3c2f6f40
Event: 8.297 Thread 0x000001f604fef360 DEOPT UNPACKING pc=0x000001f62e9469a3 sp=0x0000005d3c2f6e28 mode 2
Event: 8.298 Thread 0x000001f604fef360 Uncommon trap: trap_request=0xffffffde fr.pc=0x000001f62efea5e0 relative=0x0000000000000580
Event: 8.298 Thread 0x000001f604fef360 Uncommon trap: reason=class_check action=maybe_recompile pc=0x000001f62efea5e0 method=kotlin.reflect.jvm.internal.impl.protobuf.CodedInputStream.tryRefillBuffer(I)Z @ 175 c2
Event: 8.298 Thread 0x000001f604fef360 DEOPT PACKING pc=0x000001f62efea5e0 sp=0x0000005d3c2f6f40
Event: 8.298 Thread 0x000001f604fef360 DEOPT UNPACKING pc=0x000001f62e9469a3 sp=0x0000005d3c2f6e28 mode 2
Event: 8.556 Thread 0x000001f604fef360 Uncommon trap: trap_request=0xffffffbe fr.pc=0x000001f62ef03abc relative=0x00000000000009bc
Event: 8.556 Thread 0x000001f604fef360 Uncommon trap: reason=profile_predicate action=maybe_recompile pc=0x000001f62ef03abc method=java.util.regex.Pattern$BnM.optimize(Ljava/util/regex/Pattern$Node;)Ljava/util/regex/Pattern$Node; @ 67 c2
Event: 8.556 Thread 0x000001f604fef360 DEOPT PACKING pc=0x000001f62ef03abc sp=0x0000005d3c2f4eb0
Event: 8.556 Thread 0x000001f604fef360 DEOPT UNPACKING pc=0x000001f62e9469a3 sp=0x0000005d3c2f4e00 mode 2

Classes loaded (20 events):
Event: 8.284 Loading class java/lang/Override
Event: 8.284 Loading class java/lang/Override done
Event: 8.462 Loading class java/util/regex/Pattern$Pos
Event: 8.462 Loading class java/util/regex/Pattern$Pos done
Event: 8.557 Loading class javax/xml/xpath/XPathFactoryConfigurationException
Event: 8.557 Loading class javax/xml/xpath/XPathFactoryConfigurationException done
Event: 8.557 Loading class org/xml/sax/SAXNotSupportedException
Event: 8.557 Loading class org/xml/sax/SAXNotSupportedException done
Event: 8.557 Loading class org/xml/sax/SAXNotRecognizedException
Event: 8.557 Loading class org/xml/sax/SAXNotRecognizedException done
Event: 8.557 Loading class javax/xml/transform/TransformerConfigurationException
Event: 8.557 Loading class javax/xml/transform/TransformerException
Event: 8.557 Loading class javax/xml/transform/TransformerException done
Event: 8.557 Loading class javax/xml/transform/TransformerConfigurationException done
Event: 8.557 Loading class javax/xml/xpath/XPathFactory
Event: 8.557 Loading class javax/xml/xpath/XPathFactory done
Event: 8.557 Loading class jdk/xml/internal/SecuritySupport
Event: 8.558 Loading class jdk/xml/internal/SecuritySupport done
Event: 8.558 Loading class javax/xml/xpath/XPathFactoryFinder
Event: 8.558 Loading class javax/xml/xpath/XPathFactoryFinder done

Classes unloaded (0 events):
No events

Classes redefined (0 events):
No events

Internal exceptions (20 events):
Event: 7.130 Thread 0x000001f604fef360 Exception <a 'java/lang/IncompatibleClassChangeError'{0x0000000084279a58}: Found class java.lang.Object, but interface was expected> (0x0000000084279a58) 
thrown [s\src\hotspot\share\interpreter\linkResolver.cpp, line 826]
Event: 7.130 Thread 0x000001f604fef360 Exception <a 'java/lang/IncompatibleClassChangeError'{0x0000000084280ab8}: Found class java.lang.Object, but interface was expected> (0x0000000084280ab8) 
thrown [s\src\hotspot\share\interpreter\linkResolver.cpp, line 826]
Event: 7.178 Thread 0x000001f604fef360 Exception <a 'java/lang/NoSuchMethodError'{0x0000000083fec518}: 'java.lang.Object java.lang.invoke.DirectMethodHandle$Holder.newInvokeSpecial(java.lang.Object, java.lang.Object, java.lang.Object, java.lang.Object, int, java.lang.Object)'> (0x0000000083fec518) 
thrown [s\src\hotspot\share\interpreter\linkResolver.cpp, line 759]
Event: 7.178 Thread 0x000001f604fef360 Exception <a 'java/lang/NoSuchMethodError'{0x0000000083ff5318}: 'java.lang.Object java.lang.invoke.Invokers$Holder.linkToTargetMethod(java.lang.Object, java.lang.Object, java.lang.Object, int, java.lang.Object, java.lang.Object)'> (0x0000000083ff5318) 
thrown [s\src\hotspot\share\interpreter\linkResolver.cpp, line 759]
Event: 7.330 Thread 0x000001f604fef360 Exception <a 'java/lang/NoSuchMethodError'{0x00000000837aadb0}: 'java.lang.Object java.lang.invoke.DirectMethodHandle$Holder.invokeSpecialIFC(java.lang.Object, java.lang.Object, java.lang.Object)'> (0x00000000837aadb0) 
thrown [s\src\hotspot\share\interpreter\linkResolver.cpp, line 759]
Event: 7.638 Thread 0x000001f604fef360 Exception <a 'java/lang/NoSuchMethodError'{0x00000000846556d0}: static Lorg/jetbrains/kotlin/gradle/plugin/internal/DefaultConfigurationTimePropertiesAccessorVariantFactory;.<clinit>()V> (0x00000000846556d0) 
thrown [s\src\hotspot\share\prims\jni.cpp, line 1112]
Event: 7.641 Thread 0x000001f604fef360 Exception <a 'java/lang/NoSuchMethodError'{0x00000000846844d0}: static Lorg/jetbrains/kotlin/gradle/plugin/internal/DefaultProjectIsolationStartParameterAccessorVariantFactory;.<clinit>()V> (0x00000000846844d0) 
thrown [s\src\hotspot\share\prims\jni.cpp, line 1112]
Event: 7.643 Thread 0x000001f604fef360 Exception <a 'java/lang/NoSuchMethodError'{0x00000000846a88b0}: static Lorg/jetbrains/kotlin/gradle/plugin/internal/DefaultArtifactTypeAttributeAccessorVariantFactory;.<clinit>()V> (0x00000000846a88b0) 
thrown [s\src\hotspot\share\prims\jni.cpp, line 1112]
Event: 7.644 Thread 0x000001f604fef360 Exception <a 'java/lang/NoSuchMethodError'{0x00000000846ccb58}: static Lorg/jetbrains/kotlin/gradle/plugin/internal/DefaultCompatibilityConventionRegistrar$Factory;.<clinit>()V> (0x00000000846ccb58) 
thrown [s\src\hotspot\share\prims\jni.cpp, line 1112]
Event: 7.645 Thread 0x000001f604fef360 Exception <a 'java/lang/NoSuchMethodError'{0x00000000846e8448}: static Lorg/jetbrains/kotlin/gradle/plugin/internal/DefaultJavaSourceSetsAccessorVariantFactory;.<clinit>()V> (0x00000000846e8448) 
thrown [s\src\hotspot\share\prims\jni.cpp, line 1112]
Event: 7.646 Thread 0x000001f604fef360 Exception <a 'java/lang/NoSuchMethodError'{0x00000000845036f0}: static Lorg/jetbrains/kotlin/gradle/plugin/internal/DefaultIdeaSyncDetectorVariantFactory;.<clinit>()V> (0x00000000845036f0) 
thrown [s\src\hotspot\share\prims\jni.cpp, line 1112]
Event: 7.647 Thread 0x000001f604fef360 Exception <a 'java/lang/NoSuchMethodError'{0x0000000084521648}: static Lorg/jetbrains/kotlin/gradle/plugin/internal/DefaultKotlinTestReportCompatibilityHelperVariantFactory;.<clinit>()V> (0x0000000084521648) 
thrown [s\src\hotspot\share\prims\jni.cpp, line 1112]
Event: 7.648 Thread 0x000001f604fef360 Exception <a 'java/lang/NoSuchMethodError'{0x000000008453d4b0}: static Lorg/jetbrains/kotlin/gradle/plugin/internal/DefaultMppTestReportHelperVariantFactory;.<clinit>()V> (0x000000008453d4b0) 
thrown [s\src\hotspot\share\prims\jni.cpp, line 1112]
Event: 7.649 Thread 0x000001f604fef360 Exception <a 'java/lang/NoSuchMethodError'{0x0000000084561d68}: static Lorg/jetbrains/kotlin/gradle/plugin/internal/DefaultConfigurationCacheStartParameterAccessorVariantFactory;.<clinit>()V> (0x0000000084561d68) 
thrown [s\src\hotspot\share\prims\jni.cpp, line 1112]
Event: 7.651 Thread 0x000001f604fef360 Exception <a 'java/lang/NoSuchMethodError'{0x000000008457e850}: static Lorg/jetbrains/kotlin/gradle/plugin/internal/MavenPluginConfigurator$DefaultMavenPluginConfiguratorVariantFactory;.<clinit>()V> (0x000000008457e850) 
thrown [s\src\hotspot\share\prims\jni.cpp, line 1112]
Event: 7.652 Thread 0x000001f604fef360 Exception <a 'java/lang/NoSuchMethodError'{0x0000000084599a90}: static Lorg/jetbrains/kotlin/gradle/targets/js/nodejs/DefaultUnameExecutorVariantFactory;.<clinit>()V> (0x0000000084599a90) 
thrown [s\src\hotspot\share\prims\jni.cpp, line 1112]
Event: 7.656 Thread 0x000001f604fef360 Exception <a 'java/lang/NoSuchMethodError'{0x00000000845b5498}: static Lorg/jetbrains/kotlin/gradle/plugin/internal/DefaultBasePluginConfigurationVariantFactory;.<clinit>()V> (0x00000000845b5498) 
thrown [s\src\hotspot\share\prims\jni.cpp, line 1112]
Event: 7.658 Thread 0x000001f604fef360 Exception <a 'java/lang/NoSuchMethodError'{0x00000000845d3078}: 'void java.lang.invoke.DirectMethodHandle$Holder.invokeSpecial(java.lang.Object, java.lang.Object, java.lang.Object, int)'> (0x00000000845d3078) 
thrown [s\src\hotspot\share\interpreter\linkResolver.cpp, line 759]
Event: 7.693 Thread 0x000001f604fef360 Exception <a 'java/lang/IncompatibleClassChangeError'{0x0000000084395a40}: Found class java.lang.Object, but interface was expected> (0x0000000084395a40) 
thrown [s\src\hotspot\share\interpreter\linkResolver.cpp, line 826]
Event: 7.978 Thread 0x000001f604fef360 Implicit null exception at 0x000001f62f136668 to 0x000001f62f1383bc

VM Operations (20 events):
Event: 7.175 Executing VM operation: HandshakeAllThreads
Event: 7.175 Executing VM operation: HandshakeAllThreads done
Event: 7.257 Executing VM operation: ICBufferFull
Event: 7.257 Executing VM operation: ICBufferFull done
Event: 7.393 Executing VM operation: G1CollectForAllocation
Event: 7.397 Executing VM operation: G1CollectForAllocation done
Event: 7.550 Executing VM operation: ICBufferFull
Event: 7.550 Executing VM operation: ICBufferFull done
Event: 7.585 Executing VM operation: HandshakeAllThreads
Event: 7.585 Executing VM operation: HandshakeAllThreads done
Event: 7.883 Executing VM operation: G1TryInitiateConcMark
Event: 7.888 Executing VM operation: G1TryInitiateConcMark done
Event: 7.912 Executing VM operation: G1TryInitiateConcMark
Event: 7.915 Executing VM operation: G1TryInitiateConcMark done
Event: 7.956 Executing VM operation: G1PauseRemark
Event: 7.959 Executing VM operation: G1PauseRemark done
Event: 7.959 Executing VM operation: G1PauseCleanup
Event: 7.959 Executing VM operation: G1PauseCleanup done
Event: 8.277 Executing VM operation: G1CollectForAllocation
Event: 8.279 Executing VM operation: G1CollectForAllocation done

Memory protections (0 events):
No events

Nmethod flushes (20 events):
Event: 7.076 Thread 0x000001f63d655800 flushing  nmethod 0x000001f627b5dc90
Event: 7.076 Thread 0x000001f63d655800 flushing  nmethod 0x000001f627b66090
Event: 7.076 Thread 0x000001f63d655800 flushing  nmethod 0x000001f627b88610
Event: 7.076 Thread 0x000001f63d655800 flushing  nmethod 0x000001f627b93490
Event: 7.076 Thread 0x000001f63d655800 flushing  nmethod 0x000001f627b94190
Event: 7.076 Thread 0x000001f63d655800 flushing  nmethod 0x000001f627b94f90
Event: 7.076 Thread 0x000001f63d655800 flushing  nmethod 0x000001f627b95610
Event: 7.076 Thread 0x000001f63d655800 flushing  nmethod 0x000001f627b95b10
Event: 7.076 Thread 0x000001f63d655800 flushing  nmethod 0x000001f627b99490
Event: 7.076 Thread 0x000001f63d655800 flushing  nmethod 0x000001f627ba0110
Event: 7.077 Thread 0x000001f63d655800 flushing  nmethod 0x000001f627bd1990
Event: 7.077 Thread 0x000001f63d655800 flushing  nmethod 0x000001f627bd2490
Event: 7.077 Thread 0x000001f63d655800 flushing  nmethod 0x000001f627c2ae90
Event: 7.077 Thread 0x000001f63d655800 flushing  nmethod 0x000001f627c9e110
Event: 7.077 Thread 0x000001f63d655800 flushing  nmethod 0x000001f627ca4610
Event: 7.077 Thread 0x000001f63d655800 flushing  nmethod 0x000001f627ca4a10
Event: 7.077 Thread 0x000001f63d655800 flushing  nmethod 0x000001f627ca5310
Event: 7.077 Thread 0x000001f63d655800 flushing  nmethod 0x000001f627ca6490
Event: 7.077 Thread 0x000001f63d655800 flushing  nmethod 0x000001f627ca6990
Event: 7.077 Thread 0x000001f63d655800 flushing  nmethod 0x000001f627ce5110

Events (20 events):
Event: 4.168 Thread 0x000001f604fef360 Thread added: 0x000001f6060084e0
Event: 4.201 Thread 0x000001f604fef360 Thread added: 0x000001f6060089f0
Event: 4.321 Thread 0x000001f604fef360 Thread added: 0x000001f60600a850
Event: 4.428 Thread 0x000001f604fef360 Thread added: 0x000001f606009e30
Event: 6.128 Thread 0x000001f605006db0 Thread exited: 0x000001f605006db0
Event: 6.743 Thread 0x000001f63d651250 Thread added: 0x000001f6053cb490
Event: 6.912 Thread 0x000001f6053cb490 Thread exited: 0x000001f6053cb490
Event: 7.010 Thread 0x000001f63d651250 Thread added: 0x000001f63d760c70
Event: 7.143 Thread 0x000001f604fef360 Thread added: 0x000001f60600b780
Event: 7.143 Thread 0x000001f604fef360 Thread added: 0x000001f606009920
Event: 7.144 Thread 0x000001f604fef360 Thread added: 0x000001f60600bc90
Event: 7.208 Thread 0x000001f604fef360 Thread added: 0x000001f60600c1a0
Event: 7.209 Thread 0x000001f604fef360 Thread added: 0x000001f60600c6b0
Event: 7.211 Thread 0x000001f604fef360 Thread added: 0x000001f606008f00
Event: 7.331 Thread 0x000001f604fef360 Thread added: 0x000001f60600cbc0
Event: 7.331 Thread 0x000001f604fef360 Thread added: 0x000001f60600ea20
Event: 7.332 Thread 0x000001f604fef360 Thread added: 0x000001f60600e510
Event: 7.812 Thread 0x000001f604fef360 Thread added: 0x000001f60600f950
Event: 7.934 Thread 0x000001f63d760c70 Thread exited: 0x000001f63d760c70
Event: 8.200 Thread 0x000001f63d651250 Thread added: 0x000001f606bf70b0


Dynamic libraries:
0x00007ff6a7780000 - 0x00007ff6a778e000 	C:\Program Files\Eclipse Adoptium\jdk-17.0.18.8-hotspot\bin\java.exe
0x00007ffd5a340000 - 0x00007ffd5a5a7000 	C:\WINDOWS\SYSTEM32\ntdll.dll
0x00007ffd59620000 - 0x00007ffd596e9000 	C:\WINDOWS\System32\KERNEL32.DLL
0x00007ffd56c20000 - 0x00007ffd57011000 	C:\WINDOWS\System32\KERNELBASE.dll
0x00007ffd571a0000 - 0x00007ffd572eb000 	C:\WINDOWS\System32\ucrtbase.dll
0x00007ffd4eaa0000 - 0x00007ffd4eab8000 	C:\Program Files\Eclipse Adoptium\jdk-17.0.18.8-hotspot\bin\jli.dll
0x00007ffd4eb30000 - 0x00007ffd4eb4e000 	C:\Program Files\Eclipse Adoptium\jdk-17.0.18.8-hotspot\bin\VCRUNTIME140.dll
0x00007ffd593c0000 - 0x00007ffd59585000 	C:\WINDOWS\System32\USER32.dll
0x00007ffd572f0000 - 0x00007ffd57317000 	C:\WINDOWS\System32\win32u.dll
0x00007ffd59db0000 - 0x00007ffd59ddb000 	C:\WINDOWS\System32\GDI32.dll
0x00007ffd57cd0000 - 0x00007ffd57dfb000 	C:\WINDOWS\System32\gdi32full.dll
0x00007ffd43610000 - 0x00007ffd438a3000 	C:\WINDOWS\WinSxS\amd64_microsoft.windows.common-controls_6595b64144ccf1df_6.0.26100.8037_none_3e092faae333b53b\COMCTL32.dll
0x00007ffd57ec0000 - 0x00007ffd57f63000 	C:\WINDOWS\System32\msvcp_win.dll
0x00007ffd59200000 - 0x00007ffd592a9000 	C:\WINDOWS\System32\msvcrt.dll
0x00007ffd58ed0000 - 0x00007ffd58f01000 	C:\WINDOWS\System32\IMM32.DLL
0x00007ffd544d0000 - 0x00007ffd544dc000 	C:\Program Files\Eclipse Adoptium\jdk-17.0.18.8-hotspot\bin\vcruntime140_1.dll
0x00007ffd41bc0000 - 0x00007ffd41c4d000 	C:\Program Files\Eclipse Adoptium\jdk-17.0.18.8-hotspot\bin\msvcp140.dll
0x00007ffcdfbf0000 - 0x00007ffce085b000 	C:\Program Files\Eclipse Adoptium\jdk-17.0.18.8-hotspot\bin\server\jvm.dll
0x00007ffd58f90000 - 0x00007ffd5904b000 	C:\WINDOWS\System32\ADVAPI32.dll
0x00007ffd59cb0000 - 0x00007ffd59d57000 	C:\WINDOWS\System32\sechost.dll
0x00007ffd59870000 - 0x00007ffd59988000 	C:\WINDOWS\System32\RPCRT4.dll
0x00007ffd58f10000 - 0x00007ffd58f84000 	C:\WINDOWS\System32\WS2_32.dll
0x00007ffd56a80000 - 0x00007ffd56ade000 	C:\WINDOWS\SYSTEM32\POWRPROF.dll
0x00007ffd51500000 - 0x00007ffd5150b000 	C:\WINDOWS\SYSTEM32\VERSION.dll
0x00007ffd4a360000 - 0x00007ffd4a395000 	C:\WINDOWS\SYSTEM32\WINMM.dll
0x00007ffd56a60000 - 0x00007ffd56a74000 	C:\WINDOWS\SYSTEM32\UMPDC.dll
0x00007ffd55970000 - 0x00007ffd5598b000 	C:\WINDOWS\SYSTEM32\kernel.appcore.dll
0x00007ffd54480000 - 0x00007ffd5448a000 	C:\Program Files\Eclipse Adoptium\jdk-17.0.18.8-hotspot\bin\jimage.dll
0x00007ffd460f0000 - 0x00007ffd46332000 	C:\WINDOWS\SYSTEM32\DBGHELP.DLL
0x00007ffd58a60000 - 0x00007ffd58de2000 	C:\WINDOWS\System32\combase.dll
0x00007ffd58df0000 - 0x00007ffd58ec7000 	C:\WINDOWS\System32\OLEAUT32.dll
0x00007ffd3f950000 - 0x00007ffd3f98b000 	C:\WINDOWS\SYSTEM32\dbgcore.DLL
0x00007ffd57b90000 - 0x00007ffd57c35000 	C:\WINDOWS\System32\bcryptPrimitives.dll
0x00007ffd48850000 - 0x00007ffd4885e000 	C:\Program Files\Eclipse Adoptium\jdk-17.0.18.8-hotspot\bin\instrument.dll
0x00007ffd489b0000 - 0x00007ffd489d5000 	C:\Program Files\Eclipse Adoptium\jdk-17.0.18.8-hotspot\bin\java.dll
0x00007ffd3b610000 - 0x00007ffd3b6e7000 	C:\Program Files\Eclipse Adoptium\jdk-17.0.18.8-hotspot\bin\jsvml.dll
0x00007ffd580f0000 - 0x00007ffd5884f000 	C:\WINDOWS\System32\SHELL32.dll
0x00007ffd57f70000 - 0x00007ffd580da000 	C:\WINDOWS\System32\wintypes.dll
0x00007ffd57320000 - 0x00007ffd57b84000 	C:\WINDOWS\System32\windows.storage.dll
0x00007ffd59a50000 - 0x00007ffd59b47000 	C:\WINDOWS\System32\SHCORE.dll
0x00007ffd592b0000 - 0x00007ffd59317000 	C:\WINDOWS\System32\shlwapi.dll
0x00007ffd56b40000 - 0x00007ffd56b69000 	C:\WINDOWS\SYSTEM32\profapi.dll
0x00007ffd48870000 - 0x00007ffd48888000 	C:\Program Files\Eclipse Adoptium\jdk-17.0.18.8-hotspot\bin\zip.dll
0x00007ffd4e850000 - 0x00007ffd4e86a000 	C:\Program Files\Eclipse Adoptium\jdk-17.0.18.8-hotspot\bin\net.dll
0x00007ffd511d0000 - 0x00007ffd512f7000 	C:\WINDOWS\SYSTEM32\WINHTTP.dll
0x00007ffd55ec0000 - 0x00007ffd55f2b000 	C:\WINDOWS\system32\mswsock.dll
0x00007ffd49f10000 - 0x00007ffd49f26000 	C:\Program Files\Eclipse Adoptium\jdk-17.0.18.8-hotspot\bin\nio.dll
0x00007ffd4ea10000 - 0x00007ffd4ea20000 	C:\Program Files\Eclipse Adoptium\jdk-17.0.18.8-hotspot\bin\verify.dll
0x00007ffd487c0000 - 0x00007ffd487e7000 	C:\Users\spere\.gradle\native\c067742578af261105cb4f569cf0c3c89f3d7b1fecec35dd04571415982c5e48\windows-amd64\native-platform.dll
0x00007ffcfcac0000 - 0x00007ffcfcc04000 	C:\Users\spere\.gradle\native\100fb08df4bc3b14c8652ba06237920a3bd2aa13389f12d3474272988ae205f9\windows-amd64\native-platform-file-events.dll
0x00007ffd49340000 - 0x00007ffd4934a000 	C:\Program Files\Eclipse Adoptium\jdk-17.0.18.8-hotspot\bin\management.dll
0x00007ffd48860000 - 0x00007ffd4886c000 	C:\Program Files\Eclipse Adoptium\jdk-17.0.18.8-hotspot\bin\management_ext.dll
0x00007ffd59de0000 - 0x00007ffd59de8000 	C:\WINDOWS\System32\PSAPI.DLL
0x00007ffd562c0000 - 0x00007ffd562db000 	C:\WINDOWS\SYSTEM32\CRYPTSP.dll
0x00007ffd558d0000 - 0x00007ffd55909000 	C:\WINDOWS\system32\rsaenh.dll
0x00007ffd55f70000 - 0x00007ffd55fa2000 	C:\WINDOWS\SYSTEM32\USERENV.dll
0x00007ffd56b10000 - 0x00007ffd56b3a000 	C:\WINDOWS\SYSTEM32\bcrypt.dll
0x00007ffd56120000 - 0x00007ffd5612c000 	C:\WINDOWS\SYSTEM32\CRYPTBASE.dll
0x00007ffd55280000 - 0x00007ffd552b3000 	C:\WINDOWS\SYSTEM32\IPHLPAPI.DLL
0x00007ffd591f0000 - 0x00007ffd591fa000 	C:\WINDOWS\System32\NSI.dll
0x00007ffd51540000 - 0x00007ffd5155d000 	C:\WINDOWS\SYSTEM32\dhcpcsvc6.DLL
0x00007ffd51510000 - 0x00007ffd51533000 	C:\WINDOWS\SYSTEM32\dhcpcsvc.DLL
0x00007ffd553f0000 - 0x00007ffd5551a000 	C:\WINDOWS\SYSTEM32\DNSAPI.dll
0x00007ffd487b0000 - 0x00007ffd487b9000 	C:\Program Files\Eclipse Adoptium\jdk-17.0.18.8-hotspot\bin\extnet.dll
0x00007ffd487a0000 - 0x00007ffd487ae000 	C:\Program Files\Eclipse Adoptium\jdk-17.0.18.8-hotspot\bin\sunmscapi.dll
0x00007ffd57020000 - 0x00007ffd57197000 	C:\WINDOWS\System32\CRYPT32.dll
0x00007ffd56420000 - 0x00007ffd56450000 	C:\WINDOWS\SYSTEM32\ncrypt.dll
0x00007ffd563d0000 - 0x00007ffd5640f000 	C:\WINDOWS\SYSTEM32\NTASN1.dll
0x00007ffd48790000 - 0x00007ffd48798000 	C:\WINDOWS\system32\wshunix.dll

dbghelp: loaded successfully - version: 4.0.5 - missing functions: none
symbol engine: initialized successfully - sym options: 0x614 - pdb path: .;C:\Program Files\Eclipse Adoptium\jdk-17.0.18.8-hotspot\bin;C:\WINDOWS\SYSTEM32;C:\WINDOWS\WinSxS\amd64_microsoft.windows.common-controls_6595b64144ccf1df_6.0.26100.8037_none_3e092faae333b53b;C:\Program Files\Eclipse Adoptium\jdk-17.0.18.8-hotspot\bin\server;C:\Users\spere\.gradle\native\c067742578af261105cb4f569cf0c3c89f3d7b1fecec35dd04571415982c5e48\windows-amd64;C:\Users\spere\.gradle\native\100fb08df4bc3b14c8652ba06237920a3bd2aa13389f12d3474272988ae205f9\windows-amd64

VM Arguments:
jvm_args: --add-opens=java.base/java.util=ALL-UNNAMED --add-opens=java.base/java.lang=ALL-UNNAMED --add-opens=java.base/java.lang.invoke=ALL-UNNAMED --add-opens=java.prefs/java.util.prefs=ALL-UNNAMED --add-exports=jdk.compiler/com.sun.tools.javac.api=ALL-UNNAMED --add-exports=jdk.compiler/com.sun.tools.javac.util=ALL-UNNAMED --add-opens=java.base/java.nio.charset=ALL-UNNAMED --add-opens=java.base/java.net=ALL-UNNAMED --add-opens=java.base/java.util.concurrent.atomic=ALL-UNNAMED -Xmx2048m -Dfile.encoding=windows-1252 -Duser.country=ES -Duser.language=es -Duser.variant -javaagent:C:\Users\spere\.gradle\wrapper\dists\gradle-8.10.2-bin\a04bxjujx95o3nb99gddekhwo\gradle-8.10.2\lib\agents\gradle-instrumentation-agent-8.10.2.jar 
java_command: org.gradle.launcher.daemon.bootstrap.GradleDaemon 8.10.2
java_class_path (initial): C:\Users\spere\.gradle\wrapper\dists\gradle-8.10.2-bin\a04bxjujx95o3nb99gddekhwo\gradle-8.10.2\lib\gradle-daemon-main-8.10.2.jar
Launcher Type: SUN_STANDARD

[Global flags]
     intx CICompilerCount                          = 3                                         {product} {ergonomic}
     uint ConcGCThreads                            = 1                                         {product} {ergonomic}
     uint G1ConcRefinementThreads                  = 4                                         {product} {ergonomic}
   size_t G1HeapRegionSize                         = 1048576                                   {product} {ergonomic}
    uintx GCDrainStackTargetSize                   = 64                                        {product} {ergonomic}
   size_t InitialHeapSize                          = 268435456                                 {product} {ergonomic}
   size_t MarkStackSize                            = 4194304                                   {product} {ergonomic}
   size_t MaxHeapSize                              = 2147483648                                {product} {command line}
   size_t MaxNewSize                               = 1287651328                                {product} {ergonomic}
   size_t MinHeapDeltaBytes                        = 1048576                                   {product} {ergonomic}
   size_t MinHeapSize                              = 8388608                                   {product} {ergonomic}
    uintx NonNMethodCodeHeapSize                   = 5832780                                {pd product} {ergonomic}
    uintx NonProfiledCodeHeapSize                  = 122912730                              {pd product} {ergonomic}
    uintx ProfiledCodeHeapSize                     = 122912730                              {pd product} {ergonomic}
    uintx ReservedCodeCacheSize                    = 251658240                              {pd product} {ergonomic}
     bool SegmentedCodeCache                       = true                                      {product} {ergonomic}
   size_t SoftMaxHeapSize                          = 2147483648                             {manageable} {ergonomic}
     bool UseCompressedClassPointers               = true                           {product lp64_product} {ergonomic}
     bool UseCompressedOops                        = true                           {product lp64_product} {ergonomic}
     bool UseG1GC                                  = true                                      {product} {ergonomic}
     bool UseLargePagesIndividualAllocation        = false                                  {pd product} {ergonomic}

Logging:
Log output configuration:
 #0: stdout all=warning uptime,level,tags
 #1: stderr all=off uptime,level,tags

Environment Variables:
JAVA_HOME=C:\Program Files\Eclipse Adoptium\jdk-17.0.18.8-hotspot\
PATH=C:\Users\spere\AppData\Roaming\npm;C:\Users\spere\android-game-perf-tool-desktop\node_modules\.bin;C:\Users\spere\node_modules\.bin;C:\Users\node_modules\.bin;C:\node_modules\.bin;C:\Program Files\nodejs\node_modules\npm\node_modules\@npmcli\run-script\lib\node-gyp-bin;C:\Program Files\Eclipse Adoptium\jdk-17.0.18.8-hotspot\bin;C:\WINDOWS\system32;C:\WINDOWS;C:\WINDOWS\System32\Wbem;C:\WINDOWS\System32\WindowsPowerShell\v1.0\;C:\WINDOWS\System32\OpenSSH\;C:\Program Files\nodejs\;C:\Program Files\Git\cmd;C:\Program Files\dotnet\;C:\Program Files\GitHub CLI\;C:\Program Files\Docker\Docker\resources\bin;C:\Program Files\Google\Chrome\Application;C:\WINDOWS\system32;C:\WINDOWS;C:\WINDOWS\System32\Wbem;C:\WINDOWS\System32\WindowsPowerShell\v1.0\;C:\WINDOWS\System32\OpenSSH\;C:\Users\spere\AppData\Local\Microsoft\WindowsApps;;;C:\Program Files\nodejs;C:\Users\spere\AppData\Roaming\npm;C:\Users\spere\AppData\Local\Microsoft\WinGet\Packages\Hawaii_Beach.TinyNvidiaUpdateChecker_Microsoft.Winget.Source_8wekyb3d8bbwe;;C:\Users\spere\platform-tools;C:\Users\spere\AppData\Local\Microsoft\WinGet\Packages\DenoLand.Deno_Microsoft.Winget.Source_8wekyb3d8bbwe;C:\Users\spere\AppData\Local\Microsoft\WinGet\Packages\yt-dlp.FFmpeg_Microsoft.Winget.Source_8wekyb3d8bbwe\ffmpeg-N-123778-g3b55818764-win64-gpl\bin;C:\Users\spere\AppData\Local\Microsoft\WinGet\Packages\yt-dlp.yt-dlp_Microsoft.Winget.Source_8wekyb3d8bbwe;C:\Users\spere\AppData\Local\Microsoft\WinGet\Packages\Ngrok.Ngrok_Microsoft.Winget.Source_8wekyb3d8bbwe;C:\Users\spere\AppData\Local\Microsoft\WinGet\Packages\Cloudflare.cloudflared_Microsoft.Winget.Source_8wekyb3d8bbwe;;C:\Program Files\nodejs;$env:APPDATA\npm
USERNAME=spere
LANG=en_US.UTF-8
OS=Windows_NT
PROCESSOR_IDENTIFIER=Intel64 Family 6 Model 158 Stepping 9, GenuineIntel
TMP=C:\Users\spere\AppData\Local\Temp
TEMP=C:\Users\spere\AppData\Local\Temp



Periodic native trim disabled


---------------  S Y S T E M  ---------------

OS:
 Windows 11 , 64 bit Build 26100 (10.0.26100.7920)
OS uptime: 0 days 7:49 hours
Hyper-V role detected

CPU: total 4 (initial active 4) (4 cores per cpu, 1 threads per core) family 6 model 158 stepping 9 microcode 0xde, cx8, cmov, fxsr, mmx, 3dnowpref, sse, sse2, sse3, ssse3, sse4.1, sse4.2, popcnt, lzcnt, tsc, tscinvbit, avx, avx2, aes, erms, clmul, bmi1, bmi2, rtm, adx, fma, vzeroupper, clflush, clflushopt, hv
Processor Information for all 4 processors :
  Max Mhz: 3792, Current Mhz: 3792, Mhz Limit: 3792

Memory: 4k page, system-wide physical 16348M (589M free)
TotalPageFile size 20444M (AvailPageFile size 0M)
current process WorkingSet (physical memory assigned to process): 260M, peak: 322M
current process commit charge ("private bytes"): 290M, peak: 437M

vm_info: OpenJDK 64-Bit Server VM (17.0.18+8) for windows-amd64 JRE (17.0.18+8), built on Jan 20 2026 22:28:22 by "admin" with MS VC++ 17.12 (VS2022)

END.
