#
# There is insufficient memory for the Java Runtime Environment to continue.
# Native memory allocation (mmap) failed to map 33554432 bytes. Error detail: G1 virtual space
# Possible reasons:
#   The system is out of physical RAM or swap space
#   This process is running with CompressedOops enabled, and the Java Heap may be blocking the growth of the native heap
# Possible solutions:
#   Reduce memory load on the system
#   Increase physical memory or swap space
#   Check if swap backing store is full
#   Decrease Java heap size (-Xmx/-Xms)
#   Decrease number of Java threads
#   Decrease Java thread stack sizes (-Xss)
#   Set larger code cache with -XX:ReservedCodeCacheSize=
#   JVM is running with Zero Based Compressed Oops mode in which the Java heap is
#     placed in the first 32GB address space. The Java Heap base address is the
#     maximum limit for the native heap growth. Please use -XX:HeapBaseMinAddress
#     to set the Java Heap base and to place the Java Heap above 32GB virtual address.
# This output file may be truncated or incomplete.
#
#  Out of Memory Error (os_windows.cpp:3618), pid=13756, tid=1392
#
# JRE version: OpenJDK Runtime Environment Temurin-17.0.18+8 (17.0.18+8) (build 17.0.18+8)
# Java VM: OpenJDK 64-Bit Server VM Temurin-17.0.18+8 (17.0.18+8, mixed mode, sharing, tiered, compressed oops, compressed class ptrs, g1 gc, windows-amd64)
# No core dump will be written. Minidumps are not enabled by default on client versions of Windows
#

---------------  S U M M A R Y ------------

Command Line: org.jetbrains.kotlin.cli.jvm.K2JVMCompiler @C:\Users\spere\android-game-perf-tool-desktop\build\20260415_2769675481629688629.compiler.options

Host: Intel(R) Core(TM) i5-7600K CPU @ 3.80GHz, 4 cores, 15G,  Windows 11 , 64 bit Build 26100 (10.0.26100.7920)
Time: Wed Apr 15 16:04:34 2026 Hora de verano romance elapsed time: 18.329362 seconds (0d 0h 0m 18s)

---------------  T H R E A D  ---------------

Current thread (0x000001eac2f9dcf0):  VMThread "VM Thread" [stack: 0x0000000569c00000,0x0000000569d00000] [id=1392]

Stack: [0x0000000569c00000,0x0000000569d00000]
Native frames: (J=compiled Java code, j=interpreted, Vv=VM code, C=native code)
V  [jvm.dll+0x6846f9]
V  [jvm.dll+0x839ea5]
V  [jvm.dll+0x83b91e]
V  [jvm.dll+0x83bfa3]
V  [jvm.dll+0x248eff]
V  [jvm.dll+0x6814b9]
V  [jvm.dll+0x6762ba]
V  [jvm.dll+0x309257]
V  [jvm.dll+0x310826]
V  [jvm.dll+0x360d9e]
V  [jvm.dll+0x360fdd]
V  [jvm.dll+0x2e02dc]
V  [jvm.dll+0x2de6b2]
V  [jvm.dll+0x2dde4c]
V  [jvm.dll+0x320aeb]
V  [jvm.dll+0x8407bd]
V  [jvm.dll+0x8414f3]
V  [jvm.dll+0x841a1f]
V  [jvm.dll+0x841e05]
V  [jvm.dll+0x841ece]
V  [jvm.dll+0x7eaaec]
V  [jvm.dll+0x6835c7]
C  [ucrtbase.dll+0x37b0]
C  [KERNEL32.DLL+0x2e8d7]
C  [ntdll.dll+0x8c48c]

VM_Operation (0x00000005696fa2e0): G1CollectForAllocation, mode: safepoint, requested by thread 0x000001ea9e5ee9b0


---------------  P R O C E S S  ---------------

Threads class SMR info:
_java_thread_list=0x000001eb13316090, length=13, elements={
0x000001ea9e5ee9b0, 0x000001eac2fa2530, 0x000001eac2fa3c60, 0x000001eac2fbe210,
0x000001eb081360a0, 0x000001eb08136670, 0x000001eb08137030, 0x000001eb08138de0,
0x000001eb08148440, 0x000001eb08148e40, 0x000001eb08281210, 0x000001eb08289b70,
0x000001eb131e2e50
}

Java Threads: ( => current thread )
  0x000001ea9e5ee9b0 JavaThread "main" [_thread_blocked, id=16636, stack(0x0000000569600000,0x0000000569700000)]
  0x000001eac2fa2530 JavaThread "Reference Handler" daemon [_thread_blocked, id=15792, stack(0x0000000569d00000,0x0000000569e00000)]
  0x000001eac2fa3c60 JavaThread "Finalizer" daemon [_thread_blocked, id=14900, stack(0x0000000569e00000,0x0000000569f00000)]
  0x000001eac2fbe210 JavaThread "Signal Dispatcher" daemon [_thread_blocked, id=3968, stack(0x0000000569f00000,0x000000056a000000)]
  0x000001eb081360a0 JavaThread "Attach Listener" daemon [_thread_blocked, id=11560, stack(0x000000056a000000,0x000000056a100000)]
  0x000001eb08136670 JavaThread "Service Thread" daemon [_thread_blocked, id=15216, stack(0x000000056a100000,0x000000056a200000)]
  0x000001eb08137030 JavaThread "Monitor Deflation Thread" daemon [_thread_blocked, id=12488, stack(0x000000056a200000,0x000000056a300000)]
  0x000001eb08138de0 JavaThread "C2 CompilerThread0" daemon [_thread_blocked, id=7184, stack(0x000000056a300000,0x000000056a400000)]
  0x000001eb08148440 JavaThread "C1 CompilerThread0" daemon [_thread_blocked, id=15236, stack(0x000000056a400000,0x000000056a500000)]
  0x000001eb08148e40 JavaThread "Sweeper thread" daemon [_thread_blocked, id=5768, stack(0x000000056a500000,0x000000056a600000)]
  0x000001eb08281210 JavaThread "Notification Thread" daemon [_thread_blocked, id=10868, stack(0x000000056a600000,0x000000056a700000)]
  0x000001eb08289b70 JavaThread "Common-Cleaner" daemon [_thread_blocked, id=8152, stack(0x000000056a800000,0x000000056a900000)]
  0x000001eb131e2e50 JavaThread "C2 CompilerThread1" daemon [_thread_blocked, id=19000, stack(0x000000056aa00000,0x000000056ab00000)]

Other Threads:
=>0x000001eac2f9dcf0 VMThread "VM Thread" [stack: 0x0000000569c00000,0x0000000569d00000] [id=1392]
  0x000001eb082816f0 WatcherThread [stack: 0x000000056a700000,0x000000056a800000] [id=1460]
  0x000001ea9ead9110 GCTaskThread "GC Thread#0" [stack: 0x0000000569700000,0x0000000569800000] [id=13256]
  0x000001eb0861a200 GCTaskThread "GC Thread#1" [stack: 0x000000056ab00000,0x000000056ac00000] [id=16608]
  0x000001eb08622460 GCTaskThread "GC Thread#2" [stack: 0x000000056ac00000,0x000000056ad00000] [id=19160]
  0x000001eb08622720 GCTaskThread "GC Thread#3" [stack: 0x000000056ad00000,0x000000056ae00000] [id=10768]
  0x000001ea9eae9fe0 ConcurrentGCThread "G1 Main Marker" [stack: 0x0000000569800000,0x0000000569900000] [id=18496]
  0x000001ea9eaeb6d0 ConcurrentGCThread "G1 Conc#0" [stack: 0x0000000569900000,0x0000000569a00000] [id=5228]
  0x000001ea9eb1ec40 ConcurrentGCThread "G1 Refine#0" [stack: 0x0000000569a00000,0x0000000569b00000] [id=19184]
  0x000001eb13951d60 ConcurrentGCThread "G1 Refine#1" [stack: 0x000000056ae00000,0x000000056af00000] [id=15816]
  0x000001eac2e4ec70 ConcurrentGCThread "G1 Service" [stack: 0x0000000569b00000,0x0000000569c00000] [id=12744]

Threads with active compile tasks:
C2 CompilerThread0  18353 13286       4       org.jetbrains.kotlin.com.intellij.openapi.util.text.StringUtil::getLineBreakCount (89 bytes)
C2 CompilerThread1  18353 13202       4       org.jetbrains.kotlin.resolve.calls.components.ResolutionPartsKt::resolveKotlinArgument (572 bytes)

VM state: at safepoint (normal execution)

VM Mutex/Monitor currently owned by a thread:  ([mutex/lock_event])
[0x000001ea9e5ecf00] Threads_lock - owner thread: 0x000001eac2f9dcf0
[0x000001ea9e5ed6e0] Heap_lock - owner thread: 0x000001ea9e5ee9b0

Heap address: 0x0000000700800000, size: 4088 MB, Compressed Oops mode: Zero based, Oop shift amount: 3

CDS archive(s) mapped at: [0x000001eac3000000-0x000001eac3bb0000-0x000001eac3bb0000), size 12255232, SharedBaseAddress: 0x000001eac3000000, ArchiveRelocationMode: 1.
Compressed class space mapped at: 0x000001eac4000000-0x000001eb04000000, reserved size: 1073741824
Narrow klass base: 0x000001eac3000000, Narrow klass shift: 0, Narrow klass range: 0x100000000

GC Precious Log:
 CPUs: 4 total, 4 available
 Memory: 16348M
 Large Page Support: Disabled
 NUMA Support: Disabled
 Compressed Oops: Enabled (Zero based)
 Heap Region Size: 2M
 Heap Min Capacity: 8M
 Heap Initial Capacity: 256M
 Heap Max Capacity: 4088M
 Pre-touch: Disabled
 Parallel Workers: 4
 Concurrent Workers: 1
 Concurrent Refinement Workers: 4
 Periodic GC: Disabled

Heap:
 garbage-first heap   total 163840K, used 91261K [0x0000000700800000, 0x0000000800000000)
  region size 2048K, 3 young (6144K), 3 survivors (6144K)
 Metaspace       used 54946K, committed 55296K, reserved 1114112K
  class space    used 6024K, committed 6208K, reserved 1048576K

Heap Regions: E=young(eden), S=young(survivor), O=old, HS=humongous(starts), HC=humongous(continues), CS=collection set, F=free, OA=open archive, CA=closed archive, TAMS=top-at-mark-start (previous, next)
|   0|0x0000000700800000, 0x0000000700a00000, 0x0000000700a00000|100%|HS|  |TAMS 0x0000000700a00000, 0x0000000700800000| Complete 
|   1|0x0000000700a00000, 0x0000000700c00000, 0x0000000700c00000|100%|HC|  |TAMS 0x0000000700c00000, 0x0000000700a00000| Complete 
|   2|0x0000000700c00000, 0x0000000700e00000, 0x0000000700e00000|100%| O|  |TAMS 0x0000000700e00000, 0x0000000700c00000| Untracked 
|   3|0x0000000700e00000, 0x0000000701000000, 0x0000000701000000|100%| O|  |TAMS 0x0000000701000000, 0x0000000700e00000| Untracked 
|   4|0x0000000701000000, 0x0000000701200000, 0x0000000701200000|100%| O|  |TAMS 0x0000000701200000, 0x0000000701000000| Untracked 
|   5|0x0000000701200000, 0x0000000701400000, 0x0000000701400000|100%| O|  |TAMS 0x0000000701400000, 0x0000000701200000| Untracked 
|   6|0x0000000701400000, 0x0000000701600000, 0x0000000701600000|100%| O|  |TAMS 0x0000000701600000, 0x0000000701400000| Untracked 
|   7|0x0000000701600000, 0x0000000701800000, 0x0000000701800000|100%| O|  |TAMS 0x0000000701800000, 0x0000000701600000| Untracked 
|   8|0x0000000701800000, 0x0000000701a00000, 0x0000000701a00000|100%| O|  |TAMS 0x0000000701a00000, 0x0000000701800000| Untracked 
|   9|0x0000000701a00000, 0x0000000701c00000, 0x0000000701c00000|100%| O|  |TAMS 0x0000000701c00000, 0x0000000701a00000| Untracked 
|  10|0x0000000701c00000, 0x0000000701e00000, 0x0000000701e00000|100%|HS|  |TAMS 0x0000000701e00000, 0x0000000701c00000| Complete 
|  11|0x0000000701e00000, 0x0000000702000000, 0x0000000702000000|100%| O|  |TAMS 0x0000000702000000, 0x0000000701e00000| Untracked 
|  12|0x0000000702000000, 0x0000000702200000, 0x0000000702200000|100%| O|  |TAMS 0x0000000702200000, 0x0000000702000000| Untracked 
|  13|0x0000000702200000, 0x0000000702400000, 0x0000000702400000|100%| O|  |TAMS 0x0000000702400000, 0x0000000702200000| Untracked 
|  14|0x0000000702400000, 0x0000000702600000, 0x0000000702600000|100%| O|  |TAMS 0x0000000702600000, 0x0000000702400000| Untracked 
|  15|0x0000000702600000, 0x0000000702800000, 0x0000000702800000|100%| O|  |TAMS 0x0000000702800000, 0x0000000702600000| Untracked 
|  16|0x0000000702800000, 0x0000000702a00000, 0x0000000702a00000|100%| O|  |TAMS 0x0000000702a00000, 0x0000000702800000| Untracked 
|  17|0x0000000702a00000, 0x0000000702c00000, 0x0000000702c00000|100%| O|  |TAMS 0x0000000702c00000, 0x0000000702a00000| Untracked 
|  18|0x0000000702c00000, 0x0000000702e00000, 0x0000000702e00000|100%| O|  |TAMS 0x0000000702e00000, 0x0000000702c00000| Untracked 
|  19|0x0000000702e00000, 0x0000000703000000, 0x0000000703000000|100%| O|  |TAMS 0x0000000703000000, 0x0000000702e00000| Untracked 
|  20|0x0000000703000000, 0x0000000703200000, 0x0000000703200000|100%| O|  |TAMS 0x0000000703200000, 0x0000000703000000| Untracked 
|  21|0x0000000703200000, 0x0000000703400000, 0x0000000703400000|100%| O|  |TAMS 0x0000000703400000, 0x0000000703200000| Untracked 
|  22|0x0000000703400000, 0x0000000703600000, 0x0000000703600000|100%|HS|  |TAMS 0x0000000703600000, 0x0000000703400000| Complete 
|  23|0x0000000703600000, 0x0000000703800000, 0x0000000703800000|100%| O|  |TAMS 0x0000000703800000, 0x0000000703600000| Untracked 
|  24|0x0000000703800000, 0x0000000703a00000, 0x0000000703a00000|100%| O|  |TAMS 0x0000000703a00000, 0x0000000703800000| Untracked 
|  25|0x0000000703a00000, 0x0000000703c00000, 0x0000000703c00000|100%| O|  |TAMS 0x0000000703c00000, 0x0000000703a00000| Untracked 
|  26|0x0000000703c00000, 0x0000000703e00000, 0x0000000703e00000|100%| O|  |TAMS 0x0000000703e00000, 0x0000000703c00000| Untracked 
|  27|0x0000000703e00000, 0x0000000704000000, 0x0000000704000000|100%| O|  |TAMS 0x0000000704000000, 0x0000000703e00000| Untracked 
|  28|0x0000000704000000, 0x0000000704200000, 0x0000000704200000|100%| O|  |TAMS 0x0000000704200000, 0x0000000704000000| Untracked 
|  29|0x0000000704200000, 0x0000000704400000, 0x0000000704400000|100%| O|  |TAMS 0x0000000704400000, 0x0000000704200000| Untracked 
|  30|0x0000000704400000, 0x0000000704600000, 0x0000000704600000|100%| O|  |TAMS 0x0000000704600000, 0x0000000704400000| Untracked 
|  31|0x0000000704600000, 0x0000000704800000, 0x0000000704800000|100%| O|  |TAMS 0x0000000704800000, 0x0000000704600000| Untracked 
|  32|0x0000000704800000, 0x0000000704a00000, 0x0000000704a00000|100%| O|  |TAMS 0x0000000704a00000, 0x0000000704800000| Untracked 
|  33|0x0000000704a00000, 0x0000000704c00000, 0x0000000704c00000|100%| O|  |TAMS 0x0000000704c00000, 0x0000000704a00000| Untracked 
|  34|0x0000000704c00000, 0x0000000704e00000, 0x0000000704e00000|100%| O|  |TAMS 0x0000000704e00000, 0x0000000704c00000| Untracked 
|  35|0x0000000704e00000, 0x0000000705000000, 0x0000000705000000|100%| O|  |TAMS 0x0000000705000000, 0x0000000704e00000| Untracked 
|  36|0x0000000705000000, 0x0000000705200000, 0x0000000705200000|100%| O|  |TAMS 0x0000000705200000, 0x0000000705000000| Untracked 
|  37|0x0000000705200000, 0x0000000705400000, 0x0000000705400000|100%| O|  |TAMS 0x0000000705400000, 0x0000000705200000| Untracked 
|  38|0x0000000705400000, 0x0000000705600000, 0x0000000705600000|100%| O|  |TAMS 0x0000000705600000, 0x0000000705400000| Untracked 
|  39|0x0000000705600000, 0x0000000705800000, 0x0000000705800000|100%| O|  |TAMS 0x0000000705790400, 0x0000000705600000| Untracked 
|  40|0x0000000705800000, 0x0000000705a00000, 0x0000000705a00000|100%| O|  |TAMS 0x0000000705800000, 0x0000000705800000| Untracked 
|  41|0x0000000705a00000, 0x0000000705c00000, 0x0000000705c00000|100%| O|  |TAMS 0x0000000705a00000, 0x0000000705a00000| Untracked 
|  42|0x0000000705c00000, 0x0000000705c4d200, 0x0000000705e00000| 15%| O|  |TAMS 0x0000000705c00000, 0x0000000705c00000| Untracked 
|  43|0x0000000705e00000, 0x0000000705e00000, 0x0000000706000000|  0%| F|  |TAMS 0x0000000705e00000, 0x0000000705e00000| Untracked 
|  44|0x0000000706000000, 0x0000000706000000, 0x0000000706200000|  0%| F|  |TAMS 0x0000000706000000, 0x0000000706000000| Untracked 
|  45|0x0000000706200000, 0x0000000706200000, 0x0000000706400000|  0%| F|  |TAMS 0x0000000706200000, 0x0000000706200000| Untracked 
|  46|0x0000000706400000, 0x0000000706400000, 0x0000000706600000|  0%| F|  |TAMS 0x0000000706400000, 0x0000000706400000| Untracked 
|  47|0x0000000706600000, 0x0000000706600000, 0x0000000706800000|  0%| F|  |TAMS 0x0000000706600000, 0x0000000706600000| Untracked 
|  48|0x0000000706800000, 0x0000000706800000, 0x0000000706a00000|  0%| F|  |TAMS 0x0000000706800000, 0x0000000706800000| Untracked 
|  49|0x0000000706a00000, 0x0000000706a00000, 0x0000000706c00000|  0%| F|  |TAMS 0x0000000706a00000, 0x0000000706a00000| Untracked 
|  50|0x0000000706c00000, 0x0000000706c00000, 0x0000000706e00000|  0%| F|  |TAMS 0x0000000706c00000, 0x0000000706c00000| Untracked 
|  51|0x0000000706e00000, 0x0000000706e00000, 0x0000000707000000|  0%| F|  |TAMS 0x0000000706e00000, 0x0000000706e00000| Untracked 
|  52|0x0000000707000000, 0x0000000707000000, 0x0000000707200000|  0%| F|  |TAMS 0x0000000707000000, 0x0000000707000000| Untracked 
|  53|0x0000000707200000, 0x0000000707200000, 0x0000000707400000|  0%| F|  |TAMS 0x0000000707200000, 0x0000000707200000| Untracked 
|  54|0x0000000707400000, 0x0000000707400000, 0x0000000707600000|  0%| F|  |TAMS 0x0000000707400000, 0x0000000707400000| Untracked 
|  55|0x0000000707600000, 0x0000000707600000, 0x0000000707800000|  0%| F|  |TAMS 0x0000000707600000, 0x0000000707600000| Untracked 
|  56|0x0000000707800000, 0x0000000707800000, 0x0000000707a00000|  0%| F|  |TAMS 0x0000000707800000, 0x0000000707800000| Untracked 
|  57|0x0000000707a00000, 0x0000000707a00000, 0x0000000707c00000|  0%| F|  |TAMS 0x0000000707a00000, 0x0000000707a00000| Untracked 
|  58|0x0000000707c00000, 0x0000000707c00000, 0x0000000707e00000|  0%| F|  |TAMS 0x0000000707c00000, 0x0000000707c00000| Untracked 
|  59|0x0000000707e00000, 0x0000000707e00000, 0x0000000708000000|  0%| F|  |TAMS 0x0000000707e00000, 0x0000000707e00000| Untracked 
|  60|0x0000000708000000, 0x0000000708000000, 0x0000000708200000|  0%| F|  |TAMS 0x0000000708000000, 0x0000000708000000| Untracked 
|  61|0x0000000708200000, 0x0000000708200000, 0x0000000708400000|  0%| F|  |TAMS 0x0000000708200000, 0x0000000708200000| Untracked 
|  62|0x0000000708400000, 0x00000007084d2468, 0x0000000708600000| 41%| S|CS|TAMS 0x0000000708400000, 0x0000000708400000| Complete 
|  63|0x0000000708600000, 0x0000000708800000, 0x0000000708800000|100%| S|CS|TAMS 0x0000000708600000, 0x0000000708600000| Complete 
|  64|0x0000000708800000, 0x0000000708a00000, 0x0000000708a00000|100%| S|CS|TAMS 0x0000000708800000, 0x0000000708800000| Complete 
|  65|0x0000000708a00000, 0x0000000708a00000, 0x0000000708c00000|  0%| F|  |TAMS 0x0000000708a00000, 0x0000000708a00000| Untracked 
|  66|0x0000000708c00000, 0x0000000708c00000, 0x0000000708e00000|  0%| F|  |TAMS 0x0000000708c00000, 0x0000000708c00000| Untracked 
|  67|0x0000000708e00000, 0x0000000708e00000, 0x0000000709000000|  0%| F|  |TAMS 0x0000000708e00000, 0x0000000708e00000| Untracked 
|  68|0x0000000709000000, 0x0000000709000000, 0x0000000709200000|  0%| F|  |TAMS 0x0000000709000000, 0x0000000709000000| Untracked 
|  69|0x0000000709200000, 0x0000000709200000, 0x0000000709400000|  0%| F|  |TAMS 0x0000000709200000, 0x0000000709200000| Untracked 
|  70|0x0000000709400000, 0x0000000709400000, 0x0000000709600000|  0%| F|  |TAMS 0x0000000709400000, 0x0000000709400000| Untracked 
|  71|0x0000000709600000, 0x0000000709600000, 0x0000000709800000|  0%| F|  |TAMS 0x0000000709600000, 0x0000000709600000| Untracked 
|  72|0x0000000709800000, 0x0000000709800000, 0x0000000709a00000|  0%| F|  |TAMS 0x0000000709800000, 0x0000000709800000| Untracked 
|  73|0x0000000709a00000, 0x0000000709a00000, 0x0000000709c00000|  0%| F|  |TAMS 0x0000000709a00000, 0x0000000709a00000| Untracked 
| 101|0x000000070d200000, 0x000000070d200000, 0x000000070d400000|  0%| F|  |TAMS 0x000000070d200000, 0x000000070d200000| Untracked 
| 102|0x000000070d400000, 0x000000070d400000, 0x000000070d600000|  0%| F|  |TAMS 0x000000070d400000, 0x000000070d400000| Untracked 
| 103|0x000000070d600000, 0x000000070d600000, 0x000000070d800000|  0%| F|  |TAMS 0x000000070d600000, 0x000000070d600000| Untracked 
| 104|0x000000070d800000, 0x000000070d800000, 0x000000070da00000|  0%| F|  |TAMS 0x000000070d800000, 0x000000070d800000| Untracked 
| 105|0x000000070da00000, 0x000000070da00000, 0x000000070dc00000|  0%| F|  |TAMS 0x000000070da00000, 0x000000070da00000| Untracked 
| 127|0x0000000710600000, 0x0000000710600000, 0x0000000710800000|  0%| F|  |TAMS 0x0000000710600000, 0x0000000710600000| Untracked 

Card table byte_map: [0x000001eab79c0000,0x000001eab81c0000] _byte_map_base: 0x000001eab41bc000

Marking Bits (Prev, Next): (CMBitMap*) 0x000001ea9ead9730, (CMBitMap*) 0x000001ea9ead9770
 Prev Bits: [0x000001eab89c0000, 0x000001eabc9a0000)
 Next Bits: [0x000001eabc9a0000, 0x000001eac0980000)

Polling page: 0x000001ea9e780000

Metaspace:

Usage:
  Non-class:     47.77 MB used.
      Class:      5.88 MB used.
       Both:     53.66 MB used.

Virtual space:
  Non-class space:       64.00 MB reserved,      47.94 MB ( 75%) committed,  1 nodes.
      Class space:        1.00 GB reserved,       6.06 MB ( <1%) committed,  1 nodes.
             Both:        1.06 GB reserved,      54.00 MB (  5%) committed. 

Chunk freelists:
   Non-Class:  15.33 MB
       Class:  9.79 MB
        Both:  25.12 MB

MaxMetaspaceSize: unlimited
CompressedClassSpaceSize: 1.00 GB
Initial GC threshold: 21.00 MB
Current GC threshold: 89.81 MB
CDS: on
MetaspaceReclaimPolicy: balanced
 - commit_granule_bytes: 65536.
 - commit_granule_words: 8192.
 - virtual_space_node_default_size: 8388608.
 - enlarge_chunks_in_place: 1.
 - new_chunks_are_fully_committed: 0.
 - uncommit_free_chunks: 1.
 - use_allocation_guard: 0.
 - handle_deallocations: 1.


Internal statistics:

num_allocs_failed_limit: 6.
num_arena_births: 324.
num_arena_deaths: 0.
num_vsnodes_births: 2.
num_vsnodes_deaths: 0.
num_space_committed: 862.
num_space_uncommitted: 0.
num_chunks_returned_to_freelist: 6.
num_chunks_taken_from_freelist: 2431.
num_chunk_merges: 6.
num_chunk_splits: 1843.
num_chunks_enlarged: 1532.
num_inconsistent_stats: 0.

CodeHeap 'non-profiled nmethods': size=120000Kb used=7781Kb max_used=7781Kb free=112218Kb
 bounds [0x000001eaaf670000, 0x000001eaafe10000, 0x000001eab6ba0000]
CodeHeap 'profiled nmethods': size=120000Kb used=30525Kb max_used=31501Kb free=89474Kb
 bounds [0x000001eaa7ba0000, 0x000001eaa9a70000, 0x000001eaaf0d0000]
CodeHeap 'non-nmethods': size=5760Kb used=1305Kb max_used=1399Kb free=4454Kb
 bounds [0x000001eaaf0d0000, 0x000001eaaf340000, 0x000001eaaf670000]
 total_blobs=11042 nmethods=10429 adapters=523
 compilation: enabled
              stopped_count=0, restarted_count=0
 full_count=0

Compilation events (20 events):
Event: 18.259 Thread 0x000001eb08138de0 nmethod 13261 0x000001eaafe02510 code [0x000001eaafe028c0, 0x000001eaafe04b90]
Event: 18.259 Thread 0x000001eb08138de0 13269       4       org.jetbrains.kotlin.serialization.deserialization.descriptors.DeserializedAnnotations::findAnnotation (6 bytes)
Event: 18.259 Thread 0x000001eb08138de0 nmethod 13269 0x000001eaafe06790 code [0x000001eaafe06920, 0x000001eaafe069c8]
Event: 18.259 Thread 0x000001eb08138de0 13266       4       java.math.BigInteger::getInt (63 bytes)
Event: 18.260 Thread 0x000001eb08138de0 nmethod 13266 0x000001eaafe06a90 code [0x000001eaafe06c20, 0x000001eaafe06d58]
Event: 18.260 Thread 0x000001eb08138de0 13260       4       org.jetbrains.kotlin.name.ClassId::fromString (79 bytes)
Event: 18.267 Thread 0x000001eb08148440 13283       3       org.jetbrains.kotlin.contracts.EffectSystem::getNonTrivialComputation (55 bytes)
Event: 18.268 Thread 0x000001eb08148440 nmethod 13283 0x000001eaa9104210 code [0x000001eaa9104400, 0x000001eaa9104928]
Event: 18.277 Thread 0x000001eb08148440 13284       1       org.jetbrains.kotlin.types.TypeApproximatorConfiguration::getIntersectionTypesInContravariantPositions (5 bytes)
Event: 18.277 Thread 0x000001eb08148440 nmethod 13284 0x000001eaafe06e90 code [0x000001eaafe07020, 0x000001eaafe070f8]
Event: 18.279 Thread 0x000001eb08148440 13285       3       org.jetbrains.kotlin.com.intellij.psi.AbstractFileViewProvider$VirtualFileContent::getText (102 bytes)
Event: 18.280 Thread 0x000001eb08148440 nmethod 13285 0x000001eaa8066710 code [0x000001eaa8066a60, 0x000001eaa8067e88]
Event: 18.283 Thread 0x000001eb08148440 13288       3       org.jetbrains.kotlin.resolve.AnnotationResolver::resolveAnnotationsWithArguments (21 bytes)
Event: 18.284 Thread 0x000001eb08148440 nmethod 13288 0x000001eaa967b710 code [0x000001eaa967b9a0, 0x000001eaa967c448]
Event: 18.291 Thread 0x000001eb08138de0 nmethod 13260 0x000001eaafe07190 code [0x000001eaafe073c0, 0x000001eaafe08b58]
Event: 18.292 Thread 0x000001eb08138de0 13286       4       org.jetbrains.kotlin.com.intellij.openapi.util.text.StringUtil::getLineBreakCount (89 bytes)
Event: 18.294 Thread 0x000001eb08148440 13289       3       org.jetbrains.kotlin.resolve.constants.IntegerValueTypeConstant::getType (64 bytes)
Event: 18.295 Thread 0x000001eb08148440 nmethod 13289 0x000001eaa88aa990 code [0x000001eaa88aad80, 0x000001eaa88ac758]
Event: 18.295 Thread 0x000001eb08148440 13290       3       org.jetbrains.kotlin.builtins.KotlinBuiltIns::getNumber (8 bytes)
Event: 18.295 Thread 0x000001eb08148440 nmethod 13290 0x000001eaa9809310 code [0x000001eaa9809500, 0x000001eaa9809b38]

GC Heap History (20 events):
Event: 6.428 GC heap after
{Heap after GC invocations=17 (full 0):
 garbage-first heap   total 135168K, used 51462K [0x0000000700800000, 0x0000000800000000)
  region size 2048K, 4 young (8192K), 4 survivors (8192K)
 Metaspace       used 40702K, committed 41024K, reserved 1114112K
  class space    used 4787K, committed 4992K, reserved 1048576K
}
Event: 7.784 GC heap before
{Heap before GC invocations=17 (full 0):
 garbage-first heap   total 135168K, used 102662K [0x0000000700800000, 0x0000000800000000)
  region size 2048K, 28 young (57344K), 4 survivors (8192K)
 Metaspace       used 46742K, committed 47040K, reserved 1114112K
  class space    used 5484K, committed 5632K, reserved 1048576K
}
Event: 7.795 GC heap after
{Heap after GC invocations=18 (full 0):
 garbage-first heap   total 135168K, used 60587K [0x0000000700800000, 0x0000000800000000)
  region size 2048K, 4 young (8192K), 4 survivors (8192K)
 Metaspace       used 46742K, committed 47040K, reserved 1114112K
  class space    used 5484K, committed 5632K, reserved 1048576K
}
Event: 9.120 GC heap before
{Heap before GC invocations=18 (full 0):
 garbage-first heap   total 135168K, used 103595K [0x0000000700800000, 0x0000000800000000)
  region size 2048K, 25 young (51200K), 4 survivors (8192K)
 Metaspace       used 50137K, committed 50432K, reserved 1114112K
  class space    used 5802K, committed 5952K, reserved 1048576K
}
Event: 9.132 GC heap after
{Heap after GC invocations=19 (full 0):
 garbage-first heap   total 135168K, used 66117K [0x0000000700800000, 0x0000000800000000)
  region size 2048K, 3 young (6144K), 3 survivors (6144K)
 Metaspace       used 50137K, committed 50432K, reserved 1114112K
  class space    used 5802K, committed 5952K, reserved 1048576K
}
Event: 10.572 GC heap before
{Heap before GC invocations=19 (full 0):
 garbage-first heap   total 135168K, used 105029K [0x0000000700800000, 0x0000000800000000)
  region size 2048K, 22 young (45056K), 3 survivors (6144K)
 Metaspace       used 52278K, committed 52672K, reserved 1114112K
  class space    used 5878K, committed 6080K, reserved 1048576K
}
Event: 10.582 GC heap after
{Heap after GC invocations=20 (full 0):
 garbage-first heap   total 135168K, used 70046K [0x0000000700800000, 0x0000000800000000)
  region size 2048K, 2 young (4096K), 2 survivors (4096K)
 Metaspace       used 52278K, committed 52672K, reserved 1114112K
  class space    used 5878K, committed 6080K, reserved 1048576K
}
Event: 11.432 GC heap before
{Heap before GC invocations=21 (full 0):
 garbage-first heap   total 135168K, used 106910K [0x0000000700800000, 0x0000000800000000)
  region size 2048K, 20 young (40960K), 2 survivors (4096K)
 Metaspace       used 53005K, committed 53312K, reserved 1114112K
  class space    used 5911K, committed 6080K, reserved 1048576K
}
Event: 11.442 GC heap after
{Heap after GC invocations=22 (full 0):
 garbage-first heap   total 135168K, used 74910K [0x0000000700800000, 0x0000000800000000)
  region size 2048K, 3 young (6144K), 3 survivors (6144K)
 Metaspace       used 53005K, committed 53312K, reserved 1114112K
  class space    used 5911K, committed 6080K, reserved 1048576K
}
Event: 12.411 GC heap before
{Heap before GC invocations=22 (full 0):
 garbage-first heap   total 135168K, used 105630K [0x0000000700800000, 0x0000000800000000)
  region size 2048K, 18 young (36864K), 3 survivors (6144K)
 Metaspace       used 53679K, committed 54080K, reserved 1114112K
  class space    used 5958K, committed 6144K, reserved 1048576K
}
Event: 12.418 GC heap after
{Heap after GC invocations=23 (full 0):
 garbage-first heap   total 135168K, used 79201K [0x0000000700800000, 0x0000000800000000)
  region size 2048K, 3 young (6144K), 3 survivors (6144K)
 Metaspace       used 53679K, committed 54080K, reserved 1114112K
  class space    used 5958K, committed 6144K, reserved 1048576K
}
Event: 13.478 GC heap before
{Heap before GC invocations=24 (full 0):
 garbage-first heap   total 143360K, used 107873K [0x0000000700800000, 0x0000000800000000)
  region size 2048K, 17 young (34816K), 3 survivors (6144K)
 Metaspace       used 54139K, committed 54464K, reserved 1114112K
  class space    used 5995K, committed 6144K, reserved 1048576K
}
Event: 13.484 GC heap after
{Heap after GC invocations=25 (full 0):
 garbage-first heap   total 143360K, used 81982K [0x0000000700800000, 0x0000000800000000)
  region size 2048K, 2 young (4096K), 2 survivors (4096K)
 Metaspace       used 54139K, committed 54464K, reserved 1114112K
  class space    used 5995K, committed 6144K, reserved 1048576K
}
Event: 14.751 GC heap before
{Heap before GC invocations=25 (full 0):
 garbage-first heap   total 143360K, used 114750K [0x0000000700800000, 0x0000000800000000)
  region size 2048K, 18 young (36864K), 2 survivors (4096K)
 Metaspace       used 54493K, committed 54848K, reserved 1114112K
  class space    used 6014K, committed 6208K, reserved 1048576K
}
Event: 14.757 GC heap after
{Heap after GC invocations=26 (full 0):
 garbage-first heap   total 143360K, used 84183K [0x0000000700800000, 0x0000000800000000)
  region size 2048K, 3 young (6144K), 3 survivors (6144K)
 Metaspace       used 54493K, committed 54848K, reserved 1114112K
  class space    used 6014K, committed 6208K, reserved 1048576K
}
Event: 15.965 GC heap before
{Heap before GC invocations=27 (full 0):
 garbage-first heap   total 147456K, used 116951K [0x0000000700800000, 0x0000000800000000)
  region size 2048K, 19 young (38912K), 3 survivors (6144K)
 Metaspace       used 54695K, committed 55040K, reserved 1114112K
  class space    used 6018K, committed 6208K, reserved 1048576K
}
Event: 15.971 GC heap after
{Heap after GC invocations=28 (full 0):
 garbage-first heap   total 147456K, used 86172K [0x0000000700800000, 0x0000000800000000)
  region size 2048K, 3 young (6144K), 3 survivors (6144K)
 Metaspace       used 54695K, committed 55040K, reserved 1114112K
  class space    used 6018K, committed 6208K, reserved 1048576K
}
Event: 17.335 GC heap before
{Heap before GC invocations=28 (full 0):
 garbage-first heap   total 147456K, used 118940K [0x0000000700800000, 0x0000000800000000)
  region size 2048K, 19 young (38912K), 3 survivors (6144K)
 Metaspace       used 54812K, committed 55168K, reserved 1114112K
  class space    used 6020K, committed 6208K, reserved 1048576K
}
Event: 17.342 GC heap after
{Heap after GC invocations=29 (full 0):
 garbage-first heap   total 147456K, used 88797K [0x0000000700800000, 0x0000000800000000)
  region size 2048K, 3 young (6144K), 3 survivors (6144K)
 Metaspace       used 54812K, committed 55168K, reserved 1114112K
  class space    used 6020K, committed 6208K, reserved 1048576K
}
Event: 18.299 GC heap before
{Heap before GC invocations=30 (full 0):
 garbage-first heap   total 163840K, used 119517K [0x0000000700800000, 0x0000000800000000)
  region size 2048K, 18 young (36864K), 3 survivors (6144K)
 Metaspace       used 54946K, committed 55296K, reserved 1114112K
  class space    used 6024K, committed 6208K, reserved 1048576K
}

Dll operation events (7 events):
Event: 0.019 Loaded shared library C:\Program Files\Eclipse Adoptium\jdk-17.0.18.8-hotspot\bin\java.dll
Event: 0.070 Loaded shared library C:\Program Files\Eclipse Adoptium\jdk-17.0.18.8-hotspot\bin\jsvml.dll
Event: 0.116 Loaded shared library C:\Program Files\Eclipse Adoptium\jdk-17.0.18.8-hotspot\bin\net.dll
Event: 0.118 Loaded shared library C:\Program Files\Eclipse Adoptium\jdk-17.0.18.8-hotspot\bin\nio.dll
Event: 0.159 Loaded shared library C:\Program Files\Eclipse Adoptium\jdk-17.0.18.8-hotspot\bin\zip.dll
Event: 0.195 Loaded shared library C:\Program Files\Eclipse Adoptium\jdk-17.0.18.8-hotspot\bin\jimage.dll
Event: 1.308 Loaded shared library C:\Program Files\Eclipse Adoptium\jdk-17.0.18.8-hotspot\bin\verify.dll

Deoptimization events (20 events):
Event: 17.729 Thread 0x000001ea9e5ee9b0 DEOPT PACKING pc=0x000001eaafda2254 sp=0x00000005696fbcd0
Event: 17.729 Thread 0x000001ea9e5ee9b0 DEOPT UNPACKING pc=0x000001eaaf1269a3 sp=0x00000005696fba00 mode 2
Event: 17.874 Thread 0x000001ea9e5ee9b0 DEOPT PACKING pc=0x000001eaa946f395 sp=0x00000005696f6510
Event: 17.874 Thread 0x000001ea9e5ee9b0 DEOPT UNPACKING pc=0x000001eaaf127143 sp=0x00000005696f5a90 mode 0
Event: 17.875 Thread 0x000001ea9e5ee9b0 Uncommon trap: trap_request=0xffffff66 fr.pc=0x000001eaafda2254 relative=0x00000000000046b4
Event: 17.875 Thread 0x000001ea9e5ee9b0 Uncommon trap: reason=speculate_class_check action=maybe_recompile pc=0x000001eaafda2254 method=org.jetbrains.kotlin.builtins.FunctionTypesKt.getFunctionTypeKind(Lorg/jetbrains/kotlin/types/KotlinType;)Lorg/jetbrains/kotlin/builtins/functions/FunctionType
Event: 17.876 Thread 0x000001ea9e5ee9b0 DEOPT PACKING pc=0x000001eaafda2254 sp=0x00000005696f8a30
Event: 17.876 Thread 0x000001ea9e5ee9b0 DEOPT UNPACKING pc=0x000001eaaf1269a3 sp=0x00000005696f8760 mode 2
Event: 17.982 Thread 0x000001ea9e5ee9b0 Uncommon trap: trap_request=0xffffff45 fr.pc=0x000001eaafbc00dc relative=0x0000000000004d1c
Event: 17.982 Thread 0x000001ea9e5ee9b0 Uncommon trap: reason=unstable_if action=reinterpret pc=0x000001eaafbc00dc method=org.jetbrains.kotlin.resolve.calls.tower.CandidateApplicabilityKt.getShouldStopResolve(Lorg/jetbrains/kotlin/resolve/calls/tower/CandidateApplicability;)Z @ 16 c2
Event: 17.982 Thread 0x000001ea9e5ee9b0 DEOPT PACKING pc=0x000001eaafbc00dc sp=0x00000005696f7530
Event: 17.982 Thread 0x000001ea9e5ee9b0 DEOPT UNPACKING pc=0x000001eaaf1269a3 sp=0x00000005696f7280 mode 2
Event: 17.982 Thread 0x000001ea9e5ee9b0 Uncommon trap: trap_request=0xffffffde fr.pc=0x000001eaafa819bc relative=0x000000000000077c
Event: 17.982 Thread 0x000001ea9e5ee9b0 Uncommon trap: reason=class_check action=maybe_recompile pc=0x000001eaafa819bc method=org.jetbrains.kotlin.resolve.calls.tower.NewResolvedCallImpl.calculateExpectedTypeForConvertedArguments(Ljava/util/Map;Lorg/jetbrains/kotlin/resolve/calls/inference/comp
Event: 17.982 Thread 0x000001ea9e5ee9b0 DEOPT PACKING pc=0x000001eaafa819bc sp=0x00000005696f72f0
Event: 17.982 Thread 0x000001ea9e5ee9b0 DEOPT UNPACKING pc=0x000001eaaf1269a3 sp=0x00000005696f72b0 mode 2
Event: 17.999 Thread 0x000001ea9e5ee9b0 Uncommon trap: trap_request=0xffffffde fr.pc=0x000001eaafa819bc relative=0x000000000000077c
Event: 17.999 Thread 0x000001ea9e5ee9b0 Uncommon trap: reason=class_check action=maybe_recompile pc=0x000001eaafa819bc method=org.jetbrains.kotlin.resolve.calls.tower.NewResolvedCallImpl.calculateExpectedTypeForConvertedArguments(Ljava/util/Map;Lorg/jetbrains/kotlin/resolve/calls/inference/comp
Event: 17.999 Thread 0x000001ea9e5ee9b0 DEOPT PACKING pc=0x000001eaafa819bc sp=0x00000005696f72c0
Event: 17.999 Thread 0x000001ea9e5ee9b0 DEOPT UNPACKING pc=0x000001eaaf1269a3 sp=0x00000005696f7280 mode 2

Classes loaded (20 events):
Event: 7.707 Loading class java/util/stream/Node$OfLong done
Event: 7.707 Loading class java/util/stream/Nodes$EmptyNode$OfLong done
Event: 7.707 Loading class java/util/stream/Nodes$EmptyNode$OfDouble
Event: 7.707 Loading class java/util/stream/Node$OfDouble
Event: 7.707 Loading class java/util/stream/Node$OfDouble done
Event: 7.707 Loading class java/util/stream/Nodes$EmptyNode$OfDouble done
Event: 7.707 Loading class java/util/stream/Nodes$SpinedNodeBuilder
Event: 7.707 Loading class java/util/stream/Node$Builder
Event: 7.707 Loading class java/util/stream/Node$Builder done
Event: 7.707 Loading class java/util/stream/Nodes$SpinedNodeBuilder done
Event: 8.869 Loading class jdk/internal/math/FloatingDecimal$ASCIIToBinaryBuffer
Event: 8.869 Loading class jdk/internal/math/FloatingDecimal$ASCIIToBinaryBuffer done
Event: 9.711 Loading class java/util/regex/Pattern$Bound
Event: 9.711 Loading class java/util/regex/Pattern$Bound done
Event: 9.711 Loading class java/util/regex/Pattern$LookBehindEndNode
Event: 9.711 Loading class java/util/regex/Pattern$LookBehindEndNode done
Event: 9.711 Loading class java/util/regex/Pattern$NotBehind
Event: 9.711 Loading class java/util/regex/Pattern$NotBehind done
Event: 14.749 Loading class java/util/regex/Pattern$1
Event: 14.749 Loading class java/util/regex/Pattern$1 done

Classes unloaded (0 events):
No events

Classes redefined (0 events):
No events

Internal exceptions (20 events):
Event: 5.062 Thread 0x000001ea9e5ee9b0 Implicit null exception at 0x000001eaaf6c3daf to 0x000001eaaf6c3e29
Event: 5.251 Thread 0x000001ea9e5ee9b0 Exception <a 'java/lang/NoSuchMethodError'{0x0000000705e9f198}: 'java.lang.Object java.lang.invoke.DirectMethodHandle$Holder.newInvokeSpecial(java.lang.Object, java.lang.Object, java.lang.Object, java.lang.Object, java.lang.Object)'> (0x0000000705e9f198) 
thrown [s\src\hotspot\share\interpreter\linkResolver.cpp, line 759]
Event: 6.609 Thread 0x000001ea9e5ee9b0 Exception <a 'java/lang/NoSuchMethodError'{0x000000070d40ce30}: 'java.lang.Object java.lang.invoke.DirectMethodHandle$Holder.invokeSpecial(java.lang.Object, java.lang.Object, java.lang.Object, java.lang.Object, java.lang.Object, java.lang.Object, int)'> (0x000000070d40ce30) 
thrown [s\src\hotspot\share\interpreter\linkResolver.cpp, line 759]
Event: 6.610 Thread 0x000001ea9e5ee9b0 Exception <a 'java/lang/NoSuchMethodError'{0x000000070d416628}: 'java.lang.Object java.lang.invoke.DirectMethodHandle$Holder.newInvokeSpecial(java.lang.Object, java.lang.Object, java.lang.Object, java.lang.Object, java.lang.Object, java.lang.Object)'> (0x000000070d416628) 
thrown [s\src\hotspot\share\interpreter\linkResolver.cpp, line 759]
Event: 6.781 Thread 0x000001ea9e5ee9b0 Implicit null exception at 0x000001eaaf8766d5 to 0x000001eaaf876910
Event: 6.980 Thread 0x000001ea9e5ee9b0 Exception <a 'java/lang/NoSuchMethodError'{0x0000000707458220}: 'java.lang.Object java.lang.invoke.DirectMethodHandle$Holder.invokeStatic(java.lang.Object, int, java.lang.Object)'> (0x0000000707458220) 
thrown [s\src\hotspot\share\interpreter\linkResolver.cpp, line 759]
Event: 7.054 Thread 0x000001ea9e5ee9b0 Implicit null exception at 0x000001eaaf8b2620 to 0x000001eaaf8b2a04
Event: 7.351 Thread 0x000001ea9e5ee9b0 Exception <a 'java/lang/NoSuchMethodError'{0x0000000706766180}: 'int java.lang.invoke.DirectMethodHandle$Holder.invokeStaticInit(java.lang.Object, int)'> (0x0000000706766180) 
thrown [s\src\hotspot\share\interpreter\linkResolver.cpp, line 759]
Event: 7.700 Thread 0x000001ea9e5ee9b0 Exception <a 'java/lang/NoSuchMethodError'{0x0000000705f46a88}: 'void java.lang.invoke.DirectMethodHandle$Holder.invokeInterface(java.lang.Object, java.lang.Object)'> (0x0000000705f46a88) 
thrown [s\src\hotspot\share\interpreter\linkResolver.cpp, line 759]
Event: 7.732 Thread 0x000001ea9e5ee9b0 Exception <a 'java/lang/NoSuchMethodError'{0x0000000705c364b8}: 'java.lang.Object java.lang.invoke.DirectMethodHandle$Holder.invokeStatic(java.lang.Object, java.lang.Object, java.lang.Object, java.lang.Object, int)'> (0x0000000705c364b8) 
thrown [s\src\hotspot\share\interpreter\linkResolver.cpp, line 759]
Event: 7.733 Thread 0x000001ea9e5ee9b0 Exception <a 'java/lang/NoSuchMethodError'{0x0000000705c40448}: 'java.lang.Object java.lang.invoke.DirectMethodHandle$Holder.newInvokeSpecial(java.lang.Object, java.lang.Object, java.lang.Object, java.lang.Object, int)'> (0x0000000705c40448) 
thrown [s\src\hotspot\share\interpreter\linkResolver.cpp, line 759]
Event: 7.733 Thread 0x000001ea9e5ee9b0 Exception <a 'java/lang/NoSuchMethodError'{0x0000000705c45128}: 'java.lang.Object java.lang.invoke.DirectMethodHandle$Holder.invokeSpecial(java.lang.Object, java.lang.Object, java.lang.Object, java.lang.Object, java.lang.Object, int)'> (0x0000000705c45128) 
thrown [s\src\hotspot\share\interpreter\linkResolver.cpp, line 759]
Event: 7.734 Thread 0x000001ea9e5ee9b0 Exception <a 'java/lang/NoSuchMethodError'{0x0000000705c498b0}: 'java.lang.Object java.lang.invoke.Invokers$Holder.linkToTargetMethod(java.lang.Object, java.lang.Object, java.lang.Object, int, java.lang.Object)'> (0x0000000705c498b0) 
thrown [s\src\hotspot\share\interpreter\linkResolver.cpp, line 759]
Event: 8.182 Thread 0x000001ea9e5ee9b0 Exception <a 'java/lang/NoSuchMethodError'{0x0000000707b16480}: 'java.lang.Object java.lang.invoke.DirectMethodHandle$Holder.newInvokeSpecial(java.lang.Object, java.lang.Object, java.lang.Object, java.lang.Object, java.lang.Object, java.lang.Object, java.lang.Object)'> (0x0000000707b16480) 
thrown [s\src\hotspot\share\interpreter\linkResolver.cpp, line 759]
Event: 8.182 Thread 0x000001ea9e5ee9b0 Exception <a 'java/lang/NoSuchMethodError'{0x0000000707b1b038}: 'java.lang.Object java.lang.invoke.Invokers$Holder.linkToTargetMethod(java.lang.Object, java.lang.Object, java.lang.Object, java.lang.Object, java.lang.Object, java.lang.Object, java.lang.Object)'> (0x0000000707b1b038) 
thrown [s\src\hotspot\share\interpreter\linkResolver.cpp, line 759]
Event: 8.220 Thread 0x000001ea9e5ee9b0 Exception <a 'java/lang/NoSuchMethodError'{0x0000000707806250}: 'java.lang.Object java.lang.invoke.DirectMethodHandle$Holder.invokeInterface(java.lang.Object, java.lang.Object, java.lang.Object)'> (0x0000000707806250) 
thrown [s\src\hotspot\share\interpreter\linkResolver.cpp, line 759]
Event: 8.221 Thread 0x000001ea9e5ee9b0 Exception <a 'java/lang/IncompatibleClassChangeError'{0x000000070780a110}: Found class java.lang.Object, but interface was expected> (0x000000070780a110) 
thrown [s\src\hotspot\share\interpreter\linkResolver.cpp, line 826]
Event: 8.260 Thread 0x000001ea9e5ee9b0 Implicit null exception at 0x000001eaaf95a431 to 0x000001eaaf95ae20
Event: 9.064 Thread 0x000001ea9e5ee9b0 Exception <a 'java/lang/NoSuchMethodError'{0x0000000706251f30}: 'java.lang.Object java.lang.invoke.DirectMethodHandle$Holder.newInvokeSpecial(java.lang.Object, int, java.lang.Object, java.lang.Object)'> (0x0000000706251f30) 
thrown [s\src\hotspot\share\interpreter\linkResolver.cpp, line 759]
Event: 9.065 Thread 0x000001ea9e5ee9b0 Exception <a 'java/lang/NoSuchMethodError'{0x0000000706256680}: 'java.lang.Object java.lang.invoke.DirectMethodHandle$Holder.invokeSpecial(java.lang.Object, java.lang.Object, int, java.lang.Object, java.lang.Object)'> (0x0000000706256680) 
thrown [s\src\hotspot\share\interpreter\linkResolver.cpp, line 759]

VM Operations (20 events):
Event: 16.113 Executing VM operation: HandshakeAllThreads done
Event: 16.237 Executing VM operation: ICBufferFull
Event: 16.237 Executing VM operation: ICBufferFull done
Event: 16.524 Executing VM operation: ICBufferFull
Event: 16.524 Executing VM operation: ICBufferFull done
Event: 16.913 Executing VM operation: ICBufferFull
Event: 16.913 Executing VM operation: ICBufferFull done
Event: 17.242 Executing VM operation: ICBufferFull
Event: 17.242 Executing VM operation: ICBufferFull done
Event: 17.335 Executing VM operation: G1CollectForAllocation
Event: 17.342 Executing VM operation: G1CollectForAllocation done
Event: 17.471 Executing VM operation: G1PauseRemark
Event: 17.480 Executing VM operation: G1PauseRemark done
Event: 17.540 Executing VM operation: G1PauseCleanup
Event: 17.540 Executing VM operation: G1PauseCleanup done
Event: 17.944 Executing VM operation: HandshakeAllThreads
Event: 17.955 Executing VM operation: HandshakeAllThreads done
Event: 18.048 Executing VM operation: ICBufferFull
Event: 18.048 Executing VM operation: ICBufferFull done
Event: 18.299 Executing VM operation: G1CollectForAllocation

Memory protections (0 events):
No events

Nmethod flushes (20 events):
Event: 17.958 Thread 0x000001eb08148e40 flushing  nmethod 0x000001eaafd14c90
Event: 17.959 Thread 0x000001eb08148e40 flushing  nmethod 0x000001eaa7d6d590
Event: 17.959 Thread 0x000001eb08148e40 flushing  nmethod 0x000001eaa7e17610
Event: 17.960 Thread 0x000001eb08148e40 flushing  nmethod 0x000001eaa8064d90
Event: 17.963 Thread 0x000001eb08148e40 flushing  nmethod 0x000001eaa8538d10
Event: 17.964 Thread 0x000001eb08148e40 flushing  nmethod 0x000001eaa8696890
Event: 17.965 Thread 0x000001eb08148e40 flushing  nmethod 0x000001eaa8864110
Event: 17.967 Thread 0x000001eb08148e40 flushing  nmethod 0x000001eaa8d6a810
Event: 17.967 Thread 0x000001eb08148e40 flushing  nmethod 0x000001eaa8da1110
Event: 17.968 Thread 0x000001eb08148e40 flushing  nmethod 0x000001eaa8f02390
Event: 17.970 Thread 0x000001eb08148e40 flushing  nmethod 0x000001eaa914a890
Event: 17.970 Thread 0x000001eb08148e40 flushing  nmethod 0x000001eaa914b590
Event: 17.970 Thread 0x000001eb08148e40 flushing  nmethod 0x000001eaa914be10
Event: 17.970 Thread 0x000001eb08148e40 flushing  nmethod 0x000001eaa914cf10
Event: 17.971 Thread 0x000001eb08148e40 flushing  nmethod 0x000001eaa94a3290
Event: 17.971 Thread 0x000001eb08148e40 flushing  nmethod 0x000001eaa94b0b10
Event: 17.971 Thread 0x000001eb08148e40 flushing  nmethod 0x000001eaa94b2810
Event: 17.971 Thread 0x000001eb08148e40 flushing  nmethod 0x000001eaa94b3990
Event: 17.972 Thread 0x000001eb08148e40 flushing  nmethod 0x000001eaa956cf10
Event: 17.974 Thread 0x000001eb08148e40 flushing  nmethod 0x000001eaa980f290

Events (19 events):
Event: 0.070 Thread 0x000001ea9e5ee9b0 Thread added: 0x000001ea9e5ee9b0
Event: 0.073 Thread 0x000001ea9e5ee9b0 Thread added: 0x000001eac2fa2530
Event: 0.073 Thread 0x000001ea9e5ee9b0 Thread added: 0x000001eac2fa3c60
Event: 0.083 Thread 0x000001ea9e5ee9b0 Thread added: 0x000001eac2fbe210
Event: 0.083 Thread 0x000001ea9e5ee9b0 Thread added: 0x000001eb081360a0
Event: 0.083 Thread 0x000001ea9e5ee9b0 Thread added: 0x000001eb08136670
Event: 0.083 Thread 0x000001ea9e5ee9b0 Thread added: 0x000001eb08137030
Event: 0.084 Thread 0x000001ea9e5ee9b0 Thread added: 0x000001eb08138de0
Event: 0.084 Thread 0x000001ea9e5ee9b0 Thread added: 0x000001eb08148440
Event: 0.084 Thread 0x000001ea9e5ee9b0 Thread added: 0x000001eb08148e40
Event: 0.112 Thread 0x000001ea9e5ee9b0 Thread added: 0x000001eb08281210
Event: 0.113 Thread 0x000001ea9e5ee9b0 Thread added: 0x000001eb08289b70
Event: 0.148 Thread 0x000001eb08138de0 Thread added: 0x000001eb082a06e0
Event: 1.736 Thread 0x000001eb082a06e0 Thread exited: 0x000001eb082a06e0
Event: 1.863 Thread 0x000001eb08148440 Thread added: 0x000001eb08d027b0
Event: 3.185 Thread 0x000001eb08d027b0 Thread exited: 0x000001eb08d027b0
Event: 3.474 Thread 0x000001eb08148440 Thread added: 0x000001eb1271ab60
Event: 8.508 Thread 0x000001eb1271ab60 Thread exited: 0x000001eb1271ab60
Event: 8.702 Thread 0x000001eb08138de0 Thread added: 0x000001eb131e2e50


Dynamic libraries:
0x00007ff6bc200000 - 0x00007ff6bc20e000 	C:\Program Files\Eclipse Adoptium\jdk-17.0.18.8-hotspot\bin\java.exe
0x00007ffd5a340000 - 0x00007ffd5a5a7000 	C:\WINDOWS\SYSTEM32\ntdll.dll
0x00007ffd59620000 - 0x00007ffd596e9000 	C:\WINDOWS\System32\KERNEL32.DLL
0x00007ffd56c20000 - 0x00007ffd57011000 	C:\WINDOWS\System32\KERNELBASE.dll
0x00007ffd571a0000 - 0x00007ffd572eb000 	C:\WINDOWS\System32\ucrtbase.dll
0x00007ffd4eaa0000 - 0x00007ffd4eab8000 	C:\Program Files\Eclipse Adoptium\jdk-17.0.18.8-hotspot\bin\jli.dll
0x00007ffd593c0000 - 0x00007ffd59585000 	C:\WINDOWS\System32\USER32.dll
0x00007ffd4eb30000 - 0x00007ffd4eb4e000 	C:\Program Files\Eclipse Adoptium\jdk-17.0.18.8-hotspot\bin\VCRUNTIME140.dll
0x00007ffd572f0000 - 0x00007ffd57317000 	C:\WINDOWS\System32\win32u.dll
0x00007ffd59db0000 - 0x00007ffd59ddb000 	C:\WINDOWS\System32\GDI32.dll
0x00007ffd57cd0000 - 0x00007ffd57dfb000 	C:\WINDOWS\System32\gdi32full.dll
0x00007ffd57ec0000 - 0x00007ffd57f63000 	C:\WINDOWS\System32\msvcp_win.dll
0x00007ffd43610000 - 0x00007ffd438a3000 	C:\WINDOWS\WinSxS\amd64_microsoft.windows.common-controls_6595b64144ccf1df_6.0.26100.8037_none_3e092faae333b53b\COMCTL32.dll
0x00007ffd59200000 - 0x00007ffd592a9000 	C:\WINDOWS\System32\msvcrt.dll
0x00007ffd58ed0000 - 0x00007ffd58f01000 	C:\WINDOWS\System32\IMM32.DLL
0x00007ffd544d0000 - 0x00007ffd544dc000 	C:\Program Files\Eclipse Adoptium\jdk-17.0.18.8-hotspot\bin\vcruntime140_1.dll
0x00007ffd48790000 - 0x00007ffd4881d000 	C:\Program Files\Eclipse Adoptium\jdk-17.0.18.8-hotspot\bin\msvcp140.dll
0x00007ffcdd460000 - 0x00007ffcde0cb000 	C:\Program Files\Eclipse Adoptium\jdk-17.0.18.8-hotspot\bin\server\jvm.dll
0x00007ffd58f90000 - 0x00007ffd5904b000 	C:\WINDOWS\System32\ADVAPI32.dll
0x00007ffd59cb0000 - 0x00007ffd59d57000 	C:\WINDOWS\System32\sechost.dll
0x00007ffd59870000 - 0x00007ffd59988000 	C:\WINDOWS\System32\RPCRT4.dll
0x00007ffd58f10000 - 0x00007ffd58f84000 	C:\WINDOWS\System32\WS2_32.dll
0x00007ffd56a80000 - 0x00007ffd56ade000 	C:\WINDOWS\SYSTEM32\POWRPROF.dll
0x00007ffd4a360000 - 0x00007ffd4a395000 	C:\WINDOWS\SYSTEM32\WINMM.dll
0x00007ffd51500000 - 0x00007ffd5150b000 	C:\WINDOWS\SYSTEM32\VERSION.dll
0x00007ffd56a60000 - 0x00007ffd56a74000 	C:\WINDOWS\SYSTEM32\UMPDC.dll
0x00007ffd55970000 - 0x00007ffd5598b000 	C:\WINDOWS\SYSTEM32\kernel.appcore.dll
0x00007ffd544b0000 - 0x00007ffd544ba000 	C:\Program Files\Eclipse Adoptium\jdk-17.0.18.8-hotspot\bin\jimage.dll
0x00007ffd460f0000 - 0x00007ffd46332000 	C:\WINDOWS\SYSTEM32\DBGHELP.DLL
0x00007ffd58a60000 - 0x00007ffd58de2000 	C:\WINDOWS\System32\combase.dll
0x00007ffd58df0000 - 0x00007ffd58ec7000 	C:\WINDOWS\System32\OLEAUT32.dll
0x00007ffd3f950000 - 0x00007ffd3f98b000 	C:\WINDOWS\SYSTEM32\dbgcore.DLL
0x00007ffd57b90000 - 0x00007ffd57c35000 	C:\WINDOWS\System32\bcryptPrimitives.dll
0x00007ffd489b0000 - 0x00007ffd489d5000 	C:\Program Files\Eclipse Adoptium\jdk-17.0.18.8-hotspot\bin\java.dll
0x00007ffd352d0000 - 0x00007ffd353a7000 	C:\Program Files\Eclipse Adoptium\jdk-17.0.18.8-hotspot\bin\jsvml.dll
0x00007ffd580f0000 - 0x00007ffd5884f000 	C:\WINDOWS\System32\SHELL32.dll
0x00007ffd57f70000 - 0x00007ffd580da000 	C:\WINDOWS\System32\wintypes.dll
0x00007ffd57320000 - 0x00007ffd57b84000 	C:\WINDOWS\System32\windows.storage.dll
0x00007ffd59a50000 - 0x00007ffd59b47000 	C:\WINDOWS\System32\SHCORE.dll
0x00007ffd592b0000 - 0x00007ffd59317000 	C:\WINDOWS\System32\shlwapi.dll
0x00007ffd56b40000 - 0x00007ffd56b69000 	C:\WINDOWS\SYSTEM32\profapi.dll
0x00007ffd4e850000 - 0x00007ffd4e86a000 	C:\Program Files\Eclipse Adoptium\jdk-17.0.18.8-hotspot\bin\net.dll
0x00007ffd511d0000 - 0x00007ffd512f7000 	C:\WINDOWS\SYSTEM32\WINHTTP.dll
0x00007ffd55ec0000 - 0x00007ffd55f2b000 	C:\WINDOWS\system32\mswsock.dll
0x00007ffd49f10000 - 0x00007ffd49f26000 	C:\Program Files\Eclipse Adoptium\jdk-17.0.18.8-hotspot\bin\nio.dll
0x00007ffd48870000 - 0x00007ffd48888000 	C:\Program Files\Eclipse Adoptium\jdk-17.0.18.8-hotspot\bin\zip.dll
0x00007ffd54480000 - 0x00007ffd54490000 	C:\Program Files\Eclipse Adoptium\jdk-17.0.18.8-hotspot\bin\verify.dll

dbghelp: loaded successfully - version: 4.0.5 - missing functions: none
symbol engine: initialized successfully - sym options: 0x614 - pdb path: .;C:\Program Files\Eclipse Adoptium\jdk-17.0.18.8-hotspot\bin;C:\WINDOWS\SYSTEM32;C:\WINDOWS\WinSxS\amd64_microsoft.windows.common-controls_6595b64144ccf1df_6.0.26100.8037_none_3e092faae333b53b;C:\Program Files\Eclipse Adoptium\jdk-17.0.18.8-hotspot\bin\server

VM Arguments:
java_command: org.jetbrains.kotlin.cli.jvm.K2JVMCompiler @C:\Users\spere\android-game-perf-tool-desktop\build\20260415_2769675481629688629.compiler.options
java_class_path (initial): C:\Users\spere\.gradle\caches\modules-2\files-2.1\org.jetbrains.kotlin\kotlin-compiler-embeddable\1.9.22\9cd4dc7773cf2a99ecd961a88fbbc9a2da3fb5e1\kotlin-compiler-embeddable-1.9.22.jar;C:\Users\spere\.gradle\caches\modules-2\files-2.1\org.jetbrains.kotlin\kotlin-stdlib\1.9.22\d6c44cd08d8f3f9bece8101216dbe6553365c6e3\kotlin-stdlib-1.9.22.jar;C:\Users\spere\.gradle\caches\modules-2\files-2.1\org.jetbrains.kotlin\kotlin-script-runtime\1.9.22\f8139a46fc677ec9badc49ae954392f4f5e7e7c7\kotlin-script-runtime-1.9.22.jar;C:\Users\spere\.gradle\caches\modules-2\files-2.1\org.jetbrains.kotlin\kotlin-reflect\1.6.10\1cbe9c92c12a94eea200d23c2bbaedaf3daf5132\kotlin-reflect-1.6.10.jar;C:\Users\spere\.gradle\caches\modules-2\files-2.1\org.jetbrains.kotlin\kotlin-daemon-embeddable\1.9.22\20e2c5df715f3240c765cfc222530e2796542021\kotlin-daemon-embeddable-1.9.22.jar;C:\Users\spere\.gradle\caches\modules-2\files-2.1\org.jetbrains.intellij.deps\trove4j\1.0.20200330\3afb14d5f9ceb459d724e907a21145e8ff394f02\trove4j-1.0.20200330.jar;C:\Users\spere\.gradle\caches\modules-2\files-2.1\org.jetbrains\annotations\13.0\919f0dfe192fb4e063e7dacadee7f8bb9a2672a9\annotations-13.0.jar
Launcher Type: SUN_STANDARD

[Global flags]
     intx CICompilerCount                          = 3                                         {product} {ergonomic}
     uint ConcGCThreads                            = 1                                         {product} {ergonomic}
     uint G1ConcRefinementThreads                  = 4                                         {product} {ergonomic}
   size_t G1HeapRegionSize                         = 2097152                                   {product} {ergonomic}
    uintx GCDrainStackTargetSize                   = 64                                        {product} {ergonomic}
   size_t InitialHeapSize                          = 268435456                                 {product} {ergonomic}
   size_t MarkStackSize                            = 4194304                                   {product} {ergonomic}
   size_t MaxHeapSize                              = 4286578688                                {product} {ergonomic}
   size_t MaxNewSize                               = 2571108352                                {product} {ergonomic}
   size_t MinHeapDeltaBytes                        = 2097152                                   {product} {ergonomic}
   size_t MinHeapSize                              = 8388608                                   {product} {ergonomic}
    uintx NonNMethodCodeHeapSize                   = 5832780                                {pd product} {ergonomic}
    uintx NonProfiledCodeHeapSize                  = 122912730                              {pd product} {ergonomic}
    uintx ProfiledCodeHeapSize                     = 122912730                              {pd product} {ergonomic}
    uintx ReservedCodeCacheSize                    = 251658240                              {pd product} {ergonomic}
     bool SegmentedCodeCache                       = true                                      {product} {ergonomic}
   size_t SoftMaxHeapSize                          = 4286578688                             {manageable} {ergonomic}
     bool UseCompressedClassPointers               = true                           {product lp64_product} {ergonomic}
     bool UseCompressedOops                        = true                           {product lp64_product} {ergonomic}
     bool UseG1GC                                  = true                                      {product} {ergonomic}
     bool UseLargePagesIndividualAllocation        = false                                  {pd product} {ergonomic}

Logging:
Log output configuration:
 #0: stdout all=warning uptime,level,tags
 #1: stderr all=off uptime,level,tags

Environment Variables:
JAVA_HOME=C:\Program Files\Eclipse Adoptium\jdk-17.0.18.8-hotspot\
PATH=C:\Users\spere\AppData\Roaming\npm;C:\Users\spere\android-game-perf-tool-desktop\node_modules\.bin;C:\Users\spere\node_modules\.bin;C:\Users\node_modules\.bin;C:\node_modules\.bin;C:\Program Files\nodejs\node_modules\npm\node_modules\@npmcli\run-script\lib\node-gyp-bin;C:\Program Files\Eclipse Adoptium\jdk-17.0.18.8-hotspot\bin;C:\WINDOWS\system32;C:\WINDOWS;C:\WINDOWS\System32\Wbem;C:\WINDOWS\System32\WindowsPowerShell\v1.0\;C:\WINDOWS\System32\OpenSSH\;C:\Program Files\nodejs\;C:\Program Files\Git\cmd;C:\Program Files\dotnet\;C:\Program Files\GitHub CLI\;C:\Program Files\Docker\Docker\resources\bin;C:\Program Files\Google\Chrome\Application;C:\WINDOWS\system32;C:\WINDOWS;C:\WINDOWS\System32\Wbem;C:\WINDOWS\System32\WindowsPowerShell\v1.0\;C:\WINDOWS\System32\OpenSSH\;C:\Users\spere\AppData\Local\Microsoft\WindowsApps;;;C:\Program Files\nodejs;C:\Users\spere\AppData\Roaming\npm;C:\Users\spere\AppData\Local\Microsoft\WinGet\Packages\Hawaii_Beach.TinyNvidiaUpdateChecker_Microsoft.Winget.Source_8wekyb3d8bbwe;;C:\Users\spere\platform-tools;C:\Users\spere\AppData\Local\Microsoft\WinGet\Packages\DenoLand.Deno_Microsoft.Winget.Source_8wekyb3d8bbwe;C:\Users\spere\AppData\Local\Microsoft\WinGet\Packages\yt-dlp.FFmpeg_Microsoft.Winget.Source_8wekyb3d8bbwe\ffmpeg-N-123778-g3b55818764-win64-gpl\bin;C:\Users\spere\AppData\Local\Microsoft\WinGet\Packages\yt-dlp.yt-dlp_Microsoft.Winget.Source_8wekyb3d8bbwe;C:\Users\spere\AppData\Local\Microsoft\WinGet\Packages\Ngrok.Ngrok_Microsoft.Winget.Source_8wekyb3d8bbwe;C:\Users\spere\AppData\Local\Microsoft\WinGet\Packages\Cloudflare.cloudflared_Microsoft.Winget.Source_8wekyb3d8bbwe;;C:\Program Files\nodejs;$env:APPDATA\npm
USERNAME=spere
LANG=en_US.UTF-8
OS=Windows_NT
PROCESSOR_IDENTIFIER=Intel64 Family 6 Model 158 Stepping 9, GenuineIntel
TMP=C:\Users\spere\AppData\Local\Temp
TEMP=C:\Users\spere\AppData\Local\Temp



Periodic native trim disabled


---------------  S Y S T E M  ---------------

OS:
 Windows 11 , 64 bit Build 26100 (10.0.26100.7920)
OS uptime: 0 days 8:18 hours
Hyper-V role detected

CPU: total 4 (initial active 4) (4 cores per cpu, 1 threads per core) family 6 model 158 stepping 9 microcode 0xde, cx8, cmov, fxsr, mmx, 3dnowpref, sse, sse2, sse3, ssse3, sse4.1, sse4.2, popcnt, lzcnt, tsc, tscinvbit, avx, avx2, aes, erms, clmul, bmi1, bmi2, rtm, adx, fma, vzeroupper, clflush, clflushopt, hv
Processor Information for all 4 processors :
  Max Mhz: 3792, Current Mhz: 3792, Mhz Limit: 3792

Memory: 4k page, system-wide physical 16348M (576M free)
TotalPageFile size 20444M (AvailPageFile size 20M)
current process WorkingSet (physical memory assigned to process): 365M, peak: 368M
current process commit charge ("private bytes"): 391M, peak: 426M

vm_info: OpenJDK 64-Bit Server VM (17.0.18+8) for windows-amd64 JRE (17.0.18+8), built on Jan 20 2026 22:28:22 by "admin" with MS VC++ 17.12 (VS2022)

END.
