#
# There is insufficient memory for the Java Runtime Environment to continue.
# Native memory allocation (mmap) failed to map 155189248 bytes. Error detail: G1 virtual space
# Possible reasons:
#   The system is out of physical RAM or swap space
#   This process is running with CompressedOops enabled, and the Java Heap may be blocking the growth of the native heap
# Possible solutions:
#   Reduce memory load on the system
#   Increase physical memory or swap space
#   Check if swap backing store is full
#   Decrease Java heap size (-Xmx/-Xms)
#   Decrease number of Java threads
#   Decrease Java thread stack sizes (-Xss)
#   Set larger code cache with -XX:ReservedCodeCacheSize=
#   JVM is running with Zero Based Compressed Oops mode in which the Java heap is
#     placed in the first 32GB address space. The Java Heap base address is the
#     maximum limit for the native heap growth. Please use -XX:HeapBaseMinAddress
#     to set the Java Heap base and to place the Java Heap above 32GB virtual address.
# This output file may be truncated or incomplete.
#
#  Out of Memory Error (os_windows.cpp:3618), pid=17252, tid=12040
#
# JRE version: OpenJDK Runtime Environment Temurin-17.0.18+8 (17.0.18+8) (build 17.0.18+8)
# Java VM: OpenJDK 64-Bit Server VM Temurin-17.0.18+8 (17.0.18+8, mixed mode, sharing, tiered, compressed oops, compressed class ptrs, g1 gc, windows-amd64)
# No core dump will be written. Minidumps are not enabled by default on client versions of Windows
#

---------------  S U M M A R Y ------------

Command Line: org.jetbrains.kotlin.cli.jvm.K2JVMCompiler @C:\Users\spere\android-game-perf-tool-desktop\build\20260415_9922796061881335964.compiler.options

Host: Intel(R) Core(TM) i5-7600K CPU @ 3.80GHz, 4 cores, 15G,  Windows 11 , 64 bit Build 26100 (10.0.26100.7920)
Time: Wed Apr 15 15:20:29 2026 Hora de verano romance elapsed time: 43.514043 seconds (0d 0h 0m 43s)

---------------  T H R E A D  ---------------

Current thread (0x00000209676d6170):  VMThread "VM Thread" [stack: 0x000000d86f400000,0x000000d86f500000] [id=12040]

Stack: [0x000000d86f400000,0x000000d86f500000]
Native frames: (J=compiled Java code, j=interpreted, Vv=VM code, C=native code)
V  [jvm.dll+0x6846f9]
V  [jvm.dll+0x839ea5]
V  [jvm.dll+0x83b91e]
V  [jvm.dll+0x83bfa3]
V  [jvm.dll+0x248eff]
V  [jvm.dll+0x6814b9]
V  [jvm.dll+0x6762ba]
V  [jvm.dll+0x309257]
V  [jvm.dll+0x310826]
V  [jvm.dll+0x360d9e]
V  [jvm.dll+0x360fdd]
V  [jvm.dll+0x2e02dc]
V  [jvm.dll+0x2de6b2]
V  [jvm.dll+0x2dde4c]
V  [jvm.dll+0x320aeb]
V  [jvm.dll+0x8407bd]
V  [jvm.dll+0x8414f3]
V  [jvm.dll+0x841a1f]
V  [jvm.dll+0x841e05]
V  [jvm.dll+0x841ece]
V  [jvm.dll+0x7eaaec]
V  [jvm.dll+0x6835c7]
C  [ucrtbase.dll+0x37b0]
C  [KERNEL32.DLL+0x2e8d7]
C  [ntdll.dll+0x8c48c]

VM_Operation (0x000000d86eefc5e0): G1CollectForAllocation, mode: safepoint, requested by thread 0x0000020944e9dd30


---------------  P R O C E S S  ---------------

Threads class SMR info:
_java_thread_list=0x0000020976fc2720, length=13, elements={
0x0000020944e9dd30, 0x00000209676da8c0, 0x00000209676dbf00, 0x00000209676ee170,
0x00000209676eea40, 0x000002096782f610, 0x0000020967830a50, 0x0000020967835af0,
0x000002096783e850, 0x0000020967860480, 0x0000020967995e60, 0x000002096799c7b0,
0x00000209679fc510
}

Java Threads: ( => current thread )
  0x0000020944e9dd30 JavaThread "main" [_thread_blocked, id=15560, stack(0x000000d86ee00000,0x000000d86ef00000)]
  0x00000209676da8c0 JavaThread "Reference Handler" daemon [_thread_blocked, id=13376, stack(0x000000d86f500000,0x000000d86f600000)]
  0x00000209676dbf00 JavaThread "Finalizer" daemon [_thread_blocked, id=14236, stack(0x000000d86f600000,0x000000d86f700000)]
  0x00000209676ee170 JavaThread "Signal Dispatcher" daemon [_thread_blocked, id=10288, stack(0x000000d86f700000,0x000000d86f800000)]
  0x00000209676eea40 JavaThread "Attach Listener" daemon [_thread_blocked, id=12124, stack(0x000000d86f800000,0x000000d86f900000)]
  0x000002096782f610 JavaThread "Service Thread" daemon [_thread_blocked, id=11912, stack(0x000000d86f900000,0x000000d86fa00000)]
  0x0000020967830a50 JavaThread "Monitor Deflation Thread" daemon [_thread_blocked, id=2288, stack(0x000000d86fa00000,0x000000d86fb00000)]
  0x0000020967835af0 JavaThread "C2 CompilerThread0" daemon [_thread_blocked, id=5448, stack(0x000000d86fb00000,0x000000d86fc00000)]
  0x000002096783e850 JavaThread "C1 CompilerThread0" daemon [_thread_blocked, id=6200, stack(0x000000d86fc00000,0x000000d86fd00000)]
  0x0000020967860480 JavaThread "Sweeper thread" daemon [_thread_blocked, id=18704, stack(0x000000d86fd00000,0x000000d86fe00000)]
  0x0000020967995e60 JavaThread "Notification Thread" daemon [_thread_blocked, id=12584, stack(0x000000d86fe00000,0x000000d86ff00000)]
  0x000002096799c7b0 JavaThread "Common-Cleaner" daemon [_thread_blocked, id=1384, stack(0x000000d870000000,0x000000d870100000)]
  0x00000209679fc510 JavaThread "C2 CompilerThread1" daemon [_thread_blocked, id=13404, stack(0x000000d86eb00000,0x000000d86ec00000)]

Other Threads:
=>0x00000209676d6170 VMThread "VM Thread" [stack: 0x000000d86f400000,0x000000d86f500000] [id=12040]
  0x0000020967996340 WatcherThread [stack: 0x000000d86ff00000,0x000000d870000000] [id=6076]
  0x0000020944f0cdf0 GCTaskThread "GC Thread#0" [stack: 0x000000d86ef00000,0x000000d86f000000] [id=13260]
  0x000002096c10d9a0 GCTaskThread "GC Thread#1" [stack: 0x000000d870200000,0x000000d870300000] [id=13888]
  0x000002096c1114a0 GCTaskThread "GC Thread#2" [stack: 0x000000d870300000,0x000000d870400000] [id=19156]
  0x000002096c113fd0 GCTaskThread "GC Thread#3" [stack: 0x000000d870400000,0x000000d870500000] [id=3360]
  0x0000020944f1dbd0 ConcurrentGCThread "G1 Main Marker" [stack: 0x000000d86f000000,0x000000d86f100000] [id=6500]
  0x0000020944f1e500 ConcurrentGCThread "G1 Conc#0" [stack: 0x000000d86f100000,0x000000d86f200000] [id=15252]
  0x0000020944f4da20 ConcurrentGCThread "G1 Refine#0" [stack: 0x000000d86f200000,0x000000d86f300000] [id=18300]
  0x0000020976266650 ConcurrentGCThread "G1 Refine#1" [stack: 0x000000d870500000,0x000000d870600000] [id=2740]
  0x0000020944f4e360 ConcurrentGCThread "G1 Service" [stack: 0x000000d86f300000,0x000000d86f400000] [id=11960]

Threads with active compile tasks:
C1 CompilerThread0  43537 23646       3       org.jetbrains.kotlin.ir.interpreter.InstructionsUnfolderKt::unfoldInstruction (772 bytes)

VM state: at safepoint (normal execution)

VM Mutex/Monitor currently owned by a thread:  ([mutex/lock_event])
[0x0000020944e9a430] Threads_lock - owner thread: 0x00000209676d6170
[0x0000020944e998f0] Heap_lock - owner thread: 0x0000020944e9dd30

Heap address: 0x0000000700800000, size: 4088 MB, Compressed Oops mode: Zero based, Oop shift amount: 3

CDS archive(s) mapped at: [0x0000020900000000-0x0000020900bb0000-0x0000020900bb0000), size 12255232, SharedBaseAddress: 0x0000020900000000, ArchiveRelocationMode: 1.
Compressed class space mapped at: 0x0000020901000000-0x0000020941000000, reserved size: 1073741824
Narrow klass base: 0x0000020900000000, Narrow klass shift: 0, Narrow klass range: 0x100000000

GC Precious Log:
 CPUs: 4 total, 4 available
 Memory: 16348M
 Large Page Support: Disabled
 NUMA Support: Disabled
 Compressed Oops: Enabled (Zero based)
 Heap Region Size: 2M
 Heap Min Capacity: 8M
 Heap Initial Capacity: 256M
 Heap Max Capacity: 4088M
 Pre-touch: Disabled
 Parallel Workers: 4
 Concurrent Workers: 1
 Concurrent Refinement Workers: 4
 Periodic GC: Disabled

Heap:
 garbage-first heap   total 352256K, used 202773K [0x0000000700800000, 0x0000000800000000)
  region size 2048K, 2 young (4096K), 2 survivors (4096K)
 Metaspace       used 73096K, committed 73536K, reserved 1179648K
  class space    used 7504K, committed 7680K, reserved 1048576K

Heap Regions: E=young(eden), S=young(survivor), O=old, HS=humongous(starts), HC=humongous(continues), CS=collection set, F=free, OA=open archive, CA=closed archive, TAMS=top-at-mark-start (previous, next)
|   0|0x0000000700800000, 0x0000000700a00000, 0x0000000700a00000|100%|HS|  |TAMS 0x0000000700a00000, 0x0000000700800000| Complete 
|   1|0x0000000700a00000, 0x0000000700c00000, 0x0000000700c00000|100%|HC|  |TAMS 0x0000000700c00000, 0x0000000700a00000| Complete 
|   2|0x0000000700c00000, 0x0000000700e00000, 0x0000000700e00000|100%| O|  |TAMS 0x0000000700e00000, 0x0000000700c00000| Untracked 
|   3|0x0000000700e00000, 0x0000000701000000, 0x0000000701000000|100%| O|  |TAMS 0x0000000701000000, 0x0000000700e00000| Untracked 
|   4|0x0000000701000000, 0x0000000701200000, 0x0000000701200000|100%| O|  |TAMS 0x0000000701200000, 0x0000000701000000| Untracked 
|   5|0x0000000701200000, 0x0000000701400000, 0x0000000701400000|100%| O|  |TAMS 0x0000000701400000, 0x0000000701200000| Untracked 
|   6|0x0000000701400000, 0x0000000701600000, 0x0000000701600000|100%| O|  |TAMS 0x0000000701600000, 0x0000000701400000| Untracked 
|   7|0x0000000701600000, 0x0000000701800000, 0x0000000701800000|100%| O|  |TAMS 0x0000000701800000, 0x0000000701600000| Untracked 
|   8|0x0000000701800000, 0x0000000701a00000, 0x0000000701a00000|100%| O|  |TAMS 0x0000000701a00000, 0x0000000701800000| Untracked 
|   9|0x0000000701a00000, 0x0000000701c00000, 0x0000000701c00000|100%| O|  |TAMS 0x0000000701c00000, 0x0000000701a00000| Untracked 
|  10|0x0000000701c00000, 0x0000000701e00000, 0x0000000701e00000|100%| O|  |TAMS 0x0000000701c00000, 0x0000000701c00000| Untracked 
|  11|0x0000000701e00000, 0x0000000702000000, 0x0000000702000000|100%| O|  |TAMS 0x0000000702000000, 0x0000000701e00000| Untracked 
|  12|0x0000000702000000, 0x0000000702200000, 0x0000000702200000|100%| O|  |TAMS 0x0000000702200000, 0x0000000702000000| Untracked 
|  13|0x0000000702200000, 0x0000000702400000, 0x0000000702400000|100%| O|  |TAMS 0x0000000702400000, 0x0000000702200000| Untracked 
|  14|0x0000000702400000, 0x0000000702400000, 0x0000000702600000|  0%| F|  |TAMS 0x0000000702400000, 0x0000000702400000| Untracked 
|  15|0x0000000702600000, 0x0000000702800000, 0x0000000702800000|100%| O|  |TAMS 0x0000000702800000, 0x0000000702600000| Untracked 
|  16|0x0000000702800000, 0x0000000702a00000, 0x0000000702a00000|100%|HS|  |TAMS 0x0000000702a00000, 0x0000000702800000| Complete 
|  17|0x0000000702a00000, 0x0000000702c00000, 0x0000000702c00000|100%| O|  |TAMS 0x0000000702c00000, 0x0000000702a00000| Untracked 
|  18|0x0000000702c00000, 0x0000000702e00000, 0x0000000702e00000|100%| O|  |TAMS 0x0000000702e00000, 0x0000000702c00000| Untracked 
|  19|0x0000000702e00000, 0x0000000703000000, 0x0000000703000000|100%| O|  |TAMS 0x0000000703000000, 0x0000000702e00000| Untracked 
|  20|0x0000000703000000, 0x0000000703200000, 0x0000000703200000|100%| O|  |TAMS 0x0000000703200000, 0x0000000703000000| Untracked 
|  21|0x0000000703200000, 0x0000000703400000, 0x0000000703400000|100%| O|  |TAMS 0x0000000703400000, 0x0000000703200000| Untracked 
|  22|0x0000000703400000, 0x0000000703600000, 0x0000000703600000|100%| O|  |TAMS 0x0000000703600000, 0x0000000703400000| Untracked 
|  23|0x0000000703600000, 0x0000000703800000, 0x0000000703800000|100%| O|  |TAMS 0x0000000703800000, 0x0000000703600000| Untracked 
|  24|0x0000000703800000, 0x0000000703a00000, 0x0000000703a00000|100%| O|  |TAMS 0x0000000703a00000, 0x0000000703800000| Untracked 
|  25|0x0000000703a00000, 0x0000000703c00000, 0x0000000703c00000|100%| O|  |TAMS 0x0000000703c00000, 0x0000000703a00000| Untracked 
|  26|0x0000000703c00000, 0x0000000703e00000, 0x0000000703e00000|100%| O|  |TAMS 0x0000000703e00000, 0x0000000703c00000| Untracked 
|  27|0x0000000703e00000, 0x0000000704000000, 0x0000000704000000|100%| O|  |TAMS 0x0000000704000000, 0x0000000703e00000| Untracked 
|  28|0x0000000704000000, 0x0000000704200000, 0x0000000704200000|100%| O|  |TAMS 0x0000000704200000, 0x0000000704000000| Untracked 
|  29|0x0000000704200000, 0x0000000704400000, 0x0000000704400000|100%| O|  |TAMS 0x0000000704400000, 0x0000000704200000| Untracked 
|  30|0x0000000704400000, 0x0000000704600000, 0x0000000704600000|100%| O|  |TAMS 0x0000000704600000, 0x0000000704400000| Untracked 
|  31|0x0000000704600000, 0x0000000704800000, 0x0000000704800000|100%| O|  |TAMS 0x0000000704800000, 0x0000000704600000| Untracked 
|  32|0x0000000704800000, 0x0000000704a00000, 0x0000000704a00000|100%| O|  |TAMS 0x0000000704a00000, 0x0000000704800000| Untracked 
|  33|0x0000000704a00000, 0x0000000704c00000, 0x0000000704c00000|100%| O|  |TAMS 0x0000000704c00000, 0x0000000704a00000| Untracked 
|  34|0x0000000704c00000, 0x0000000704e00000, 0x0000000704e00000|100%| O|  |TAMS 0x0000000704e00000, 0x0000000704c00000| Untracked 
|  35|0x0000000704e00000, 0x0000000705000000, 0x0000000705000000|100%| O|  |TAMS 0x0000000705000000, 0x0000000704e00000| Untracked 
|  36|0x0000000705000000, 0x0000000705200000, 0x0000000705200000|100%| O|  |TAMS 0x0000000705200000, 0x0000000705000000| Untracked 
|  37|0x0000000705200000, 0x0000000705400000, 0x0000000705400000|100%| O|  |TAMS 0x0000000705400000, 0x0000000705200000| Untracked 
|  38|0x0000000705400000, 0x0000000705600000, 0x0000000705600000|100%| O|  |TAMS 0x0000000705600000, 0x0000000705400000| Untracked 
|  39|0x0000000705600000, 0x0000000705800000, 0x0000000705800000|100%| O|  |TAMS 0x0000000705800000, 0x0000000705600000| Untracked 
|  40|0x0000000705800000, 0x0000000705a00000, 0x0000000705a00000|100%| O|  |TAMS 0x0000000705a00000, 0x0000000705800000| Untracked 
|  41|0x0000000705a00000, 0x0000000705c00000, 0x0000000705c00000|100%| O|  |TAMS 0x0000000705c00000, 0x0000000705a00000| Untracked 
|  42|0x0000000705c00000, 0x0000000705e00000, 0x0000000705e00000|100%| O|  |TAMS 0x0000000705e00000, 0x0000000705c00000| Untracked 
|  43|0x0000000705e00000, 0x0000000706000000, 0x0000000706000000|100%| O|  |TAMS 0x0000000706000000, 0x0000000705e00000| Untracked 
|  44|0x0000000706000000, 0x0000000706200000, 0x0000000706200000|100%| O|  |TAMS 0x0000000706200000, 0x0000000706000000| Untracked 
|  45|0x0000000706200000, 0x0000000706400000, 0x0000000706400000|100%| O|  |TAMS 0x0000000706400000, 0x0000000706200000| Untracked 
|  46|0x0000000706400000, 0x0000000706600000, 0x0000000706600000|100%| O|  |TAMS 0x0000000706600000, 0x0000000706400000| Untracked 
|  47|0x0000000706600000, 0x0000000706800000, 0x0000000706800000|100%| O|  |TAMS 0x0000000706800000, 0x0000000706600000| Untracked 
|  48|0x0000000706800000, 0x0000000706a00000, 0x0000000706a00000|100%| O|  |TAMS 0x0000000706a00000, 0x0000000706800000| Untracked 
|  49|0x0000000706a00000, 0x0000000706c00000, 0x0000000706c00000|100%| O|  |TAMS 0x0000000706c00000, 0x0000000706a00000| Untracked 
|  50|0x0000000706c00000, 0x0000000706e00000, 0x0000000706e00000|100%| O|  |TAMS 0x0000000706e00000, 0x0000000706c00000| Untracked 
|  51|0x0000000706e00000, 0x0000000707000000, 0x0000000707000000|100%| O|  |TAMS 0x0000000707000000, 0x0000000706e00000| Untracked 
|  52|0x0000000707000000, 0x0000000707200000, 0x0000000707200000|100%| O|  |TAMS 0x0000000707200000, 0x0000000707000000| Untracked 
|  53|0x0000000707200000, 0x0000000707400000, 0x0000000707400000|100%| O|  |TAMS 0x0000000707400000, 0x0000000707200000| Untracked 
|  54|0x0000000707400000, 0x0000000707600000, 0x0000000707600000|100%| O|  |TAMS 0x0000000707600000, 0x0000000707400000| Untracked 
|  55|0x0000000707600000, 0x0000000707800000, 0x0000000707800000|100%| O|  |TAMS 0x0000000707800000, 0x0000000707600000| Untracked 
|  56|0x0000000707800000, 0x0000000707a00000, 0x0000000707a00000|100%| O|  |TAMS 0x0000000707a00000, 0x0000000707800000| Untracked 
|  57|0x0000000707a00000, 0x0000000707c00000, 0x0000000707c00000|100%| O|  |TAMS 0x0000000707c00000, 0x0000000707a00000| Untracked 
|  58|0x0000000707c00000, 0x0000000707e00000, 0x0000000707e00000|100%| O|  |TAMS 0x0000000707e00000, 0x0000000707c00000| Untracked 
|  59|0x0000000707e00000, 0x0000000708000000, 0x0000000708000000|100%| O|  |TAMS 0x0000000708000000, 0x0000000707e00000| Untracked 
|  60|0x0000000708000000, 0x0000000708200000, 0x0000000708200000|100%| O|  |TAMS 0x0000000708200000, 0x0000000708000000| Untracked 
|  61|0x0000000708200000, 0x0000000708400000, 0x0000000708400000|100%| O|  |TAMS 0x0000000708400000, 0x0000000708200000| Untracked 
|  62|0x0000000708400000, 0x0000000708600000, 0x0000000708600000|100%| O|  |TAMS 0x0000000708600000, 0x0000000708400000| Untracked 
|  63|0x0000000708600000, 0x0000000708800000, 0x0000000708800000|100%| O|  |TAMS 0x0000000708800000, 0x0000000708600000| Untracked 
|  64|0x0000000708800000, 0x0000000708a00000, 0x0000000708a00000|100%| O|  |TAMS 0x0000000708a00000, 0x0000000708800000| Untracked 
|  65|0x0000000708a00000, 0x0000000708c00000, 0x0000000708c00000|100%| O|  |TAMS 0x0000000708c00000, 0x0000000708a00000| Untracked 
|  66|0x0000000708c00000, 0x0000000708e00000, 0x0000000708e00000|100%| O|  |TAMS 0x0000000708e00000, 0x0000000708c00000| Untracked 
|  67|0x0000000708e00000, 0x0000000709000000, 0x0000000709000000|100%|HS|  |TAMS 0x0000000709000000, 0x0000000708e00000| Complete 
|  68|0x0000000709000000, 0x0000000709200000, 0x0000000709200000|100%|HC|  |TAMS 0x0000000709200000, 0x0000000709000000| Complete 
|  69|0x0000000709200000, 0x0000000709400000, 0x0000000709400000|100%|HC|  |TAMS 0x0000000709400000, 0x0000000709200000| Complete 
|  70|0x0000000709400000, 0x0000000709600000, 0x0000000709600000|100%|HC|  |TAMS 0x0000000709600000, 0x0000000709400000| Complete 
|  71|0x0000000709600000, 0x0000000709800000, 0x0000000709800000|100%|HC|  |TAMS 0x0000000709800000, 0x0000000709600000| Complete 
|  72|0x0000000709800000, 0x0000000709a00000, 0x0000000709a00000|100%| O|  |TAMS 0x0000000709a00000, 0x0000000709800000| Untracked 
|  73|0x0000000709a00000, 0x0000000709c00000, 0x0000000709c00000|100%| O|  |TAMS 0x0000000709c00000, 0x0000000709a00000| Untracked 
|  74|0x0000000709c00000, 0x0000000709e00000, 0x0000000709e00000|100%| O|  |TAMS 0x0000000709e00000, 0x0000000709c00000| Untracked 
|  75|0x0000000709e00000, 0x000000070a000000, 0x000000070a000000|100%| O|  |TAMS 0x000000070a000000, 0x0000000709e00000| Untracked 
|  76|0x000000070a000000, 0x000000070a200000, 0x000000070a200000|100%| O|  |TAMS 0x000000070a200000, 0x000000070a000000| Untracked 
|  77|0x000000070a200000, 0x000000070a400000, 0x000000070a400000|100%| O|  |TAMS 0x000000070a400000, 0x000000070a200000| Untracked 
|  78|0x000000070a400000, 0x000000070a600000, 0x000000070a600000|100%| O|  |TAMS 0x000000070a600000, 0x000000070a400000| Untracked 
|  79|0x000000070a600000, 0x000000070a800000, 0x000000070a800000|100%| O|  |TAMS 0x000000070a800000, 0x000000070a600000| Untracked 
|  80|0x000000070a800000, 0x000000070aa00000, 0x000000070aa00000|100%| O|  |TAMS 0x000000070aa00000, 0x000000070a800000| Untracked 
|  81|0x000000070aa00000, 0x000000070ac00000, 0x000000070ac00000|100%| O|  |TAMS 0x000000070ac00000, 0x000000070aa00000| Untracked 
|  82|0x000000070ac00000, 0x000000070ae00000, 0x000000070ae00000|100%| O|  |TAMS 0x000000070ac48200, 0x000000070ac00000| Untracked 
|  83|0x000000070ae00000, 0x000000070b000000, 0x000000070b000000|100%| O|  |TAMS 0x000000070ae00000, 0x000000070ae00000| Untracked 
|  84|0x000000070b000000, 0x000000070b200000, 0x000000070b200000|100%| O|  |TAMS 0x000000070b000000, 0x000000070b000000| Untracked 
|  85|0x000000070b200000, 0x000000070b400000, 0x000000070b400000|100%| O|  |TAMS 0x000000070b200000, 0x000000070b200000| Untracked 
|  86|0x000000070b400000, 0x000000070b600000, 0x000000070b600000|100%| O|  |TAMS 0x000000070b400000, 0x000000070b400000| Untracked 
|  87|0x000000070b600000, 0x000000070b800000, 0x000000070b800000|100%| O|  |TAMS 0x000000070b600000, 0x000000070b600000| Untracked 
|  88|0x000000070b800000, 0x000000070ba00000, 0x000000070ba00000|100%| O|  |TAMS 0x000000070b800000, 0x000000070b800000| Untracked 
|  89|0x000000070ba00000, 0x000000070bc00000, 0x000000070bc00000|100%| O|  |TAMS 0x000000070ba00000, 0x000000070ba00000| Untracked 
|  90|0x000000070bc00000, 0x000000070be00000, 0x000000070be00000|100%| O|  |TAMS 0x000000070bc00000, 0x000000070bc00000| Untracked 
|  91|0x000000070be00000, 0x000000070c000000, 0x000000070c000000|100%| O|  |TAMS 0x000000070be00000, 0x000000070be00000| Untracked 
|  92|0x000000070c000000, 0x000000070c200000, 0x000000070c200000|100%| O|  |TAMS 0x000000070c000000, 0x000000070c000000| Untracked 
|  93|0x000000070c200000, 0x000000070c400000, 0x000000070c400000|100%| O|  |TAMS 0x000000070c200000, 0x000000070c200000| Untracked 
|  94|0x000000070c400000, 0x000000070c600000, 0x000000070c600000|100%| O|  |TAMS 0x000000070c400000, 0x000000070c400000| Untracked 
|  95|0x000000070c600000, 0x000000070c800000, 0x000000070c800000|100%| O|  |TAMS 0x000000070c600000, 0x000000070c600000| Untracked 
|  96|0x000000070c800000, 0x000000070ca00000, 0x000000070ca00000|100%| O|  |TAMS 0x000000070c800000, 0x000000070c800000| Untracked 
|  97|0x000000070ca00000, 0x000000070cc00000, 0x000000070cc00000|100%| O|  |TAMS 0x000000070ca00000, 0x000000070ca00000| Untracked 
|  98|0x000000070cc00000, 0x000000070cd44c00, 0x000000070ce00000| 63%| O|  |TAMS 0x000000070cc00000, 0x000000070cc00000| Untracked 
|  99|0x000000070ce00000, 0x000000070ce00000, 0x000000070d000000|  0%| F|  |TAMS 0x000000070ce00000, 0x000000070ce00000| Untracked 
| 100|0x000000070d000000, 0x000000070d000000, 0x000000070d200000|  0%| F|  |TAMS 0x000000070d000000, 0x000000070d000000| Untracked 
| 101|0x000000070d200000, 0x000000070d200000, 0x000000070d400000|  0%| F|  |TAMS 0x000000070d200000, 0x000000070d200000| Untracked 
| 102|0x000000070d400000, 0x000000070d400000, 0x000000070d600000|  0%| F|  |TAMS 0x000000070d400000, 0x000000070d400000| Untracked 
| 103|0x000000070d600000, 0x000000070d600000, 0x000000070d800000|  0%| F|  |TAMS 0x000000070d600000, 0x000000070d600000| Untracked 
| 104|0x000000070d800000, 0x000000070d800000, 0x000000070da00000|  0%| F|  |TAMS 0x000000070d800000, 0x000000070d800000| Untracked 
| 105|0x000000070da00000, 0x000000070da00000, 0x000000070dc00000|  0%| F|  |TAMS 0x000000070da00000, 0x000000070da00000| Untracked 
| 106|0x000000070dc00000, 0x000000070dc00000, 0x000000070de00000|  0%| F|  |TAMS 0x000000070dc00000, 0x000000070dc00000| Untracked 
| 107|0x000000070de00000, 0x000000070de00000, 0x000000070e000000|  0%| F|  |TAMS 0x000000070de00000, 0x000000070de00000| Untracked 
| 108|0x000000070e000000, 0x000000070e000000, 0x000000070e200000|  0%| F|  |TAMS 0x000000070e000000, 0x000000070e000000| Untracked 
| 109|0x000000070e200000, 0x000000070e200000, 0x000000070e400000|  0%| F|  |TAMS 0x000000070e200000, 0x000000070e200000| Untracked 
| 110|0x000000070e400000, 0x000000070e400000, 0x000000070e600000|  0%| F|  |TAMS 0x000000070e400000, 0x000000070e400000| Untracked 
| 111|0x000000070e600000, 0x000000070e600000, 0x000000070e800000|  0%| F|  |TAMS 0x000000070e600000, 0x000000070e600000| Untracked 
| 112|0x000000070e800000, 0x000000070e800000, 0x000000070ea00000|  0%| F|  |TAMS 0x000000070e800000, 0x000000070e800000| Untracked 
| 113|0x000000070ea00000, 0x000000070ea00000, 0x000000070ec00000|  0%| F|  |TAMS 0x000000070ea00000, 0x000000070ea00000| Untracked 
| 114|0x000000070ec00000, 0x000000070ec00000, 0x000000070ee00000|  0%| F|  |TAMS 0x000000070ec00000, 0x000000070ec00000| Untracked 
| 115|0x000000070ee00000, 0x000000070ee00000, 0x000000070f000000|  0%| F|  |TAMS 0x000000070ee00000, 0x000000070ee00000| Untracked 
| 116|0x000000070f000000, 0x000000070f000000, 0x000000070f200000|  0%| F|  |TAMS 0x000000070f000000, 0x000000070f000000| Untracked 
| 117|0x000000070f200000, 0x000000070f200000, 0x000000070f400000|  0%| F|  |TAMS 0x000000070f200000, 0x000000070f200000| Untracked 
| 118|0x000000070f400000, 0x000000070f400000, 0x000000070f600000|  0%| F|  |TAMS 0x000000070f400000, 0x000000070f400000| Untracked 
| 119|0x000000070f600000, 0x000000070f600000, 0x000000070f800000|  0%| F|  |TAMS 0x000000070f600000, 0x000000070f600000| Untracked 
| 120|0x000000070f800000, 0x000000070f800000, 0x000000070fa00000|  0%| F|  |TAMS 0x000000070f800000, 0x000000070f800000| Untracked 
| 121|0x000000070fa00000, 0x000000070fa00000, 0x000000070fc00000|  0%| F|  |TAMS 0x000000070fa00000, 0x000000070fa00000| Untracked 
| 122|0x000000070fc00000, 0x000000070fc00000, 0x000000070fe00000|  0%| F|  |TAMS 0x000000070fc00000, 0x000000070fc00000| Untracked 
| 123|0x000000070fe00000, 0x000000070fe00000, 0x0000000710000000|  0%| F|  |TAMS 0x000000070fe00000, 0x000000070fe00000| Untracked 
| 124|0x0000000710000000, 0x0000000710000000, 0x0000000710200000|  0%| F|  |TAMS 0x0000000710000000, 0x0000000710000000| Untracked 
| 125|0x0000000710200000, 0x0000000710200000, 0x0000000710400000|  0%| F|  |TAMS 0x0000000710200000, 0x0000000710200000| Untracked 
| 126|0x0000000710400000, 0x0000000710400000, 0x0000000710600000|  0%| F|  |TAMS 0x0000000710400000, 0x0000000710400000| Untracked 
| 127|0x0000000710600000, 0x0000000710600000, 0x0000000710800000|  0%| F|  |TAMS 0x0000000710600000, 0x0000000710600000| Untracked 
| 128|0x0000000710800000, 0x0000000710800000, 0x0000000710a00000|  0%| F|  |TAMS 0x0000000710800000, 0x0000000710800000| Untracked 
| 129|0x0000000710a00000, 0x0000000710a00000, 0x0000000710c00000|  0%| F|  |TAMS 0x0000000710a00000, 0x0000000710a00000| Untracked 
| 130|0x0000000710c00000, 0x0000000710c00000, 0x0000000710e00000|  0%| F|  |TAMS 0x0000000710c00000, 0x0000000710c00000| Untracked 
| 131|0x0000000710e00000, 0x0000000710e00000, 0x0000000711000000|  0%| F|  |TAMS 0x0000000710e00000, 0x0000000710e00000| Untracked 
| 132|0x0000000711000000, 0x0000000711000000, 0x0000000711200000|  0%| F|  |TAMS 0x0000000711000000, 0x0000000711000000| Untracked 
| 133|0x0000000711200000, 0x0000000711200000, 0x0000000711400000|  0%| F|  |TAMS 0x0000000711200000, 0x0000000711200000| Untracked 
| 134|0x0000000711400000, 0x0000000711400000, 0x0000000711600000|  0%| F|  |TAMS 0x0000000711400000, 0x0000000711400000| Untracked 
| 135|0x0000000711600000, 0x0000000711600000, 0x0000000711800000|  0%| F|  |TAMS 0x0000000711600000, 0x0000000711600000| Untracked 
| 136|0x0000000711800000, 0x0000000711800000, 0x0000000711a00000|  0%| F|  |TAMS 0x0000000711800000, 0x0000000711800000| Untracked 
| 137|0x0000000711a00000, 0x0000000711a00000, 0x0000000711c00000|  0%| F|  |TAMS 0x0000000711a00000, 0x0000000711a00000| Untracked 
| 138|0x0000000711c00000, 0x0000000711c00000, 0x0000000711e00000|  0%| F|  |TAMS 0x0000000711c00000, 0x0000000711c00000| Untracked 
| 139|0x0000000711e00000, 0x0000000711e00000, 0x0000000712000000|  0%| F|  |TAMS 0x0000000711e00000, 0x0000000711e00000| Untracked 
| 140|0x0000000712000000, 0x0000000712000000, 0x0000000712200000|  0%| F|  |TAMS 0x0000000712000000, 0x0000000712000000| Untracked 
| 141|0x0000000712200000, 0x0000000712200000, 0x0000000712400000|  0%| F|  |TAMS 0x0000000712200000, 0x0000000712200000| Untracked 
| 142|0x0000000712400000, 0x0000000712400000, 0x0000000712600000|  0%| F|  |TAMS 0x0000000712400000, 0x0000000712400000| Untracked 
| 143|0x0000000712600000, 0x0000000712600000, 0x0000000712800000|  0%| F|  |TAMS 0x0000000712600000, 0x0000000712600000| Untracked 
| 144|0x0000000712800000, 0x0000000712800000, 0x0000000712a00000|  0%| F|  |TAMS 0x0000000712800000, 0x0000000712800000| Untracked 
| 145|0x0000000712a00000, 0x0000000712a00000, 0x0000000712c00000|  0%| F|  |TAMS 0x0000000712a00000, 0x0000000712a00000| Untracked 
| 146|0x0000000712c00000, 0x0000000712c00000, 0x0000000712e00000|  0%| F|  |TAMS 0x0000000712c00000, 0x0000000712c00000| Untracked 
| 147|0x0000000712e00000, 0x0000000712e00000, 0x0000000713000000|  0%| F|  |TAMS 0x0000000712e00000, 0x0000000712e00000| Untracked 
| 148|0x0000000713000000, 0x0000000713000000, 0x0000000713200000|  0%| F|  |TAMS 0x0000000713000000, 0x0000000713000000| Untracked 
| 149|0x0000000713200000, 0x0000000713200000, 0x0000000713400000|  0%| F|  |TAMS 0x0000000713200000, 0x0000000713200000| Untracked 
| 150|0x0000000713400000, 0x0000000713400000, 0x0000000713600000|  0%| F|  |TAMS 0x0000000713400000, 0x0000000713400000| Untracked 
| 151|0x0000000713600000, 0x0000000713600000, 0x0000000713800000|  0%| F|  |TAMS 0x0000000713600000, 0x0000000713600000| Untracked 
| 152|0x0000000713800000, 0x0000000713800000, 0x0000000713a00000|  0%| F|  |TAMS 0x0000000713800000, 0x0000000713800000| Untracked 
| 153|0x0000000713a00000, 0x0000000713a00000, 0x0000000713c00000|  0%| F|  |TAMS 0x0000000713a00000, 0x0000000713a00000| Untracked 
| 154|0x0000000713c00000, 0x0000000713c00000, 0x0000000713e00000|  0%| F|  |TAMS 0x0000000713c00000, 0x0000000713c00000| Untracked 
| 155|0x0000000713e00000, 0x0000000713e00000, 0x0000000714000000|  0%| F|  |TAMS 0x0000000713e00000, 0x0000000713e00000| Untracked 
| 156|0x0000000714000000, 0x0000000714000000, 0x0000000714200000|  0%| F|  |TAMS 0x0000000714000000, 0x0000000714000000| Untracked 
| 157|0x0000000714200000, 0x0000000714200000, 0x0000000714400000|  0%| F|  |TAMS 0x0000000714200000, 0x0000000714200000| Untracked 
| 158|0x0000000714400000, 0x0000000714400000, 0x0000000714600000|  0%| F|  |TAMS 0x0000000714400000, 0x0000000714400000| Untracked 
| 159|0x0000000714600000, 0x0000000714600000, 0x0000000714800000|  0%| F|  |TAMS 0x0000000714600000, 0x0000000714600000| Untracked 
| 160|0x0000000714800000, 0x0000000714800000, 0x0000000714a00000|  0%| F|  |TAMS 0x0000000714800000, 0x0000000714800000| Untracked 
| 161|0x0000000714a00000, 0x0000000714a00000, 0x0000000714c00000|  0%| F|  |TAMS 0x0000000714a00000, 0x0000000714a00000| Untracked 
| 162|0x0000000714c00000, 0x0000000714c00000, 0x0000000714e00000|  0%| F|  |TAMS 0x0000000714c00000, 0x0000000714c00000| Untracked 
| 163|0x0000000714e00000, 0x0000000714e00000, 0x0000000715000000|  0%| F|  |TAMS 0x0000000714e00000, 0x0000000714e00000| Untracked 
| 164|0x0000000715000000, 0x0000000715000000, 0x0000000715200000|  0%| F|  |TAMS 0x0000000715000000, 0x0000000715000000| Untracked 
| 165|0x0000000715200000, 0x0000000715200000, 0x0000000715400000|  0%| F|  |TAMS 0x0000000715200000, 0x0000000715200000| Untracked 
| 166|0x0000000715400000, 0x0000000715400000, 0x0000000715600000|  0%| F|  |TAMS 0x0000000715400000, 0x0000000715400000| Untracked 
| 167|0x0000000715600000, 0x0000000715600000, 0x0000000715800000|  0%| F|  |TAMS 0x0000000715600000, 0x0000000715600000| Untracked 
| 168|0x0000000715800000, 0x0000000715800000, 0x0000000715a00000|  0%| F|  |TAMS 0x0000000715800000, 0x0000000715800000| Untracked 
| 169|0x0000000715a00000, 0x0000000715ac08d8, 0x0000000715c00000| 37%| S|CS|TAMS 0x0000000715a00000, 0x0000000715a00000| Complete 
| 170|0x0000000715c00000, 0x0000000715e00000, 0x0000000715e00000|100%| S|CS|TAMS 0x0000000715c00000, 0x0000000715c00000| Complete 
| 171|0x0000000715e00000, 0x0000000715e00000, 0x0000000716000000|  0%| F|  |TAMS 0x0000000715e00000, 0x0000000715e00000| Untracked 

Card table byte_map: [0x000002095c200000,0x000002095ca00000] _byte_map_base: 0x00000209589fc000

Marking Bits (Prev, Next): (CMBitMap*) 0x0000020944f0d320, (CMBitMap*) 0x0000020944f0d360
 Prev Bits: [0x000002095d200000, 0x00000209611e0000)
 Next Bits: [0x00000209611e0000, 0x00000209651c0000)

Polling page: 0x00000209431f0000

Metaspace:

Usage:
  Non-class:     64.06 MB used.
      Class:      7.33 MB used.
       Both:     71.38 MB used.

Virtual space:
  Non-class space:      128.00 MB reserved,      64.31 MB ( 50%) committed,  2 nodes.
      Class space:        1.00 GB reserved,       7.50 MB ( <1%) committed,  1 nodes.
             Both:        1.12 GB reserved,      71.81 MB (  6%) committed. 

Chunk freelists:
   Non-Class:  15.22 MB
       Class:  8.31 MB
        Both:  23.53 MB

MaxMetaspaceSize: unlimited
CompressedClassSpaceSize: 1.00 GB
Initial GC threshold: 21.00 MB
Current GC threshold: 111.06 MB
CDS: on
MetaspaceReclaimPolicy: balanced
 - commit_granule_bytes: 65536.
 - commit_granule_words: 8192.
 - virtual_space_node_default_size: 8388608.
 - enlarge_chunks_in_place: 1.
 - new_chunks_are_fully_committed: 0.
 - uncommit_free_chunks: 1.
 - use_allocation_guard: 0.
 - handle_deallocations: 1.


Internal statistics:

num_allocs_failed_limit: 6.
num_arena_births: 480.
num_arena_deaths: 0.
num_vsnodes_births: 3.
num_vsnodes_deaths: 0.
num_space_committed: 1147.
num_space_uncommitted: 0.
num_chunks_returned_to_freelist: 6.
num_chunks_taken_from_freelist: 3309.
num_chunk_merges: 6.
num_chunk_splits: 2513.
num_chunks_enlarged: 2065.
num_inconsistent_stats: 0.

CodeHeap 'non-profiled nmethods': size=120000Kb used=17299Kb max_used=17299Kb free=102700Kb
 bounds [0x00000209544d0000, 0x00000209555c0000, 0x000002095ba00000]
CodeHeap 'profiled nmethods': size=120000Kb used=43145Kb max_used=43145Kb free=76854Kb
 bounds [0x000002094ca00000, 0x000002094f430000, 0x0000020953f30000]
CodeHeap 'non-nmethods': size=5760Kb used=1416Kb max_used=1562Kb free=4343Kb
 bounds [0x0000020953f30000, 0x00000209541a0000, 0x00000209544d0000]
 total_blobs=17700 nmethods=16960 adapters=648
 compilation: enabled
              stopped_count=0, restarted_count=0
 full_count=0

Compilation events (20 events):
Event: 43.469 Thread 0x000002096783e850 nmethod 23617 0x000002094f425810 code [0x000002094f425a00, 0x000002094f425ed8]
Event: 43.469 Thread 0x000002096783e850 23618       3       org.jetbrains.kotlin.ir.interpreter.stack.SubFrame::peekState (8 bytes)
Event: 43.469 Thread 0x000002096783e850 nmethod 23618 0x000002094f01fd10 code [0x000002094f01fec0, 0x000002094f020188]
Event: 43.470 Thread 0x000002096783e850 23619       3       org.jetbrains.kotlin.ir.interpreter.stack.DataStack::peek (11 bytes)
Event: 43.470 Thread 0x00000209679fc510 nmethod 23647 0x00000209555b2410 code [0x00000209555b25a0, 0x00000209555b2638]
Event: 43.470 Thread 0x0000020967835af0 nmethod 23518 0x00000209555b2710 code [0x00000209555b2900, 0x00000209555b3328]
Event: 43.470 Thread 0x000002096783e850 nmethod 23619 0x000002094f426090 code [0x000002094f426300, 0x000002094f426e18]
Event: 43.470 Thread 0x000002096783e850 23633       3       org.jetbrains.kotlin.ir.visitors.IrElementTransformer$DefaultImpls::visitWhen (18 bytes)
Event: 43.471 Thread 0x000002096783e850 nmethod 23633 0x000002094f427190 code [0x000002094f4273c0, 0x000002094f427a28]
Event: 43.471 Thread 0x000002096783e850 23632       3       org.jetbrains.kotlin.ir.visitors.IrElementTransformer$DefaultImpls::visitGetField (18 bytes)
Event: 43.471 Thread 0x000002096783e850 nmethod 23632 0x000002094f427c90 code [0x000002094f427ec0, 0x000002094f428528]
Event: 43.471 Thread 0x000002096783e850 23621       3       org.jetbrains.kotlin.ir.visitors.IrElementTransformer$DefaultImpls::visitTypeOperator (18 bytes)
Event: 43.471 Thread 0x000002096783e850 nmethod 23621 0x000002094f428790 code [0x000002094f4289c0, 0x000002094f429028]
Event: 43.471 Thread 0x000002096783e850 23646       3       org.jetbrains.kotlin.ir.interpreter.InstructionsUnfolderKt::unfoldInstruction (772 bytes)
Event: 43.472 Thread 0x0000020967835af0 23658       4       kotlin.collections.ArrayDeque::ensureCapacity (67 bytes)
Event: 43.473 Thread 0x00000209679fc510 23659       4       org.jetbrains.kotlin.ir.interpreter.transformer.IrConstTransformer::visitDeclarationReference (10 bytes)
Event: 43.474 Thread 0x00000209679fc510 nmethod 23659 0x00000209555b3990 code [0x00000209555b3b20, 0x00000209555b3c18]
Event: 43.474 Thread 0x00000209679fc510 23660       4       org.jetbrains.kotlin.ir.declarations.lazy.IrLazyFunction::getReturnType (19 bytes)
Event: 43.474 Thread 0x0000020967835af0 nmethod 23658 0x00000209555b3e10 code [0x00000209555b3fa0, 0x00000209555b4278]
Event: 43.477 Thread 0x00000209679fc510 nmethod 23660 0x00000209555b4390 code [0x00000209555b4540, 0x00000209555b4ab8]

GC Heap History (20 events):
Event: 33.157 GC heap after
{Heap after GC invocations=53 (full 0):
 garbage-first heap   total 253952K, used 143813K [0x0000000700800000, 0x0000000800000000)
  region size 2048K, 4 young (8192K), 4 survivors (8192K)
 Metaspace       used 56976K, committed 57344K, reserved 1114112K
  class space    used 6090K, committed 6272K, reserved 1048576K
}
Event: 35.014 GC heap before
{Heap before GC invocations=54 (full 0):
 garbage-first heap   total 274432K, used 221637K [0x0000000700800000, 0x0000000800000000)
  region size 2048K, 37 young (75776K), 4 survivors (8192K)
 Metaspace       used 57026K, committed 57408K, reserved 1114112K
  class space    used 6092K, committed 6272K, reserved 1048576K
}
Event: 35.028 GC heap after
{Heap after GC invocations=55 (full 0):
 garbage-first heap   total 274432K, used 157758K [0x0000000700800000, 0x0000000800000000)
  region size 2048K, 4 young (8192K), 4 survivors (8192K)
 Metaspace       used 57026K, committed 57408K, reserved 1114112K
  class space    used 6092K, committed 6272K, reserved 1048576K
}
Event: 35.902 GC heap before
{Heap before GC invocations=55 (full 0):
 garbage-first heap   total 274432K, used 231486K [0x0000000700800000, 0x0000000800000000)
  region size 2048K, 40 young (81920K), 4 survivors (8192K)
 Metaspace       used 57157K, committed 57536K, reserved 1114112K
  class space    used 6095K, committed 6272K, reserved 1048576K
}
Event: 35.912 GC heap after
{Heap after GC invocations=56 (full 0):
 garbage-first heap   total 274432K, used 162039K [0x0000000700800000, 0x0000000800000000)
  region size 2048K, 4 young (8192K), 4 survivors (8192K)
 Metaspace       used 57157K, committed 57536K, reserved 1114112K
  class space    used 6095K, committed 6272K, reserved 1048576K
}
Event: 36.801 GC heap before
{Heap before GC invocations=57 (full 0):
 garbage-first heap   total 305152K, used 227575K [0x0000000700800000, 0x0000000800000000)
  region size 2048K, 37 young (75776K), 4 survivors (8192K)
 Metaspace       used 57716K, committed 58048K, reserved 1114112K
  class space    used 6129K, committed 6272K, reserved 1048576K
}
Event: 36.811 GC heap after
{Heap after GC invocations=58 (full 0):
 garbage-first heap   total 305152K, used 163599K [0x0000000700800000, 0x0000000800000000)
  region size 2048K, 4 young (8192K), 4 survivors (8192K)
 Metaspace       used 57716K, committed 58048K, reserved 1114112K
  class space    used 6129K, committed 6272K, reserved 1048576K
}
Event: 36.885 GC heap before
{Heap before GC invocations=58 (full 0):
 garbage-first heap   total 305152K, used 169743K [0x0000000700800000, 0x0000000800000000)
  region size 2048K, 7 young (14336K), 4 survivors (8192K)
 Metaspace       used 57781K, committed 58112K, reserved 1114112K
  class space    used 6132K, committed 6272K, reserved 1048576K
}
Event: 36.896 GC heap after
{Heap after GC invocations=59 (full 0):
 garbage-first heap   total 305152K, used 164110K [0x0000000700800000, 0x0000000800000000)
  region size 2048K, 1 young (2048K), 1 survivors (2048K)
 Metaspace       used 57781K, committed 58112K, reserved 1114112K
  class space    used 6132K, committed 6272K, reserved 1048576K
}
Event: 37.384 GC heap before
{Heap before GC invocations=59 (full 0):
 garbage-first heap   total 305152K, used 256270K [0x0000000700800000, 0x0000000800000000)
  region size 2048K, 46 young (94208K), 1 survivors (2048K)
 Metaspace       used 57905K, committed 58304K, reserved 1114112K
  class space    used 6134K, committed 6336K, reserved 1048576K
}
Event: 37.387 GC heap after
{Heap after GC invocations=60 (full 0):
 garbage-first heap   total 305152K, used 165234K [0x0000000700800000, 0x0000000800000000)
  region size 2048K, 2 young (4096K), 2 survivors (4096K)
 Metaspace       used 57905K, committed 58304K, reserved 1114112K
  class space    used 6134K, committed 6336K, reserved 1048576K
}
Event: 38.550 GC heap before
{Heap before GC invocations=61 (full 0):
 garbage-first heap   total 352256K, used 253298K [0x0000000700800000, 0x0000000800000000)
  region size 2048K, 45 young (92160K), 2 survivors (4096K)
 Metaspace       used 62518K, committed 62848K, reserved 1114112K
  class space    used 6579K, committed 6720K, reserved 1048576K
}
Event: 38.555 GC heap after
{Heap after GC invocations=62 (full 0):
 garbage-first heap   total 352256K, used 166791K [0x0000000700800000, 0x0000000800000000)
  region size 2048K, 2 young (4096K), 2 survivors (4096K)
 Metaspace       used 62518K, committed 62848K, reserved 1114112K
  class space    used 6579K, committed 6720K, reserved 1048576K
}
Event: 38.999 GC heap before
{Heap before GC invocations=62 (full 0):
 garbage-first heap   total 352256K, used 179079K [0x0000000700800000, 0x0000000800000000)
  region size 2048K, 8 young (16384K), 2 survivors (4096K)
 Metaspace       used 64368K, committed 64768K, reserved 1114112K
  class space    used 6771K, committed 6976K, reserved 1048576K
}
Event: 39.010 GC heap after
{Heap after GC invocations=63 (full 0):
 garbage-first heap   total 352256K, used 168138K [0x0000000700800000, 0x0000000800000000)
  region size 2048K, 1 young (2048K), 1 survivors (2048K)
 Metaspace       used 64368K, committed 64768K, reserved 1114112K
  class space    used 6771K, committed 6976K, reserved 1048576K
}
Event: 41.600 GC heap before
{Heap before GC invocations=63 (full 0):
 garbage-first heap   total 352256K, used 299210K [0x0000000700800000, 0x0000000800000000)
  region size 2048K, 65 young (133120K), 1 survivors (2048K)
 Metaspace       used 67716K, committed 68096K, reserved 1114112K
  class space    used 7057K, committed 7232K, reserved 1048576K
}
Event: 41.613 GC heap after
{Heap after GC invocations=64 (full 0):
 garbage-first heap   total 352256K, used 182540K [0x0000000700800000, 0x0000000800000000)
  region size 2048K, 8 young (16384K), 8 survivors (16384K)
 Metaspace       used 67716K, committed 68096K, reserved 1114112K
  class space    used 7057K, committed 7232K, reserved 1048576K
}
Event: 43.411 GC heap before
{Heap before GC invocations=65 (full 0):
 garbage-first heap   total 352256K, used 286988K [0x0000000700800000, 0x0000000800000000)
  region size 2048K, 59 young (120832K), 8 survivors (16384K)
 Metaspace       used 72931K, committed 73344K, reserved 1179648K
  class space    used 7503K, committed 7680K, reserved 1048576K
}
Event: 43.433 GC heap after
{Heap after GC invocations=66 (full 0):
 garbage-first heap   total 352256K, used 199696K [0x0000000700800000, 0x0000000800000000)
  region size 2048K, 8 young (16384K), 8 survivors (16384K)
 Metaspace       used 72931K, committed 73344K, reserved 1179648K
  class space    used 7503K, committed 7680K, reserved 1048576K
}
Event: 43.478 GC heap before
{Heap before GC invocations=66 (full 0):
 garbage-first heap   total 352256K, used 201744K [0x0000000700800000, 0x0000000800000000)
  region size 2048K, 9 young (18432K), 8 survivors (16384K)
 Metaspace       used 73096K, committed 73536K, reserved 1179648K
  class space    used 7504K, committed 7680K, reserved 1048576K
}

Dll operation events (7 events):
Event: 0.008 Loaded shared library C:\Program Files\Eclipse Adoptium\jdk-17.0.18.8-hotspot\bin\java.dll
Event: 0.051 Loaded shared library C:\Program Files\Eclipse Adoptium\jdk-17.0.18.8-hotspot\bin\jsvml.dll
Event: 0.085 Loaded shared library C:\Program Files\Eclipse Adoptium\jdk-17.0.18.8-hotspot\bin\net.dll
Event: 0.087 Loaded shared library C:\Program Files\Eclipse Adoptium\jdk-17.0.18.8-hotspot\bin\nio.dll
Event: 0.127 Loaded shared library C:\Program Files\Eclipse Adoptium\jdk-17.0.18.8-hotspot\bin\zip.dll
Event: 0.158 Loaded shared library C:\Program Files\Eclipse Adoptium\jdk-17.0.18.8-hotspot\bin\jimage.dll
Event: 1.044 Loaded shared library C:\Program Files\Eclipse Adoptium\jdk-17.0.18.8-hotspot\bin\verify.dll

Deoptimization events (20 events):
Event: 43.334 Thread 0x0000020944e9dd30 Uncommon trap: trap_request=0xffffff45 fr.pc=0x000002095518be10 relative=0x0000000000000970
Event: 43.334 Thread 0x0000020944e9dd30 Uncommon trap: reason=unstable_if action=reinterpret pc=0x000002095518be10 method=kotlin.collections.CollectionsKt___CollectionsKt.joinToString$default(Ljava/lang/Iterable;Ljava/lang/CharSequence;Ljava/lang/CharSequence;Ljava/lang/CharSequence;ILjava/lang
Event: 43.334 Thread 0x0000020944e9dd30 DEOPT PACKING pc=0x000002095518be10 sp=0x000000d86eef9aa0
Event: 43.334 Thread 0x0000020944e9dd30 DEOPT UNPACKING pc=0x0000020953f869a3 sp=0x000000d86eef9a90 mode 2
Event: 43.342 Thread 0x0000020944e9dd30 Uncommon trap: trap_request=0xffffff45 fr.pc=0x0000020954a1ee64 relative=0x0000000000001864
Event: 43.342 Thread 0x0000020944e9dd30 Uncommon trap: reason=unstable_if action=reinterpret pc=0x0000020954a1ee64 method=org.jetbrains.kotlin.ir.types.IrTypePredicatesKt.isClassType(Lorg/jetbrains/kotlin/ir/types/IrType;Lorg/jetbrains/kotlin/ir/util/IdSignature$CommonSignature;Ljava/lang/Boole
Event: 43.342 Thread 0x0000020944e9dd30 DEOPT PACKING pc=0x0000020954a1ee64 sp=0x000000d86eefba60
Event: 43.342 Thread 0x0000020944e9dd30 DEOPT UNPACKING pc=0x0000020953f869a3 sp=0x000000d86eefba50 mode 2
Event: 43.342 Thread 0x0000020944e9dd30 Uncommon trap: trap_request=0xffffff45 fr.pc=0x00000209547e7de8 relative=0x00000000000000c8
Event: 43.342 Thread 0x0000020944e9dd30 Uncommon trap: reason=unstable_if action=reinterpret pc=0x00000209547e7de8 method=kotlin.internal.ProgressionUtilKt.getProgressionLastElement(III)I @ 2 c2
Event: 43.342 Thread 0x0000020944e9dd30 DEOPT PACKING pc=0x00000209547e7de8 sp=0x000000d86eefb5a0
Event: 43.342 Thread 0x0000020944e9dd30 DEOPT UNPACKING pc=0x0000020953f869a3 sp=0x000000d86eefb550 mode 2
Event: 43.342 Thread 0x0000020944e9dd30 Uncommon trap: trap_request=0xffffff45 fr.pc=0x000002095488e1a0 relative=0x0000000000000100
Event: 43.342 Thread 0x0000020944e9dd30 Uncommon trap: reason=unstable_if action=reinterpret pc=0x000002095488e1a0 method=kotlin.ranges.IntProgressionIterator.<init>(III)V @ 19 c2
Event: 43.342 Thread 0x0000020944e9dd30 DEOPT PACKING pc=0x000002095488e1a0 sp=0x000000d86eefb6c0
Event: 43.342 Thread 0x0000020944e9dd30 DEOPT UNPACKING pc=0x0000020953f869a3 sp=0x000000d86eefb5e8 mode 2
Event: 43.342 Thread 0x0000020944e9dd30 Uncommon trap: trap_request=0xffffff45 fr.pc=0x000002095488e530 relative=0x0000000000000090
Event: 43.342 Thread 0x0000020944e9dd30 Uncommon trap: reason=unstable_if action=reinterpret pc=0x000002095488e530 method=kotlin.ranges.IntProgressionIterator.<init>(III)V @ 19 c2
Event: 43.342 Thread 0x0000020944e9dd30 DEOPT PACKING pc=0x000002095488e530 sp=0x000000d86eefb640
Event: 43.342 Thread 0x0000020944e9dd30 DEOPT UNPACKING pc=0x0000020953f869a3 sp=0x000000d86eefb5e8 mode 2

Classes loaded (20 events):
Event: 8.621 Loading class java/util/regex/Pattern$Bound
Event: 8.621 Loading class java/util/regex/Pattern$Bound done
Event: 8.621 Loading class java/util/regex/Pattern$LookBehindEndNode
Event: 8.621 Loading class java/util/regex/Pattern$LookBehindEndNode done
Event: 8.621 Loading class java/util/regex/Pattern$NotBehind
Event: 8.621 Loading class java/util/regex/Pattern$NotBehind done
Event: 12.323 Loading class java/util/regex/Pattern$1
Event: 12.323 Loading class java/util/regex/Pattern$1 done
Event: 38.176 Loading class java/text/MessageFormat
Event: 38.176 Loading class java/text/MessageFormat done
Event: 38.184 Loading class jdk/internal/reflect/UnsafeBooleanFieldAccessorImpl
Event: 38.185 Loading class jdk/internal/reflect/UnsafeBooleanFieldAccessorImpl done
Event: 38.185 Loading class jdk/internal/reflect/UnsafeQualifiedObjectFieldAccessorImpl
Event: 38.185 Loading class jdk/internal/reflect/UnsafeQualifiedFieldAccessorImpl
Event: 38.185 Loading class jdk/internal/reflect/UnsafeQualifiedFieldAccessorImpl done
Event: 38.185 Loading class jdk/internal/reflect/UnsafeQualifiedObjectFieldAccessorImpl done
Event: 38.217 Loading class java/text/ChoiceFormat
Event: 38.218 Loading class java/text/ChoiceFormat done
Event: 38.231 Loading class java/text/MessageFormat$Field
Event: 38.231 Loading class java/text/MessageFormat$Field done

Classes unloaded (0 events):
No events

Classes redefined (0 events):
No events

Internal exceptions (20 events):
Event: 7.453 Thread 0x0000020944e9dd30 Implicit null exception at 0x00000209547c47ad to 0x00000209547c51a0
Event: 8.031 Thread 0x0000020944e9dd30 Exception <a 'java/lang/NoSuchMethodError'{0x00000007064b5250}: 'java.lang.Object java.lang.invoke.DirectMethodHandle$Holder.newInvokeSpecial(java.lang.Object, int, java.lang.Object, java.lang.Object)'> (0x00000007064b5250) 
thrown [s\src\hotspot\share\interpreter\linkResolver.cpp, line 759]
Event: 8.031 Thread 0x0000020944e9dd30 Exception <a 'java/lang/NoSuchMethodError'{0x00000007064b99a0}: 'java.lang.Object java.lang.invoke.DirectMethodHandle$Holder.invokeSpecial(java.lang.Object, java.lang.Object, int, java.lang.Object, java.lang.Object)'> (0x00000007064b99a0) 
thrown [s\src\hotspot\share\interpreter\linkResolver.cpp, line 759]
Event: 19.185 Thread 0x0000020944e9dd30 Implicit null exception at 0x0000020954b86e00 to 0x0000020954b86ee4
Event: 19.186 Thread 0x0000020944e9dd30 Implicit null exception at 0x000002095495bae0 to 0x000002095495e2e4
Event: 20.253 Thread 0x0000020944e9dd30 Implicit null exception at 0x00000209546f9fc0 to 0x00000209546fa051
Event: 31.830 Thread 0x0000020944e9dd30 Implicit null exception at 0x000002095490284c to 0x0000020954902928
Event: 38.207 Thread 0x0000020944e9dd30 Exception <a 'java/lang/NoSuchMethodError'{0x00000007142e06b0}: 'java.lang.Object java.lang.invoke.DirectMethodHandle$Holder.invokeStaticInit(java.lang.Object, java.lang.Object, java.lang.Object, java.lang.Object)'> (0x00000007142e06b0) 
thrown [s\src\hotspot\share\interpreter\linkResolver.cpp, line 759]
Event: 38.638 Thread 0x0000020944e9dd30 Exception <a 'java/lang/NoSuchMethodError'{0x0000000715d8e898}: 'java.lang.Object java.lang.invoke.DirectMethodHandle$Holder.invokeSpecial(java.lang.Object, java.lang.Object, int, int, java.lang.Object, java.lang.Object, java.lang.Object, java.lang.Object, java.lang.Object)'> (0x0000000715d8e898) 
thrown [s\src\hotspot\share\interpreter\linkResolver.cpp, line 759]
Event: 38.674 Thread 0x0000020944e9dd30 Implicit null exception at 0x00000209545ba720 to 0x00000209545babdc
Event: 38.947 Thread 0x0000020944e9dd30 Exception <a 'java/lang/NoSuchMethodError'{0x000000071547f490}: 'java.lang.Object java.lang.invoke.DirectMethodHandle$Holder.invokeStatic(java.lang.Object, java.lang.Object, java.lang.Object, int, int, java.lang.Object, java.lang.Object, java.lang.Object, java.lang.Object)'> (0x000000071547f490) 
thrown [s\src\hotspot\share\interpreter\linkResolver.cpp, line 759]
Event: 38.947 Thread 0x0000020944e9dd30 Exception <a 'java/lang/NoSuchMethodError'{0x0000000715489758}: 'java.lang.Object java.lang.invoke.DirectMethodHandle$Holder.newInvokeSpecial(java.lang.Object, java.lang.Object, java.lang.Object, int, int, java.lang.Object)'> (0x0000000715489758) 
thrown [s\src\hotspot\share\interpreter\linkResolver.cpp, line 759]
Event: 38.948 Thread 0x0000020944e9dd30 Exception <a 'java/lang/NoSuchMethodError'{0x00000007154910f8}: 'java.lang.Object java.lang.invoke.Invokers$Holder.linkToTargetMethod(java.lang.Object, java.lang.Object, int, int, java.lang.Object, java.lang.Object)'> (0x00000007154910f8) 
thrown [s\src\hotspot\share\interpreter\linkResolver.cpp, line 759]
Event: 38.989 Thread 0x0000020944e9dd30 Exception <a 'java/lang/NoSuchMethodError'{0x00000007155cb9b0}: 'java.lang.Object java.lang.invoke.DirectMethodHandle$Holder.newInvokeSpecial(java.lang.Object, java.lang.Object, java.lang.Object, int, int)'> (0x00000007155cb9b0) 
thrown [s\src\hotspot\share\interpreter\linkResolver.cpp, line 759]
Event: 38.989 Thread 0x0000020944e9dd30 Exception <a 'java/lang/NoSuchMethodError'{0x00000007155cf7f0}: 'java.lang.Object java.lang.invoke.DirectMethodHandle$Holder.invokeSpecial(java.lang.Object, java.lang.Object, java.lang.Object, java.lang.Object, int, int)'> (0x00000007155cf7f0) 
thrown [s\src\hotspot\share\interpreter\linkResolver.cpp, line 759]
Event: 38.989 Thread 0x0000020944e9dd30 Exception <a 'java/lang/NoSuchMethodError'{0x00000007155d3230}: 'java.lang.Object java.lang.invoke.Invokers$Holder.linkToTargetMethod(java.lang.Object, java.lang.Object, int, int, java.lang.Object)'> (0x00000007155d3230) 
thrown [s\src\hotspot\share\interpreter\linkResolver.cpp, line 759]
Event: 39.134 Thread 0x0000020944e9dd30 Exception <a 'java/lang/NoSuchMethodError'{0x0000000715d97808}: 'java.lang.Object java.lang.invoke.DirectMethodHandle$Holder.newInvokeSpecial(java.lang.Object, java.lang.Object, int, int, java.lang.Object, java.lang.Object, java.lang.Object)'> (0x0000000715d97808) 
thrown [s\src\hotspot\share\interpreter\linkResolver.cpp, line 759]
Event: 39.134 Thread 0x0000020944e9dd30 Exception <a 'java/lang/NoSuchMethodError'{0x0000000715d9c3f0}: 'java.lang.Object java.lang.invoke.DirectMethodHandle$Holder.invokeSpecial(java.lang.Object, java.lang.Object, java.lang.Object, int, int, java.lang.Object, java.lang.Object, java.lang.Object)'> (0x0000000715d9c3f0) 
thrown [s\src\hotspot\share\interpreter\linkResolver.cpp, line 759]
Event: 41.342 Thread 0x0000020944e9dd30 Implicit null exception at 0x0000020954c39dc0 to 0x0000020954c3a1e4
Event: 43.342 Thread 0x0000020944e9dd30 Implicit null exception at 0x0000020954a1d62d to 0x0000020954a1ee4c

VM Operations (20 events):
Event: 43.007 Executing VM operation: ICBufferFull done
Event: 43.046 Executing VM operation: HandshakeAllThreads
Event: 43.046 Executing VM operation: HandshakeAllThreads done
Event: 43.048 Executing VM operation: HandshakeAllThreads
Event: 43.048 Executing VM operation: HandshakeAllThreads done
Event: 43.049 Executing VM operation: HandshakeAllThreads
Event: 43.049 Executing VM operation: HandshakeAllThreads done
Event: 43.162 Executing VM operation: HandshakeAllThreads
Event: 43.162 Executing VM operation: HandshakeAllThreads done
Event: 43.164 Executing VM operation: HandshakeAllThreads
Event: 43.164 Executing VM operation: HandshakeAllThreads done
Event: 43.164 Executing VM operation: HandshakeAllThreads
Event: 43.164 Executing VM operation: HandshakeAllThreads done
Event: 43.190 Executing VM operation: HandshakeAllThreads
Event: 43.190 Executing VM operation: HandshakeAllThreads done
Event: 43.340 Executing VM operation: ICBufferFull
Event: 43.340 Executing VM operation: ICBufferFull done
Event: 43.411 Executing VM operation: G1CollectForAllocation
Event: 43.434 Executing VM operation: G1CollectForAllocation done
Event: 43.478 Executing VM operation: G1CollectForAllocation

Memory protections (0 events):
No events

Nmethod flushes (20 events):
Event: 42.512 Thread 0x0000020967860480 flushing  nmethod 0x000002094f1f3010
Event: 42.512 Thread 0x0000020967860480 flushing  nmethod 0x000002094f22ba10
Event: 42.512 Thread 0x0000020967860480 flushing  nmethod 0x000002094f234310
Event: 42.512 Thread 0x0000020967860480 flushing  nmethod 0x000002094f30ff90
Event: 42.512 Thread 0x0000020967860480 flushing  nmethod 0x000002094f310690
Event: 43.166 Thread 0x0000020967860480 flushing  nmethod 0x0000020954bfdd10
Event: 43.171 Thread 0x0000020967860480 flushing  nmethod 0x00000209554f9490
Event: 43.172 Thread 0x0000020967860480 flushing  nmethod 0x000002094cc33110
Event: 43.174 Thread 0x0000020967860480 flushing  nmethod 0x000002094cfd6790
Event: 43.185 Thread 0x0000020967860480 flushing  nmethod 0x000002094e1fdc10
Event: 43.186 Thread 0x0000020967860480 flushing  nmethod 0x000002094e353790
Event: 43.186 Thread 0x0000020967860480 flushing  nmethod 0x000002094e3b5610
Event: 43.188 Thread 0x0000020967860480 flushing  nmethod 0x000002094e73bc10
Event: 43.194 Thread 0x0000020967860480 flushing  nmethod 0x000002094ef6c990
Event: 43.195 Thread 0x0000020967860480 flushing  nmethod 0x000002094f232b90
Event: 43.195 Thread 0x0000020967860480 flushing  nmethod 0x000002094f23bb10
Event: 43.195 Thread 0x0000020967860480 flushing  nmethod 0x000002094f363190
Event: 43.195 Thread 0x0000020967860480 flushing  nmethod 0x000002094f369490
Event: 43.195 Thread 0x0000020967860480 flushing  nmethod 0x000002094f36b890
Event: 43.195 Thread 0x0000020967860480 flushing  nmethod 0x000002094f374410

Events (20 events):
Event: 0.053 Thread 0x0000020944e9dd30 Thread added: 0x00000209676da8c0
Event: 0.053 Thread 0x0000020944e9dd30 Thread added: 0x00000209676dbf00
Event: 0.059 Thread 0x0000020944e9dd30 Thread added: 0x00000209676ee170
Event: 0.060 Thread 0x0000020944e9dd30 Thread added: 0x00000209676eea40
Event: 0.060 Thread 0x0000020944e9dd30 Thread added: 0x000002096782f610
Event: 0.060 Thread 0x0000020944e9dd30 Thread added: 0x0000020967830a50
Event: 0.060 Thread 0x0000020944e9dd30 Thread added: 0x0000020967835af0
Event: 0.060 Thread 0x0000020944e9dd30 Thread added: 0x000002096783e850
Event: 0.060 Thread 0x0000020944e9dd30 Thread added: 0x0000020967860480
Event: 0.081 Thread 0x0000020944e9dd30 Thread added: 0x0000020967995e60
Event: 0.083 Thread 0x0000020944e9dd30 Thread added: 0x000002096799c7b0
Event: 0.123 Thread 0x0000020967835af0 Thread added: 0x00000209679fca60
Event: 0.791 Thread 0x00000209679fca60 Thread exited: 0x00000209679fca60
Event: 1.541 Thread 0x000002096783e850 Thread added: 0x00000209679fba70
Event: 31.509 Thread 0x00000209679fba70 Thread exited: 0x00000209679fba70
Event: 31.656 Thread 0x000002096783e850 Thread added: 0x0000020977b704a0
Event: 32.816 Thread 0x0000020977b704a0 Thread exited: 0x0000020977b704a0
Event: 32.844 Thread 0x000002096783e850 Thread added: 0x00000209679fc510
Event: 34.308 Thread 0x00000209679fc510 Thread exited: 0x00000209679fc510
Event: 34.534 Thread 0x000002096783e850 Thread added: 0x00000209679fc510


Dynamic libraries:
0x00007ff6a7780000 - 0x00007ff6a778e000 	C:\Program Files\Eclipse Adoptium\jdk-17.0.18.8-hotspot\bin\java.exe
0x00007ffd5a340000 - 0x00007ffd5a5a7000 	C:\WINDOWS\SYSTEM32\ntdll.dll
0x00007ffd59620000 - 0x00007ffd596e9000 	C:\WINDOWS\System32\KERNEL32.DLL
0x00007ffd56c20000 - 0x00007ffd57011000 	C:\WINDOWS\System32\KERNELBASE.dll
0x00007ffd571a0000 - 0x00007ffd572eb000 	C:\WINDOWS\System32\ucrtbase.dll
0x00007ffd4eaa0000 - 0x00007ffd4eabe000 	C:\Program Files\Eclipse Adoptium\jdk-17.0.18.8-hotspot\bin\VCRUNTIME140.dll
0x00007ffd4eb30000 - 0x00007ffd4eb48000 	C:\Program Files\Eclipse Adoptium\jdk-17.0.18.8-hotspot\bin\jli.dll
0x00007ffd593c0000 - 0x00007ffd59585000 	C:\WINDOWS\System32\USER32.dll
0x00007ffd572f0000 - 0x00007ffd57317000 	C:\WINDOWS\System32\win32u.dll
0x00007ffd59db0000 - 0x00007ffd59ddb000 	C:\WINDOWS\System32\GDI32.dll
0x00007ffd57cd0000 - 0x00007ffd57dfb000 	C:\WINDOWS\System32\gdi32full.dll
0x00007ffd43610000 - 0x00007ffd438a3000 	C:\WINDOWS\WinSxS\amd64_microsoft.windows.common-controls_6595b64144ccf1df_6.0.26100.8037_none_3e092faae333b53b\COMCTL32.dll
0x00007ffd57ec0000 - 0x00007ffd57f63000 	C:\WINDOWS\System32\msvcp_win.dll
0x00007ffd59200000 - 0x00007ffd592a9000 	C:\WINDOWS\System32\msvcrt.dll
0x00007ffd58ed0000 - 0x00007ffd58f01000 	C:\WINDOWS\System32\IMM32.DLL
0x00007ffd544d0000 - 0x00007ffd544dc000 	C:\Program Files\Eclipse Adoptium\jdk-17.0.18.8-hotspot\bin\vcruntime140_1.dll
0x00007ffd41bc0000 - 0x00007ffd41c4d000 	C:\Program Files\Eclipse Adoptium\jdk-17.0.18.8-hotspot\bin\msvcp140.dll
0x00007ffcdfa20000 - 0x00007ffce068b000 	C:\Program Files\Eclipse Adoptium\jdk-17.0.18.8-hotspot\bin\server\jvm.dll
0x00007ffd58f90000 - 0x00007ffd5904b000 	C:\WINDOWS\System32\ADVAPI32.dll
0x00007ffd59cb0000 - 0x00007ffd59d57000 	C:\WINDOWS\System32\sechost.dll
0x00007ffd59870000 - 0x00007ffd59988000 	C:\WINDOWS\System32\RPCRT4.dll
0x00007ffd58f10000 - 0x00007ffd58f84000 	C:\WINDOWS\System32\WS2_32.dll
0x00007ffd56a80000 - 0x00007ffd56ade000 	C:\WINDOWS\SYSTEM32\POWRPROF.dll
0x00007ffd4a360000 - 0x00007ffd4a395000 	C:\WINDOWS\SYSTEM32\WINMM.dll
0x00007ffd51500000 - 0x00007ffd5150b000 	C:\WINDOWS\SYSTEM32\VERSION.dll
0x00007ffd56a60000 - 0x00007ffd56a74000 	C:\WINDOWS\SYSTEM32\UMPDC.dll
0x00007ffd55970000 - 0x00007ffd5598b000 	C:\WINDOWS\SYSTEM32\kernel.appcore.dll
0x00007ffd54480000 - 0x00007ffd5448a000 	C:\Program Files\Eclipse Adoptium\jdk-17.0.18.8-hotspot\bin\jimage.dll
0x00007ffd460f0000 - 0x00007ffd46332000 	C:\WINDOWS\SYSTEM32\DBGHELP.DLL
0x00007ffd58a60000 - 0x00007ffd58de2000 	C:\WINDOWS\System32\combase.dll
0x00007ffd58df0000 - 0x00007ffd58ec7000 	C:\WINDOWS\System32\OLEAUT32.dll
0x00007ffd3f950000 - 0x00007ffd3f98b000 	C:\WINDOWS\SYSTEM32\dbgcore.DLL
0x00007ffd57b90000 - 0x00007ffd57c35000 	C:\WINDOWS\System32\bcryptPrimitives.dll
0x00007ffd489b0000 - 0x00007ffd489d5000 	C:\Program Files\Eclipse Adoptium\jdk-17.0.18.8-hotspot\bin\java.dll
0x00007ffd3b610000 - 0x00007ffd3b6e7000 	C:\Program Files\Eclipse Adoptium\jdk-17.0.18.8-hotspot\bin\jsvml.dll
0x00007ffd580f0000 - 0x00007ffd5884f000 	C:\WINDOWS\System32\SHELL32.dll
0x00007ffd57f70000 - 0x00007ffd580da000 	C:\WINDOWS\System32\wintypes.dll
0x00007ffd57320000 - 0x00007ffd57b84000 	C:\WINDOWS\System32\windows.storage.dll
0x00007ffd59a50000 - 0x00007ffd59b47000 	C:\WINDOWS\System32\SHCORE.dll
0x00007ffd592b0000 - 0x00007ffd59317000 	C:\WINDOWS\System32\shlwapi.dll
0x00007ffd56b40000 - 0x00007ffd56b69000 	C:\WINDOWS\SYSTEM32\profapi.dll
0x00007ffd4e850000 - 0x00007ffd4e86a000 	C:\Program Files\Eclipse Adoptium\jdk-17.0.18.8-hotspot\bin\net.dll
0x00007ffd511d0000 - 0x00007ffd512f7000 	C:\WINDOWS\SYSTEM32\WINHTTP.dll
0x00007ffd55ec0000 - 0x00007ffd55f2b000 	C:\WINDOWS\system32\mswsock.dll
0x00007ffd49f10000 - 0x00007ffd49f26000 	C:\Program Files\Eclipse Adoptium\jdk-17.0.18.8-hotspot\bin\nio.dll
0x00007ffd48870000 - 0x00007ffd48888000 	C:\Program Files\Eclipse Adoptium\jdk-17.0.18.8-hotspot\bin\zip.dll
0x00007ffd4ea10000 - 0x00007ffd4ea20000 	C:\Program Files\Eclipse Adoptium\jdk-17.0.18.8-hotspot\bin\verify.dll

dbghelp: loaded successfully - version: 4.0.5 - missing functions: none
symbol engine: initialized successfully - sym options: 0x614 - pdb path: .;C:\Program Files\Eclipse Adoptium\jdk-17.0.18.8-hotspot\bin;C:\WINDOWS\SYSTEM32;C:\WINDOWS\WinSxS\amd64_microsoft.windows.common-controls_6595b64144ccf1df_6.0.26100.8037_none_3e092faae333b53b;C:\Program Files\Eclipse Adoptium\jdk-17.0.18.8-hotspot\bin\server

VM Arguments:
java_command: org.jetbrains.kotlin.cli.jvm.K2JVMCompiler @C:\Users\spere\android-game-perf-tool-desktop\build\20260415_9922796061881335964.compiler.options
java_class_path (initial): C:\Users\spere\.gradle\caches\modules-2\files-2.1\org.jetbrains.kotlin\kotlin-compiler-embeddable\1.9.22\9cd4dc7773cf2a99ecd961a88fbbc9a2da3fb5e1\kotlin-compiler-embeddable-1.9.22.jar;C:\Users\spere\.gradle\caches\modules-2\files-2.1\org.jetbrains.kotlin\kotlin-stdlib\1.9.22\d6c44cd08d8f3f9bece8101216dbe6553365c6e3\kotlin-stdlib-1.9.22.jar;C:\Users\spere\.gradle\caches\modules-2\files-2.1\org.jetbrains.kotlin\kotlin-script-runtime\1.9.22\f8139a46fc677ec9badc49ae954392f4f5e7e7c7\kotlin-script-runtime-1.9.22.jar;C:\Users\spere\.gradle\caches\modules-2\files-2.1\org.jetbrains.kotlin\kotlin-reflect\1.6.10\1cbe9c92c12a94eea200d23c2bbaedaf3daf5132\kotlin-reflect-1.6.10.jar;C:\Users\spere\.gradle\caches\modules-2\files-2.1\org.jetbrains.kotlin\kotlin-daemon-embeddable\1.9.22\20e2c5df715f3240c765cfc222530e2796542021\kotlin-daemon-embeddable-1.9.22.jar;C:\Users\spere\.gradle\caches\modules-2\files-2.1\org.jetbrains.intellij.deps\trove4j\1.0.20200330\3afb14d5f9ceb459d724e907a21145e8ff394f02\trove4j-1.0.20200330.jar;C:\Users\spere\.gradle\caches\modules-2\files-2.1\org.jetbrains\annotations\13.0\919f0dfe192fb4e063e7dacadee7f8bb9a2672a9\annotations-13.0.jar
Launcher Type: SUN_STANDARD

[Global flags]
     intx CICompilerCount                          = 3                                         {product} {ergonomic}
     uint ConcGCThreads                            = 1                                         {product} {ergonomic}
     uint G1ConcRefinementThreads                  = 4                                         {product} {ergonomic}
   size_t G1HeapRegionSize                         = 2097152                                   {product} {ergonomic}
    uintx GCDrainStackTargetSize                   = 64                                        {product} {ergonomic}
   size_t InitialHeapSize                          = 268435456                                 {product} {ergonomic}
   size_t MarkStackSize                            = 4194304                                   {product} {ergonomic}
   size_t MaxHeapSize                              = 4286578688                                {product} {ergonomic}
   size_t MaxNewSize                               = 2571108352                                {product} {ergonomic}
   size_t MinHeapDeltaBytes                        = 2097152                                   {product} {ergonomic}
   size_t MinHeapSize                              = 8388608                                   {product} {ergonomic}
    uintx NonNMethodCodeHeapSize                   = 5832780                                {pd product} {ergonomic}
    uintx NonProfiledCodeHeapSize                  = 122912730                              {pd product} {ergonomic}
    uintx ProfiledCodeHeapSize                     = 122912730                              {pd product} {ergonomic}
    uintx ReservedCodeCacheSize                    = 251658240                              {pd product} {ergonomic}
     bool SegmentedCodeCache                       = true                                      {product} {ergonomic}
   size_t SoftMaxHeapSize                          = 4286578688                             {manageable} {ergonomic}
     bool UseCompressedClassPointers               = true                           {product lp64_product} {ergonomic}
     bool UseCompressedOops                        = true                           {product lp64_product} {ergonomic}
     bool UseG1GC                                  = true                                      {product} {ergonomic}
     bool UseLargePagesIndividualAllocation        = false                                  {pd product} {ergonomic}

Logging:
Log output configuration:
 #0: stdout all=warning uptime,level,tags
 #1: stderr all=off uptime,level,tags

Environment Variables:
JAVA_HOME=C:\Program Files\Eclipse Adoptium\jdk-17.0.18.8-hotspot\
PATH=C:\Users\spere\AppData\Roaming\npm;C:\Users\spere\android-game-perf-tool-desktop\node_modules\.bin;C:\Users\spere\node_modules\.bin;C:\Users\node_modules\.bin;C:\node_modules\.bin;C:\Program Files\nodejs\node_modules\npm\node_modules\@npmcli\run-script\lib\node-gyp-bin;C:\Program Files\Eclipse Adoptium\jdk-17.0.18.8-hotspot\bin;C:\WINDOWS\system32;C:\WINDOWS;C:\WINDOWS\System32\Wbem;C:\WINDOWS\System32\WindowsPowerShell\v1.0\;C:\WINDOWS\System32\OpenSSH\;C:\Program Files\nodejs\;C:\Program Files\Git\cmd;C:\Program Files\dotnet\;C:\Program Files\GitHub CLI\;C:\Program Files\Docker\Docker\resources\bin;C:\Program Files\Google\Chrome\Application;C:\WINDOWS\system32;C:\WINDOWS;C:\WINDOWS\System32\Wbem;C:\WINDOWS\System32\WindowsPowerShell\v1.0\;C:\WINDOWS\System32\OpenSSH\;C:\Users\spere\AppData\Local\Microsoft\WindowsApps;;;C:\Program Files\nodejs;C:\Users\spere\AppData\Roaming\npm;C:\Users\spere\AppData\Local\Microsoft\WinGet\Packages\Hawaii_Beach.TinyNvidiaUpdateChecker_Microsoft.Winget.Source_8wekyb3d8bbwe;;C:\Users\spere\platform-tools;C:\Users\spere\AppData\Local\Microsoft\WinGet\Packages\DenoLand.Deno_Microsoft.Winget.Source_8wekyb3d8bbwe;C:\Users\spere\AppData\Local\Microsoft\WinGet\Packages\yt-dlp.FFmpeg_Microsoft.Winget.Source_8wekyb3d8bbwe\ffmpeg-N-123778-g3b55818764-win64-gpl\bin;C:\Users\spere\AppData\Local\Microsoft\WinGet\Packages\yt-dlp.yt-dlp_Microsoft.Winget.Source_8wekyb3d8bbwe;C:\Users\spere\AppData\Local\Microsoft\WinGet\Packages\Ngrok.Ngrok_Microsoft.Winget.Source_8wekyb3d8bbwe;C:\Users\spere\AppData\Local\Microsoft\WinGet\Packages\Cloudflare.cloudflared_Microsoft.Winget.Source_8wekyb3d8bbwe;;C:\Program Files\nodejs;$env:APPDATA\npm
USERNAME=spere
LANG=en_US.UTF-8
OS=Windows_NT
PROCESSOR_IDENTIFIER=Intel64 Family 6 Model 158 Stepping 9, GenuineIntel
TMP=C:\Users\spere\AppData\Local\Temp
TEMP=C:\Users\spere\AppData\Local\Temp



Periodic native trim disabled


---------------  S Y S T E M  ---------------

OS:
 Windows 11 , 64 bit Build 26100 (10.0.26100.7920)
OS uptime: 0 days 7:34 hours
Hyper-V role detected

CPU: total 4 (initial active 4) (4 cores per cpu, 1 threads per core) family 6 model 158 stepping 9 microcode 0xde, cx8, cmov, fxsr, mmx, 3dnowpref, sse, sse2, sse3, ssse3, sse4.1, sse4.2, popcnt, lzcnt, tsc, tscinvbit, avx, avx2, aes, erms, clmul, bmi1, bmi2, rtm, adx, fma, vzeroupper, clflush, clflushopt, hv
Processor Information for all 4 processors :
  Max Mhz: 3792, Current Mhz: 3792, Mhz Limit: 3792

Memory: 4k page, system-wide physical 16348M (601M free)
TotalPageFile size 20444M (AvailPageFile size 36M)
current process WorkingSet (physical memory assigned to process): 597M, peak: 619M
current process commit charge ("private bytes"): 622M, peak: 770M

vm_info: OpenJDK 64-Bit Server VM (17.0.18+8) for windows-amd64 JRE (17.0.18+8), built on Jan 20 2026 22:28:22 by "admin" with MS VC++ 17.12 (VS2022)

END.
